{"lines": ["IMAGE_PATH: /home/denzelgfarmer/KernelSecurityBenchmarks/Microwave/.working/test_lmbench_ibrs-linux.img", "KERNEL_PATH: /home/denzelgfarmer/KernelSecurityBenchmarks/Microwave/.working/temp/linux/install/boot/vmlinuz-6.8.0", "LOG_PATH: /home/denzelgfarmer/KernelSecurityBenchmarks/Microwave/microwave2/runners/aux_logfile.txt", "KERNEL_ARGS: console=ttyS0,115200 earlyprintk=serial,ttyS0,115200 ignore_loglevel root=/dev/vda1 nospectre_v1 spectre_v2=ibrs spectre_v2_user=off retbleed=off pti=off spec_rstack_overflow=off", "+ '[' -z /home/denzelgfarmer/KernelSecurityBenchmarks/Microwave/.working/test_lmbench_ibrs-linux.img ']'", "+ '[' -z /home/denzelgfarmer/KernelSecurityBenchmarks/Microwave/.working/temp/linux/install/boot/vmlinuz-6.8.0 ']'", "+ CORESET=2,3,4,5", "+ echo 'Booting image /home/denzelgfarmer/KernelSecurityBenchmarks/Microwave/.working/test_lmbench_ibrs-linux.img (with kernel at /home/denzelgfarmer/KernelSecurityBenchmarks/Microwave/.working/temp/linux/install/boot/vmlinuz-6.8.0)...'", "Booting image /home/denzelgfarmer/KernelSecurityBenchmarks/Microwave/.working/test_lmbench_ibrs-linux.img (with kernel at /home/denzelgfarmer/KernelSecurityBenchmarks/Microwave/.working/temp/linux/install/boot/vmlinuz-6.8.0)...", "+ taskset -c 2,3,4,5 qemu-system-x86_64 -enable-kvm -nodefaults -nographic -m 8192 -mem-prealloc -cpu host -smp 8,sockets=1,cores=8,threads=1 -kernel /home/denzelgfarmer/KernelSecurityBenchmarks/Microwave/.working/temp/linux/install/boot/vmlinuz-6.8.0 -append 'console=ttyS0,115200 earlyprintk=serial,ttyS0,115200 ignore_loglevel root=/dev/vda1 nospectre_v1 spectre_v2=ibrs spectre_v2_user=off retbleed=off pti=off spec_rstack_overflow=off' -device virtio-blk-pci,drive=hd0 -blockdev driver=file,node-name=hd_file,filename=/home/denzelgfarmer/KernelSecurityBenchmarks/Microwave/.working/test_lmbench_ibrs-linux.img -blockdev driver=qcow2,node-name=hd0,file=hd_file -device virtio-net-pci,netdev=net1 -netdev user,id=net1,hostfwd=tcp::2223-:22 -serial stdio -s -chardev file,id=log0,path=/home/denzelgfarmer/KernelSecurityBenchmarks/Microwave/microwave2/runners/aux_logfile.txt -device virtio-serial-pci,id=virtio-serial0 -device virtserialport,chardev=log0,name=host-port,bus=virtio-serial0.0", "\u001bc\u001b[?7l\u001b[2J\u001b[0mSeaBIOS (version 1.16.3-debian-1.16.3-2)", "", "", "iPXE (https://ipxe.org) 00:03.0 C000 PCI2.10 PnP PMM+BEFCACB0+BEF0ACB0 C000", "Press Ctrl-B to configure iPXE (PCI 00:03.0)...", "", "", "", "Booting from ROM..\u001bc\u001b[?7l\u001b[2JNo EFI environment detected.", "early console in extract_kernel", "input_data: 0x000000000295e2b9", "input_len: 0x0000000000b096c6", "output: 0x0000000001000000", "output_len: 0x0000000002423234", "kernel_total_size: 0x0000000002230000", "needed_size: 0x0000000002600000", "trampoline_32bit: 0x0000000000000000", "Physical KASLR using RDRAND RDTSC...", "Virtual KASLR using RDRAND RDTSC...", "", "Decompressing Linux... Parsing ELF... Performing relocations... done.", "Booting the kernel (entry_offset: 0x0000000000000000).", "[    0.000000] Linux version 6.8.0 (denzelgfarmer@microwave-lmbench) (gcc (Ubuntu 14.2.0-19ubuntu2) 14.2.0, GNU ld (GNU Binutils for Ubuntu) 2.44) #1 SMP PREEMPT_DYNAMIC Tue May 13 06:36:47 UTC 2025", "[    0.000000] Command line: console=ttyS0,115200 earlyprintk=serial,ttyS0,115200 ignore_loglevel root=/dev/vda1 nospectre_v1 spectre_v2=ibrs spectre_v2_user=off retbleed=off pti=off spec_rstack_overflow=off", "[    0.000000] BIOS-provided physical RAM map:", "[    0.000000] BIOS-e820: [mem 0x0000000000000000-0x000000000009fbff] usable", "[    0.000000] BIOS-e820: [mem 0x000000000009fc00-0x000000000009ffff] reserved", "[    0.000000] BIOS-e820: [mem 0x00000000000f0000-0x00000000000fffff] reserved", "[    0.000000] BIOS-e820: [mem 0x0000000000100000-0x00000000bffdcfff] usable", "[    0.000000] BIOS-e820: [mem 0x00000000bffdd000-0x00000000bfffffff] reserved", "[    0.000000] BIOS-e820: [mem 0x00000000feffc000-0x00000000feffffff] reserved", "[    0.000000] BIOS-e820: [mem 0x00000000fffc0000-0x00000000ffffffff] reserved", "[    0.000000] BIOS-e820: [mem 0x0000000100000000-0x000000023fffffff] usable", "[    0.000000] printk: legacy bootconsole [earlyser0] enabled", "[    0.000000] printk: debug: ignoring loglevel setting.", "[    0.000000] NX (Execute Disable) protection: active", "[    0.000000] APIC: Static calls initialized", "[    0.000000] SMBIOS 2.8 present.", "[    0.000000] DMI: QEMU Ubuntu 25.04 PC (i440FX + PIIX, 1996), BIOS 1.16.3-debian-1.16.3-2 04/01/2014", "[    0.000000] Hypervisor detected: KVM", "[    0.000000] kvm-clock: Using msrs 4b564d01 and 4b564d00", "[    0.000002] kvm-clock: using sched offset of 2397739912 cycles", "[    0.003616] clocksource: kvm-clock: mask: 0xffffffffffffffff max_cycles: 0x1cd42e4dffb, max_idle_ns: 881590591483 ns", "[    0.014994] tsc: Detected 2800.246 MHz processor", "[    0.018992] e820: update [mem 0x00000000-0x00000fff] usable ==> reserved", "[    0.023619] e820: remove [mem 0x000a0000-0x000fffff] usable", "[    0.027488] last_pfn = 0x240000 max_arch_pfn = 0x400000000", "[    0.031758] MTRR map: 4 entries (3 fixed + 1 variable; max 19), built from 8 variable MTRRs", "[    0.037575] x86/PAT: Configuration [0-7]: WB  WC  UC- UC  WB  WP  UC- WT", "Memory KASLR using RDRAND RDTSC...", "[    0.045013] last_pfn = 0xbffdd max_arch_pfn = 0x400000000", "[    0.055413] found SMP MP-table at [mem 0x000f5470-0x000f547f]", "[    0.059463] Using GB pages for direct mapping", "[    0.062608] ACPI: Early table checksum verification disabled", "[    0.066557] ACPI: RSDP 0x00000000000F5270 000014 (v00 BOCHS )", "[    0.070642] ACPI: RSDT 0x00000000BFFE2565 000034 (v01 BOCHS  BXPC     00000001 BXPC 00000001)", "[    0.076599] ACPI: FACP 0x00000000BFFE23E1 000074 (v01 BOCHS  BXPC     00000001 BXPC 00000001)", "[    0.082541] ACPI: DSDT 0x00000000BFFE0040 0023A1 (v01 BOCHS  BXPC     00000001 BXPC 00000001)", "[    0.088463] ACPI: FACS 0x00000000BFFE0000 000040", "[    0.091681] ACPI: APIC 0x00000000BFFE2455 0000B0 (v03 BOCHS  BXPC     00000001 BXPC 00000001)", "[    0.097618] ACPI: HPET 0x00000000BFFE2505 000038 (v01 BOCHS  BXPC     00000001 BXPC 00000001)", "[    0.103620] ACPI: WAET 0x00000000BFFE253D 000028 (v01 BOCHS  BXPC     00000001 BXPC 00000001)", "[    0.109563] ACPI: Reserving FACP table memory at [mem 0xbffe23e1-0xbffe2454]", "[    0.114526] ACPI: Reserving DSDT table memory at [mem 0xbffe0040-0xbffe23e0]", "[    0.119471] ACPI: Reserving FACS table memory at [mem 0xbffe0000-0xbffe003f]", "[    0.124348] ACPI: Reserving APIC table memory at [mem 0xbffe2455-0xbffe2504]", "[    0.129277] ACPI: Reserving HPET table memory at [mem 0xbffe2505-0xbffe253c]", "[    0.134195] ACPI: Reserving WAET table memory at [mem 0xbffe253d-0xbffe2564]", "[    0.140947] No NUMA configuration found", "[    0.143594] Faking a node at [mem 0x0000000000000000-0x000000023fffffff]", "[    0.148281] NODE_DATA(0) allocated [mem 0x23fffc000-0x23fffffff]", "[    0.152772] Zone ranges:", "[    0.154579]   DMA      [mem 0x0000000000001000-0x0000000000ffffff]", "[    0.158930]   DMA32    [mem 0x0000000001000000-0x00000000ffffffff]", "[    0.163248]   Normal   [mem 0x0000000100000000-0x000000023fffffff]", "[    0.167554] Movable zone start for each node", "[    0.170540] Early memory node ranges", "[    0.173077]   node   0: [mem 0x0000000000001000-0x000000000009efff]", "[    0.177436]   node   0: [mem 0x0000000000100000-0x00000000bffdcfff]", "[    0.181988]   node   0: [mem 0x0000000100000000-0x000000023fffffff]", "[    0.186379] Initmem setup node 0 [mem 0x0000000000001000-0x000000023fffffff]", "[    0.191202] On node 0, zone DMA: 1 pages in unavailable ranges", "[    0.195156] On node 0, zone DMA: 97 pages in unavailable ranges", "[    0.540304] On node 0, zone Normal: 35 pages in unavailable ranges", "[    0.547123] ACPI: PM-Timer IO Port: 0x608", "[    0.549791] ACPI: LAPIC_NMI (acpi_id[0xff] dfl dfl lint[0x1])", "[    0.553874] IOAPIC[0]: apic_id 0, version 17, address 0xfec00000, GSI 0-23", "[    0.558461] ACPI: INT_SRC_OVR (bus 0 bus_irq 0 global_irq 2 dfl dfl)", "[    0.562707] ACPI: INT_SRC_OVR (bus 0 bus_irq 5 global_irq 5 high level)", "[    0.567154] ACPI: INT_SRC_OVR (bus 0 bus_irq 9 global_irq 9 high level)", "[    0.571573] ACPI: INT_SRC_OVR (bus 0 bus_irq 10 global_irq 10 high level)", "[    0.576148] ACPI: INT_SRC_OVR (bus 0 bus_irq 11 global_irq 11 high level)", "[    0.580701] ACPI: Using ACPI (MADT) for SMP configuration information", "[    0.585004] ACPI: HPET id: 0x8086a201 base: 0xfed00000", "[    0.588450] TSC deadline timer available", "[    0.591086] smpboot: Allowing 8 CPUs, 0 hotplug CPUs", "[    0.594438] kvm-guest: APIC: eoi() replaced with kvm_guest_apic_eoi_write()", "[    0.599165] kvm-guest: KVM setup pv remote TLB flush", "[    0.602515] kvm-guest: setup PV sched yield", "[    0.605369] PM: hibernation: Registered nosave memory: [mem 0x00000000-0x00000fff]", "[    0.610406] PM: hibernation: Registered nosave memory: [mem 0x0009f000-0x0009ffff]", "[    0.615456] PM: hibernation: Registered nosave memory: [mem 0x000a0000-0x000effff]", "[    0.620512] PM: hibernation: Registered nosave memory: [mem 0x000f0000-0x000fffff]", "[    0.625564] PM: hibernation: Registered nosave memory: [mem 0xbffdd000-0xbfffffff]", "[    0.630681] PM: hibernation: Registered nosave memory: [mem 0xc0000000-0xfeffbfff]", "[    0.635757] PM: hibernation: Registered nosave memory: [mem 0xfeffc000-0xfeffffff]", "[    0.640815] PM: hibernation: Registered nosave memory: [mem 0xff000000-0xfffbffff]", "[    0.645861] PM: hibernation: Registered nosave memory: [mem 0xfffc0000-0xffffffff]", "[    0.650886] [mem 0xc0000000-0xfeffbfff] available for PCI devices", "[    0.654936] Booting paravirtualized kernel on KVM", "[    0.658108] clocksource: refined-jiffies: mask: 0xffffffff max_cycles: 0xffffffff, max_idle_ns: 1910969940391419 ns", "[    0.670405] setup_percpu: NR_CPUS:64 nr_cpumask_bits:8 nr_cpu_ids:8 nr_node_ids:1", "[    0.683979] percpu: Embedded 55 pages/cpu s184552 r8192 d32536 u262144", "[    0.688364] pcpu-alloc: s184552 r8192 d32536 u262144 alloc=1*2097152", "[    0.692654] pcpu-alloc: [0] 0 1 2 3 4 5 6 7", "[    0.695669] Kernel command line: console=ttyS0,115200 earlyprintk=serial,ttyS0,115200 ignore_loglevel root=/dev/vda1 nospectre_v1 spectre_v2=ibrs spectre_v2_user=off retbleed=off pti=off spec_rstack_overflow=off", "[    0.708292] Unknown kernel command line parameters \"spectre_v2=ibrs spectre_v2_user=off pti=off\", will be passed to user space.", "[    0.716001] random: crng init done", "[    0.751140] Dentry cache hash table entries: 1048576 (order: 11, 8388608 bytes, linear)", "[    0.757136] Inode-cache hash table entries: 524288 (order: 10, 4194304 bytes, linear)", "[    0.762897] Fallback order for Node 0: 0", "[    0.762904] Built 1 zonelists, mobility grouping on.  Total pages: 2064093", "[    0.769124] Policy zone: Normal", "[    0.770944] mem auto-init: stack:all(zero), heap alloc:off, heap free:off", "[    0.774814] software IO TLB: area num 8.", "[    1.045701] Memory: 8140748K/8388076K available (16384K kernel code, 2735K rwdata, 5400K rodata, 1416K init, 2664K bss, 247068K reserved, 0K cma-reserved)", "[    1.053639] SLUB: HWalign=64, Order=0-3, MinObjects=0, CPUs=8, Nodes=1", "Poking KASLR using RDRAND RDTSC...", "[    1.060401] Dynamic Preempt: voluntary", "[    1.062701] rcu: Preemptible hierarchical RCU implementation.", "[    1.065991] rcu: \tRCU event tracing is enabled.", "[    1.068585] rcu: \tRCU restricting CPUs from NR_CPUS=64 to nr_cpu_ids=8.", "[    1.072492] \tTrampoline variant of Tasks RCU enabled.", "[    1.075404] rcu: RCU calculated value of scheduler-enlistment delay is 100 jiffies.", "[    1.079853] rcu: Adjusting geometry for rcu_fanout_leaf=16, nr_cpu_ids=8", "[    1.085134] NR_IRQS: 4352, nr_irqs: 488, preallocated irqs: 16", "[    1.088791] rcu: srcu_init: Setting srcu_struct sizes based on contention.", "[    1.093173] Console: colour *CGA 80x25", "[    1.095457] printk: legacy console [ttyS0] enabled", "[    1.095457] printk: legacy console [ttyS0] enabled", "[    1.100995] printk: legacy bootconsole [earlyser0] disabled", "[    1.100995] printk: legacy bootconsole [earlyser0] disabled", "[    1.107414] ACPI: Core revision 20230628", "[    1.110306] clocksource: hpet: mask: 0xffffffff max_cycles: 0xffffffff, max_idle_ns: 19112604467 ns", "[    1.116053] APIC: Switch to symmetric I/O mode setup", "[    1.119109] kvm-guest: APIC: send_IPI_mask() replaced with kvm_send_ipi_mask()", "[    1.123351] kvm-guest: APIC: send_IPI_mask_allbutself() replaced with kvm_send_ipi_mask_allbutself()", "[    1.128737] kvm-guest: setup PV IPIs", "[    1.137639] ..TIMER: vector=0x30 apic1=0 pin1=2 apic2=-1 pin2=-1", "[    1.141352] clocksource: tsc-early: mask: 0xffffffffffffffff max_cycles: 0x285d298e329, max_idle_ns: 440795345114 ns", "[    1.147634] Calibrating delay loop (skipped) preset value.. 5600.49 BogoMIPS (lpj=2800246)", "[    1.150669] x86/cpu: User Mode Instruction Prevention (UMIP) activated", "[    1.152918] Last level iTLB entries: 4KB 0, 2MB 0, 4MB 0", "[    1.153632] Last level dTLB entries: 4KB 0, 2MB 0, 4MB 0, 1GB 0", "[    1.154664] Spectre V1 : Vulnerable: __user pointer sanitization and usercopy barriers only; no swapgs barriers", "[    1.155636] Spectre V2 : ibrs selected on command line.", "[    1.156645] Spectre V2 : WARNING: IBRS mitigation selected on Enhanced IBRS CPU, this may cause unnecessary performance loss", "[    1.157633] Spectre V2 : Mitigation: IBRS", "[    1.158632] Spectre V2 : Spectre v2 / SpectreRSB mitigation: Filling RSB on context switch", "[    1.159632] Spectre V2 : Spectre v2 / SpectreRSB : Filling RSB on VMEXIT", "[    1.160634] Spectre V2 : spectre_v2_user=off forced on command line.", "[    1.161633] Spectre V2 : User space: Vulnerable", "[    1.162634] Speculative Store Bypass: Mitigation: Speculative Store Bypass disabled via prctl", "[    1.163664] TAA: Vulnerable: Clear CPU buffers attempted, no microcode", "[    1.164633] MMIO Stale Data: Vulnerable: Clear CPU buffers attempted, no microcode", "[    1.165814] x86/fpu: Supporting XSAVE feature 0x001: 'x87 floating point registers'", "[    1.166632] x86/fpu: Supporting XSAVE feature 0x002: 'SSE registers'", "[    1.167632] x86/fpu: Supporting XSAVE feature 0x004: 'AVX registers'", "[    1.168632] x86/fpu: Supporting XSAVE feature 0x020: 'AVX-512 opmask'", "[    1.169632] x86/fpu: Supporting XSAVE feature 0x040: 'AVX-512 Hi256'", "[    1.170632] x86/fpu: Supporting XSAVE feature 0x080: 'AVX-512 ZMM_Hi256'", "[    1.171632] x86/fpu: xstate_offset[2]:  576, xstate_sizes[2]:  256", "[    1.172632] x86/fpu: xstate_offset[5]:  832, xstate_sizes[5]:   64", "[    1.173632] x86/fpu: xstate_offset[6]:  896, xstate_sizes[6]:  512", "[    1.174632] x86/fpu: xstate_offset[7]: 1408, xstate_sizes[7]: 1024", "[    1.175632] x86/fpu: Enabled xstate features 0xe7, context size is 2432 bytes, using 'compacted' format.", "[    1.180636] Freeing SMP alternatives memory: 48K", "[    1.181632] pid_max: default: 32768 minimum: 301", "[    1.182660] LSM: initializing lsm=capability,selinux,integrity", "[    1.183636] SELinux:  Initializing.", "[    1.184690] Mount-cache hash table entries: 16384 (order: 5, 131072 bytes, linear)", "[    1.185655] Mountpoint-cache hash table entries: 16384 (order: 5, 131072 bytes, linear)", "[    1.187842] smpboot: CPU0: Intel(R) Xeon(R) CPU @ 2.80GHz (family: 0x6, model: 0x55, stepping: 0x7)", "[    1.188797] RCU Tasks: Setting shift to 3 and lim to 1 rcu_task_cb_adjust=1.", "[    1.189663] Performance Events: unsupported p6 CPU model 85 no PMU driver, software events only.", "[    1.190825] signal: max sigframe size: 3632", "[    1.191705] rcu: Hierarchical SRCU implementation.", "[    1.192641] rcu: \tMax phase no-delay instances is 400.", "[    1.193878] smp: Bringing up secondary CPUs ...", "[    1.194860] smpboot: x86: Booting SMP configuration:", "[    1.195642] .... node  #0, CPUs:      #1 #2 #3 #4 #5 #6 #7", "[    1.225066] smp: Brought up 1 node, 8 CPUs", "[    1.226645] smpboot: Max logical packages: 1", "[    1.227641] smpboot: Total of 8 processors activated (44803.93 BogoMIPS)", "[    1.238247] devtmpfs: initialized", "[    1.238948] clocksource: jiffies: mask: 0xffffffff max_cycles: 0xffffffff, max_idle_ns: 1911260446275000 ns", "[    1.239645] futex hash table entries: 2048 (order: 5, 131072 bytes, linear)", "[    1.241028] PM: RTC time: 13:46:46, date: 2025-05-17", "[    1.242170] NET: Registered PF_NETLINK/PF_ROUTE protocol family", "[    1.242728] audit: initializing netlink subsys (disabled)", "[    1.243696] audit: type=2000 audit(1747489607.376:1): state=initialized audit_enabled=0 res=1", "[    1.243715] thermal_sys: Registered thermal governor 'step_wise'", "[    1.244641] thermal_sys: Registered thermal governor 'user_space'", "[    1.245657] cpuidle: using governor menu", "[    1.248456] PCI: Using configuration type 1 for base access", "[    1.248736] kprobes: kprobe jump-optimization is enabled. All kprobes are optimized if possible.", "[    1.251961] HugeTLB: registered 2.00 MiB page size, pre-allocated 0 pages", "[    1.252640] HugeTLB: 28 KiB vmemmap can be freed for a 2.00 MiB page", "[    1.253720] ACPI: Added _OSI(Module Device)", "[    1.254640] ACPI: Added _OSI(Processor Device)", "[    1.255640] ACPI: Added _OSI(3.0 _SCP Extensions)", "[    1.256640] ACPI: Added _OSI(Processor Aggregator Device)", "[    1.258115] ACPI: 1 ACPI AML tables successfully acquired and loaded", "[    1.261670] ACPI: _OSC evaluation for CPUs failed, trying _PDC", "[    1.262720] ACPI: Interpreter enabled", "[    1.263652] ACPI: PM: (supports S0 S3 S4 S5)", "[    1.264640] ACPI: Using IOAPIC for interrupt routing", "[    1.265668] PCI: Using host bridge windows from ACPI; if necessary, use \"pci=nocrs\" and report a bug", "[    1.266642] PCI: Using E820 reservations for host bridge windows", "[    1.267800] ACPI: Enabled 2 GPEs in block 00 to 0F", "[    1.271234] ACPI: PCI Root Bridge [PCI0] (domain 0000 [bus 00-ff])", "[    1.271645] acpi PNP0A03:00: _OSC: OS supports [ASPM ClockPM Segments MSI HPX-Type3]", "[    1.272642] acpi PNP0A03:00: _OSC: not requesting OS control; OS requires [ExtendedConfig ASPM ClockPM MSI]", "[    1.273654] acpi PNP0A03:00: fail to add MMCONFIG information, can't access extended configuration space under this bridge", "[    1.274743] PCI host bridge to bus 0000:00", "[    1.275641] pci_bus 0000:00: root bus resource [io  0x0000-0x0cf7 window]", "[    1.276641] pci_bus 0000:00: root bus resource [io  0x0d00-0xffff window]", "[    1.277641] pci_bus 0000:00: root bus resource [mem 0x000a0000-0x000bffff window]", "[    1.278640] pci_bus 0000:00: root bus resource [mem 0xc0000000-0xfebfffff window]", "[    1.279641] pci_bus 0000:00: root bus resource [mem 0x380000000000-0x38007fffffff window]", "[    1.280641] pci_bus 0000:00: root bus resource [bus 00-ff]", "[    1.281832] pci 0000:00:00.0: [8086:1237] type 00 class 0x060000 conventional PCI endpoint", "[    1.284513] pci 0000:00:01.0: [8086:7000] type 00 class 0x060100 conventional PCI endpoint", "[    1.287350] pci 0000:00:01.1: [8086:7010] type 00 class 0x010180 conventional PCI endpoint", "[    1.290977] pci 0000:00:01.1: BAR 4 [io  0xc0e0-0xc0ef]", "[    1.293094] pci 0000:00:01.1: BAR 0 [io  0x01f0-0x01f7]: legacy IDE quirk", "[    1.293642] pci 0000:00:01.1: BAR 1 [io  0x03f6]: legacy IDE quirk", "[    1.294642] pci 0000:00:01.1: BAR 2 [io  0x0170-0x0177]: legacy IDE quirk", "[    1.295642] pci 0000:00:01.1: BAR 3 [io  0x0376]: legacy IDE quirk", "[    1.297312] pci 0000:00:01.3: [8086:7113] type 00 class 0x068000 conventional PCI endpoint", "[    1.299881] pci 0000:00:01.3: quirk: [io  0x0600-0x063f] claimed by PIIX4 ACPI", "[    1.300681] pci 0000:00:01.3: quirk: [io  0x0700-0x070f] claimed by PIIX4 SMB", "[    1.303114] pci 0000:00:02.0: [1af4:1001] type 00 class 0x010000 conventional PCI endpoint", "[    1.305641] pci 0000:00:02.0: BAR 0 [io  0xc000-0xc07f]", "[    1.308642] pci 0000:00:02.0: BAR 1 [mem 0xfeb80000-0xfeb80fff]", "[    1.315642] pci 0000:00:02.0: BAR 4 [mem 0x380000000000-0x380000003fff 64bit pref]", "[    1.322271] pci 0000:00:03.0: [1af4:1000] type 00 class 0x020000 conventional PCI endpoint", "[    1.323642] pci 0000:00:03.0: BAR 0 [io  0xc0c0-0xc0df]", "[    1.325641] pci 0000:00:03.0: BAR 1 [mem 0xfeb81000-0xfeb81fff]", "[    1.329641] pci 0000:00:03.0: BAR 4 [mem 0x380000004000-0x380000007fff 64bit pref]", "[    1.332205] pci 0000:00:03.0: ROM [mem 0xfeb00000-0xfeb7ffff pref]", "[    1.336199] pci 0000:00:04.0: [1af4:1003] type 00 class 0x078000 conventional PCI endpoint", "[    1.337641] pci 0000:00:04.0: BAR 0 [io  0xc080-0xc0bf]", "[    1.339641] pci 0000:00:04.0: BAR 1 [mem 0xfeb82000-0xfeb82fff]", "[    1.343641] pci 0000:00:04.0: BAR 4 [mem 0x380000008000-0x38000000bfff 64bit pref]", "[    1.350321] ACPI: PCI: Interrupt link LNKA configured for IRQ 10", "[    1.350878] ACPI: PCI: Interrupt link LNKB configured for IRQ 10", "[    1.351853] ACPI: PCI: Interrupt link LNKC configured for IRQ 11", "[    1.352858] ACPI: PCI: Interrupt link LNKD configured for IRQ 11", "[    1.353759] ACPI: PCI: Interrupt link LNKS configured for IRQ 9", "[    1.355324] iommu: Default domain type: Translated", "[    1.355640] iommu: DMA domain TLB invalidation policy: lazy mode", "[    1.356711] SCSI subsystem initialized", "[    1.357668] libata version 3.00 loaded.", "[    1.358670] ACPI: bus type USB registered", "[    1.359654] usbcore: registered new interface driver usbfs", "[    1.360646] usbcore: registered new interface driver hub", "[    1.361652] usbcore: registered new device driver usb", "[    1.362653] pps_core: LinuxPPS API ver. 1 registered", "[    1.363639] pps_core: Software ver. 5.3.6 - Copyright 2005-2007 Rodolfo Giometti <giometti@linux.it>", "[    1.364645] PTP clock support registered", "[    1.365682] Advanced Linux Sound Architecture Driver Initialized.", "[    1.366803] NetLabel: Initializing", "[    1.367640] NetLabel:  domain hash size = 128", "[    1.368639] NetLabel:  protocols = UNLABELED CIPSOv4 CALIPSO", "[    1.369657] NetLabel:  unlabeled traffic allowed by default", "[    1.370725] PCI: Using ACPI for IRQ routing", "[    1.371641] PCI: pci_cache_line_size set to 64 bytes", "[    1.373215] e820: reserve RAM buffer [mem 0x0009fc00-0x0009ffff]", "[    1.373641] e820: reserve RAM buffer [mem 0xbffdd000-0xbfffffff]", "[    1.374689] vgaarb: loaded", "[    1.375721] hpet0: at MMIO 0xfed00000, IRQs 2, 8, 0", "[    1.376640] hpet0: 3 comparators, 64-bit 100.000000 MHz counter", "[    1.397781] clocksource: Switched to clocksource kvm-clock", "[    1.401238] VFS: Disk quotas dquot_6.6.0", "[    1.403413] VFS: Dquot-cache hash table entries: 512 (order 0, 4096 bytes)", "[    1.407116] pnp: PnP ACPI init", "[    1.408882] pnp 00:02: [dma 2]", "[    1.410952] pnp: PnP ACPI: found 5 devices", "[    1.428744] clocksource: acpi_pm: mask: 0xffffff max_cycles: 0xffffff, max_idle_ns: 2085701024 ns", "[    1.433801] NET: Registered PF_INET protocol family", "[    1.436718] IP idents hash table entries: 131072 (order: 8, 1048576 bytes, linear)", "[    1.442134] tcp_listen_portaddr_hash hash table entries: 4096 (order: 4, 65536 bytes, linear)", "[    1.446713] Table-perturb hash table entries: 65536 (order: 6, 262144 bytes, linear)", "[    1.450880] TCP established hash table entries: 65536 (order: 7, 524288 bytes, linear)", "[    1.455101] TCP bind hash table entries: 65536 (order: 9, 2097152 bytes, linear)", "[    1.459312] TCP: Hash tables configured (established 65536 bind 65536)", "[    1.462855] UDP hash table entries: 4096 (order: 5, 131072 bytes, linear)", "[    1.466469] UDP-Lite hash table entries: 4096 (order: 5, 131072 bytes, linear)", "[    1.470390] NET: Registered PF_UNIX/PF_LOCAL protocol family", "[    1.474064] RPC: Registered named UNIX socket transport module.", "[    1.477271] RPC: Registered udp transport module.", "[    1.479818] RPC: Registered tcp transport module.", "[    1.482338] RPC: Registered tcp-with-tls transport module.", "[    1.485281] RPC: Registered tcp NFSv4.1 backchannel transport module.", "[    1.489310] pci_bus 0000:00: resource 4 [io  0x0000-0x0cf7 window]", "[    1.492642] pci_bus 0000:00: resource 5 [io  0x0d00-0xffff window]", "[    1.495915] pci_bus 0000:00: resource 6 [mem 0x000a0000-0x000bffff window]", "[    1.499560] pci_bus 0000:00: resource 7 [mem 0xc0000000-0xfebfffff window]", "[    1.503238] pci_bus 0000:00: resource 8 [mem 0x380000000000-0x38007fffffff window]", "[    1.507318] pci 0000:00:01.0: PIIX3: Enabling Passive Release", "[    1.510454] pci 0000:00:00.0: Limiting direct PCI/PCI transfers", "[    1.513955] PCI: CLS 0 bytes, default 64", "[    1.516120] PCI-DMA: Using software bounce buffering for IO (SWIOTLB)", "[    1.519560] software IO TLB: mapped [mem 0x00000000bbfdd000-0x00000000bffdd000] (64MB)", "[    1.525068] RAPL PMU: API unit is 2^-32 Joules, 0 fixed counters, 10737418240 ms ovfl timer", "[    1.529528] clocksource: tsc: mask: 0xffffffffffffffff max_cycles: 0x285d298e329, max_idle_ns: 440795345114 ns", "[    1.539419] Initialise system trusted keyrings", "[    1.542277] workingset: timestamp_bits=56 max_order=21 bucket_order=0", "[    1.546182] NFS: Registering the id_resolver key type", "[    1.548973] Key type id_resolver registered", "[    1.551263] Key type id_legacy registered", "[    1.553670] 9p: Installing v9fs 9p2000 file system support", "[    1.568840] Key type asymmetric registered", "[    1.571136] Asymmetric key parser 'x509' registered", "[    1.573792] Block layer SCSI generic (bsg) driver version 0.4 loaded (major 251)", "[    1.577709] io scheduler mq-deadline registered", "[    1.580146] io scheduler kyber registered", "[    1.583653] input: Power Button as /devices/LNXSYSTM:00/LNXPWRBN:00/input/input0", "[    1.587744] ACPI: button: Power Button [PWRF]", "[    1.591314] ACPI: \\_SB_.LNKB: Enabled at IRQ 10", "[    1.598472] ACPI: \\_SB_.LNKC: Enabled at IRQ 11", "[    1.605222] ACPI: \\_SB_.LNKD: Enabled at IRQ 11", "[    1.611726] Serial: 8250/16550 driver, 4 ports, IRQ sharing enabled", "[    1.615513] 00:03: ttyS0 at I/O 0x3f8 (irq = 4, base_baud = 115200) is a 16550A", "[    1.655121] Non-volatile memory driver v1.3", "[    1.657447] Linux agpgart interface v0.103", "[    1.659779] ACPI: bus type drm_connector registered", "[    1.667027] loop: module loaded", "[    1.669221] virtio_blk virtio0: 8/0/0 default/read/poll queues", "[    1.680458] virtio_blk virtio0: [vda] 52428800 512-byte logical blocks (26.8 GB/25.0 GiB)", "[    1.690548]  vda: vda1 vda14 vda15 vda16", "[    1.693666] ata_piix 0000:00:01.1: version 2.13", "[    1.698010] scsi host0: ata_piix", "[    1.700443] scsi host1: ata_piix", "[    1.702323] ata1: PATA max MWDMA2 cmd 0x1f0 ctl 0x3f6 bmdma 0xc0e0 irq 14 lpm-pol 0", "[    1.706398] ata2: PATA max MWDMA2 cmd 0x170 ctl 0x376 bmdma 0xc0e8 irq 15 lpm-pol 0", "[    1.715310] e100: Intel(R) PRO/100 Network Driver", "[    1.717875] e100: Copyright(c) 1999-2006 Intel Corporation", "[    1.720799] e1000: Intel(R) PRO/1000 Network Driver", "[    1.723438] e1000: Copyright (c) 1999-2006 Intel Corporation.", "[    1.726492] e1000e: Intel(R) PRO/1000 Network Driver", "[    1.729196] e1000e: Copyright(c) 1999 - 2015 Intel Corporation.", "[    1.732385] sky2: driver version 1.30", "[    1.734729] usbcore: registered new interface driver usblp", "[    1.737678] usbcore: registered new interface driver usb-storage", "[    1.740962] i8042: PNP: PS/2 Controller [PNP0303:KBD,PNP0f13:MOU] at 0x60,0x64 irq 1,12", "[    1.747719] serio: i8042 KBD port at 0x60,0x64 irq 1", "[    1.750441] serio: i8042 AUX port at 0x60,0x64 irq 12", "[    1.753538] rtc_cmos 00:04: RTC can wake from S4", "[    1.758885] input: AT Translated Set 2 keyboard as /devices/platform/i8042/serio0/input/input1", "[    1.764284] rtc_cmos 00:04: registered as rtc0", "[    1.767151] rtc_cmos 00:04: alarms up to one day, y3k, 242 bytes nvram, hpet irqs", "[    1.771792] device-mapper: ioctl: 4.48.0-ioctl (2023-03-01) initialised: dm-devel@redhat.com", "[    1.776600] intel_pstate: CPU model not supported", "[    1.779207] hid: raw HID events driver (C) Jiri Kosina", "[    1.782056] usbcore: registered new interface driver usbhid", "[    1.785063] usbhid: USB HID core driver", "[    1.788606] Initializing XFRM netlink socket", "[    1.790993] NET: Registered PF_INET6 protocol family", "[    1.794494] Segment Routing with IPv6", "[    1.796620] In-situ OAM (IOAM) with IPv6", "[    1.798819] sit: IPv6, IPv4 and MPLS over IPv4 tunneling driver", "[    1.802091] NET: Registered PF_PACKET protocol family", "[    1.804843] 9pnet: Installing 9P2000 support", "[    1.807165] Key type dns_resolver registered", "[    1.812137] IPI shorthand broadcast: enabled", "[    1.816260] sched_clock: Marking stable (1768015418, 47893702)->(2202972830, -387063710)", "[    1.821221] registered taskstats version 1", "[    1.823467] Loading compiled-in X.509 certificates", "[    1.827441] PM:   Magic number: 9:884:786", "[    1.829736] printk: legacy console [netcon0] enabled", "[    1.832508] netconsole: network logging started", "[    1.835056] cfg80211: Loading compiled-in X.509 certificates for regulatory database", "[    1.839521] kworker/u16:3 (85) used greatest stack depth: 13984 bytes left", "[    1.840491] Loaded X.509 cert 'sforshee: 00b28ddf47aef9cea7'", "[    1.846374] Loaded X.509 cert 'wens: 61c038651aabdcf94bd0ac7ff06c7248db18c600'", "[    1.850343] platform regulatory.0: Direct firmware load for regulatory.db failed with error -2", "[    1.850976] ALSA device list:", "[    1.854981] cfg80211: failed to load regulatory.db", "[    1.856642]   No soundcards found.", "[    2.401789] input: ImExPS/2 Generic Explorer Mouse as /devices/platform/i8042/serio1/input/input3", "[    2.405375] md: Waiting for all devices to be available before autodetect", "[    2.407747] md: If you don't use raid, use raid=noautodetect", "[    2.409733] md: Autodetecting RAID arrays.", "[    2.411185] md: autorun ...", "[    2.412218] md: ... autorun DONE.", "[    2.419389] EXT4-fs (vda1): mounted filesystem c8107c30-aa3b-40eb-bd2a-416a91df85e7 ro with ordered data mode. Quota mode: none.", "[    2.423323] VFS: Mounted root (ext4 filesystem) readonly on device 253:1.", "[    2.426763] devtmpfs: mounted", "[    2.428580] Freeing unused kernel image (initmem) memory: 1416K", "[    2.430657] Write protecting the kernel read-only data: 22528k", "[    2.433537] Freeing unused kernel image (rodata/data gap) memory: 744K", "[    2.446066] x86/mm: Checked W+X mappings: passed, no W+X pages found.", "[    2.448272] Run /sbin/init as init process", "[    2.449754]   with arguments:", "[    2.450846]     /sbin/init", "[    2.451843]   with environment:", "[    2.452990]     HOME=/", "[    2.453838]     TERM=linux", "[    2.454810]     spectre_v2=ibrs", "[    2.455952]     spectre_v2_user=off", "[    2.457184]     pti=off", "SELinux:  Could not open policy file <= /etc/selinux/targeted/policy/policy.33:  No such file or directory", "[    2.680037] systemd[1]: systemd 255.4-1ubuntu8.6 running in system mode (+PAM +AUDIT +SELINUX +APPARMOR +IMA +SMACK +SECCOMP +GCRYPT -GNUTLS +OPENSSL +ACL +BLKID +CURL +ELFUTILS +FIDO2 +IDN2 -IDN +IPTC +KMOD +LIBCRYPTSETUP +LIBFDISK +PCRE2 -PWQUALITY +P11KIT +QRENCODE +TPM2 +BZIP2 +LZ4 +XZ +ZLIB +ZSTD -BPF_FRAMEWORK -XKBCOMMON +UTMP +SYSVINIT default-hierarchy=unified)", "[    2.690849] systemd[1]: Detected virtualization kvm.", "[    2.692674] systemd[1]: Detected architecture x86-64.", "", "Welcome to \u001b[1mUbuntu 24.04.2 LTS\u001b[0m!", "", "", "[    2.701220] systemd[1]: Hostname set to <ubuntu-testing>.", "[    2.728093] snapd-env-gener (91) used greatest stack depth: 13168 bytes left", "[    3.006895] systemd[1]: Queued start job for default target graphical.target.", "[    3.017413] systemd[1]: Created slice system-modprobe.slice - Slice /system/modprobe.", "[\u001b[0;32m  OK  \u001b[0m] Created slice \u001b[0;1;39msystem-modprobe.slice\u001b[0m - Slice /system/modprobe.", "", "[    3.023653] systemd[1]: Created slice system-serial\\x2dgetty.slice - Slice /system/serial-getty.", "[\u001b[0;32m  OK  \u001b[0m] Created slice \u001b[0;1;39msystem-serial\\x2dget\u2026slice\u001b[0m - Slice /system/serial-getty.", "", "[    3.030160] systemd[1]: Created slice system-systemd\\x2dfsck.slice - Slice /system/systemd-fsck.", "[\u001b[0;32m  OK  \u001b[0m] Created slice \u001b[0;1;39msystem-systemd\\x2dfs\u2026slice\u001b[0m - Slice /system/systemd-fsck.", "", "[    3.036477] systemd[1]: Created slice user.slice - User and Session Slice.", "[\u001b[0;32m  OK  \u001b[0m] Created slice \u001b[0;1;39muser.slice\u001b[0m - User and Session Slice.", "", "[    3.041508] systemd[1]: Started systemd-ask-password-console.path - Dispatch Password Requests to Console Directory Watch.", "[\u001b[0;32m  OK  \u001b[0m] Started \u001b[0;1;39msystemd-ask-password-conso\u2026\u001b[0mequests to Console Directory Watch.", "", "[    3.048330] systemd[1]: Started systemd-ask-password-wall.path - Forward Password Requests to Wall Directory Watch.", "[\u001b[0;32m  OK  \u001b[0m] Started \u001b[0;1;39msystemd-ask-password-wall.\u2026\u001b[0md Requests to Wall Directory Watch.", "", "[    3.055496] systemd[1]: Set up automount proc-sys-fs-binfmt_misc.automount - Arbitrary Executable File Formats File System Automount Point.", "[\u001b[0;32m  OK  \u001b[0m] Set up automount \u001b[0;1;39mproc-sys-fs-binfm\u2026\u001b[0mormats File System Automount Point.", "", "[    3.062677] systemd[1]: Expecting device dev-disk-by\\x2dlabel-BOOT.device - /dev/disk/by-label/BOOT...", "Expecting device \u001b[0;1;39mdev-disk-by\\x2dla\u2026device\u001b[0m - /dev/disk/by-label/BOOT...", "", "[    3.068681] systemd[1]: Expecting device dev-disk-by\\x2dlabel-UEFI.device - /dev/disk/by-label/UEFI...", "Expecting device \u001b[0;1;39mdev-disk-by\\x2dla\u2026device\u001b[0m - /dev/disk/by-label/UEFI...", "", "[    3.074678] systemd[1]: Expecting device dev-ttyS0.device - /dev/ttyS0...", "Expecting device \u001b[0;1;39mdev-ttyS0.device\u001b[0m - /dev/ttyS0...", "", "[    3.079231] systemd[1]: Reached target cryptsetup.target - Local Encrypted Volumes.", "[\u001b[0;32m  OK  \u001b[0m] Reached target \u001b[0;1;39mcryptsetup.target\u001b[0m - Local Encrypted Volumes.", "", "[    3.084678] systemd[1]: Reached target integritysetup.target - Local Integrity Protected Volumes.", "[\u001b[0;32m  OK  \u001b[0m] Reached target \u001b[0;1;39mintegritysetup.targ\u2026\u001b[0m Local Integrity Protected Volumes.", "", "[    3.090847] systemd[1]: Reached target remote-fs.target - Remote File Systems.", "[\u001b[0;32m  OK  \u001b[0m] Reached target \u001b[0;1;39mremote-fs.target\u001b[0m - Remote File Systems.", "", "[    3.096003] systemd[1]: Reached target slices.target - Slice Units.", "[\u001b[0;32m  OK  \u001b[0m] Reached target \u001b[0;1;39mslices.target\u001b[0m - Slice Units.", "", "[    3.100496] systemd[1]: Reached target snapd.mounts-pre.target - Mounting snaps.", "[\u001b[0;32m  OK  \u001b[0m] Reached target \u001b[0;1;39msnapd.mounts-pre.target\u001b[0m - Mounting snaps.", "", "[    3.105740] systemd[1]: Reached target snapd.mounts.target - Mounted snaps.", "[\u001b[0;32m  OK  \u001b[0m] Reached target \u001b[0;1;39msnapd.mounts.target\u001b[0m - Mounted snaps.", "", "[    3.110810] systemd[1]: Reached target swap.target - Swaps.", "[\u001b[0;32m  OK  \u001b[0m] Reached target \u001b[0;1;39mswap.target\u001b[0m - Swaps.", "", "[    3.115040] systemd[1]: Reached target veritysetup.target - Local Verity Protected Volumes.", "[\u001b[0;32m  OK  \u001b[0m] Reached target \u001b[0;1;39mveritysetup.target\u001b[0m - Local Verity Protected Volumes.", "", "[    3.121126] systemd[1]: Listening on systemd-fsckd.socket - fsck to fsckd communication Socket.", "[\u001b[0;32m  OK  \u001b[0m] Listening on \u001b[0;1;39msystemd-fsckd.socket\u001b[0m \u2026fsck to fsckd communication Socket.", "", "[    3.127368] systemd[1]: Listening on systemd-initctl.socket - initctl Compatibility Named Pipe.", "[\u001b[0;32m  OK  \u001b[0m] Listening on \u001b[0;1;39msystemd-initctl.socke\u2026\u001b[0m- initctl Compatibility Named Pipe.", "", "[    3.133656] systemd[1]: Listening on systemd-journald-dev-log.socket - Journal Socket (/dev/log).", "[\u001b[0;32m  OK  \u001b[0m] Listening on \u001b[0;1;39msystemd-journald-dev-\u2026socket\u001b[0m - Journal Socket (/dev/log).", "", "[    3.140064] systemd[1]: Listening on systemd-journald.socket - Journal Socket.", "[\u001b[0;32m  OK  \u001b[0m] Listening on \u001b[0;1;39msystemd-journald.socket\u001b[0m - Journal Socket.", "", "[    3.145566] systemd[1]: Listening on systemd-networkd.socket - Network Service Netlink Socket.", "[\u001b[0;32m  OK  \u001b[0m] Listening on \u001b[0;1;39msystemd-networkd.socket\u001b[0m - Network Service Netlink Socket.", "", "[    3.151596] systemd[1]: systemd-pcrextend.socket - TPM2 PCR Extension (Varlink) was skipped because of an unmet condition check (ConditionSecurity=measured-uki).", "[    3.156468] systemd[1]: Listening on systemd-udevd-control.socket - udev Control Socket.", "[\u001b[0;32m  OK  \u001b[0m] Listening on \u001b[0;1;39msystemd-udevd-control.socket\u001b[0m - udev Control Socket.", "", "[    3.162243] systemd[1]: Listening on systemd-udevd-kernel.socket - udev Kernel Socket.", "[\u001b[0;32m  OK  \u001b[0m] Listening on \u001b[0;1;39msystemd-udevd-kernel.socket\u001b[0m - udev Kernel Socket.", "", "[    3.178023] systemd[1]: Mounting dev-hugepages.mount - Huge Pages File System...", "Mounting \u001b[0;1;39mdev-hugepages.mount\u001b[0m - Huge Pages File System...", "", "[    3.184266] systemd[1]: Mounting dev-mqueue.mount - POSIX Message Queue File System...", "Mounting \u001b[0;1;39mdev-mqueue.mount\u001b[0m - POSIX Message Queue File System...", "", "[    3.190602] systemd[1]: Mounting sys-kernel-debug.mount - Kernel Debug File System...", "Mounting \u001b[0;1;39msys-kernel-debug.mount\u001b[0m - Kernel Debug File System...", "", "[    3.196744] systemd[1]: Mounting sys-kernel-tracing.mount - Kernel Trace File System...", "Mounting \u001b[0;1;39msys-kernel-tracing.mount\u001b[0m - Kernel Trace File System...", "", "[    3.202499] systemd[1]: systemd-journald.service: unit configures an IP firewall, but the local system does not support BPF/cgroup firewalling.", "[    3.206941] systemd[1]: systemd-journald.service: (This warning is only shown for the first unit using IP firewalling.)", "[    3.207722] systemd[1]: Starting systemd-journald.service - Journal Service...", "Starting \u001b[0;1;39msystemd-journald.service\u001b[0m - Journal Service...", "", "[    3.216621] systemd[1]: Starting keyboard-setup.service - Set the console keyboard layout...", "Starting \u001b[0;1;39mkeyboard-setup.servic[    3.220576] systemd[1]: kmod-static-nodes.service - Create List of Static Device Nodes was skipped because of an unmet condition check (ConditionFileNotEmpty=/lib/modules/6.8.0/modules.devname).", "e\u001b[0m - Set the console keyboard[    3.227407] systemd[1]: Starting modprobe@configfs.service - Load Kernel Module configfs...", "layout...", "", "Starting \u001b[0;1;39mmodprobe@configfs.service\u001b[0m - Load Kernel Module configfs...", "", "[    3.236022] systemd[1]: Starting modprobe@dm_mod.service - Load Kernel Module dm_mod...", "Starting \u001b[0;1;39mmodprobe@dm_mod.service\u001b[0m - Load Kernel Module dm_mod...", "", "[    3.243644] systemd[1]: Starting modprobe@drm.service - Load Kernel Module drm...", "Starting \u001b[0;1;39mmodprobe@drm.service\u001b[0m - Load Kernel Module drm...", "", "[    3.252264] systemd[1]: Starting modprobe@efi_pstore.service - Load Kernel Module efi_pstore...", "Starting \u001b[0;1;39mmodprobe@efi_pstore.servi\u2026\u001b[0m - Load Kernel Module efi_pstore...", "", "[    3.259325] systemd[1]: Starting modprobe@fuse.service - Load Kernel Module fuse...", "Starting \u001b[0;1;39mmodprobe@fuse.service\u001b[0m - Load Kernel Module fuse...", "", "[    3.266642] systemd[1]: Starting modprobe@loop.service - Load Kernel Module loop...", "Starting \u001b[0;1;39mmodprobe@loop.service\u001b[0m - Load Kernel Module loop...", "", "[    3.278128] systemd[1]: netplan-ovs-cleanup.service - OpenVSwitch configuration for cleanup was skipped because of an unmet condition check (ConditionFileIsExecutable=/usr/bin/ovs-vsctl).", "[    3.286271] systemd[1]: Starting systemd-fsck-root.service - File System Check on Root Device...", "Starting \u001b[0;1;39msystemd-fsck-root.service\u001b[0m\u2026File
[    3.291710] systemd-journald[129]: Collecting audit messages is disabled.", "System Check on Root Device...", "", "[    3.301284] systemd[1]: Starting systemd-modules-load.service - Load Kernel Modules...", "Starting \u001b[0;1;39msystemd-modules-load.[    3.305529] systemd[1]: systemd-pcrmachine.service - TPM2 PCR Machine ID Measurement was skipped because of an unmet condition check (ConditionSecurity=measured-uki).", "service\u001b[0m - Load Kernel Module[    3.314009] systemd[1]: Starting systemd-tmpfiles-setup-dev-early.service - Create Static Device Nodes in /dev gracefully...", "s...", "", "Starting \u001b[0;1;39msystemd-tmpfiles-setup-de\u2026\u001b[0m Device Nodes in /dev[    3.320543] systemd[1]: systemd-tpm2-setup-early.service - TPM2 SRK Setup (Early) was skipped because of an unmet condition check (ConditionSecurity=measured-uki).", "gracefully...", "", "[    3.328856] systemd[1]: Starting systemd-udev-trigger.service - Coldplug All udev Devices...", "Starting \u001b[0;1;39msystemd-udev-trigger.[    3.333363] systemd[1]: Started systemd-journald.service - Journal Service.", "service\u001b[0m - Coldplug All udev Devices...", "", "[\u001b[0;32m  OK  \u001b[0m] Started \u001b[0;1;39msystemd-journald.service\u001b[0m - Journal Service.", "", "[\u001b[0;32m  OK  \u001b[0m] Mounted \u001b[0;1;39mdev-hugepages.mount\u001b[0m - Huge Pages File System.", "", "[\u001b[0;32m  OK  \u001b[0m] Mounted \u001b[0;1;39mdev-mqueue.mount\u001b[0m - POSIX Message Queue File System.", "", "[\u001b[0;32m  OK  \u001b[0m] Mounted \u001b[0;1;39msys-kernel-debug.mount\u001b[0m - Kernel Debug File System.", "", "[\u001b[0;32m  OK  \u001b[0m] Mounted \u001b[0;1;39msys-kernel-tracing.mount\u001b[0m - Kernel Trace File System.", "", "[\u001b[0;32m  OK  \u001b[0m] Finished \u001b[0;1;39mmodprobe@configfs.service\u001b[0m - Load Kernel Module configfs.", "", "[\u001b[0;32m  OK  \u001b[0m] Finished \u001b[0;1;39mmodprobe@dm_mod.service\u001b[0m - Load Kernel Module dm_mod.", "", "[\u001b[0;32m  OK  \u001b[0m] Finished \u001b[0;1;39mmodprobe@drm.service\u001b[0m - Load Kernel Module drm.", "", "[\u001b[0;32m  OK  \u001b[0m] Finished \u001b[0;1;39mmodprobe@efi_pstore.service\u001b[0m - Load Kernel Module efi_pstore.", "", "[\u001b[0;32m  OK  \u001b[0m] Finished \u001b[0;1;39mmodprobe@fuse.service\u001b[0m - Load Kernel Module fuse.", "", "[\u001b[0;32m  OK  \u001b[0m] Finished \u001b[0;1;39mmodprobe@loop.service\u001b[0m - Load Kernel Module loop.", "", "[\u001b[0;32m  OK  \u001b[0m] Finished \u001b[0;1;39mkeyboard-setup.service\u001b[0m - Set the console keyboard layout.", "", "[\u001b[0;32m  OK  \u001b[0m] Finished \u001b[0;1;39msystemd-fsck-root.service\u001b[0m - File System Check on Root Device.", "", "[\u001b[0;32m  OK  \u001b[0m] Finished \u001b[0;1;39msystemd-modules-load.service\u001b[0m - Load Kernel Modules.", "", "[\u001b[0;32m  OK  \u001b[0m] Finished \u001b[0;1;39msystemd-tmpfiles-setup-de\u2026\u001b[0mic Device Nodes in /dev gracefully.", "", "[\u001b[0;32m  OK  \u001b[0m] Finished \u001b[0;1;39msystemd-udev-trigger.service\u001b[0m - Coldplug All udev Devices.", "", "[\u001b[0;32m  OK  \u001b[0m] Started \u001b[0;1;39msystemd-fsckd.service\u001b[0m - Fi\u2026stem Check Daemon to report status.", "", "Starting \u001b[0;1;39msystemd-remount-fs.servic\u2026\u001b[0munt Root and Kernel File Systems...", "", "Starting \u001b[0;1;39msystemd-sysctl.service\u001b[0m - Apply Kernel Variables...", "", "[\u001b[0;32m  OK  \u001b[0m] Finished \u001b[0;1;39msystemd-sysctl.service\u001b[0m - Apply Kernel Variables.", "", "[    3.492568] EXT4-fs (vda1): re-mounted c8107c30-aa3b-40eb-bd2a-416a91df85e7 r/w. Quota mode: none.", "[\u001b[0;32m  OK  \u001b[0m] Finished \u001b[0;1;39msystemd-remount-fs.servic\u2026\u001b[0mmount Root and Kernel File Systems.", "", "Starting \u001b[0;1;39msystemd-journal-flush.ser\u2026\u001b[0msh Journal to Persistent Storage...", "", "Starting \u001b[0;1;39msystemd-random-seed.service\u001b[0m - Load/Save OS Random Seed...", "", "Starting \u001b[0;1;39msyste[    3.526422] systemd-journald[129]: Received client request to flush runtime journal.", "md-sysusers.service\u001b[0m - Create System Users...", "", "[\u001b[0;32m  OK  \u001b[0m] Finished \u001b[0;1;39msystemd-random-seed.service\u001b[0m - Load/Save OS Random Seed.", "", "[\u001b[0;32m  OK  \u001b[[    3.548043] systemd-journald[129]: /var/log/journal/26d7b7c94826499bb6e00a5f602ee679/system.journal: Journal file uses a different sequence number ID, rotating.", "[    3.552860] systemd-journald[129]: Rotating system journal.", "0m] Finished \u001b[0;1;39msystemd-sysusers.service\u001b[0m - Create System Users.", "", "Starting \u001b[0;1;39msystemd-tmpfiles-setup-de\u2026\u001b[0meate Static Device Nodes in /dev...", "", "[\u001b[0;32m  OK  \u001b[0m] Finished \u001b[0;1;39msystemd-tmpfiles-setup-de\u2026\u001b[0mCreate Static Device Nodes in /dev.", "", "[\u001b[0;32m  OK  \u001b[0m] Reached target \u001b[0;1;39mlocal-fs-pre.target\u001b[0m\u2026Preparation for Local File Systems.", "", "Starting \u001b[0;1;39msystemd-udevd.service\u001b[0m - R\u2026ager for Device Events and Files...", "", "[\u001b[0;32m  OK  \u001b[0m] Finished \u001b[0;1;39msystemd-journal-flush.ser\u2026\u001b[0mlush Journal to Persistent Storage.", "", "[\u001b[0;32m  OK  \u001b[0m] Started \u001b[0;1;39msystemd-udevd.service\u001b[0m - Ru\u2026anager for Device Events and Files.", "", "[    3.720742] systemd-sysctl (223) used greatest stack depth: 13064 bytes left", "Starting \u001b[0;1;39msystemd-networkd.service\u001b[0m - Network Configuration...", "", "[\u001b[0;32m  OK  \u001b[0m] Found device \u001b[0;1;39mdev-ttyS0.device\u001b[0m - /dev/ttyS0.", "", "[    3.778501] virtio_net virtio1 ens3: renamed from eth0", "[\u001b[0;32m  OK  \u001b[0m] Listening on \u001b[0;1;39msystemd-rfkill.socket\u001b[0m\u2026ll Switch Status /dev/rfkill Watch.", "", "[\u001b[0;32m  OK  \u001b[0m] Found device \u001b[0;1;39mdev-disk-by\\x2dlabel-\u2026I.device\u001b[0m - /dev/disk/by-label/UEFI.", "", "[\u001b[0;32m  OK  \u001b[0m] Found device \u001b[0;1;39mdev-disk-by\\x2dlabel-\u2026T.device\u001b[0m - /dev/disk/by-label/BOOT.", "", "Starting \u001b[0;1;39msystemd-fsck@dev-disk-by\\\u2026\u001b[0mCheck on /dev/disk/by-label/BOOT...", "", "[\u001b[0;32m  OK  \u001b[0m] Started \u001b[0;1;39msystemd-networkd.service\u001b[0m - Network Configuration.", "", "[\u001b[0;32m  OK  \u001b[0m] Finished \u001b[0;1;39msystemd-fsck@dev-disk-by\\\u2026\u001b[0mm Check on /dev/disk/by-label/BOOT.", "", "Mounting \u001b[0;1;39mboot.mount\u001b[0m - /boot...", "", "[    3.896080] EXT4-fs (vda16): mounted filesystem 7164fb69-891e-447e-91ac-9486a0886759 r/w with ordered data mode. Quota mode: none.", "[\u001b[0;32m  OK  \u001b[0m] Mounted \u001b[0;1;39mboot.mount\u001b[0m - /boot.", "", "Mounting \u001b[0;1;39mboot-efi.mount\u001b[0m - /boot/efi...", "", "[    3.912603] FAT-fs (vda15): Volume was not properly unmounted. Some data may be corrupt. Please run fsck.", "[\u001b[0;32m  OK  \u001b[0m] Mounted \u001b[0;1;39mboot-efi.mount\u001b[0m - /boot/efi.", "", "[\u001b[0;32m  OK  \u001b[0m] Reached target \u001b[0;1;39mlocal-fs.target\u001b[0m - Local File Systems.", "", "[\u001b[0;32m  OK  \u001b[0m] Listening on \u001b[0;1;39msystemd-sysext.socket\u001b[0m\u2026tension Image Management (Varlink).", "", "Starting \u001b[0;1;39mconsole-setup.service\u001b[0m - Set console font and keymap...", "", "Starting \u001b[0;1;39mldconfig.service\u001b[0m - Rebuild Dynamic Linker Cache...", "", "Starting \u001b[0;1;39msystemd-binfmt.service\u001b[0m - Set Up Additional Binary Formats...", "", "Starting \u001b[0;1;39msystemd-tmpfiles-setup.se\u2026\u001b[0me Volatile Files and Directories...", "", "[\u001b[0;32m  OK  \u001b[0m] Finished \u001b[0;1;39mconsole-setup.service\u001b[0m - Set console font and keymap.", "", "Mounting \u001b[0;1;39mproc-sys-fs-binfmt_misc.m\u2026\u001b[0mcutable File Formats File System...", "", "[\u001b[0;32m  OK  \u001b[0m] Mounted \u001b[0;1;39mproc-sys-fs-binfmt_misc.mo\u2026\u001b[0mxecutable File Formats File System.", "", "[\u001b[0;32m  OK  \u001b[0m] Finished \u001b[0;1;39msystemd-binfmt.service\u001b[0m - Set Up Additional Binary Formats.", "", "[\u001b[0;32m  OK  \u001b[0m] Finished \u001b[0;1;39msystemd-tmpfiles-setup.se\u2026\u001b[0mate Volatile Files and Directories.", "", "Starting \u001b[0;1;39msystemd-journal-catalog-u\u2026ervice\u001b[0m - Rebuild Journal Catalog...", "", "Starting \u001b[0;1;39msystemd-resolved.service\u001b[0m - Network Name Resolution...", "", "Starting \u001b[0;1;39msystemd-timesyncd.service\u001b[0m - Network Time Synchronization...", "", "Starting \u001b[0;1;39msystemd-update-utmp.servi\u2026\u001b[0mord System Boot/Shutdown in UTMP...", "", "[\u001b[0;32m  OK  \u001b[0m] Finished \u001b[0;1;39mldconfig.service\u001b[0m - Rebuild Dynamic Linker Cache.", "", "[\u001b[0;32m  OK  \u001b[0m] Finished \u001b[0;1;39msystemd-journal-catalog-u\u2026.service\u001b[0m - Rebuild Journal Catalog.", "", "[\u001b[0;32m  OK  \u001b[0m] Finished \u001b[0;1;39msystemd-update-utmp.servi\u2026\u001b[0mecord System Boot/Shutdown in UTMP.", "", "Starting \u001b[0;1;39msystemd-update-done.service\u001b[0m - Update is Completed...", "", "[\u001b[0;32m  OK  \u001b[0m] Started \u001b[0;1;39msystemd-timesyncd.service\u001b[0m - Network Time Synchronization.", "", "[\u001b[0;32m  OK  \u001b[0m] Finished \u001b[0;1;39msystemd-update-done.service\u001b[0m - Update is Completed.", "", "[\u001b[0;32m  OK  \u001b[0m] Reached target \u001b[0;1;39mtime-set.target\u001b[0m - System Time Set.", "", "[\u001b[0;32m  OK  \u001b[0m] Started \u001b[0;1;39msystemd-resolved.service\u001b[0m - Network Name Resolution.", "", "[\u001b[0;32m  OK  \u001b[0m] Reached target \u001b[0;1;39mnetwork.target\u001b[0m - Network.", "", "[\u001b[0;32m  OK  \u001b[0m] Reached target \u001b[0;1;39mnss-lookup.target\u001b[0m - Host and Network Name Lookups.", "", "[\u001b[0;32m  OK  \u001b[0m] Reached target \u001b[0;1;39msysinit.target\u001b[0m - System Initialization.", "", "[\u001b[0;32m  OK  \u001b[0m] Started \u001b[0;1;39mapt-daily.timer\u001b[0m - Daily apt download activities.", "", "[\u001b[0;32m  OK  \u001b[0m] Started \u001b[0;1;39mapt-daily-upgrade.timer\u001b[0m - \u2026y apt upgrade and clean activities.", "", "[\u001b[0;32m  OK  \u001b[0m] Started \u001b[0;1;39mdpkg-db-backup.timer\u001b[0m - Daily dpkg database backup timer.", "", "[\u001b[0;32m  OK  \u001b[0m] Started \u001b[0;1;39me2scrub_all.timer\u001b[0m - Period\u2026Metadata Check for All Filesystems.", "", "[\u001b[0;32m  OK  \u001b[0m] Started \u001b[0;1;39mfstrim.timer\u001b[0m - Discard unused filesystem blocks once a week.", "", "[\u001b[0;32m  OK  \u001b[0m] Started \u001b[0;1;39mmotd-news.timer\u001b[0m - Message of the Day.", "", "[\u001b[0;32m  OK  \u001b[0m] Started \u001b[0;1;39mphpsessionclean.timer\u001b[0m - Clean PHP session files every 30 mins.", "", "[\u001b[0;32m  OK  \u001b[0m] Started \u001b[0;1;39msystemd-tmpfiles-clean.tim\u2026\u001b[0my Cleanup of Temporary Directories.", "", "[\u001b[0;32m  OK  \u001b[0m] Reached target \u001b[0;1;39mpaths.target\u001b[0m - Path Units.", "", "[\u001b[0;32m  OK  \u001b[0m] Reached target \u001b[0;1;39mtimers.target\u001b[0m - Timer Units.", "", "[\u001b[0;32m  OK  \u001b[0m] Listening on \u001b[0;1;39mdbus.socket\u001b[0m - D-Bus System Message Bus Socket.", "", "Starting \u001b[0;1;39mlxd-installer.socket\u001b[0m - He\u2026er to install lxd snap on demand...", "", "Starting \u001b[0;1;39msnapd.socket\u001b[0m - Socket activation for snappy daemon...", "", "[\u001b[0;32m  OK  \u001b[0m] Listening on \u001b[0;1;39mssh.socket\u001b[0m - OpenBSD Secure Shell server socket.", "", "[\u001b[0;32m  OK  \u001b[0m] Listening on \u001b[0;1;39mlxd-installer.socket\u001b[0m \u2026lper to install lxd snap on demand.", "", "[\u001b[0;32m  OK  \u001b[0m] Listening on \u001b[0;1;39msnapd.socket\u001b[0m - Socket activation for snappy daemon.", "", "[\u001b[0;32m  OK  \u001b[0m] Reached target \u001b[0;1;39msockets.target\u001b[0m - Socket Units.", "", "[\u001b[0;32m  OK  \u001b[0m] Reached target \u001b[0;1;39mbasic.target\u001b[0m - Basic System.", "", "Starting \u001b[0;1;39mapport.service\u001b[0m - automatic crash report generation...", "", "Starting \u001b[0;1;39mdbus.service\u001b[0m - D-Bus System Message Bus...", "", "Starting \u001b[0;1;39me2scrub_reap.service\u001b[0m - Re\u2026ne ext4 Metadata Check Snapshots...", "", "Starting \u001b[0;1;39mgrub-common.service\u001b[0m - Record successful boot for GRUB...", "", "Starting \u001b[0;1;39mphpsessionclean.service\u001b[0m - Clean php session files...", "", "[\u001b[0;32m  OK  \u001b[0m] Reached target \u001b[0;1;39mgetty-pre.target\u001b[0m - Preparation for Logins.", "", "Starting \u001b[0;1;39msnapd.seeded.service\u001b[0m - Wait until snapd is fully seeded...", "", "Starting \u001b[0;1;39msnapd.service\u001b[0m - Snap Daemon...", "", "Starting \u001b[0;1;39msystemd-logind.service\u001b[0m - User Login Management...", "", "Starting \u001b[0;1;39msystemd-user-sessions.service\u001b[0m - Permit User Sessions...", "", "[\u001b[0;32m  OK  \u001b[0m] Finished \u001b[0;1;39msystemd-user-sessions.service\u001b[0m - Permit User Sessions.", "", "[    4.362580] e2scrub_all (283) used greatest stack depth: 12872 bytes left", "[\u001b[0;32m  OK  \u001b[0m] Started \u001b[0;1;39mserial-getty@ttyS0.service\u001b[0m - Serial Getty on ttyS0.", "", "Starting \u001b[0;1;39msetvtrgb.service\u001b[0m - Set console scheme...", "", "[\u001b[0;32m  OK  \u001b[0m] Started \u001b[0;1;39mdbus.service\u001b[0m - D-Bus System Message Bus.", "", "[\u001b[0;32m  OK  \u001b[0m] Finished \u001b[0;1;39me2scrub_reap.service\u001b[0m - Re\u2026line ext4 Metadata Check Snapshots.", "", "[\u001b[0;32m  OK  \u001b[0m] Finished \u001b[0;1;39msetvtrgb.service\u001b[0m - Set console scheme.", "", "[\u001b[0;32m  OK  \u001b[0m] Started \u001b[0;1;39msystemd-logind.service\u001b[0m - User Login Management.", "", "[\u001b[0;32m  OK  \u001b[0m] Finished \u001b[0;1;39mgrub-common.service\u001b[0m - Record successful boot for GRUB.", "", "[\u001b[0;32m  OK  \u001b[0m] Created slice \u001b[0;1;39msystem-getty.slice\u001b[0m - Slice /system/getty.", "", "[\u001b[0;32m  OK  \u001b[0m] Started \u001b[0;1;39mgetty@tty1.service\u001b[0m - Getty on tty1.", "", "[\u001b[0;32m  OK  \u001b[0m] Reached target \u001b[0;1;39mgetty.target\u001b[0m - Login Prompts.", "", "Starting \u001b[0;1;39mgrub-initrd-fallback.service\u001b[0m - GRUB failed boot detection...", "", "[\u001b[0;32m  OK  \u001b[0m] Started \u001b[0;1;39munattended-upgrades.service\u001b[0m - Unattended Upgrades Shutdown.", "", "[\u001b[0;32m  OK  \u001b[0m] Finished \u001b[0;1;39mgrub-initrd-fallback.service\u001b[0m - GRUB failed boot detection.", "", "[\u001b[0;32m  OK  \u001b[0m] Finished \u001b[0;1;39mphpsessionclean.service\u001b[0m - Clean php session files.", "", "[    4.749391] loop0: detected capacity change from 0 to 8", "[\u001b[0;32m  OK  \u001b[0m] Started \u001b[0;1;39msnapd.service\u001b[0m - Snap Daemon.", "", "[\u001b[0;32m  OK  \u001b[0m] Finished \u001b[0;1;39mapport.service\u001b[0m - automatic crash report generation.", "", "Starting \u001b[0;1;39msystemd-timedated.service\u001b[0m - Time & Date Service...", "", "[\u001b[0;32m  OK  \u001b[0m] Started \u001b[0;1;39msystemd-timedated.service\u001b[0m - Time & Date Service.", "", "[\u001b[0;32m  OK  \u001b[0m] Finished \u001b[0;1;39msnapd.seeded.service\u001b[0m - Wait until snapd is fully seeded.", "", "[\u001b[0;32m  OK  \u001b[0m] Reached target \u001b[0;1;39mmulti-user.target\u001b[0m - Multi-User System.", "", "[\u001b[0;32m  OK  \u001b[0m] Reached target \u001b[0;1;39mgraphical.target\u001b[0m - Graphical Interface.", "", "Starting \u001b[0;1;39msystemd-update-utmp-runle\u2026\u001b[0m- Record Runlevel Change in UTMP...", "", "[\u001b[0;32m  OK  \u001b[0m] Finished \u001b[0;1;39msystemd-update-utmp-runle\u2026e\u001b[0m - Record Runlevel Change in UTMP.", "", "", "", "Ubuntu 24.04.2 LTS ubuntu-testing ttyS0", "", "ubuntu-testing login: root (automatic login)", "", "", "Welcome to Ubuntu 24.04.2 LTS (GNU/Linux 6.8.0 x86_64)", "", "* Documentation:  https://help.ubuntu.com", "* Management:     https://landscape.canonical.com", "* Support:        https://ubuntu.com/pro", "", "This system has been minimized by removing packages and content that are", "not required on a system that users do not log into.", "", "To restore this content, you can run the 'unminimize' command.", "[    5.279087] MICROWAVE FRAMEWORK TESTER", "[    5.282444] [TAG: RUNNING LMBENCH]", "[    5.283735] === Deleting old results ===", "[    5.292780] total 28", "[    5.292780] -rw-r--r-- 1 root root   18 May 14 03:23 ubuntu-testing.0", "[    5.292780] -rw-r--r-- 1 root root 4779 May 14 07:08 ubuntu-testing.1", "[    5.292780] -rw-r--r-- 1 root root 6967 May 13 06:20 ubuntu-testing.2", "[    5.292780] -rw-r--r-- 1 root root 5172 May 13 06:29 ubuntu-testing.3", "[    5.310673] === Starting new benchmark ===", "[    5.312145] Tailing status file: /tempbench.txt", "tail: cannot open '/tempbench.txt' for reading: No such file or directory", "[    5.330100] cd src && make rerun", "[    5.336925] make[1]: Entering directory '/opt/lmbench/src'", "[    6.351846] gmake[2]: Entering directory '/opt/lmbench/src'", "[    6.353788] gmake[2]: Nothing to be done for 'all'.", "[    6.355522] gmake[2]: Leaving directory '/opt/lmbench/src'", "[    7.076097] gmake[2]: Entering directory '/opt/lmbench/src'", "[    7.078019] gmake[2]: Nothing to be done for 'opt'.", "[    7.079860] gmake[2]: Leaving directory '/opt/lmbench/src'", "[    8.215169] (udev-worker) (220) used greatest stack depth: 12696 bytes left", "[   83.108198] lat_rpc[1442]: segfault at ffffffe0 ip 00007f4a3d7faa07 sp 00007ffd4a8be138 error 4 in libc.so.6[7f4a3d687000+188000] likely on CPU 5 (core 5, socket 0)", "[   83.113164] Code: 44 00 00 0f bc c0 48 29 cf 48 8d 44 07 20 c3 0f 1f 40 00 0f bc c0 29 cf 8d 44 07 60 c3 66 0f 1f 44 00 00 48 89 f9 48 83 e7 e0 <62> f1 7d 20 74 07 c5 fb 93 c0 d3 e8 0f 84 ee fe ff ff 0f bc c0 c3", "[  146.756169] make[1]: Leaving directory '/opt/lmbench/src'", "[  146.760456]", "[  146.761103] === Benchmark complete; dumping results at /opt/lmbench/results/x86_64-linux-gnu/ubuntu-testing.0 to aux log ===", "[  146.773356] ============================================", "[  146.779974] Elapsed time: 141.887869122 seconds", "[  146.781642] [TAG: LMBENCH COMPLETE]", "[  146.782979] MICROWAVE FRAMEWORK TESTER", "\u001b[?2004hroot@ubuntu-testing:/opt/lmbench# \u001b[?2004l", "Stopping \u001b[0;1;39msession-1.scope\u001b[0m - Session 1 of User root...", "", "[\u001b[0;32m  OK  \u001b[0m] Removed slice \u001b[0;1;39msystem-modprobe.slice\u001b[0m - Slice /system/modprobe.", "", "[\u001b[0;32m  OK  \u001b[0m] Stopped target \u001b[0;1;39mgraphical.target\u001b[0m - Graphical Interface.", "", "[\u001b[0;32m  OK  \u001b[0m] Stopped target \u001b[0;1;39mmulti-user.target\u001b[0m - Multi-User System.", "", "[\u001b[0;32m  OK  \u001b[0m] Stopped target \u001b[0;1;39mgetty.target\u001b[0m - Login Prompts.", "", "[\u001b[0;32m  OK  \u001b[0m] Stopped target \u001b[0;1;39mnss-lookup.target\u001b[0m - Host and Network Name Lookups.", "", "[\u001b[0;32m  OK  \u001b[0m] Stopped target \u001b[0;1;39mtimers.target\u001b[0m - Timer Units.", "", "[\u001b[0;32m  OK  \u001b[0m] Stopped \u001b[0;1;39mapt-daily-upgrade.timer\u001b[0m - \u2026y apt upgrade and clean activities.", "", "[\u001b[0;32m  OK  \u001b[0m] Stopped \u001b[0;1;39mapt-daily.timer\u001b[0m - Daily apt download activities.", "", "[\u001b[0;32m  OK  \u001b[0m] Stopped \u001b[0;1;39mdpkg-db-backup.timer\u001b[0m - Daily dpkg database backup timer.", "", "[\u001b[0;32m  OK  \u001b[0m] Stopped \u001b[0;1;39me2scrub_all.timer\u001b[0m - Period\u2026Metadata Check for All Filesystems.", "", "[\u001b[0;32m  OK  \u001b[0m] Stopped \u001b[0;1;39mfstrim.timer\u001b[0m - Discard unused filesystem blocks once a week.", "", "[\u001b[0;32m  OK  \u001b[0m] Stopped \u001b[0;1;39mmotd-news.timer\u001b[0m - Message of the Day.", "", "[\u001b[0;32m  OK  \u001b[0m] Stopped \u001b[0;1;39mphpsessionclean.timer\u001b[0m - Clean PHP session files every 30 mins.", "", "[\u001b[0;32m  OK  \u001b[0m] Stopped \u001b[0;1;39msystemd-tmpfiles-clean.tim\u2026\u001b[0my Cleanup of Temporary Directories.", "", "[\u001b[0;32m  OK  \u001b[0m] Stopped target \u001b[0;1;39mtime-set.target\u001b[0m - System Time Set.", "", "[\u001b[0;32m  OK  \u001b[0m] Closed \u001b[0;1;39msystemd-rfkill.socket\u001b[0m - Loa\u2026ll Switch Status /dev/rfkill Watch.", "", "Stopping \u001b[0;1;39mapport.service\u001b[0m - automatic crash report generation...", "", "Stopping \u001b[0;1;39mgetty@tty1.service\u001b[0m - Getty on tty1...", "", "Stopping \u001b[0;1;39mserial-getty@ttyS0.service\u001b[0m - Serial Getty on ttyS0...", "", "[\u001b[0;32m  OK  \u001b[0m] Stopped \u001b[0;1;39msnapd.seeded.service\u001b[0m - Wait until snapd is fully seeded.", "", "Stopping \u001b[0;1;39msystemd-random-seed.service\u001b[0m - Load/Save OS Random Seed...", "", "[\u001b[0;32m  OK  \u001b[0m] Stopped \u001b[0;1;39mserial-getty@ttyS0.service\u001b[0m - Serial Getty on ttyS0.", "", "[\u001b[0;32m  OK  \u001b[0m] Stopped \u001b[0;1;39mgetty@tty1.service\u001b[0m - Getty on tty1.", "", "[\u001b[0;32m  OK  \u001b[0m] Stopped \u001b[0;1;39msession-1.scope\u001b[0m - Session 1 of User root.", "", "[\u001b[0;32m  OK  \u001b[0m] Removed slice \u001b[0;1;39msystem-getty.slice\u001b[0m - Slice /system/getty.", "", "[\u001b[0;32m  OK  \u001b[0m] Removed slice \u001b[0;1;39msystem-serial\\x2dget\u2026slice\u001b[0m - Slice /system/serial-getty.", "", "[\u001b[0;32m  OK  \u001b[0m] Stopped target \u001b[0;1;39mgetty-pre.target\u001b[0m - Preparation for Logins.", "", "Stopping \u001b[0;1;39msystemd-logind.service\u001b[0m - User Login Management...", "", "Stopping \u001b[0;1;39msystemd-user-sessions.service\u001b[0m - Permit User Sessions...", "", "Stopping \u001b[0;1;39muser@0.service\u001b[0m - User Manager for UID 0...", "", "[\u001b[0;32m  OK  \u001b[0m] Stopped \u001b[0;1;39msystemd-random-seed.service\u001b[0m - Load/Save OS Random Seed.", "", "[\u001b[0;32m  OK  \u001b[0m] Stopped \u001b[0;1;39msystemd-user-sessions.service\u001b[0m - Permit User Sessions.", "", "[\u001b[0;32m  OK  \u001b[0m] Stopped target \u001b[0;1;39mnetwork.target\u001b[0m - Network.", "", "Stopping \u001b[0;1;39msystemd-networkd.service\u001b[0m - Network Configuration...", "", "[\u001b[0;32m  OK  \u001b[0m] Stopped \u001b[0;1;39msystemd-networkd.service\u001b[0m - Network Configuration.", "", "[\u001b[0;32m  OK  \u001b[0m] Stopped \u001b[0;1;39muser@0.service\u001b[0m - User Manager for UID 0.", "", "[\u001b[0;32m  OK  \u001b[0m] Stopped \u001b[0;1;39msystemd-logind.service\u001b[0m - User Login Management.", "", "Stopping \u001b[0;1;39muser-runtime-dir@0.servic\u2026\u001b[0mer Runtime Directory /run/user/0...", "", "[\u001b[0;32m  OK  \u001b[0m] Unmounted \u001b[0;1;39mrun-user-0.mount\u001b[0m - /run/user/0.", "", "[\u001b[0;32m  OK  \u001b[0m] Stopped \u001b[0;1;39muser-runtime-dir@0.service\u001b[0m\u2026User Runtime Directory /run/user/0.", "", "[\u001b[0;32m  OK  \u001b[0m] Removed slice \u001b[0;1;39muser-0.slice\u001b[0m - User Slice of UID 0.", "", "[\u001b[0;32m  OK  \u001b[0m] Stopped \u001b[0;1;39mapport.service\u001b[0m - automatic crash report generation.", "", "[\u001b[0;32m  OK  \u001b[0m] Stopped target \u001b[0;1;39mbasic.target\u001b[0m - Basic System.", "", "[\u001b[0;32m  OK  \u001b[0m] Stopped target \u001b[0;1;39mpaths.target\u001b[0m - Path Units.", "", "[\u001b[0;32m  OK  \u001b[0m] Stopped target \u001b[0;1;39mremote-fs.target\u001b[0m - Remote File Systems.", "", "[\u001b[0;32m  OK  \u001b[0m] Stopped target \u001b[0;1;39mslices.target\u001b[0m - Slice Units.", "", "[\u001b[0;32m  OK  \u001b[0m] Removed slice \u001b[0;1;39muser.slice\u001b[0m - User and Session Slice.", "", "[\u001b[0;32m  OK  \u001b[0m] Stopped target \u001b[0;1;39msockets.target\u001b[0m - Socket Units.", "", "[\u001b[0;32m  OK  \u001b[0m] Closed \u001b[0;1;39mlxd-installer.socket\u001b[0m - Helper to install lxd snap on demand.", "", "[\u001b[0;32m  OK  \u001b[0m] Closed \u001b[0;1;39msnapd.socket\u001b[0m - Socket activation for snappy daemon.", "", "[\u001b[0;32m  OK  \u001b[0m] Closed \u001b[0;1;39mssh.socket\u001b[0m - OpenBSD Secure Shell server socket.", "", "[\u001b[0;32m  OK  \u001b[0m] Stopped target \u001b[0;1;39msysinit.target\u001b[0m - System Initialization.", "", "[\u001b[0;32m  OK  \u001b[0m] Stopped target \u001b[0;1;39mcryptsetup.target\u001b[0m - Local Encrypted Volumes.", "", "[\u001b[0;32m  OK  \u001b[0m] Stopped \u001b[0;1;39msystemd-ask-password-conso\u2026\u001b[0mequests to Console Directory Watch.", "", "[\u001b[0;32m  OK  \u001b[0m] Stopped \u001b[0;1;39msystemd-ask-password-wall.\u2026\u001b[0md Requests to Wall Directory Watch.", "", "[\u001b[0;32m  OK  \u001b[0m] Stopped target \u001b[0;1;39mintegritysetup.targ\u2026\u001b[0m Local Integrity Protected Volumes.", "", "[\u001b[0;32m  OK  \u001b[0m] Stopped target \u001b[0;1;39mswap.target\u001b[0m - Swaps.", "", "[\u001b[0;32m  OK  \u001b[0m] Stopped target \u001b[0;1;39mveritysetup.target\u001b[0m - Local Verity Protected Volumes.", "", "[\u001b[0;32m  OK  \u001b[0m] Closed \u001b[0;1;39msystemd-networkd.socket\u001b[0m - Network Service Netlink Socket.", "", "Stopping \u001b[0;1;39msystemd-binfmt.service\u001b[0m - Set Up Additional Binary Formats...", "", "Stopping \u001b[0;1;39msystemd-resolved.service\u001b[0m - Network Name Resolution...", "", "Stopping \u001b[0;1;39msystemd-timesyncd.service\u001b[0m - Network Time Synchronization...", "", "[\u001b[0;32m  OK  \u001b[0m] Stopped \u001b[0;1;39msystemd-update-done.service\u001b[0m - Update is Completed.", "", "[\u001b[0;32m  OK  \u001b[0m] Stopped \u001b[0;1;39mldconfig.service\u001b[0m - Rebuild Dynamic Linker Cache.", "", "[\u001b[0;32m  OK  \u001b[0m] Stopped \u001b[0;1;39msystemd-journal-catalog-up\u2026.service\u001b[0m - Rebuild Journal Catalog.", "", "Stopping \u001b[0;1;39msystemd-update-utmp.servi\u2026\u001b[0mord System Boot/Shutdown in UTMP...", "", "[\u001b[0;32m  OK  \u001b[0m] Stopped \u001b[0;1;39msystemd-resolved.service\u001b[0m - Network Name Resolution.", "", "[\u001b[0;32m  OK  \u001b[0m] Stopped \u001b[0;1;39msystemd-timesyncd.service\u001b[0m - Network Time Synchronization.", "", "[\u001b[0;32m  OK  \u001b[0m] Stopped \u001b[0;1;39msystemd-binfmt.service\u001b[0m - Set Up Additional Binary Formats.", "", "[\u001b[0;32m  OK  \u001b[0m] Unset automount \u001b[0;1;39mproc-sys-fs-binfmt\u2026\u001b[0mormats File System Automount Point.", "", "[\u001b[0;32m  OK  \u001b[0m] Stopped \u001b[0;1;39msystemd-sysctl.service\u001b[0m - Apply Kernel Variables.", "", "[\u001b[0;32m  OK  \u001b[0m] Stopped \u001b[0;1;39msystemd-modules-load.service\u001b[0m - Load Kernel Modules.", "", "[\u001b[0;32m  OK  \u001b[0m] Stopped \u001b[0;1;39msystemd-update-utmp.servic\u2026\u001b[0mecord System Boot/Shutdown in UTMP.", "", "[\u001b[0;32m  OK  \u001b[0m] Stopped \u001b[0;1;39msystemd-tmpfiles-setup.ser\u2026\u001b[0mate Volatile Files and Directories.", "", "[\u001b[0;32m  OK  \u001b[0m] Stopped target \u001b[0;1;39mlocal-fs.target\u001b[0m - Local File Systems.", "", "[\u001b[0;32m  OK  \u001b[0m] Stopped target \u001b[0;1;39msnapd.mounts.target\u001b[0m - Mounted snaps.", "", "[\u001b[0;32m  OK  \u001b[0m] Stopped target \u001b[0;1;39msnapd.mounts-pre.target\u001b[0m - Mounting snaps.", "", "Unmounting \u001b[0;1;39mboot-efi.mount\u001b[0m - /boot/efi...", "", "[\u001b[0;32m  OK  \u001b[0m] Unmounted \u001b[0;1;39mboot-efi.mount\u001b[0m - /boot/efi.", "", "Unmounting \u001b[0;1;39mboot.mount\u001b[0m - /boot...", "", "[  147.290608] EXT4-fs (vda16): unmounting filesystem 7164fb69-891e-447e-91ac-9486a0886759.", "[\u001b[0;32m  OK  \u001b[0m] Unmounted \u001b[0;1;39mboot.mount\u001b[0m - /boot.", "", "[\u001b[0;32m  OK  \u001b[0m] Reached target \u001b[0;1;39mumount.target\u001b[0m - Unmount All Filesystems.", "", "[\u001b[0;32m  OK  \u001b[0m] Stopped \u001b[0;1;39msystemd-fsck@dev-disk-by\\x\u2026\u001b[0mm Check on /dev/disk/by-label/BOOT.", "", "[\u001b[0;32m  OK  \u001b[0m] Removed slice \u001b[0;1;39msystem-systemd\\x2dfs\u2026slice\u001b[0m - Slice /system/systemd-fsck.", "", "[\u001b[0;32m  OK  \u001b[0m] Stopped target \u001b[0;1;39mlocal-fs-pre.target\u001b[0m\u2026Preparation for Local File Systems.", "", "[\u001b[0;32m  OK  \u001b[0m] Stopped \u001b[0;1;39msystemd-tmpfiles-setup-dev\u2026\u001b[0mCreate Static Device Nodes in /dev.", "", "[\u001b[0;32m  OK  \u001b[0m] Stopped \u001b[0;1;39msystemd-sysusers.service\u001b[0m - Create System Users.", "", "[\u001b[0;32m  OK  \u001b[0m] Stopped \u001b[0;1;39msystemd-remount-fs.service\u001b[0m\u2026mount Root and Kernel File Systems.", "", "[\u001b[0;32m  OK  \u001b[0m] Stopped \u001b[0;1;39msystemd-fsck-root.service\u001b[0m - File System Check on Root Device.", "", "[\u001b[0;32m  OK  \u001b[0m] Stopped \u001b[0;1;39msystemd-tmpfiles-setup-dev\u2026\u001b[0mic Device Nodes in /dev gracefully.", "", "[\u001b[0;32m  OK  \u001b[0m] Reached target \u001b[0;1;39mshutdown.target\u001b[0m - System Shutdown.", "", "[\u001b[0;32m  OK  \u001b[0m] Reached target \u001b[0;1;39mfinal.target\u001b[0m - Late Shutdown Services.", "", "[\u001b[0;32m  OK  \u001b[0m] Finished \u001b[0;1;39msystemd-poweroff.service\u001b[0m - System Power Off.", "", "[\u001b[0;32m  OK  \u001b[0m] Reached target \u001b[0;1;39mpoweroff.target\u001b[0m - System Power Off.", "", "[  147.383718] systemd-shutdown[1]: Syncing filesystems and block devices.", "[  147.400838] systemd-shutdown[1]: Sending SIGTERM to remaining processes...", "[  147.406241] systemd-journald[129]: Received SIGTERM from PID 1 (systemd-shutdow).", "[  147.416260] systemd-shutdown[1]: Sending SIGKILL to remaining processes...", "[  147.423298] systemd-shutdown[1]: Unmounting file systems.", "[  147.426286] (sd-remount)[3010]: Remounting '/' read-only with options 'discard,errors=remount-ro,commit=30'.", "[  147.442268] EXT4-fs (vda1): re-mounted c8107c30-aa3b-40eb-bd2a-416a91df85e7 ro. Quota mode: none.", "[  147.446591] systemd-shutdown[1]: All filesystems unmounted.", "[  147.448554] systemd-shutdown[1]: Deactivating swaps.", "[  147.450359] systemd-shutdown[1]: All swaps deactivated.", "[  147.452179] systemd-shutdown[1]: Detaching loop devices.", "[  147.455206] systemd-shutdown[1]: All loop devices detached.", "[  147.457280] systemd-shutdown[1]: Stopping MD devices.", "[  147.459142] systemd-shutdown[1]: All MD devices stopped.", "[  147.461032] systemd-shutdown[1]: Detaching DM devices.", "[  147.462947] systemd-shutdown[1]: All DM devices detached.", "[  147.464833] systemd-shutdown[1]: All filesystems, swaps, loop devices, MD devices and DM devices detached.", "[  147.468492] systemd-shutdown[1]: Syncing filesystems and block devices.", "[  147.470782] systemd-shutdown[1]: Powering off.", "[  147.474039] ACPI: PM: Preparing to enter system sleep state S5", "[  147.476210] reboot: Power down", "Aux log file:", "Using config in CONFIG.ubuntu-testing", "Tue May 13 13:46:53 UTC 2025", "Latency measurements", "Tue May 13 13:47:07 UTC 2025", "Local networking", "Tue May 13 13:48:09 UTC 2025", "Bandwidth measurements", "Tue May 13 13:49:08 UTC 2025", "Calculating context switch overhead", "Tue May 13 13:49:13 UTC 2025", "[TAG: AUX LMBENCH RESULTS]", "[lmbench3.0 results for Linux ubuntu-testing 6.8.0 #1 SMP PREEMPT_DYNAMIC Tue May 13 06:36:47 UTC 2025 x86_64 x86_64 x86_64 GNU/Linux]", "[LMBENCH_VER: ]", "[BENCHMARK_HARDWARE: NO]", "[BENCHMARK_OS: NO]", "[ALL: 512 1k 2k 4k 8k 16k 32k 64k 128k 256k 512k 1m 2m 4m 8m 16m 32m 64m 128m 256m 512m 1024m 2048m 4096m]", "[DISKS: ]", "[DISK_DESC: ]", "[ENOUGH: 5000]", "[FAST: ]", "[FASTMEM: NO]", "[FILE: /var/tmp/XXX]", "[FSDIR: /var/tmp]", "[HALF: 512 1k 2k 4k 8k 16k 32k 64k 128k 256k 512k 1m 2m 4m 8m 16m 32m 64m 128m 256m 512m 1024m 2048m]", "[INFO: INFO.ubuntu-testing]", "[LINE_SIZE: ]", "[LOOP_O: 0.00000000]", "[MB: 5557]", "[MHZ: 1690 MHz, 0.5917 nanosec clock]", "[MOTHERBOARD: ]", "[NETWORKS: ]", "[PROCESSORS: 8]", "[REMOTE: ]", "[SLOWFS: YES]", "[OS: x86_64-linux-gnu]", "[SYNC_MAX: 1]", "[LMBENCH_SCHED: DEFAULT]", "[TIMING_O: 0]", "[LMBENCH VERSION: lmbench-3alpha4]", "[USER: root]", "[HOSTNAME: ubuntu-testing]", "[NODENAME: ubuntu-testing]", "[SYSNAME: Linux]", "[PROCESSOR: x86_64]", "[MACHINE: x86_64]", "[RELEASE: 6.8.0]", "[VERSION: #1 SMP PREEMPT_DYNAMIC Tue May 13 06:36:47 UTC 2025]", "[Tue May 13 13:46:53 UTC 2025]", "[ 13:46:53 up 0 min, 1 user, load average: 0.08, 0.02, 0.01]", "[net: Kernel Interface table]", "Kernel: error fetching interface information: Device not found", "[net: Iface             MTU    RX-OK RX-ERR RX-DRP RX-OVR    TX-OK TX-ERR TX-DRP TX-OVR Flg]", "Iface: error fetching interface information: Device not found", "[net: ens3             1500        2      0      0 0             7      0      0      0 BMRU]", "[if: ens3: flags=4163<UP,BROADCAST,RUNNING,MULTICAST>  mtu 1500]", "[if: inet 10.0.2.15  netmask 255.255.255.0  broadcast 10.0.2.255]", "[if: inet6 fe80::5054:ff:fe12:3456  prefixlen 64  scopeid 0x20<link>]", "[if: ether 52:54:00:12:34:56  txqueuelen 1000  (Ethernet)]", "[if: RX packets 2  bytes 1180 (1.1 KB)]", "[if: RX errors 0  dropped 0  overruns 0  frame 0]", "[if: TX packets 7  bytes 1142 (1.1 KB)]", "[if: TX errors 0  dropped 0 overruns 0  carrier 0  collisions 0]", "[if: ]", "[net: lo              65536       80      0      0 0            80      0      0      0 LRU]", "[if: lo: flags=73<UP,LOOPBACK,RUNNING>  mtu 65536]", "[if: inet 127.0.0.1  netmask 255.0.0.0]", "[if: inet6 ::1  prefixlen 128  scopeid 0x10<host>]", "[if: loop  txqueuelen 1000  (Local Loopback)]", "[if: RX packets 80  bytes 5920 (5.9 KB)]", "[if: RX errors 0  dropped 0  overruns 0  frame 0]", "[if: TX packets 80  bytes 5920 (5.9 KB)]", "[if: TX errors 0  dropped 0 overruns 0  carrier 0  collisions 0]", "[if: ]", "[mount: /dev/vda1 on / type ext4 (rw,relatime,discard,errors=remount-ro,commit=30)]", "[mount: devtmpfs on /dev type devtmpfs (rw,relatime,size=4070528k,nr_inodes=1017632,mode=755)]", "[mount: proc on /proc type proc (rw,nosuid,nodev,noexec,relatime)]", "[mount: sysfs on /sys type sysfs (rw,nosuid,nodev,noexec,relatime)]", "[mount: selinuxfs on /sys/fs/selinux type selinuxfs (rw,nosuid,noexec,relatime)]", "[mount: tmpfs on /dev/shm type tmpfs (rw,nosuid,nodev)]", "[mount: devpts on /dev/pts type devpts (rw,nosuid,noexec,relatime,gid=5,mode=620,ptmxmode=000)]", "[mount: tmpfs on /run type tmpfs (rw,nosuid,nodev,size=1628644k,nr_inodes=819200,mode=755)]", "[mount: tmpfs on /run/lock type tmpfs (rw,nosuid,nodev,noexec,relatime,size=5120k)]", "[mount: cgroup2 on /sys/fs/cgroup type cgroup2 (rw,nosuid,nodev,noexec,relatime,nsdelegate,memory_recursiveprot)]", "[mount: systemd-1 on /proc/sys/fs/binfmt_misc type autofs (rw,relatime,fd=32,pgrp=1,timeout=0,minproto=5,maxproto=5,direct)]", "[mount: hugetlbfs on /dev/hugepages type hugetlbfs (rw,nosuid,nodev,relatime,pagesize=2M)]", "[mount: mqueue on /dev/mqueue type mqueue (rw,nosuid,nodev,noexec,relatime)]", "[mount: debugfs on /sys/kernel/debug type debugfs (rw,nosuid,nodev,noexec,relatime)]", "[mount: tracefs on /sys/kernel/tracing type tracefs (rw,nosuid,nodev,noexec,relatime)]", "[mount: /dev/vda16 on /boot type ext4 (rw,relatime)]", "[mount: /dev/vda15 on /boot/efi type vfat (rw,relatime,fmask=0077,dmask=0077,codepage=437,iocharset=iso8859-1,shortname=mixed,errors=remount-ro)]", "[mount: binfmt_misc on /proc/sys/fs/binfmt_misc type binfmt_misc (rw,nosuid,nodev,noexec,relatime)]", "[mount: tmpfs on /run/user/0 type tmpfs (rw,nosuid,nodev,relatime,size=814320k,nr_inodes=203580,mode=700)]", "Simple syscall: 0.4531 microseconds", "Simple read: 0.5140 microseconds", "Simple write: 0.5023 microseconds", "Simple stat: 0.8965 microseconds", "Simple fstat: 0.5479 microseconds", "Simple open/close: 1.6354 microseconds", "Select on 10 fd's: 0.6236 microseconds", "Select on 100 fd's: 1.3758 microseconds", "Select on 250 fd's: 2.6380 microseconds", "Select on 500 fd's: 4.7407 microseconds", "Select on 10 tcp fd's: 0.6938 microseconds", "Select on 100 tcp fd's: 2.9096 microseconds", "Select on 250 tcp fd's: 6.3976 microseconds", "Select on 500 tcp fd's: 12.4418 microseconds", "Pipe latency: 61.5298 microseconds", "AF_UNIX sock stream latency: 45.4957 microseconds", "Process fork+exit: 179.7778 microseconds", "Process fork+execve: 887.5000 microseconds", "Process fork+/bin/sh -c: 1816.0000 microseconds", "x: No such file or directory", "Usage: lat_udp -s serverhost", "OR [-S] [-m <message size>] [-P <parallelism>] [-W <warmup>] [-N <repetitions>] server", "NOTE: message size must be >= 4", "Usage: lat_tcp -s serverhost [-b <backlog>]", "OR [-m <message size>] [-P <parallelism>] [-W <warmup>] [-N <repetitions>] server", "OR -S server", "Usage: lat_connect -s serverhost [-b <backlog>]", "OR [-S] [-N <repetitions>] server", "unable to register (XACT_PROG, XACT_VERS, udp).", "Usage: bw_tcp -s serverhost [-b <backlog>]", "OR [-m <message size>] [-M <bytes to move>] [-P <parallelism>] [-W <warmup>] [-N <repetitions>] server", "OR -S serverhost", "Segmentation fault (core dumped)", "AF_UNIX sock stream bandwidth: 1991.63 MB/sec", "Pipe bandwidth: 817.31 MB/sec", "", "", "\"size=0k ovr=1.24", "2 28.43", "4 33.51", "8 49.40", "16 53.22", "24 52.12", "32 56.21", "64 54.75", "96 55.07", "", "\"size=4k ovr=1.36", "2 28.20", "4 30.31", "8 50.62", "16 54.06", "24 56.28", "32 52.34", "64 58.93", "96 56.78", "", "\"size=8k ovr=1.47", "2 32.77", "4 31.41", "8 47.13", "16 53.34", "24 55.46", "32 56.94", "64 57.80", "96 51.79", "", "\"size=16k ovr=1.71", "2 32.62", "4 34.13", "8 53.47", "16 56.78", "24 54.96", "32 58.55", "64 58.82", "96 55.60", "", "\"size=32k ovr=2.26", "2 28.88", "4 33.69", "8 45.12", "16 54.04", "24 57.09", "32 57.07", "64 60.76", "96 59.06", "", "\"size=64k ovr=3.33", "2 32.72", "4 32.47", "8 48.38", "16 52.58", "24 55.44", "32 59.81", "64 61.62", "96 53.55", "", "", "[Tue May 13 13:49:13 UTC 2025]", "[TAG: AUX LMBENCH RESULTS END]", "[TAG: AUX LMBENCH RESULTS BASE64]", "W2xtYmVuY2gzLjAgcmVzdWx0cyBmb3IgTGludXggdWJ1bnR1LXRlc3RpbmcgNi44LjAgIzEgU01QIFBSRUVNUFRfRFlOQU1JQyBTYXQgTWF5IDE3IDA2OjM2OjQ3IFVUQyAyMDI1IHg4Nl82NCB4ODZfNjQgeDg2XzY0IEdOVS9MaW51eF0KW0xNQkVOQ0hfVkVSOiBdCltCRU5DSE1BUktfSEFSRFdBUkU6IE5PXQpbQkVOQ0hNQVJLX09TOiBOT10KW0FMTDogNTEyIDFrIDJrIDRrIDhrIDE2ayAzMmsgNjRrIDEyOGsgMjU2ayA1MTJrIDFtIDJtIDRtIDhtIDE2bSAzMm0gNjRtIDEyOG0gMjU2bSA1MTJtIDEwMjRtIDIwNDhtIDQwOTZtXQpbRElTS1M6IF0KW0RJU0tfREVTQzogXQpbRU5PVUdIOiA1MDAwXQpbRkFTVDogXQpbRkFTVE1FTTogTk9dCltGSUxFOiAvdmFyL3RtcC9YWFhdCltGU0RJUjogL3Zhci90bXBdCltIQUxGOiA1MTIgMWsgMmsgNGsgOGsgMTZrIDMyayA2NGsgMTI4ayAyNTZrIDUxMmsgMW0gMm0gNG0gOG0gMTZtIDMybSA2NG0gMTI4bSAyNTZtIDUxMm0gMTAyNG0gMjA0OG1dCltJTkZPOiBJTkZPLnVidW50dS10ZXN0aW5nXQpbTElORV9TSVpFOiBdCltMT09QX086IDAuMDAwMDAwMDBdCltNQjogNTU1N10KW01IWjogMTY5MCBNSHosIDAuNTkxNyBuYW5vc2VjIGNsb2NrXQpbTU9USEVSQk9BUkQ6IF0KW05FVFdPUktTOiBdCltQUk9DRVNTT1JTOiA4XQpbUkVNT1RFOiBdCltTTE9XRlM6IFlFU10KW09TOiB4ODZfNjQtbGludXgtZ251XQpbU1lOQ19NQVg6IDFdCltMTUJFTkNIX1NDSEVEOiBERUZBVUxUXQpbVElNSU5HX086IDBdCltMTUJFTkNIIFZFUlNJT046IGxtYmVuY2gtM2FscGhhNF0KW1VTRVI6IHJvb3RdCltIT1NUTkFNRTogdWJ1bnR1LXRlc3RpbmddCltOT0RFTkFNRTogdWJ1bnR1LXRlc3RpbmddCltTWVNOQU1FOiBMaW51eF0KW1BST0NFU1NPUjogeDg2XzY0XQpbTUFDSElORTogeDg2XzY0XQpbUkVMRUFTRTogNi44LjBdCltWRVJTSU9OOiAjMSBTTVAgUFJFRU1QVF9EWU5BTUlDIFNhdCBNYXkgMTcgMDY6MzY6NDcgVVRDIDIwMjVdCltTYXQgTWF5IDE3IDEzOjQ2OjUzIFVUQyAyMDI1XQpbIDEzOjQ2OjUzIHVwIDAgbWluLCAxIHVzZXIsIGxvYWQgYXZlcmFnZTogMC4wOCwgMC4wMiwgMC4wMV0KW25ldDogS2VybmVsIEludGVyZmFjZSB0YWJsZV0KS2VybmVsOiBlcnJvciBmZXRjaGluZyBpbnRlcmZhY2UgaW5mb3JtYXRpb246IERldmljZSBub3QgZm91bmQKW25ldDogSWZhY2UgICAgICAgICAgICAgTVRVICAgIFJYLU9LIFJYLUVSUiBSWC1EUlAgUlgtT1ZSICAgIFRYLU9LIFRYLUVSUiBUWC1EUlAgVFgtT1ZSIEZsZ10KSWZhY2U6IGVycm9yIGZldGNoaW5nIGludGVyZmFjZSBpbmZvcm1hdGlvbjogRGV2aWNlIG5vdCBmb3VuZApbbmV0OiBlbnMzICAgICAgICAgICAgIDE1MDAgICAgICAgIDIgICAgICAwICAgICAgMCAwICAgICAgICAgICAgIDcgICAgICAwICAgICAgMCAgICAgIDAgQk1SVV0KW2lmOiBlbnMzOiBmbGFncz00MTYzPFVQLEJST0FEQ0FTVCxSVU5OSU5HLE1VTFRJQ0FTVD4gIG10dSAxNTAwXQpbaWY6IGluZXQgMTAuMC4yLjE1ICBuZXRtYXNrIDI1NS4yNTUuMjU1LjAgIGJyb2FkY2FzdCAxMC4wLjIuMjU1XQpbaWY6IGluZXQ2IGZlODA6OjUwNTQ6ZmY6ZmUxMjozNDU2ICBwcmVmaXhsZW4gNjQgIHNjb3BlaWQgMHgyMDxsaW5rPl0KW2lmOiBldGhlciA1Mjo1NDowMDoxMjozNDo1NiAgdHhxdWV1ZWxlbiAxMDAwICAoRXRoZXJuZXQpXQpbaWY6IFJYIHBhY2tldHMgMiAgYnl0ZXMgMTE4MCAoMS4xIEtCKV0KW2lmOiBSWCBlcnJvcnMgMCAgZHJvcHBlZCAwICBvdmVycnVucyAwICBmcmFtZSAwXQpbaWY6IFRYIHBhY2tldHMgNyAgYnl0ZXMgMTE0MiAoMS4xIEtCKV0KW2lmOiBUWCBlcnJvcnMgMCAgZHJvcHBlZCAwIG92ZXJydW5zIDAgIGNhcnJpZXIgMCAgY29sbGlzaW9ucyAwXQpbaWY6IF0KW25ldDogbG8gICAgICAgICAgICAgIDY1NTM2ICAgICAgIDgwICAgICAgMCAgICAgIDAgMCAgICAgICAgICAgIDgwICAgICAgMCAgICAgIDAgICAgICAwIExSVV0KW2lmOiBsbzogZmxhZ3M9NzM8VVAsTE9PUEJBQ0ssUlVOTklORz4gIG10dSA2NTUzNl0KW2lmOiBpbmV0IDEyNy4wLjAuMSAgbmV0bWFzayAyNTUuMC4wLjBdCltpZjogaW5ldDYgOjoxICBwcmVmaXhsZW4gMTI4ICBzY29wZWlkIDB4MTA8aG9zdD5dCltpZjogbG9vcCAgdHhxdWV1ZWxlbiAxMDAwICAoTG9jYWwgTG9vcGJhY2spXQpbaWY6IFJYIHBhY2tldHMgODAgIGJ5dGVzIDU5MjAgKDUuOSBLQildCltpZjogUlggZXJyb3JzIDAgIGRyb3BwZWQgMCAgb3ZlcnJ1bnMgMCAgZnJhbWUgMF0KW2lmOiBUWCBwYWNrZXRzIDgwICBieXRlcyA1OTIwICg1LjkgS0IpXQpbaWY6IFRYIGVycm9ycyAwICBkcm9wcGVkIDAgb3ZlcnJ1bnMgMCAgY2FycmllciAwICBjb2xsaXNpb25zIDBdCltpZjogXQpbbW91bnQ6IC9kZXYvdmRhMSBvbiAvIHR5cGUgZXh0NCAocncscmVsYXRpbWUsZGlzY2FyZCxlcnJvcnM9cmVtb3VudC1ybyxjb21taXQ9MzApXQpbbW91bnQ6IGRldnRtcGZzIG9uIC9kZXYgdHlwZSBkZXZ0bXBmcyAocncscmVsYXRpbWUsc2l6ZT00MDcwNTI4ayxucl9pbm9kZXM9MTAxNzYzMixtb2RlPTc1NSldClttb3VudDogcHJvYyBvbiAvcHJvYyB0eXBlIHByb2MgKHJ3LG5vc3VpZCxub2Rldixub2V4ZWMscmVsYXRpbWUpXQpbbW91bnQ6IHN5c2ZzIG9uIC9zeXMgdHlwZSBzeXNmcyAocncsbm9zdWlkLG5vZGV2LG5vZXhlYyxyZWxhdGltZSldClttb3VudDogc2VsaW51eGZzIG9uIC9zeXMvZnMvc2VsaW51eCB0eXBlIHNlbGludXhmcyAocncsbm9zdWlkLG5vZXhlYyxyZWxhdGltZSldClttb3VudDogdG1wZnMgb24gL2Rldi9zaG0gdHlwZSB0bXBmcyAocncsbm9zdWlkLG5vZGV2KV0KW21vdW50OiBkZXZwdHMgb24gL2Rldi9wdHMgdHlwZSBkZXZwdHMgKHJ3LG5vc3VpZCxub2V4ZWMscmVsYXRpbWUsZ2lkPTUsbW9kZT02MjAscHRteG1vZGU9MDAwKV0KW21vdW50OiB0bXBmcyBvbiAvcnVuIHR5cGUgdG1wZnMgKHJ3LG5vc3VpZCxub2RldixzaXplPTE2Mjg2NDRrLG5yX2lub2Rlcz04MTkyMDAsbW9kZT03NTUpXQpbbW91bnQ6IHRtcGZzIG9uIC9ydW4vbG9jayB0eXBlIHRtcGZzIChydyxub3N1aWQsbm9kZXYsbm9leGVjLHJlbGF0aW1lLHNpemU9NTEyMGspXQpbbW91bnQ6IGNncm91cDIgb24gL3N5cy9mcy9jZ3JvdXAgdHlwZSBjZ3JvdXAyIChydyxub3N1aWQsbm9kZXYsbm9leGVjLHJlbGF0aW1lLG5zZGVsZWdhdGUsbWVtb3J5X3JlY3Vyc2l2ZXByb3QpXQpbbW91bnQ6IHN5c3RlbWQtMSBvbiAvcHJvYy9zeXMvZnMvYmluZm10X21pc2MgdHlwZSBhdXRvZnMgKHJ3LHJlbGF0aW1lLGZkPTMyLHBncnA9MSx0aW1lb3V0PTAsbWlucHJvdG89NSxtYXhwcm90bz01LGRpcmVjdCldClttb3VudDogaHVnZXRsYmZzIG9uIC9kZXYvaHVnZXBhZ2VzIHR5cGUgaHVnZXRsYmZzIChydyxub3N1aWQsbm9kZXYscmVsYXRpbWUscGFnZXNpemU9Mk0pXQpbbW91bnQ6IG1xdWV1ZSBvbiAvZGV2L21xdWV1ZSB0eXBlIG1xdWV1ZSAocncsbm9zdWlkLG5vZGV2LG5vZXhlYyxyZWxhdGltZSldClttb3VudDogZGVidWdmcyBvbiAvc3lzL2tlcm5lbC9kZWJ1ZyB0eXBlIGRlYnVnZnMgKHJ3LG5vc3VpZCxub2Rldixub2V4ZWMscmVsYXRpbWUpXQpbbW91bnQ6IHRyYWNlZnMgb24gL3N5cy9rZXJuZWwvdHJhY2luZyB0eXBlIHRyYWNlZnMgKHJ3LG5vc3VpZCxub2Rldixub2V4ZWMscmVsYXRpbWUpXQpbbW91bnQ6IC9kZXYvdmRhMTYgb24gL2Jvb3QgdHlwZSBleHQ0IChydyxyZWxhdGltZSldClttb3VudDogL2Rldi92ZGExNSBvbiAvYm9vdC9lZmkgdHlwZSB2ZmF0IChydyxyZWxhdGltZSxmbWFzaz0wMDc3LGRtYXNrPTAwNzcsY29kZXBhZ2U9NDM3LGlvY2hhcnNldD1pc284ODU5LTEsc2hvcnRuYW1lPW1peGVkLGVycm9ycz1yZW1vdW50LXJvKV0KW21vdW50OiBiaW5mbXRfbWlzYyBvbiAvcHJvYy9zeXMvZnMvYmluZm10X21pc2MgdHlwZSBiaW5mbXRfbWlzYyAocncsbm9zdWlkLG5vZGV2LG5vZXhlYyxyZWxhdGltZSldClttb3VudDogdG1wZnMgb24gL3J1bi91c2VyLzAgdHlwZSB0bXBmcyAocncsbm9zdWlkLG5vZGV2LHJlbGF0aW1lLHNpemU9ODE0MzIwayxucl9pbm9kZXM9MjAzNTgwLG1vZGU9NzAwKV0KU2ltcGxlIHN5c2NhbGw6IDAuNDUzMSBtaWNyb3NlY29uZHMKU2ltcGxlIHJlYWQ6IDAuNTE0MCBtaWNyb3NlY29uZHMKU2ltcGxlIHdyaXRlOiAwLjUwMjMgbWljcm9zZWNvbmRzClNpbXBsZSBzdGF0OiAwLjg5NjUgbWljcm9zZWNvbmRzClNpbXBsZSBmc3RhdDogMC41NDc5IG1pY3Jvc2Vjb25kcwpTaW1wbGUgb3Blbi9jbG9zZTogMS42MzU0IG1pY3Jvc2Vjb25kcwpTZWxlY3Qgb24gMTAgZmQnczogMC42MjM2IG1pY3Jvc2Vjb25kcwpTZWxlY3Qgb24gMTAwIGZkJ3M6IDEuMzc1OCBtaWNyb3NlY29uZHMKU2VsZWN0IG9uIDI1MCBmZCdzOiAyLjYzODAgbWljcm9zZWNvbmRzClNlbGVjdCBvbiA1MDAgZmQnczogNC43NDA3IG1pY3Jvc2Vjb25kcwpTZWxlY3Qgb24gMTAgdGNwIGZkJ3M6IDAuNjkzOCBtaWNyb3NlY29uZHMKU2VsZWN0IG9uIDEwMCB0Y3AgZmQnczogMi45MDk2IG1pY3Jvc2Vjb25kcwpTZWxlY3Qgb24gMjUwIHRjcCBmZCdzOiA2LjM5NzYgbWljcm9zZWNvbmRzClNlbGVjdCBvbiA1MDAgdGNwIGZkJ3M6IDEyLjQ0MTggbWljcm9zZWNvbmRzClBpcGUgbGF0ZW5jeTogNjEuNTI5OCBtaWNyb3NlY29uZHMKQUZfVU5JWCBzb2NrIHN0cmVhbSBsYXRlbmN5OiA0NS40OTU3IG1pY3Jvc2Vjb25kcwpQcm9jZXNzIGZvcmsrZXhpdDogMTc5Ljc3NzggbWljcm9zZWNvbmRzClByb2Nlc3MgZm9yaytleGVjdmU6IDg4Ny41MDAwIG1pY3Jvc2Vjb25kcwpQcm9jZXNzIGZvcmsrL2Jpbi9zaCAtYzogMTgxNi4wMDAwIG1pY3Jvc2Vjb25kcwp4OiBObyBzdWNoIGZpbGUgb3IgZGlyZWN0b3J5ClVzYWdlOiBsYXRfdWRwIC1zIHNlcnZlcmhvc3QKIE9SIFstU10gWy1tIDxtZXNzYWdlIHNpemU+XSBbLVAgPHBhcmFsbGVsaXNtPl0gWy1XIDx3YXJtdXA+XSBbLU4gPHJlcGV0aXRpb25zPl0gc2VydmVyCiBOT1RFOiBtZXNzYWdlIHNpemUgbXVzdCBiZSA+PSA0ClVzYWdlOiBsYXRfdGNwIC1zIHNlcnZlcmhvc3QgWy1iIDxiYWNrbG9nPl0KIE9SIFstbSA8bWVzc2FnZSBzaXplPl0gWy1QIDxwYXJhbGxlbGlzbT5dIFstVyA8d2FybXVwPl0gWy1OIDxyZXBldGl0aW9ucz5dIHNlcnZlcgogT1IgLVMgc2VydmVyClVzYWdlOiBsYXRfY29ubmVjdCAtcyBzZXJ2ZXJob3N0IFstYiA8YmFja2xvZz5dCiBPUiBbLVNdIFstTiA8cmVwZXRpdGlvbnM+XSBzZXJ2ZXIKdW5hYmxlIHRvIHJlZ2lzdGVyIChYQUNUX1BST0csIFhBQ1RfVkVSUywgdWRwKS4KVXNhZ2U6IGJ3X3RjcCAtcyBzZXJ2ZXJob3N0IFstYiA8YmFja2xvZz5dCiBPUiBbLW0gPG1lc3NhZ2Ugc2l6ZT5dIFstTSA8Ynl0ZXMgdG8gbW92ZT5dIFstUCA8cGFyYWxsZWxpc20+XSBbLVcgPHdhcm11cD5dIFstTiA8cmVwZXRpdGlvbnM+XSBzZXJ2ZXIKIE9SIC1TIHNlcnZlcmhvc3QKU2VnbWVudGF0aW9uIGZhdWx0IChjb3JlIGR1bXBlZCkKQUZfVU5JWCBzb2NrIHN0cmVhbSBiYW5kd2lkdGg6IDE5OTEuNjMgTUIvc2VjClBpcGUgYmFuZHdpZHRoOiA4MTcuMzEgTUIvc2VjCgoKInNpemU9MGsgb3ZyPTEuMjQKMiAyOC40Mwo0IDMzLjUxCjggNDkuNDAKMTYgNTMuMjIKMjQgNTIuMTIKMzIgNTYuMjEKNjQgNTQuNzUKOTYgNTUuMDcKCiJzaXplPTRrIG92cj0xLjM2CjIgMjguMjAKNCAzMC4zMQo4IDUwLjYyCjE2IDU0LjA2CjI0IDU2LjI4CjMyIDUyLjM0CjY0IDU4LjkzCjk2IDU2Ljc4Cgoic2l6ZT04ayBvdnI9MS40NwoyIDMyLjc3CjQgMzEuNDEKOCA0Ny4xMwoxNiA1My4zNAoyNCA1NS40NgozMiA1Ni45NAo2NCA1Ny44MAo5NiA1MS43OQoKInNpemU9MTZrIG92cj0xLjcxCjIgMzIuNjIKNCAzNC4xMwo4IDUzLjQ3CjE2IDU2Ljc4CjI0IDU0Ljk2CjMyIDU4LjU1CjY0IDU4LjgyCjk2IDU1LjYwCgoic2l6ZT0zMmsgb3ZyPTIuMjYKMiAyOC44OAo0IDMzLjY5CjggNDUuMTIKMTYgNTQuMDQKMjQgNTcuMDkKMzIgNTcuMDcKNjQgNjAuNzYKOTYgNTkuMDYKCiJzaXplPTY0ayBvdnI9My4zMwoyIDMyLjcyCjQgMzIuNDcKOCA0OC4zOAoxNiA1Mi41OAoyNCA1NS40NAozMiA1OS44MQo2NCA2MS42Mgo5NiA1My41NQoKCltTYXQgTWF5IDE3IDEzOjQ5OjEzIFVUQyAyMDI1XQo=[TAG: AUX LMBENCH RESULTS BASE64 END]"], "metadata": {"test_marker": "MICROWAVE FRAMEWORK TESTER"}}