{"lines": ["IMAGE_PATH: /home/denzelgfarmer/KernelSecurityBenchmarks/Microwave/.working/test_lmbench_all_spectre_v2-linux.img", "KERNEL_PATH: /home/denzelgfarmer/KernelSecurityBenchmarks/Microwave/.working/temp/linux/install/boot/vmlinuz-6.8.0", "LOG_PATH: /home/denzelgfarmer/KernelSecurityBenchmarks/Microwave/microwave2/runners/aux_logfile.txt", "KERNEL_ARGS: console=ttyS0,115200 earlyprintk=serial,ttyS0,115200 ignore_loglevel root=/dev/vda1 nospectre_v1 spectre_v2=ibrs,eibrs,retpoline,generic spectre_v2_user=off retbleed=off pti=off spec_rstack_overflow=off", "+ '[' -z /home/denzelgfarmer/KernelSecurityBenchmarks/Microwave/.working/test_lmbench_all_spectre_v2-linux.img ']'", "+ '[' -z /home/denzelgfarmer/KernelSecurityBenchmarks/Microwave/.working/temp/linux/install/boot/vmlinuz-6.8.0 ']'", "+ CORESET=2,3,4,5", "+ echo 'Booting image /home/denzelgfarmer/KernelSecurityBenchmarks/Microwave/.working/test_lmbench_all_spectre_v2-linux.img (with kernel at /home/denzelgfarmer/KernelSecurityBenchmarks/Microwave/.working/temp/linux/install/boot/vmlinuz-6.8.0)...'", "Booting image /home/denzelgfarmer/KernelSecurityBenchmarks/Microwave/.working/test_lmbench_all_spectre_v2-linux.img (with kernel at /home/denzelgfarmer/KernelSecurityBenchmarks/Microwave/.working/temp/linux/install/boot/vmlinuz-6.8.0)...", "+ taskset -c 2,3,4,5 qemu-system-x86_64 -enable-kvm -nodefaults -nographic -m 8192 -mem-prealloc -cpu host -smp 8,sockets=1,cores=8,threads=1 -kernel /home/denzelgfarmer/KernelSecurityBenchmarks/Microwave/.working/temp/linux/install/boot/vmlinuz-6.8.0 -append 'console=ttyS0,115200 earlyprintk=serial,ttyS0,115200 ignore_loglevel root=/dev/vda1 nospectre_v1 spectre_v2=ibrs,eibrs,retpoline,generic spectre_v2_user=off retbleed=off pti=off spec_rstack_overflow=off' -device virtio-blk-pci,drive=hd0 -blockdev driver=file,node-name=hd_file,filename=/home/denzelgfarmer/KernelSecurityBenchmarks/Microwave/.working/test_lmbench_all_spectre_v2-linux.img -blockdev driver=qcow2,node-name=hd0,file=hd_file -device virtio-net-pci,netdev=net1 -netdev user,id=net1,hostfwd=tcp::2223-:22 -serial stdio -s -chardev file,id=log0,path=/home/denzelgfarmer/KernelSecurityBenchmarks/Microwave/microwave2/runners/aux_logfile.txt -device virtio-serial-pci,id=virtio-serial0 -device virtserialport,chardev=log0,name=host-port,bus=virtio-serial0.0", "\u001bc\u001b[?7l\u001b[2J\u001b[0mSeaBIOS (version 1.16.3-debian-1.16.3-2)", "", "", "iPXE (https://ipxe.org) 00:03.0 C000 PCI2.10 PnP PMM+BEFCACB0+BEF0ACB0 C000", "Press Ctrl-B to configure iPXE (PCI 00:03.0)...", "", "", "", "Booting from ROM..\u001bc\u001b[?7l\u001b[2JNo EFI environment detected.", "early console in extract_kernel", "input_data: 0x0000000002d582b9", "input_len: 0x0000000000c5e089", "output: 0x0000000001000000", "output_len: 0x000000000296c70c", "kernel_total_size: 0x0000000002630000", "needed_size: 0x0000000002a00000", "trampoline_32bit: 0x0000000000000000", "Physical KASLR using RDRAND RDTSC...", "Virtual KASLR using RDRAND RDTSC...", "", "Decompressing Linux... Parsing ELF... Performing relocations... done.", "Booting the kernel (entry_offset: 0x0000000000000000).", "[    0.000000] Linux version 6.8.0 (denzelgfarmer@microwave-lmbench) (gcc (Ubuntu 14.2.0-19ubuntu2) 14.2.0, GNU ld (GNU Binutils for Ubuntu) 2.44) #1 SMP PREEMPT_DYNAMIC Tue May 13 06:43:21 UTC 2025", "[    0.000000] Command line: console=ttyS0,115200 earlyprintk=serial,ttyS0,115200 ignore_loglevel root=/dev/vda1 nospectre_v1 spectre_v2=ibrs,eibrs,retpoline,generic spectre_v2_user=off retbleed=off pti=off spec_rstack_overflow=off", "[    0.000000] BIOS-provided physical RAM map:", "[    0.000000] BIOS-e820: [mem 0x0000000000000000-0x000000000009fbff] usable", "[    0.000000] BIOS-e820: [mem 0x000000000009fc00-0x000000000009ffff] reserved", "[    0.000000] BIOS-e820: [mem 0x00000000000f0000-0x00000000000fffff] reserved", "[    0.000000] BIOS-e820: [mem 0x0000000000100000-0x00000000bffdcfff] usable", "[    0.000000] BIOS-e820: [mem 0x00000000bffdd000-0x00000000bfffffff] reserved", "[    0.000000] BIOS-e820: [mem 0x00000000feffc000-0x00000000feffffff] reserved", "[    0.000000] BIOS-e820: [mem 0x00000000fffc0000-0x00000000ffffffff] reserved", "[    0.000000] BIOS-e820: [mem 0x0000000100000000-0x000000023fffffff] usable", "[    0.000000] printk: legacy bootconsole [earlyser0] enabled", "[    0.000000] printk: debug: ignoring loglevel setting.", "[    0.000000] NX (Execute Disable) protection: active", "[    0.000000] APIC: Static calls initialized", "[    0.000000] SMBIOS 2.8 present.", "[    0.000000] DMI: QEMU Ubuntu 25.04 PC (i440FX + PIIX, 1996), BIOS 1.16.3-debian-1.16.3-2 04/01/2014", "[    0.000000] Hypervisor detected: KVM", "[    0.000000] kvm-clock: Using msrs 4b564d01 and 4b564d00", "[    0.000002] kvm-clock: using sched offset of 2395760490 cycles", "[    0.003499] clocksource: kvm-clock: mask: 0xffffffffffffffff max_cycles: 0x1cd42e4dffb, max_idle_ns: 881590591483 ns", "[    0.014460] tsc: Detected 2800.246 MHz processor", "[    0.018320] e820: update [mem 0x00000000-0x00000fff] usable ==> reserved", "[    0.022838] e820: remove [mem 0x000a0000-0x000fffff] usable", "[    0.026603] last_pfn = 0x240000 max_arch_pfn = 0x400000000", "[    0.030615] MTRR map: 4 entries (3 fixed + 1 variable; max 19), built from 8 variable MTRRs", "[    0.036214] x86/PAT: Configuration [0-7]: WB  WC  UC- UC  WB  WP  UC- WT", "Memory KASLR using RDRAND RDTSC...", "[    0.043338] last_pfn = 0xbffdd max_arch_pfn = 0x400000000", "[    0.052903] found SMP MP-table at [mem 0x000f5470-0x000f547f]", "[    0.056782] Using GB pages for direct mapping", "[    0.059838] ACPI: Early table checksum verification disabled", "[    0.063668] ACPI: RSDP 0x00000000000F5270 000014 (v00 BOCHS )", "[    0.067535] ACPI: RSDT 0x00000000BFFE2565 000034 (v01 BOCHS  BXPC     00000001 BXPC 00000001)", "[    0.073223] ACPI: FACP 0x00000000BFFE23E1 000074 (v01 BOCHS  BXPC     00000001 BXPC 00000001)", "[    0.078970] ACPI: DSDT 0x00000000BFFE0040 0023A1 (v01 BOCHS  BXPC     00000001 BXPC 00000001)", "[    0.084667] ACPI: FACS 0x00000000BFFE0000 000040", "[    0.087747] ACPI: APIC 0x00000000BFFE2455 0000B0 (v03 BOCHS  BXPC     00000001 BXPC 00000001)", "[    0.093452] ACPI: HPET 0x00000000BFFE2505 000038 (v01 BOCHS  BXPC     00000001 BXPC 00000001)", "[    0.099180] ACPI: WAET 0x00000000BFFE253D 000028 (v01 BOCHS  BXPC     00000001 BXPC 00000001)", "[    0.104943] ACPI: Reserving FACP table memory at [mem 0xbffe23e1-0xbffe2454]", "[    0.109723] ACPI: Reserving DSDT table memory at [mem 0xbffe0040-0xbffe23e0]", "[    0.114399] ACPI: Reserving FACS table memory at [mem 0xbffe0000-0xbffe003f]", "[    0.119149] ACPI: Reserving APIC table memory at [mem 0xbffe2455-0xbffe2504]", "[    0.123859] ACPI: Reserving HPET table memory at [mem 0xbffe2505-0xbffe253c]", "[    0.128564] ACPI: Reserving WAET table memory at [mem 0xbffe253d-0xbffe2564]", "[    0.134993] No NUMA configuration found", "[    0.137558] Faking a node at [mem 0x0000000000000000-0x000000023fffffff]", "[    0.142033] NODE_DATA(0) allocated [mem 0x23fffc000-0x23fffffff]", "[    0.146292] Zone ranges:", "[    0.147993]   DMA      [mem 0x0000000000001000-0x0000000000ffffff]", "[    0.152115]   DMA32    [mem 0x0000000001000000-0x00000000ffffffff]", "[    0.156214]   Normal   [mem 0x0000000100000000-0x000000023fffffff]", "[    0.160374] Movable zone start for each node", "[    0.163209] Early memory node ranges", "[    0.165566]   node   0: [mem 0x0000000000001000-0x000000000009efff]", "[    0.169767]   node   0: [mem 0x0000000000100000-0x00000000bffdcfff]", "[    0.173939]   node   0: [mem 0x0000000100000000-0x000000023fffffff]", "[    0.178130] Initmem setup node 0 [mem 0x0000000000001000-0x000000023fffffff]", "[    0.182889] On node 0, zone DMA: 1 pages in unavailable ranges", "[    0.186822] On node 0, zone DMA: 97 pages in unavailable ranges", "[    0.438218] On node 0, zone Normal: 35 pages in unavailable ranges", "[    0.445048] ACPI: PM-Timer IO Port: 0x608", "[    0.447776] ACPI: LAPIC_NMI (acpi_id[0xff] dfl dfl lint[0x1])", "[    0.451766] IOAPIC[0]: apic_id 0, version 17, address 0xfec00000, GSI 0-23", "[    0.456432] ACPI: INT_SRC_OVR (bus 0 bus_irq 0 global_irq 2 dfl dfl)", "[    0.460710] ACPI: INT_SRC_OVR (bus 0 bus_irq 5 global_irq 5 high level)", "[    0.465175] ACPI: INT_SRC_OVR (bus 0 bus_irq 9 global_irq 9 high level)", "[    0.469598] ACPI: INT_SRC_OVR (bus 0 bus_irq 10 global_irq 10 high level)", "[    0.474133] ACPI: INT_SRC_OVR (bus 0 bus_irq 11 global_irq 11 high level)", "[    0.478659] ACPI: Using ACPI (MADT) for SMP configuration information", "[    0.482978] ACPI: HPET id: 0x8086a201 base: 0xfed00000", "[    0.486457] TSC deadline timer available", "[    0.489102] smpboot: Allowing 8 CPUs, 0 hotplug CPUs", "[    0.492475] kvm-guest: APIC: eoi() replaced with kvm_guest_apic_eoi_write()", "[    0.497147] kvm-guest: KVM setup pv remote TLB flush", "[    0.500479] kvm-guest: setup PV sched yield", "[    0.503295] PM: hibernation: Registered nosave memory: [mem 0x00000000-0x00000fff]", "[    0.508364] PM: hibernation: Registered nosave memory: [mem 0x0009f000-0x0009ffff]", "[    0.513487] PM: hibernation: Registered nosave memory: [mem 0x000a0000-0x000effff]", "[    0.518624] PM: hibernation: Registered nosave memory: [mem 0x000f0000-0x000fffff]", "[    0.523738] PM: hibernation: Registered nosave memory: [mem 0xbffdd000-0xbfffffff]", "[    0.528831] PM: hibernation: Registered nosave memory: [mem 0xc0000000-0xfeffbfff]", "[    0.533883] PM: hibernation: Registered nosave memory: [mem 0xfeffc000-0xfeffffff]", "[    0.538973] PM: hibernation: Registered nosave memory: [mem 0xff000000-0xfffbffff]", "[    0.544136] PM: hibernation: Registered nosave memory: [mem 0xfffc0000-0xffffffff]", "[    0.549217] [mem 0xc0000000-0xfeffbfff] available for PCI devices", "[    0.553331] Booting paravirtualized kernel on KVM", "[    0.556508] clocksource: refined-jiffies: mask: 0xffffffff max_cycles: 0xffffffff, max_idle_ns: 1910969940391419 ns", "[    0.569758] setup_percpu: NR_CPUS:64 nr_cpumask_bits:8 nr_cpu_ids:8 nr_node_ids:1", "[    0.575304] percpu: Embedded 55 pages/cpu s184552 r8192 d32536 u262144", "[    0.579706] pcpu-alloc: s184552 r8192 d32536 u262144 alloc=1*2097152", "[    0.583956] pcpu-alloc: [0] 0 1 2 3 4 5 6 7", "[    0.586935] Kernel command line: console=ttyS0,115200 earlyprintk=serial,ttyS0,115200 ignore_loglevel root=/dev/vda1 nospectre_v1 spectre_v2=ibrs,eibrs,retpoline,generic spectre_v2_user=off retbleed=off pti=off spec_rstack_overflow=off", "[    0.601021] Unknown kernel command line parameters \"spectre_v2=ibrs,eibrs,retpoline,generic spectre_v2_user=off pti=off\", will be passed to user space.", "[    0.610177] random: crng init done", "[    0.629578] Dentry cache hash table entries: 1048576 (order: 11, 8388608 bytes, linear)", "[    0.643461] Inode-cache hash table entries: 524288 (order: 10, 4194304 bytes, linear)", "[    0.649342] Fallback order for Node 0: 0", "[    0.649349] Built 1 zonelists, mobility grouping on.  Total pages: 2064093", "[    0.655549] Policy zone: Normal", "[    0.657326] mem auto-init: stack:all(zero), heap alloc:off, heap free:off", "[    0.661226] software IO TLB: area num 8.", "[    0.941053] Memory: 8136648K/8388076K available (18432K kernel code, 2735K rwdata, 6616K rodata, 2668K init, 1348K bss, 251168K reserved, 0K cma-reserved)", "[    0.949090] SLUB: HWalign=64, Order=0-3, MinObjects=0, CPUs=8, Nodes=1", "Poking KASLR using RDRAND RDTSC...", "[    0.956050] Dynamic Preempt: voluntary", "[    0.958293] rcu: Preemptible hierarchical RCU implementation.", "[    0.961574] rcu: \tRCU event tracing is enabled.", "[    0.964113] rcu: \tRCU restricting CPUs from NR_CPUS=64 to nr_cpu_ids=8.", "[    0.967838] \tTrampoline variant of Tasks RCU enabled.", "[    0.970692] rcu: RCU calculated value of scheduler-enlistment delay is 100 jiffies.", "[    0.974999] rcu: Adjusting geometry for rcu_fanout_leaf=16, nr_cpu_ids=8", "[    0.980390] NR_IRQS: 4352, nr_irqs: 488, preallocated irqs: 16", "[    0.984036] rcu: srcu_init: Setting srcu_struct sizes based on contention.", "[    0.988421] Console: colour *CGA 80x25", "[    0.990705] printk: legacy console [ttyS0] enabled", "[    0.990705] printk: legacy console [ttyS0] enabled", "[    0.996233] printk: legacy bootconsole [earlyser0] disabled", "[    0.996233] printk: legacy bootconsole [earlyser0] disabled", "[    1.002680] ACPI: Core revision 20230628", "[    1.005522] clocksource: hpet: mask: 0xffffffff max_cycles: 0xffffffff, max_idle_ns: 19112604467 ns", "[    1.011175] APIC: Switch to symmetric I/O mode setup", "[    1.014250] kvm-guest: APIC: send_IPI_mask() replaced with kvm_send_ipi_mask()", "[    1.018469] kvm-guest: APIC: send_IPI_mask_allbutself() replaced with kvm_send_ipi_mask_allbutself()", "[    1.023755] kvm-guest: setup PV IPIs", "[    1.032556] ..TIMER: vector=0x30 apic1=0 pin1=2 apic2=-1 pin2=-1", "[    1.036280] clocksource: tsc-early: mask: 0xffffffffffffffff max_cycles: 0x285d298e329, max_idle_ns: 440795345114 ns", "[    1.042541] Calibrating delay loop (skipped) preset value.. 5600.49 BogoMIPS (lpj=2800246)", "[    1.045575] x86/cpu: User Mode Instruction Prevention (UMIP) activated", "[    1.047891] Last level iTLB entries: 4KB 0, 2MB 0, 4MB 0", "[    1.048538] Last level dTLB entries: 4KB 0, 2MB 0, 4MB 0, 1GB 0", "[    1.049567] Spectre V1 : Vulnerable: __user pointer sanitization and usercopy barriers only; no swapgs barriers", "[    1.050539] Spectre V2 : unknown option (ibrs,eibrs,retpolin). Switching to AUTO select", "[    1.051550] Spectre V2 : Mitigation: Enhanced / Automatic IBRS", "[    1.052537] Spectre V2 : Spectre v2 / SpectreRSB mitigation: Filling RSB on context switch", "[    1.053537] Spectre V2 : Spectre v2 / PBRSB-eIBRS: Retire a single CALL on VMEXIT", "[    1.054539] Spectre V2 : spectre_v2_user=off forced on command line.", "[    1.055538] Spectre V2 : User space: Vulnerable", "[    1.056538] Speculative Store Bypass: Mitigation: Speculative Store Bypass disabled via prctl", "[    1.057569] TAA: Vulnerable: Clear CPU buffers attempted, no microcode", "[    1.058537] MMIO Stale Data: Vulnerable: Clear CPU buffers attempted, no microcode", "[    1.059693] x86/fpu: Supporting XSAVE feature 0x001: 'x87 floating point registers'", "[    1.060538] x86/fpu: Supporting XSAVE feature 0x002: 'SSE registers'", "[    1.061537] x86/fpu: Supporting XSAVE feature 0x004: 'AVX registers'", "[    1.062537] x86/fpu: Supporting XSAVE feature 0x020: 'AVX-512 opmask'", "[    1.063537] x86/fpu: Supporting XSAVE feature 0x040: 'AVX-512 Hi256'", "[    1.064537] x86/fpu: Supporting XSAVE feature 0x080: 'AVX-512 ZMM_Hi256'", "[    1.065537] x86/fpu: xstate_offset[2]:  576, xstate_sizes[2]:  256", "[    1.066537] x86/fpu: xstate_offset[5]:  832, xstate_sizes[5]:   64", "[    1.068537] x86/fpu: xstate_offset[6]:  896, xstate_sizes[6]:  512", "[    1.069537] x86/fpu: xstate_offset[7]: 1408, xstate_sizes[7]: 1024", "[    1.070537] x86/fpu: Enabled xstate features 0xe7, context size is 2432 bytes, using 'compacted' format.", "[    1.098416] Freeing SMP alternatives memory: 48K", "[    1.098539] pid_max: default: 32768 minimum: 301", "[    1.100555] LSM: initializing lsm=capability,selinux,integrity", "[    1.101540] SELinux:  Initializing.", "[    1.102592] Mount-cache hash table entries: 16384 (order: 5, 131072 bytes, linear)", "[    1.103559] Mountpoint-cache hash table entries: 16384 (order: 5, 131072 bytes, linear)", "[    1.105004] smpboot: CPU0: Intel(R) Xeon(R) CPU @ 2.80GHz (family: 0x6, model: 0x55, stepping: 0x7)", "[    1.105679] RCU Tasks: Setting shift to 3 and lim to 1 rcu_task_cb_adjust=1.", "[    1.106567] Performance Events: unsupported p6 CPU model 85 no PMU driver, software events only.", "[    1.107690] signal: max sigframe size: 3632", "[    1.108595] rcu: Hierarchical SRCU implementation.", "[    1.109546] rcu: \tMax phase no-delay instances is 400.", "[    1.110746] smp: Bringing up secondary CPUs ...", "[    1.111761] smpboot: x86: Booting SMP configuration:", "[    1.112547] .... node  #0, CPUs:      #1 #2 #3 #4 #5 #6 #7", "[    1.140984] smp: Brought up 1 node, 8 CPUs", "[    1.142547] smpboot: Max logical packages: 1", "[    1.143550] smpboot: Total of 8 processors activated (44803.93 BogoMIPS)", "[    1.152864] devtmpfs: initialized", "[    1.153896] clocksource: jiffies: mask: 0xffffffff max_cycles: 0xffffffff, max_idle_ns: 1911260446275000 ns", "[    1.154553] futex hash table entries: 2048 (order: 5, 131072 bytes, linear)", "[    1.155960] PM: RTC time: 12:33:44, date: 2025-05-17", "[    1.157228] NET: Registered PF_NETLINK/PF_ROUTE protocol family", "[    1.157636] audit: initializing netlink subsys (disabled)", "[    1.158605] audit: type=2000 audit(1747485225.267:1): state=initialized audit_enabled=0 res=1", "[    1.158630] thermal_sys: Registered thermal governor 'step_wise'", "[    1.159548] thermal_sys: Registered thermal governor 'user_space'", "[    1.160565] cpuidle: using governor menu", "[    1.163420] PCI: Using configuration type 1 for base access", "[    1.163658] kprobes: kprobe jump-optimization is enabled. All kprobes are optimized if possible.", "[    1.165736] HugeTLB: registered 2.00 MiB page size, pre-allocated 0 pages", "[    1.166546] HugeTLB: 28 KiB vmemmap can be freed for a 2.00 MiB page", "[    1.167630] ACPI: Added _OSI(Module Device)", "[    1.168548] ACPI: Added _OSI(Processor Device)", "[    1.169545] ACPI: Added _OSI(3.0 _SCP Extensions)", "[    1.170545] ACPI: Added _OSI(Processor Aggregator Device)", "[    1.172014] ACPI: 1 ACPI AML tables successfully acquired and loaded", "[    1.178586] ACPI: _OSC evaluation for CPUs failed, trying _PDC", "[    1.179628] ACPI: Interpreter enabled", "[    1.180560] ACPI: PM: (supports S0 S3 S4 S5)", "[    1.181548] ACPI: Using IOAPIC for interrupt routing", "[    1.182568] PCI: Using host bridge windows from ACPI; if necessary, use \"pci=nocrs\" and report a bug", "[    1.183545] PCI: Using E820 reservations for host bridge windows", "[    1.184686] ACPI: Enabled 2 GPEs in block 00 to 0F", "[    1.188257] ACPI: PCI Root Bridge [PCI0] (domain 0000 [bus 00-ff])", "[    1.188555] acpi PNP0A03:00: _OSC: OS supports [ASPM ClockPM Segments MSI HPX-Type3]", "[    1.189548] acpi PNP0A03:00: _OSC: not requesting OS control; OS requires [ExtendedConfig ASPM ClockPM MSI]", "[    1.190565] acpi PNP0A03:00: fail to add MMCONFIG information, can't access extended configuration space under this bridge", "[    1.191657] PCI host bridge to bus 0000:00", "[    1.192548] pci_bus 0000:00: root bus resource [io  0x0000-0x0cf7 window]", "[    1.193546] pci_bus 0000:00: root bus resource [io  0x0d00-0xffff window]", "[    1.194546] pci_bus 0000:00: root bus resource [mem 0x000a0000-0x000bffff window]", "[    1.195547] pci_bus 0000:00: root bus resource [mem 0xc0000000-0xfebfffff window]", "[    1.196550] pci_bus 0000:00: root bus resource [mem 0x380000000000-0x38007fffffff window]", "[    1.197547] pci_bus 0000:00: root bus resource [bus 00-ff]", "[    1.198748] pci 0000:00:00.0: [8086:1237] type 00 class 0x060000 conventional PCI endpoint", "[    1.201511] pci 0000:00:01.0: [8086:7000] type 00 class 0x060100 conventional PCI endpoint", "[    1.204308] pci 0000:00:01.1: [8086:7010] type 00 class 0x010180 conventional PCI endpoint", "[    1.208032] pci 0000:00:01.1: BAR 4 [io  0xc0e0-0xc0ef]", "[    1.210257] pci 0000:00:01.1: BAR 0 [io  0x01f0-0x01f7]: legacy IDE quirk", "[    1.210549] pci 0000:00:01.1: BAR 1 [io  0x03f6]: legacy IDE quirk", "[    1.211547] pci 0000:00:01.1: BAR 2 [io  0x0170-0x0177]: legacy IDE quirk", "[    1.212548] pci 0000:00:01.1: BAR 3 [io  0x0376]: legacy IDE quirk", "[    1.214214] pci 0000:00:01.3: [8086:7113] type 00 class 0x068000 conventional PCI endpoint", "[    1.216839] pci 0000:00:01.3: quirk: [io  0x0600-0x063f] claimed by PIIX4 ACPI", "[    1.217587] pci 0000:00:01.3: quirk: [io  0x0700-0x070f] claimed by PIIX4 SMB", "[    1.219999] pci 0000:00:02.0: [1af4:1001] type 00 class 0x010000 conventional PCI endpoint", "[    1.222547] pci 0000:00:02.0: BAR 0 [io  0xc000-0xc07f]", "[    1.225507] pci 0000:00:02.0: BAR 1 [mem 0xfeb80000-0xfeb80fff]", "[    1.231549] pci 0000:00:02.0: BAR 4 [mem 0x380000000000-0x380000003fff 64bit pref]", "[    1.238733] pci 0000:00:03.0: [1af4:1000] type 00 class 0x020000 conventional PCI endpoint", "[    1.241033] pci 0000:00:03.0: BAR 0 [io  0xc0c0-0xc0df]", "[    1.242547] pci 0000:00:03.0: BAR 1 [mem 0xfeb81000-0xfeb81fff]", "[    1.247277] pci 0000:00:03.0: BAR 4 [mem 0x380000004000-0x380000007fff 64bit pref]", "[    1.248548] pci 0000:00:03.0: ROM [mem 0xfeb00000-0xfeb7ffff pref]", "[    1.253584] pci 0000:00:04.0: [1af4:1003] type 00 class 0x078000 conventional PCI endpoint", "[    1.255547] pci 0000:00:04.0: BAR 0 [io  0xc080-0xc0bf]", "[    1.257547] pci 0000:00:04.0: BAR 1 [mem 0xfeb82000-0xfeb82fff]", "[    1.261548] pci 0000:00:04.0: BAR 4 [mem 0x380000008000-0x38000000bfff 64bit pref]", "[    1.267767] ACPI: PCI: Interrupt link LNKA configured for IRQ 10", "[    1.268792] ACPI: PCI: Interrupt link LNKB configured for IRQ 10", "[    1.269761] ACPI: PCI: Interrupt link LNKC configured for IRQ 11", "[    1.270771] ACPI: PCI: Interrupt link LNKD configured for IRQ 11", "[    1.271668] ACPI: PCI: Interrupt link LNKS configured for IRQ 9", "[    1.273263] iommu: Default domain type: Translated", "[    1.273547] iommu: DMA domain TLB invalidation policy: lazy mode", "[    1.274626] SCSI subsystem initialized", "[    1.275575] libata version 3.00 loaded.", "[    1.276587] ACPI: bus type USB registered", "[    1.277562] usbcore: registered new interface driver usbfs", "[    1.278554] usbcore: registered new interface driver hub", "[    1.279558] usbcore: registered new device driver usb", "[    1.280562] pps_core: LinuxPPS API ver. 1 registered", "[    1.281545] pps_core: Software ver. 5.3.6 - Copyright 2005-2007 Rodolfo Giometti <giometti@linux.it>", "[    1.282552] PTP clock support registered", "[    1.283619] Advanced Linux Sound Architecture Driver Initialized.", "[    1.285161] NetLabel: Initializing", "[    1.285547] NetLabel:  domain hash size = 128", "[    1.286546] NetLabel:  protocols = UNLABELED CIPSOv4 CALIPSO", "[    1.287641] NetLabel:  unlabeled traffic allowed by default", "[    1.288599] PCI: Using ACPI for IRQ routing", "[    1.289548] PCI: pci_cache_line_size set to 64 bytes", "[    1.291094] e820: reserve RAM buffer [mem 0x0009fc00-0x0009ffff]", "[    1.291546] e820: reserve RAM buffer [mem 0xbffdd000-0xbfffffff]", "[    1.292589] vgaarb: loaded", "[    1.293636] hpet0: at MMIO 0xfed00000, IRQs 2, 8, 0", "[    1.294546] hpet0: 3 comparators, 64-bit 100.000000 MHz counter", "[    1.313707] clocksource: Switched to clocksource kvm-clock", "[    1.316930] VFS: Disk quotas dquot_6.6.0", "[    1.319184] VFS: Dquot-cache hash table entries: 512 (order 0, 4096 bytes)", "[    1.322992] pnp: PnP ACPI init", "[    1.324819] pnp 00:02: [dma 2]", "[    1.326904] pnp: PnP ACPI: found 5 devices", "[    1.344692] clocksource: acpi_pm: mask: 0xffffff max_cycles: 0xffffff, max_idle_ns: 2085701024 ns", "[    1.349733] NET: Registered PF_INET protocol family", "[    1.352656] IP idents hash table entries: 131072 (order: 8, 1048576 bytes, linear)", "[    1.358108] tcp_listen_portaddr_hash hash table entries: 4096 (order: 4, 65536 bytes, linear)", "[    1.362777] Table-perturb hash table entries: 65536 (order: 6, 262144 bytes, linear)", "[    1.366944] TCP established hash table entries: 65536 (order: 7, 524288 bytes, linear)", "[    1.371271] TCP bind hash table entries: 65536 (order: 9, 2097152 bytes, linear)", "[    1.375630] TCP: Hash tables configured (established 65536 bind 65536)", "[    1.379237] UDP hash table entries: 4096 (order: 5, 131072 bytes, linear)", "[    1.382966] UDP-Lite hash table entries: 4096 (order: 5, 131072 bytes, linear)", "[    1.386984] NET: Registered PF_UNIX/PF_LOCAL protocol family", "[    1.390956] RPC: Registered named UNIX socket transport module.", "[    1.394225] RPC: Registered udp transport module.", "[    1.396777] RPC: Registered tcp transport module.", "[    1.399317] RPC: Registered tcp-with-tls transport module.", "[    1.402274] RPC: Registered tcp NFSv4.1 backchannel transport module.", "[    1.406539] pci_bus 0000:00: resource 4 [io  0x0000-0x0cf7 window]", "[    1.409864] pci_bus 0000:00: resource 5 [io  0x0d00-0xffff window]", "[    1.413354] pci_bus 0000:00: resource 6 [mem 0x000a0000-0x000bffff window]", "[    1.417144] pci_bus 0000:00: resource 7 [mem 0xc0000000-0xfebfffff window]", "[    1.420892] pci_bus 0000:00: resource 8 [mem 0x380000000000-0x38007fffffff window]", "[    1.425108] pci 0000:00:01.0: PIIX3: Enabling Passive Release", "[    1.428274] pci 0000:00:00.0: Limiting direct PCI/PCI transfers", "[    1.431890] PCI: CLS 0 bytes, default 64", "[    1.434090] PCI-DMA: Using software bounce buffering for IO (SWIOTLB)", "[    1.437593] software IO TLB: mapped [mem 0x00000000bbfdd000-0x00000000bffdd000] (64MB)", "[    1.443185] RAPL PMU: API unit is 2^-32 Joules, 0 fixed counters, 10737418240 ms ovfl timer", "[    1.447796] clocksource: tsc: mask: 0xffffffffffffffff max_cycles: 0x285d298e329, max_idle_ns: 440795345114 ns", "[    1.458373] Initialise system trusted keyrings", "[    1.461037] workingset: timestamp_bits=56 max_order=21 bucket_order=0", "[    1.465041] NFS: Registering the id_resolver key type", "[    1.467800] Key type id_resolver registered", "[    1.470114] Key type id_legacy registered", "[    1.472525] 9p: Installing v9fs 9p2000 file system support", "[    1.487893] Key type asymmetric registered", "[    1.490160] Asymmetric key parser 'x509' registered", "[    1.492870] Block layer SCSI generic (bsg) driver version 0.4 loaded (major 251)", "[    1.496848] io scheduler mq-deadline registered", "[    1.499357] io scheduler kyber registered", "[    1.502978] input: Power Button as /devices/LNXSYSTM:00/LNXPWRBN:00/input/input0", "[    1.507074] ACPI: button: Power Button [PWRF]", "[    1.510700] ACPI: \\_SB_.LNKB: Enabled at IRQ 10", "[    1.517833] ACPI: \\_SB_.LNKC: Enabled at IRQ 11", "[    1.524852] ACPI: \\_SB_.LNKD: Enabled at IRQ 11", "[    1.531630] Serial: 8250/16550 driver, 4 ports, IRQ sharing enabled", "[    1.535641] 00:03: ttyS0 at I/O 0x3f8 (irq = 4, base_baud = 115200) is a 16550A", "[    1.576071] Non-volatile memory driver v1.3", "[    1.578487] Linux agpgart interface v0.103", "[    1.580965] ACPI: bus type drm_connector registered", "[    1.588241] loop: module loaded", "[    1.590486] virtio_blk virtio0: 8/0/0 default/read/poll queues", "[    1.601667] virtio_blk virtio0: [vda] 52428800 512-byte logical blocks (26.8 GB/25.0 GiB)", "[    1.609310]  vda: vda1 vda14 vda15 vda16", "[    1.612611] ata_piix 0000:00:01.1: version 2.13", "[    1.617152] scsi host0: ata_piix", "[    1.619817] scsi host1: ata_piix", "[    1.621690] ata1: PATA max MWDMA2 cmd 0x1f0 ctl 0x3f6 bmdma 0xc0e0 irq 14 lpm-pol 0", "[    1.625884] ata2: PATA max MWDMA2 cmd 0x170 ctl 0x376 bmdma 0xc0e8 irq 15 lpm-pol 0", "[    1.634776] e100: Intel(R) PRO/100 Network Driver", "[    1.637349] e100: Copyright(c) 1999-2006 Intel Corporation", "[    1.640394] e1000: Intel(R) PRO/1000 Network Driver", "[    1.643137] e1000: Copyright (c) 1999-2006 Intel Corporation.", "[    1.646431] e1000e: Intel(R) PRO/1000 Network Driver", "[    1.649197] e1000e: Copyright(c) 1999 - 2015 Intel Corporation.", "[    1.652502] sky2: driver version 1.30", "[    1.654927] usbcore: registered new interface driver usblp", "[    1.657978] usbcore: registered new interface driver usb-storage", "[    1.661311] i8042: PNP: PS/2 Controller [PNP0303:KBD,PNP0f13:MOU] at 0x60,0x64 irq 1,12", "[    1.668278] serio: i8042 KBD port at 0x60,0x64 irq 1", "[    1.671018] serio: i8042 AUX port at 0x60,0x64 irq 12", "[    1.674237] rtc_cmos 00:04: RTC can wake from S4", "[    1.679539] input: AT Translated Set 2 keyboard as /devices/platform/i8042/serio0/input/input1", "[    1.684474] rtc_cmos 00:04: registered as rtc0", "[    1.687305] rtc_cmos 00:04: alarms up to one day, y3k, 242 bytes nvram, hpet irqs", "[    1.692103] device-mapper: ioctl: 4.48.0-ioctl (2023-03-01) initialised: dm-devel@redhat.com", "[    1.696707] intel_pstate: CPU model not supported", "[    1.699342] hid: raw HID events driver (C) Jiri Kosina", "[    1.702314] usbcore: registered new interface driver usbhid", "[    1.705490] usbhid: USB HID core driver", "[    1.709844] Initializing XFRM netlink socket", "[    1.712397] NET: Registered PF_INET6 protocol family", "[    1.716219] Segment Routing with IPv6", "[    1.718339] In-situ OAM (IOAM) with IPv6", "[    1.720702] sit: IPv6, IPv4 and MPLS over IPv4 tunneling driver", "[    1.724113] NET: Registered PF_PACKET protocol family", "[    1.726997] 9pnet: Installing 9P2000 support", "[    1.729431] Key type dns_resolver registered", "[    1.735035] IPI shorthand broadcast: enabled", "[    1.739484] sched_clock: Marking stable (1691016551, 47550745)->(2117376639, -378809343)", "[    1.744499] registered taskstats version 1", "[    1.746770] Loading compiled-in X.509 certificates", "[    1.751006] PM:   Magic number: 9:572:582", "[    1.753292] printk: legacy console [netcon0] enabled", "[    1.756005] netconsole: network logging started", "[    1.758623] cfg80211: Loading compiled-in X.509 certificates for regulatory database", "[    1.763168] kworker/u16:2 (85) used greatest stack depth: 14464 bytes left", "[    1.764279] Loaded X.509 cert 'sforshee: 00b28ddf47aef9cea7'", "[    1.769626] Loaded X.509 cert 'wens: 61c038651aabdcf94bd0ac7ff06c7248db18c600'", "[    1.773230] platform regulatory.0: Direct firmware load for regulatory.db failed with error -2", "[    1.777384] cfg80211: failed to load regulatory.db", "[    1.777649] ALSA device list:", "[    1.781604]   No soundcards found.", "[    2.360600] input: ImExPS/2 Generic Explorer Mouse as /devices/platform/i8042/serio1/input/input3", "[    2.364490] md: Waiting for all devices to be available before autodetect", "[    2.366884] md: If you don't use raid, use raid=noautodetect", "[    2.368850] md: Autodetecting RAID arrays.", "[    2.370283] md: autorun ...", "[    2.371292] md: ... autorun DONE.", "[    2.375455] EXT4-fs (vda1): mounted filesystem c8107c30-aa3b-40eb-bd2a-416a91df85e7 ro with ordered data mode. Quota mode: none.", "[    2.379384] VFS: Mounted root (ext4 filesystem) readonly on device 253:1.", "[    2.381977] devtmpfs: mounted", "[    2.384234] Freeing unused kernel image (initmem) memory: 2668K", "[    2.386305] Write protecting the kernel read-only data: 26624k", "[    2.389530] Freeing unused kernel image (rodata/data gap) memory: 1576K", "[    2.402772] x86/mm: Checked W+X mappings: passed, no W+X pages found.", "[    2.405000] Run /sbin/init as init process", "[    2.406476]   with arguments:", "[    2.407599]     /sbin/init", "[    2.408705]   with environment:", "[    2.409889]     HOME=/", "[    2.410796]     TERM=linux", "[    2.411853]     spectre_v2=ibrs,eibrs,retpoline,generic", "[    2.413681]     spectre_v2_user=off", "[    2.414939]     pti=off", "SELinux:  Could not open policy file <= /etc/selinux/targeted/policy/policy.33:  No such file or directory", "[    2.618836] systemd[1]: systemd 255.4-1ubuntu8.6 running in system mode (+PAM +AUDIT +SELINUX +APPARMOR +IMA +SMACK +SECCOMP +GCRYPT -GNUTLS +OPENSSL +ACL +BLKID +CURL +ELFUTILS +FIDO2 +IDN2 -IDN +IPTC +KMOD +LIBCRYPTSETUP +LIBFDISK +PCRE2 -PWQUALITY +P11KIT +QRENCODE +TPM2 +BZIP2 +LZ4 +XZ +ZLIB +ZSTD -BPF_FRAMEWORK -XKBCOMMON +UTMP +SYSVINIT default-hierarchy=unified)", "[    2.629486] systemd[1]: Detected virtualization kvm.", "[    2.631414] systemd[1]: Detected architecture x86-64.", "", "Welcome to \u001b[1mUbuntu 24.04.2 LTS\u001b[0m!", "", "", "[    2.639628] systemd[1]: Hostname set to <ubuntu-testing>.", "[    2.666239] snapd-env-gener (92) used greatest stack depth: 13216 bytes left", "[    2.694963] systemd-veritys (109) used greatest stack depth: 13168 bytes left", "[    2.775210] cloud-init-gene (95) used greatest stack depth: 12960 bytes left", "[    2.938630] systemd[1]: Queued start job for default target graphical.target.", "[    2.953523] systemd[1]: Created slice system-modprobe.slice - Slice /system/modprobe.", "[\u001b[0;32m  OK  \u001b[0m] Created slice \u001b[0;1;39msystem-modprobe.slice\u001b[0m - Slice /system/modprobe.", "", "[    2.960210] systemd[1]: Created slice system-serial\\x2dgetty.slice - Slice /system/serial-getty.", "[\u001b[0;32m  OK  \u001b[0m] Created slice \u001b[0;1;39msystem-serial\\x2dget\u2026slice\u001b[0m - Slice /system/serial-getty.", "", "[    2.967319] systemd[1]: Created slice system-systemd\\x2dfsck.slice - Slice /system/systemd-fsck.", "[\u001b[0;32m  OK  \u001b[0m] Created slice \u001b[0;1;39msystem-systemd\\x2dfs\u2026slice\u001b[0m - Slice /system/systemd-fsck.", "", "[    2.974106] systemd[1]: Created slice user.slice - User and Session Slice.", "[\u001b[0;32m  OK  \u001b[0m] Created slice \u001b[0;1;39muser.slice\u001b[0m - User and Session Slice.", "", "[    2.979532] systemd[1]: Started systemd-ask-password-console.path - Dispatch Password Requests to Console Directory Watch.", "[\u001b[0;32m  OK  \u001b[0m] Started \u001b[0;1;39msystemd-ask-password-conso\u2026\u001b[0mequests to Console Directory Watch.", "", "[    2.986980] systemd[1]: Started systemd-ask-password-wall.path - Forward Password Requests to Wall Directory Watch.", "[\u001b[0;32m  OK  \u001b[0m] Started \u001b[0;1;39msystemd-ask-password-wall.\u2026\u001b[0md Requests to Wall Directory Watch.", "", "[    2.994325] systemd[1]: Set up automount proc-sys-fs-binfmt_misc.automount - Arbitrary Executable File Formats File System Automount Point.", "[\u001b[0;32m  OK  \u001b[0m] Set up automount \u001b[0;1;39mproc-sys-fs-binfm\u2026\u001b[0mormats File System Automount Point.", "", "[    3.002093] systemd[1]: Expecting device dev-disk-by\\x2dlabel-BOOT.device - /dev/disk/by-label/BOOT...", "Expecting device \u001b[0;1;39mdev-disk-by\\x2dla\u2026device\u001b[0m - /dev/disk/by-label/BOOT...", "", "[    3.008703] systemd[1]: Expecting device dev-disk-by\\x2dlabel-UEFI.device - /dev/disk/by-label/UEFI...", "Expecting device \u001b[0;1;39mdev-disk-by\\x2dla\u2026device\u001b[0m - /dev/disk/by-label/UEFI...", "", "[    3.015262] systemd[1]: Expecting device dev-ttyS0.device - /dev/ttyS0...", "Expecting device \u001b[0;1;39mdev-ttyS0.device\u001b[0m - /dev/ttyS0...", "", "[    3.020320] systemd[1]: Reached target cryptsetup.target - Local Encrypted Volumes.", "[\u001b[0;32m  OK  \u001b[0m] Reached target \u001b[0;1;39mcryptsetup.target\u001b[0m - Local Encrypted Volumes.", "", "[    3.026300] systemd[1]: Reached target integritysetup.target - Local Integrity Protected Volumes.", "[\u001b[0;32m  OK  \u001b[0m] Reached target \u001b[0;1;39mintegritysetup.targ\u2026\u001b[0m Local Integrity Protected Volumes.", "", "[    3.033042] systemd[1]: Reached target remote-fs.target - Remote File Systems.", "[\u001b[0;32m  OK  \u001b[0m] Reached target \u001b[0;1;39mremote-fs.target\u001b[0m - Remote File Systems.", "", "[    3.038699] systemd[1]: Reached target slices.target - Slice Units.", "[\u001b[0;32m  OK  \u001b[0m] Reached target \u001b[0;1;39mslices.target\u001b[0m - Slice Units.", "", "[    3.043731] systemd[1]: Reached target snapd.mounts-pre.target - Mounting snaps.", "[\u001b[0;32m  OK  \u001b[0m] Reached target \u001b[0;1;39msnapd.mounts-pre.target\u001b[0m - Mounting snaps.", "", "[    3.049377] systemd[1]: Reached target snapd.mounts.target - Mounted snaps.", "[\u001b[0;32m  OK  \u001b[0m] Reached target \u001b[0;1;39msnapd.mounts.target\u001b[0m - Mounted snaps.", "", "[    3.054916] systemd[1]: Reached target swap.target - Swaps.", "[\u001b[0;32m  OK  \u001b[0m] Reached target \u001b[0;1;39mswap.target\u001b[0m - Swaps.", "", "[    3.059498] systemd[1]: Reached target veritysetup.target - Local Verity Protected Volumes.", "[\u001b[0;32m  OK  \u001b[0m] Reached target \u001b[0;1;39mveritysetup.target\u001b[0m - Local Verity Protected Volumes.", "", "[    3.066148] systemd[1]: Listening on systemd-fsckd.socket - fsck to fsckd communication Socket.", "[\u001b[0;32m  OK  \u001b[0m] Listening on \u001b[0;1;39msystemd-fsckd.socket\u001b[0m \u2026fsck to fsckd communication Socket.", "", "[    3.072872] systemd[1]: Listening on systemd-initctl.socket - initctl Compatibility Named Pipe.", "[\u001b[0;32m  OK  \u001b[0m] Listening on \u001b[0;1;39msystemd-initctl.socke\u2026\u001b[0m- initctl Compatibility Named Pipe.", "", "[    3.079678] systemd[1]: Listening on systemd-journald-dev-log.socket - Journal Socket (/dev/log).", "[\u001b[0;32m  OK  \u001b[0m] Listening on \u001b[0;1;39msystemd-journald-dev-\u2026socket\u001b[0m - Journal Socket (/dev/log).", "", "[    3.086600] systemd[1]: Listening on systemd-journald.socket - Journal Socket.", "[\u001b[0;32m  OK  \u001b[0m] Listening on \u001b[0;1;39msystemd-journald.socket\u001b[0m - Journal Socket.", "", "[    3.092468] systemd[1]: Listening on systemd-networkd.socket - Network Service Netlink Socket.", "[\u001b[0;32m  OK  \u001b[0m] Listening on \u001b[0;1;39msystemd-networkd.socket\u001b[0m - Network Service Netlink Socket.", "", "[    3.099195] systemd[1]: systemd-pcrextend.socket - TPM2 PCR Extension (Varlink) was skipped because of an unmet condition check (ConditionSecurity=measured-uki).", "[    3.104604] systemd[1]: Listening on systemd-udevd-control.socket - udev Control Socket.", "[\u001b[0;32m  OK  \u001b[0m] Listening on \u001b[0;1;39msystemd-udevd-control.socket\u001b[0m - udev Control Socket.", "", "[    3.110913] systemd[1]: Listening on systemd-udevd-kernel.socket - udev Kernel Socket.", "[\u001b[0;32m  OK  \u001b[0m] Listening on \u001b[0;1;39msystemd-udevd-kernel.socket\u001b[0m - udev Kernel Socket.", "", "[    3.126707] systemd[1]: Mounting dev-hugepages.mount - Huge Pages File System...", "Mounting \u001b[0;1;39mdev-hugepages.mount\u001b[0m - Huge Pages File System...", "", "[    3.133687] systemd[1]: Mounting dev-mqueue.mount - POSIX Message Queue File System...", "Mounting \u001b[0;1;39mdev-mqueue.mount\u001b[0m - POSIX Message Queue File System...", "", "[    3.140279] systemd[1]: Mounting sys-kernel-debug.mount - Kernel Debug File System...", "Mounting \u001b[0;1;39msys-kernel-debug.mount\u001b[0m - Kernel Debug File System...", "", "[    3.146859] systemd[1]: Mounting sys-kernel-tracing.mount - Kernel Trace File System...", "Mounting \u001b[0;1;39msys-kernel-tracing.mount\u001b[0m - Kernel Trace File System...", "", "[    3.153200] systemd[1]: systemd-journald.service: unit configures an IP firewall, but the local system does not support BPF/cgroup firewalling.", "[    3.157613] systemd[1]: systemd-journald.service: (This warning is only shown for the first unit using IP firewalling.)", "[    3.162161] systemd[1]: Starting systemd-journald.service - Journal Service...", "Starting \u001b[0;1;39msystemd-journald.service\u001b[0m - Journal Service...", "", "[    3.168128] systemd[1]: Starting keyboard-setup.service - Set the console keyboard layout...", "Starting \u001b[0;1;39mkeyboard-setup.service\u001b[0m - Set the console keyboard layout...", "", "[    3.174184] systemd[1]: kmod-static-nodes.service - Create List of Static Device Nodes was skipped because of an unmet condition check (ConditionFileNotEmpty=/lib/modules/6.8.0/modules.devname).", "[    3.180921] systemd[1]: Starting modprobe@configfs.service - Load Kernel Module configfs...", "Starting \u001b[0;1;39mmodprobe@configfs.service\u001b[0m - Load Kernel Module configfs...", "", "[    3.189159] systemd[1]: Starting modprobe@dm_mod.service - Load Kernel Module dm_mod...", "Starting \u001b[0;1;39mmodprobe@dm_mod.service\u001b[0m - Load Kernel Module dm_mod...", "", "[    3.199738] systemd[1]: Starting modprobe@drm.service - Load Kernel Module drm...", "Starting \u001b[0;1;39mmodprobe@drm.service\u001b[0m - Load Kernel Module drm...", "", "[    3.209371] systemd[1]: Starting modprobe@efi_pstore.service - Load Kernel Module efi_pstore...", "Starting \u001b[0;1;39mmodprobe@efi_pstore.servi\u2026\u001b[0m - Load Kernel Module efi_pstore...", "", "[    3.221125] systemd[1]: Starting modprobe@fuse.service - Load Kernel Module fuse...", "Starting \u001b[0;1;39mmodprobe@fuse.service\u001b[0m - Load Kernel Module fuse...", "", "[    3.229236] systemd-journald[133]: Collecting audit messages is disabled.", "[    3.234341] systemd[1]: Starting modprobe@loop.service - Load Kernel Module loop...", "Starting \u001b[0;1;39mmodprobe@loop.service\u001b[0m - Load Kernel Module loop...", "", "[    3.239890] systemd[1]: netplan-ovs-cleanup.service - OpenVSwitch configuration for cleanup was skipped because of an unmet condition check (ConditionFileIsExecutable=/usr/bin/ovs-vsctl).", "[    3.246683] systemd[1]: Starting systemd-fsck-root.service - File System Check on Root Device...", "Starting \u001b[0;1;39msystemd-fsck-root.service\u001b[0m\u2026File System Check on Root Device...", "", "[    3.254055] systemd[1]: Starting systemd-modules-load.service - Load Kernel Modules...", "Starting \u001b[0;1;39msystemd-modules-load.service\u001b[0m - Load Kernel Modules...", "", "[    3.260258] systemd[1]: systemd-pcrmachine.service - TPM2 PCR Machine ID Measurement was skipped because of an unmet condition check (ConditionSecurity=measured-uki).", "[    3.267180] systemd[1]: Starting systemd-tmpfiles-setup-dev-early.service - Create Static Device Nodes in /dev gracefully...", "[    3.274049] systemd[1]: systemd-tpm2-setup-early.service - TPM2 SRK Setup (Early) was skipped because of an unmet condition check (ConditionSecurity=measured-uki).", "Starting \u001b[0;1;39msystemd-tmpfiles-setup-de\u2026\u001b[0m Device Nodes in /dev gracefully...", "", "[    3.286434] systemd[1]: Starting systemd-udev-trigger.service - Coldplug All udev Devices...", "Starting \u001b[0;1;39msyste[    3.292178] systemd[1]: Started systemd-journald.service - Journal Service.", "md-udev-trigger.service\u001b[0m - Coldplug All udev Devices...", "", "[\u001b[0;32m  OK  \u001b[0m] Started \u001b[0;1;39msystemd-journald.service\u001b[0m - Journal Service.", "", "[\u001b[0;32m  OK  \u001b[0m] Mounted \u001b[0;1;39mdev-hugepages.mount\u001b[0m - Huge Pages File System.", "", "[\u001b[0;32m  OK  \u001b[0m] Mounted \u001b[0;1;39mdev-mqueue.mount\u001b[0m - POSIX Message Queue File System.", "", "[\u001b[0;32m  OK  \u001b[0m] Mounted \u001b[0;1;39msys-kernel-debug.mount\u001b[0m - Kernel Debug File System.", "", "[\u001b[0;32m  OK  \u001b[0m] Mounted \u001b[0;1;39msys-kernel-tracing.mount\u001b[0m - Kernel Trace File System.", "", "[\u001b[0;32m  OK  \u001b[0m] Finished \u001b[0;1;39mkeyboard-setup.service\u001b[0m - Set the console keyboard layout.", "", "[\u001b[0;32m  OK  \u001b[0m] Finished \u001b[0;1;39mmodprobe@configfs.service\u001b[0m - Load Kernel Module configfs.", "", "[\u001b[0;32m  OK  \u001b[0m] Finished \u001b[0;1;39mmodprobe@dm_mod.service\u001b[0m - Load Kernel Module dm_mod.", "", "[\u001b[0;32m  OK  \u001b[0m] Finished \u001b[0;1;39mmodprobe@drm.service\u001b[0m - Load Kernel Module drm.", "", "[\u001b[0;32m  OK  \u001b[0m] Finished \u001b[0;1;39mmodprobe@efi_pstore.service\u001b[0m - Load Kernel Module efi_pstore.", "", "[\u001b[0;32m  OK  \u001b[0m] Finished \u001b[0;1;39mmodprobe@fuse.service\u001b[0m - Load Kernel Module fuse.", "", "[\u001b[0;32m  OK  \u001b[0m] Finished \u001b[0;1;39mmodprobe@loop.service\u001b[0m - Load Kernel Module loop.", "", "[\u001b[0;32m  OK  \u001b[0m] Finished \u001b[0;1;39msystemd-modules-load.service\u001b[0m - Load Kernel Modules.", "", "[\u001b[0;32m  OK  \u001b[0m] Started \u001b[0;1;39msystemd-fsckd.service\u001b[0m - Fi\u2026stem Check Daemon to report status.", "", "Starting \u001b[0;1;39msystemd-sysctl.service\u001b[0m - Apply Kernel Variables...", "", "[\u001b[0;32m  OK  \u001b[0m] Finished \u001b[0;1;39msystemd-tmpfiles-setup-de\u2026\u001b[0mic Device Nodes in /dev gracefully.", "", "[\u001b[0;32m  OK  \u001b[0m] Finished \u001b[0;1;39msystemd-fsck-root.service\u001b[0m - File System Check on Root Device.", "", "Starting \u001b[0;1;39msystemd-remount-fs.servic\u2026\u001b[0munt Root and Kernel File Systems...", "", "[\u001b[0;32m  OK  \u001b[0m] Finished \u001b[0;1;39msystemd-udev-trigger.service\u001b[0m - Coldplug All udev Devices.", "", "[\u001b[0;32m  OK  \u001b[0m] Finished \u001b[0;1;39msystemd-sysctl.service\u001b[0m - Apply Kernel Variables.", "", "[    3.403084] EXT4-fs (vda1): re-mounted c8107c30-aa3b-40eb-bd2a-416a91df85e7 r/w. Quota mode: none.", "[\u001b[0;32m  OK  \u001b[0m] Finished \u001b[0;1;39msystemd-remount-fs.servic\u2026\u001b[0mmount Root and Kernel File Systems.", "", "Starting \u001b[0;1;39msystemd-journal-flush.ser\u2026\u001b[0msh Journal to Persistent Storage...", "", "Starting \u001b[0;1;39msystemd-random-seed.service\u001b[0m - Load/Save OS Random Seed...", "", "Startin[    3.432277] systemd-journald[133]: Received client request to flush runtime journal.", "g \u001b[0;1;39msystemd-sysusers.service\u001b[0m - Create System Users...", "", "[\u001b[0;32m  OK  \u001b[0m] Finished \u001b[0;1;39msystemd-sysusers.service\u001b[0m - Create System Users.", "", "[\u001b[0;32m  OK  \u001b[0m] Finished \u001b[0;1;39msystemd-random-seed.service\u001b[0m - Load/Save OS Random Seed.", "", "[    3.458969] systemd-journald[133]: /var/log/journal/26d7b7c94826499bb6e00a5f602ee679/system.journal: Journal file uses a different sequence number ID, rotating.", "[    3.463368] systemd-journald[133]: Rotating system journal.", "Starting \u001b[0;1;39msystemd-tmpfiles-setup-de\u2026\u001b[0meate Static Device Nodes in /dev...", "", "[\u001b[0;32m  OK  \u001b[0m] Finished \u001b[0;1;39msystemd-tmpfiles-setup-de\u2026\u001b[0mCreate Static Device Nodes in /dev.", "", "[\u001b[0;32m  OK  \u001b[0m] Reached target \u001b[0;1;39mlocal-fs-pre.target\u001b[0m\u2026Preparation for Local File Systems.", "", "Starting \u001b[0;1;39msystemd-udevd.service\u001b[0m - R\u2026ager for Device Events and Files...", "", "[\u001b[0;32m  OK  \u001b[0m] Finished \u001b[0;1;39msystemd-journal-flush.ser\u2026\u001b[0mlush Journal to Persistent Storage.", "", "[\u001b[0;32m  OK  \u001b[0m] Started \u001b[0;1;39msystemd-udevd.service\u001b[0m - Ru\u2026anager for Device Events and Files.", "", "Starting \u001b[0;1;39msystemd-networkd.service\u001b[0m - Network Configuration...", "", "[\u001b[0;32m  OK  \u001b[0m] Found device \u001b[0;1;39mdev-ttyS0.device\u001b[0m - /dev/ttyS0.", "", "[\u001b[0;32m  OK  \u001b[[    3.697808] virtio_net virtio1 ens3: renamed from eth0", "0m] Listening on \u001b[0;1;39msystemd-rfkill.socket\u001b[0m\u2026ll Switch Status /dev/rfkill Watch.", "", "[\u001b[0;32m  OK  \u001b[0m] Started \u001b[0;1;39msystemd-networkd.service\u001b[0m - Network Configuration.", "", "[\u001b[0;32m  OK  \u001b[0m] Found device \u001b[0;1;39mdev-disk-by\\x2dlabel-\u2026T.device\u001b[0m - /dev/disk/by-label/BOOT.", "", "[\u001b[0;32m  OK  \u001b[0m] Found device \u001b[0;1;39mdev-disk-by\\x2dlabel-\u2026I.device\u001b[0m - /dev/disk/by-label/UEFI.", "", "Starting \u001b[0;1;39msystemd-fsck@dev-disk-by\\\u2026\u001b[0mCheck on /dev/disk/by-label/BOOT...", "", "[\u001b[0;32m  OK  \u001b[0m] Finished \u001b[0;1;39msystemd-fsck@dev-disk-by\\\u2026\u001b[0mm Check on /dev/disk/by-label/BOOT.", "", "Mounting \u001b[0;1;39mboot.mount\u001b[0m - /boot...", "", "[    3.814063] EXT4-fs (vda16): mounted filesystem 7164fb69-891e-447e-91ac-9486a0886759 r/w with ordered data mode. Quota mode: none.", "[\u001b[0;32m  OK  \u001b[0m] Mounted \u001b[0;1;39mboot.mount\u001b[0m - /boot.", "", "Mounting \u001b[0;1;39mboot-efi.mount\u001b[0m - /boot/efi...", "", "[    3.841163] FAT-fs (vda15): Volume was not properly unmounted. Some data may be corrupt. Please run fsck.", "[\u001b[0;32m  OK  \u001b[0m] Mounted \u001b[0;1;39mboot-efi.mount\u001b[0m - /boot/efi.", "", "[\u001b[0;32m  OK  \u001b[0m] Reached target \u001b[0;1;39mlocal-fs.target\u001b[0m - Local File Systems.", "", "[\u001b[0;32m  OK  \u001b[0m] Listening on \u001b[0;1;39msystemd-sysext.socket\u001b[0m\u2026tension Image Management (Varlink).", "", "Starting \u001b[0;1;39mconsole-setup.service\u001b[0m - Set console font and keymap...", "", "Starting \u001b[0;1;39mldconfig.service\u001b[0m - Rebuild Dynamic Linker Cache...", "", "Starting \u001b[0;1;39msystemd-binfmt.service\u001b[0m - Set Up Additional Binary Formats...", "", "Starting \u001b[0;1;39msystemd-tmpfiles-setup.se\u2026\u001b[0me Volatile Files and Directories...", "", "[\u001b[0;32m  OK  \u001b[0m] Finished \u001b[0;1;39mconsole-setup.service\u001b[0m - Set console font and keymap.", "", "Mounting \u001b[0;1;39mproc-sys-fs-binfmt_misc.m\u2026\u001b[0mcutable File Formats File System...", "", "[\u001b[0;32m  OK  \u001b[0m] Mounted \u001b[0;1;39mproc-sys-fs-binfmt_misc.mo\u2026\u001b[0mxecutable File Formats File System.", "", "[    3.898065] systemd-tmpfile (257) used greatest stack depth: 12784 bytes left", "[\u001b[0;32m  OK  \u001b[0m] Finished \u001b[0;1;39msystemd-tmpfiles-setup.se\u2026\u001b[0mate Volatile Files and Directories.", "", "[\u001b[0;32m  OK  \u001b[0m] Finished \u001b[0;1;39msystemd-binfmt.service\u001b[0m - Set Up Additional Binary Formats.", "", "Starting \u001b[0;1;39msystemd-journal-catalog-u\u2026ervice\u001b[0m - Rebuild Journal Catalog...", "", "Starting \u001b[0;1;39msystemd-resolved.service\u001b[0m - Network Name Resolution...", "", "Starting \u001b[0;1;39msystemd-timesyncd.service\u001b[0m - Network Time Synchronization...", "", "Starting \u001b[0;1;39msystemd-update-utmp.servi\u2026\u001b[0mord System Boot/Shutdown in UTMP...", "", "[\u001b[0;32m  OK  \u001b[0m] Finished \u001b[0;1;39mldconfig.service\u001b[0m - Rebuild Dynamic Linker Cache.", "", "[\u001b[0;32m  OK  \u001b[0m] Finished \u001b[0;1;39msystemd-update-utmp.servi\u2026\u001b[0mecord System Boot/Shutdown in UTMP.", "", "[\u001b[0;32m  OK  \u001b[0m] Finished \u001b[0;1;39msystemd-journal-catalog-u\u2026.service\u001b[0m - Rebuild Journal Catalog.", "", "Starting \u001b[0;1;39msystemd-update-done.service\u001b[0m - Update is Completed...", "", "[\u001b[0;32m  OK  \u001b[0m] Finished \u001b[0;1;39msystemd-update-done.service\u001b[0m - Update is Completed.", "", "[\u001b[0;32m  OK  \u001b[0m] Started \u001b[0;1;39msystemd-timesyncd.service\u001b[0m - Network Time Synchronization.", "", "[\u001b[0;32m  OK  \u001b[0m] Reached target \u001b[0;1;39mtime-set.target\u001b[0m - System Time Set.", "", "[\u001b[0;32m  OK  \u001b[0m] Started \u001b[0;1;39msystemd-resolved.service\u001b[0m - Network Name Resolution.", "", "[\u001b[0;32m  OK  \u001b[0m] Reached target \u001b[0;1;39mnetwork.target\u001b[0m - Network.", "", "[\u001b[0;32m  OK  \u001b[0m] Reached target \u001b[0;1;39mnss-lookup.target\u001b[0m - Host and Network Name Lookups.", "", "[\u001b[0;32m  OK  \u001b[0m] Reached target \u001b[0;1;39msysinit.target\u001b[0m - System Initialization.", "", "[\u001b[0;32m  OK  \u001b[0m] Started \u001b[0;1;39mapt-daily.timer\u001b[0m - Daily apt download activities.", "", "[\u001b[0;32m  OK  \u001b[0m] Started \u001b[0;1;39mapt-daily-upgrade.timer\u001b[0m - \u2026y apt upgrade and clean activities.", "", "[\u001b[0;32m  OK  \u001b[0m] Started \u001b[0;1;39mdpkg-db-backup.timer\u001b[0m - Daily dpkg database backup timer.", "", "[\u001b[0;32m  OK  \u001b[0m] Started \u001b[0;1;39me2scrub_all.timer\u001b[0m - Period\u2026Metadata Check for All Filesystems.", "", "[\u001b[0;32m  OK  \u001b[0m] Started \u001b[0;1;39mfstrim.timer\u001b[0m - Discard unused filesystem blocks once a week.", "", "[\u001b[0;32m  OK  \u001b[0m] Started \u001b[0;1;39mmotd-news.timer\u001b[0m - Message of the Day.", "", "[\u001b[0;32m  OK  \u001b[0m] Started \u001b[0;1;39mphpsessionclean.timer\u001b[0m - Clean PHP session files every 30 mins.", "", "[\u001b[0;32m  OK  \u001b[0m] Started \u001b[0;1;39msystemd-tmpfiles-clean.tim\u2026\u001b[0my Cleanup of Temporary Directories.", "", "[\u001b[0;32m  OK  \u001b[0m] Reached target \u001b[0;1;39mpaths.target\u001b[0m - Path Units.", "", "[\u001b[0;32m  OK  \u001b[0m] Reached target \u001b[0;1;39mtimers.target\u001b[0m - Timer Units.", "", "[\u001b[0;32m  OK  \u001b[0m] Listening on \u001b[0;1;39mdbus.socket\u001b[0m - D-Bus System Message Bus Socket.", "", "Starting \u001b[0;1;39mlxd-installer.socket\u001b[0m - He\u2026er to install lxd snap on demand...", "", "Starting \u001b[0;1;39msnapd.socket\u001b[0m - Socket activation for snappy daemon...", "", "[\u001b[0;32m  OK  \u001b[0m] Listening on \u001b[0;1;39mssh.socket\u001b[0m - OpenBSD Secure Shell server socket.", "", "[\u001b[0;32m  OK  \u001b[0m] Listening on \u001b[0;1;39mlxd-installer.socket\u001b[0m \u2026lper to install lxd snap on demand.", "", "[\u001b[0;32m  OK  \u001b[0m] Listening on \u001b[0;1;39msnapd.socket\u001b[0m - Socket activation for snappy daemon.", "", "[\u001b[0;32m  OK  \u001b[0m] Reached target \u001b[0;1;39msockets.target\u001b[0m - Socket Units.", "", "[\u001b[0;32m  OK  \u001b[0m] Reached target \u001b[0;1;39mbasic.target\u001b[0m - Basic System.", "", "Starting \u001b[0;1;39mapport.service\u001b[0m - automatic crash report generation...", "", "Starting \u001b[0;1;39mdbus.service\u001b[0m - D-Bus System Message Bus...", "", "Starting \u001b[0;1;39me2scrub_reap.service\u001b[0m - Re\u2026ne ext4 Metadata Check Snapshots...", "", "Starting \u001b[0;1;39mgrub-common.service\u001b[0m - Record successful boot for GRUB...", "", "Starting \u001b[0;1;39mphpsessionclean.service\u001b[0m - Clean php session files...", "", "[\u001b[0;32m  OK  \u001b[0m] Reached target \u001b[0;1;39mgetty-pre.target\u001b[0m - Preparation for Logins.", "", "Starting \u001b[0;1;39msnapd.seeded.service\u001b[0m - Wait until snapd is fully seeded...", "", "Starting \u001b[0;1;39msnapd.service\u001b[0m - Snap Daemon...", "", "Starting \u001b[0;1;39msystemd-logind.service\u001b[0m - User Login Management...", "", "Starting \u001b[0;1;39msystemd-user-sessions.service\u001b[0m - Permit User Sessions...", "", "[\u001b[0;32m  OK  \u001b[0m] Started \u001b[0;1;39mdbus.service\u001b[0m - D-Bus System Message Bus.", "", "[\u001b[0;32m  OK  \u001b[0m] Finished \u001b[0;1;39me2scrub_reap.service\u001b[0m - Re\u2026line ext4 Metadata Check Snapshots.", "", "[\u001b[0;32m  OK  \u001b[0m] Finished \u001b[0;1;39msystemd-user-sessions.service\u001b[0m - Permit User Sessions.", "", "[\u001b[0;32m  OK  \u001b[0m] Started \u001b[0;1;39mserial-getty@ttyS0.service\u001b[0m - Serial Getty on ttyS0.", "", "Starting \u001b[0;1;39msetvtrgb.service\u001b[0m - Set console scheme...", "", "[\u001b[0;32m  OK  \u001b[0m] Started \u001b[0;1;39msystemd-logind.service\u001b[0m - User Login Management.", "", "[\u001b[0;32m  OK  \u001b[0m] Started \u001b[0;1;39munattended-upgrades.service\u001b[0m - Unattended Upgrades Shutdown.", "", "[\u001b[0;32m  OK  \u001b[0m] Finished \u001b[0;1;39msetvtrgb.service\u001b[0m - Set console scheme.", "", "[\u001b[0;32m  OK  \u001b[0m] Created slice \u001b[0;1;39msystem-getty.slice\u001b[0m - Slice /system/getty.", "", "[\u001b[0;32m  OK  \u001b[0m] Started \u001b[0;1;39mgetty@tty1.service\u001b[0m - Getty on tty1.", "", "[\u001b[0;32m  OK  \u001b[0m] Reached target \u001b[0;1;39mgetty.target\u001b[0m - Login Prompts.", "", "[\u001b[0;32m  OK  \u001b[0m] Finished \u001b[0;1;39mgrub-common.service\u001b[0m - Record successful boot for GRUB.", "", "Starting \u001b[0;1;39mgrub-initrd-fallback.service\u001b[0m - GRUB failed boot detection...", "", "[\u001b[0;32m  OK  \u001b[0m] Finished \u001b[0;1;39mgrub-initrd-fallback.service\u001b[0m - GRUB failed boot detection.", "", "[\u001b[0;32m  OK  \u001b[0m] Finished \u001b[0;1;39mphpsessionclean.service\u001b[0m - Clean php session files.", "", "[    4.700490] loop0: detected capacity change from 0 to 8", "[\u001b[0;32m  OK  \u001b[0m] Started \u001b[0;1;39msnapd.service\u001b[0m - Snap Daemon.", "", "[\u001b[0;32m  OK  \u001b[0m] Finished \u001b[0;1;39mapport.service\u001b[0m - automatic crash report generation.", "", "Starting \u001b[0;1;39msystemd-timedated.service\u001b[0m - Time & Date Service...", "", "[\u001b[0;32m  OK  \u001b[0m] Started \u001b[0;1;39msystemd-timedated.service\u001b[0m - Time & Date Service.", "", "[\u001b[0;32m  OK  \u001b[0m] Finished \u001b[0;1;39msnapd.seeded.service\u001b[0m - Wait until snapd is fully seeded.", "", "[\u001b[0;32m  OK  \u001b[0m] Reached target \u001b[0;1;39mmulti-user.target\u001b[0m - Multi-User System.", "", "[\u001b[0;32m  OK  \u001b[0m] Reached target \u001b[0;1;39mgraphical.target\u001b[0m - Graphical Interface.", "", "Starting \u001b[0;1;39msystemd-update-utmp-runle\u2026\u001b[0m- Record Runlevel Change in UTMP...", "", "[\u001b[0;32m  OK  \u001b[0m] Finished \u001b[0;1;39msystemd-update-utmp-runle\u2026e\u001b[0m - Record Runlevel Change in UTMP.", "", "", "", "Ubuntu 24.04.2 LTS ubuntu-testing ttyS0", "", "ubuntu-testing login: root (automatic login)", "", "", "Welcome to Ubuntu 24.04.2 LTS (GNU/Linux 6.8.0 x86_64)", "", "* Documentation:  https://help.ubuntu.com", "* Management:     https://landscape.canonical.com", "* Support:        https://ubuntu.com/pro", "", "This system has been minimized by removing packages and content that are", "not required on a system that users do not log into.", "", "To restore this content, you can run the 'unminimize' command.", "[    5.205840] MICROWAVE FRAMEWORK TESTER", "[    5.207815] [TAG: RUNNING SQLITE-BENCH]", "[    5.209268] Starting sqlite-bench...", "[    8.177375] (udev-worker) (212) used greatest stack depth: 12768 bytes left", "[  234.236044] Latest saved result: 2025-05-16-2226", "[  234.422112]", "[  234.501632] 2025-05-16-2226", "[  234.501632] KVM QEMU testing on Ubuntu 24.04 via the Phoronix Test Suite.", "[  234.501632]", "[  234.501632]", "[  234.501632] 2025-05-16 22:26:", "[  234.501632]", "[  234.501632] \tProcessor: QEMU Virtual 2.5+ (4 Cores), Motherboard: QEMU Ubuntu 25.04 PC (i440FX + PIIX 1996) (1.16.3-debian-1.16.3-2 BIOS), Chipset: Intel 440FX 82441FX PMC, Memory: 1 x 8 GB RAM QEMU, Disk: 24GB, Network: Red Hat Virtio device", "[  234.501632]", "[  234.501632] \tOS: Ubuntu 24.04, Kernel: 6.8.0-59-generic (x86_64), Compiler: GCC 13.3.0, File-System: ext4, System Layer: KVM QEMU", "[  234.501632]", "[  234.517217]", "[  236.796196] [TAG: SQLITE-BENCH COMPLETE]", "[  236.797694] MICROWAVE FRAMEWORK TESTER", "\u001b[?2004hroot@ubuntu-testing:~#          Stopping \u001b[0;1;39msession-1.scope\u001b[0m - Session 1 of User root...", "", "[\u001b[0;32m  OK  \u001b[0m] Removed slice \u001b[0;1;39msystem-modprobe.slice\u001b[0m - Slice /system/modprobe.", "", "[\u001b[0;32m  OK  \u001b[0m] Stopped target \u001b[0;1;39mgraphical.target\u001b[0m - Graphical Interface.", "", "[\u001b[0;32m  OK  \u001b[0m] Stopped target \u001b[0;1;39mmulti-user.target\u001b[0m - Multi-User System.", "", "[\u001b[0;32m  OK  \u001b[0m] Stopped target \u001b[0;1;39mgetty.target\u001b[0m - Login Prompts.", "", "[\u001b[0;32m  OK  \u001b[0m] Stopped target \u001b[0;1;39mnss-lookup.target\u001b[0m - Host and Network Name Lookups.", "", "[\u001b[0;32m  OK  \u001b[0m] Stopped target \u001b[0;1;39mtimers.target\u001b[0m - Timer Units.", "", "[\u001b[0;32m  OK  \u001b[0m] Stopped \u001b[0;1;39mapt-daily-upgrade.timer\u001b[0m - \u2026y apt upgrade and clean activities.", "", "[\u001b[0;32m  OK  \u001b[0m] Stopped \u001b[0;1;39mapt-daily.timer\u001b[0m - Daily apt download activities.", "", "[\u001b[0;32m  OK  \u001b[0m] Stopped \u001b[0;1;39mdpkg-db-backup.timer\u001b[0m - Daily dpkg database backup timer.", "", "[\u001b[0;32m  OK  \u001b[0m] Stopped \u001b[0;1;39me2scrub_all.timer\u001b[0m - Period\u2026Metadata Check for All Filesystems.", "", "[\u001b[0;32m  OK  \u001b[0m] Stopped \u001b[0;1;39mfstrim.timer\u001b[0m - Discard unused filesystem blocks once a week.", "", "[\u001b[0;32m  OK  \u001b[0m] Stopped \u001b[0;1;39mmotd-news.timer\u001b[0m - Message of the Day.", "", "[\u001b[0;32m  OK  \u001b[0m] Stopped \u001b[0;1;39mphpsessionclean.timer\u001b[0m - Clean PHP session files every 30 mins.", "", "[\u001b[0;32m  OK  \u001b[0m] Stopped \u001b[0;1;39msystemd-tmpfiles-clean.tim\u2026\u001b[0my Cleanup of Temporary Directories.", "", "[\u001b[0;32m  OK  \u001b[0m] Stopped target \u001b[0;1;39mtime-set.target\u001b[0m - System Time Set.", "", "[\u001b[0;32m  OK  \u001b[0m] Closed \u001b[0;1;39msystemd-rfkill.socket\u001b[0m - Loa\u2026ll Switch Status /dev/rfkill Watch.", "", "Stopping \u001b[0;1;39mapport.service\u001b[0m - automatic crash report generation...", "", "Stopping \u001b[0;1;39mgetty@tty1.service\u001b[0m - Getty on tty1...", "", "Stopping \u001b[0;1;39mserial-getty@ttyS0.service\u001b[0m - Serial Getty on ttyS0...", "", "[\u001b[0;32m  OK  \u001b[0m] Stopped \u001b[0;1;39msnapd.seeded.service\u001b[0m - Wait until snapd is fully seeded.", "", "Stopping \u001b[0;1;39msystemd-random-seed.service\u001b[0m - Load/Save OS Random Seed...", "", "[\u001b[0;32m  OK  \u001b[0m] Stopped \u001b[0;1;39mserial-getty@ttyS0.service\u001b[0m - Serial Getty on ttyS0.", "", "[\u001b[0;32m  OK  \u001b[0m] Stopped \u001b[0;1;39mgetty@tty1.service\u001b[0m - Getty on tty1.", "", "[\u001b[0;32m  OK  \u001b[0m] Stopped \u001b[0;1;39msession-1.scope\u001b[0m - Session 1 of User root.", "", "[\u001b[0;32m  OK  \u001b[0m] Stopped \u001b[0;1;39msystemd-random-seed.service\u001b[0m - Load/Save OS Random Seed.", "", "[\u001b[0;32m  OK  \u001b[0m] Removed slice \u001b[0;1;39msystem-getty.slice\u001b[0m - Slice /system/getty.", "", "[\u001b[0;32m  OK  \u001b[0m] Removed slice \u001b[0;1;39msystem-serial\\x2dget\u2026slice\u001b[0m - Slice /system/serial-getty.", "", "[\u001b[0;32m  OK  \u001b[0m] Stopped target \u001b[0;1;39mgetty-pre.target\u001b[0m - Preparation for Logins.", "", "Stopping \u001b[0;1;39msystemd-logind.service\u001b[0m - User Login Management...", "", "Stopping \u001b[0;1;39msystemd-user-sessions.service\u001b[0m - Permit User Sessions...", "", "Stopping \u001b[0;1;39muser@0.service\u001b[0m - User Manager for UID 0...", "", "[\u001b[0;32m  OK  \u001b[0m] Stopped \u001b[0;1;39msystemd-user-sessions.service\u001b[0m - Permit User Sessions.", "", "[\u001b[0;32m  OK  \u001b[0m] Stopped target \u001b[0;1;39mnetwork.target\u001b[0m - Network.", "", "Stopping \u001b[0;1;39msystemd-networkd.service\u001b[0m - Network Configuration...", "", "[\u001b[0;32m  OK  \u001b[0m] Stopped \u001b[0;1;39msystemd-networkd.service\u001b[0m - Network Configuration.", "", "[\u001b[0;32m  OK  \u001b[0m] Stopped \u001b[0;1;39muser@0.service\u001b[0m - User Manager for UID 0.", "", "[\u001b[0;32m  OK  \u001b[0m] Stopped \u001b[0;1;39mapport.service\u001b[0m - automatic crash report generation.", "", "[\u001b[0;32m  OK  \u001b[0m] Stopped \u001b[0;1;39msystemd-logind.service\u001b[0m - User Login Management.", "", "[\u001b[0;32m  OK  \u001b[0m] Stopped target \u001b[0;1;39mremote-fs.target\u001b[0m - Remote File Systems.", "", "Stopping \u001b[0;1;39muser-runtime-dir@0.servic\u2026\u001b[0mer Runtime Directory /run/user/0...", "", "[\u001b[0;32m  OK  \u001b[0m] Unmounted \u001b[0;1;39mrun-user-0.mount\u001b[0m - /run/user/0.", "", "[\u001b[0;32m  OK  \u001b[0m] Stopped \u001b[0;1;39muser-runtime-dir@0.service\u001b[0m\u2026User Runtime Directory /run/user/0.", "", "[\u001b[0;32m  OK  \u001b[0m] Removed slice \u001b[0;1;39muser-0.slice\u001b[0m - User Slice of UID 0.", "", "[\u001b[0;32m  OK  \u001b[0m] Stopped target \u001b[0;1;39mbasic.target\u001b[0m - Basic System.", "", "[\u001b[0;32m  OK  \u001b[0m] Stopped target \u001b[0;1;39mpaths.target\u001b[0m - Path Units.", "", "[\u001b[0;32m  OK  \u001b[0m] Stopped target \u001b[0;1;39mslices.target\u001b[0m - Slice Units.", "", "[\u001b[0;32m  OK  \u001b[0m] Removed slice \u001b[0;1;39muser.slice\u001b[0m - User and Session Slice.", "", "[\u001b[0;32m  OK  \u001b[0m] Stopped target \u001b[0;1;39msockets.target\u001b[0m - Socket Units.", "", "[\u001b[0;32m  OK  \u001b[0m] Closed \u001b[0;1;39mlxd-installer.socket\u001b[0m - Helper to install lxd snap on demand.", "", "[\u001b[0;32m  OK  \u001b[0m] Closed \u001b[0;1;39msnapd.socket\u001b[0m - Socket activation for snappy daemon.", "", "[\u001b[0;32m  OK  \u001b[0m] Closed \u001b[0;1;39mssh.socket\u001b[0m - OpenBSD Secure Shell server socket.", "", "[\u001b[0;32m  OK  \u001b[0m] Stopped target \u001b[0;1;39msysinit.target\u001b[0m - System Initialization.", "", "[\u001b[0;32m  OK  \u001b[0m] Stopped target \u001b[0;1;39mcryptsetup.target\u001b[0m - Local Encrypted Volumes.", "", "[\u001b[0;32m  OK  \u001b[0m] Stopped \u001b[0;1;39msystemd-ask-password-conso\u2026\u001b[0mequests to Console Directory Watch.", "", "[\u001b[0;32m  OK  \u001b[0m] Stopped \u001b[0;1;39msystemd-ask-password-wall.\u2026\u001b[0md Requests to Wall Directory Watch.", "", "[\u001b[0;32m  OK  \u001b[0m] Stopped target \u001b[0;1;39mintegritysetup.targ\u2026\u001b[0m Local Integrity Protected Volumes.", "", "[\u001b[0;32m  OK  \u001b[0m] Stopped target \u001b[0;1;39mswap.target\u001b[0m - Swaps.", "", "[\u001b[0;32m  OK  \u001b[0m] Stopped target \u001b[0;1;39mveritysetup.target\u001b[0m - Local Verity Protected Volumes.", "", "[\u001b[0;32m  OK  \u001b[0m] Closed \u001b[0;1;39msystemd-networkd.socket\u001b[0m - Network Service Netlink Socket.", "", "Stopping \u001b[0;1;39msystemd-binfmt.service\u001b[0m - Set Up Additional Binary Formats...", "", "Stopping \u001b[0;1;39msystemd-resolved.service\u001b[0m - Network Name Resolution...", "", "Stopping \u001b[0;1;39msystemd-timesyncd.service\u001b[0m - Network Time Synchronization...", "", "[\u001b[0;32m  OK  \u001b[0m] Stopped \u001b[0;1;39msystemd-update-done.service\u001b[0m - Update is Completed.", "", "[\u001b[0;32m  OK  \u001b[0m] Stopped \u001b[0;1;39mldconfig.service\u001b[0m - Rebuild Dynamic Linker Cache.", "", "[\u001b[0;32m  OK  \u001b[0m] Stopped \u001b[0;1;39msystemd-journal-catalog-up\u2026.service\u001b[0m - Rebuild Journal Catalog.", "", "Stopping \u001b[0;1;39msystemd-update-utmp.servi\u2026\u001b[0mord System Boot/Shutdown in UTMP...", "", "[\u001b[0;32m  OK  \u001b[0m] Stopped \u001b[0;1;39msystemd-resolved.service\u001b[0m - Network Name Resolution.", "", "[\u001b[0;32m  OK  \u001b[0m] Stopped \u001b[0;1;39msystemd-timesyncd.service\u001b[0m - Network Time Synchronization.", "", "[\u001b[0;32m  OK  \u001b[0m] Stopped \u001b[0;1;39msystemd-binfmt.service\u001b[0m - Set Up Additional Binary Formats.", "", "[\u001b[0;32m  OK  \u001b[0m] Unset automount \u001b[0;1;39mproc-sys-fs-binfmt\u2026\u001b[0mormats File System Automount Point.", "", "[\u001b[0;32m  OK  \u001b[0m] Stopped \u001b[0;1;39msystemd-sysctl.service\u001b[0m - Apply Kernel Variables.", "", "[\u001b[0;32m  OK  \u001b[0m] Stopped \u001b[0;1;39msystemd-modules-load.service\u001b[0m - Load Kernel Modules.", "", "[\u001b[0;32m  OK  \u001b[0m] Stopped \u001b[0;1;39msystemd-update-utmp.servic\u2026\u001b[0mecord System Boot/Shutdown in UTMP.", "", "[\u001b[0;32m  OK  \u001b[0m] Stopped \u001b[0;1;39msystemd-tmpfiles-setup.ser\u2026\u001b[0mate Volatile Files and Directories.", "", "[\u001b[0;32m  OK  \u001b[0m] Stopped target \u001b[0;1;39mlocal-fs.target\u001b[0m - Local File Systems.", "", "[\u001b[0;32m  OK  \u001b[0m] Stopped target \u001b[0;1;39msnapd.mounts.target\u001b[0m - Mounted snaps.", "", "[\u001b[0;32m  OK  \u001b[0m] Stopped target \u001b[0;1;39msnapd.mounts-pre.target\u001b[0m - Mounting snaps.", "", "Unmounting \u001b[0;1;39mboot-efi.mount\u001b[0m - /boot/efi...", "", "[\u001b[0;32m  OK  \u001b[0m] Unmounted \u001b[0;1;39mboot-efi.mount\u001b[0m - /boot/efi.", "", "Unmounting \u001b[0;1;39mboot.mount\u001b[0m - /boot...", "", "[  237.306343] EXT4-fs (vda16): unmounting filesystem 7164fb69-891e-447e-91ac-9486a0886759.", "[\u001b[0;32m  OK  \u001b[0m] Unmounted \u001b[0;1;39mboot.mount\u001b[0m - /boot.", "", "[\u001b[0;32m  OK  \u001b[0m] Reached target \u001b[0;1;39mumount.target\u001b[0m - Unmount All Filesystems.", "", "[\u001b[0;32m  OK  \u001b[0m] Stopped \u001b[0;1;39msystemd-fsck@dev-disk-by\\x\u2026\u001b[0mm Check on /dev/disk/by-label/BOOT.", "", "[\u001b[0;32m  OK  \u001b[0m] Removed slice \u001b[0;1;39msystem-systemd\\x2dfs\u2026slice\u001b[0m - Slice /system/systemd-fsck.", "", "[\u001b[0;32m  OK  \u001b[0m] Stopped target \u001b[0;1;39mlocal-fs-pre.target\u001b[0m\u2026Preparation for Local File Systems.", "", "[\u001b[0;32m  OK  \u001b[0m] Stopped \u001b[0;1;39msystemd-tmpfiles-setup-dev\u2026\u001b[0mCreate Static Device Nodes in /dev.", "", "[\u001b[0;32m  OK  \u001b[0m] Stopped \u001b[0;1;39msystemd-sysusers.service\u001b[0m - Create System Users.", "", "[\u001b[0;32m  OK  \u001b[0m] Stopped \u001b[0;1;39msystemd-remount-fs.service\u001b[0m\u2026mount Root and Kernel File Systems.", "", "[\u001b[0;32m  OK  \u001b[0m] Stopped \u001b[0;1;39msystemd-fsck-root.service\u001b[0m - File System Check on Root Device.", "", "[\u001b[0;32m  OK  \u001b[0m] Stopped \u001b[0;1;39msystemd-tmpfiles-setup-dev\u2026\u001b[0mic Device Nodes in /dev gracefully.", "", "[\u001b[0;32m  OK  \u001b[0m] Reached target \u001b[0;1;39mshutdown.target\u001b[0m - System Shutdown.", "", "[\u001b[0;32m  OK  \u001b[0m] Reached target \u001b[0;1;39mfinal.target\u001b[0m - Late Shutdown Services.", "", "[\u001b[0;32m  OK  \u001b[0m] Finished \u001b[0;1;39msystemd-poweroff.service\u001b[0m - System Power Off.", "", "[\u001b[0;32m  OK  \u001b[0m] Reached target \u001b[0;1;39mpoweroff.target\u001b[0m - System Power Off.", "", "[  237.399783] systemd-shutdown[1]: Syncing filesystems and block devices.", "[  237.412935] systemd-shutdown[1]: Sending SIGTERM to remaining processes...", "[  237.418718] systemd-journald[133]: Received SIGTERM from PID 1 (systemd-shutdow).", "[  237.429798] systemd-shutdown[1]: Sending SIGKILL to remaining processes...", "[  237.436307] systemd-shutdown[1]: Unmounting file systems.", "[  237.439010] (sd-remount)[1217]: Remounting '/' read-only with options 'discard,errors=remount-ro,commit=30'.", "[  237.459030] EXT4-fs (vda1): re-mounted c8107c30-aa3b-40eb-bd2a-416a91df85e7 ro. Quota mode: none.", "[  237.470477] systemd-shutdown[1]: All filesystems unmounted.", "[  237.472291] systemd-shutdown[1]: Deactivating swaps.", "[  237.474001] systemd-shutdown[1]: All swaps deactivated.", "[  237.475695] systemd-shutdown[1]: Detaching loop devices.", "[  237.478434] systemd-shutdown[1]: All loop devices detached.", "[  237.480288] systemd-shutdown[1]: Stopping MD devices.", "[  237.481994] systemd-shutdown[1]: All MD devices stopped.", "[  237.483673] systemd-shutdown[1]: Detaching DM devices.", "[  237.485407] systemd-shutdown[1]: All DM devices detached.", "[  237.487156] systemd-shutdown[1]: All filesystems, swaps, loop devices, MD devices and DM devices detached.", "[  237.490666] systemd-shutdown[1]: Syncing filesystems and block devices.", "[  237.492799] systemd-shutdown[1]: Powering off.", "[  237.495791] ACPI: PM: Preparing to enter system sleep state S5", "[  237.497932] reboot: Power down", "Aux log file:", "", "", "", "SQLite 3.41.2:", "pts/sqlite-2.2.0", "Disk Test Configuration", "1: 1", "2: 2", "3: 4", "4: 8", "5: Test All Options", "** Multiple items can be selected, delimit by a comma. **", "", "", "Phoronix Test Suite v10.8.4", "System Information", "", "", "PROCESSOR:              Intel Xeon", "Core Count:           8", "Extensions:           SSE 4.2", "+ AVX512_VNNI", "+ AVX512CD", "+ AVX2", "+ AVX", "+ RDRAND", "+ FSGSBASE", "Cache Size:           16 MB", "Microcode:            0xffffffff", "Core Family:          Cascade Lake", "", "GRAPHICS:", "", "MOTHERBOARD:            QEMU Ubuntu 25.04 PC", "BIOS Version:         1.16.3-debian-1.16.3-2", "Chipset:              Intel 440FX 82441FX PMC", "Network:              Red Hat Virtio device", "", "MEMORY:                 1 x 8 GB RAM QEMU", "", "DISK:                   24GB", "File-System:          ext4", "Mount Options:        commit=30 discard errors=remount-ro relatime rw", "Disk Details:         Block Size: 4096", "", "OPERATING SYSTEM:       Ubuntu 24.04", "Kernel:               6.8.0 (x86_64)", "Compiler:             GCC 13.3.0", "System Layer:         KVM", "Security:             gather_data_sampling: Not affected", "+ itlb_multihit: Not affected", "+ l1tf: Not affected", "+ mds: Not affected", "+ meltdown: Not affected", "+ mmio_stale_data: Vulnerable: Clear buffers attempted no microcode; SMT Host state unknown", "+ retbleed: Vulnerable", "+ spec_rstack_overflow: Not affected", "+ spec_store_bypass: Mitigation of SSB disabled via prctl", "+ spectre_v1: Vulnerable: __user pointer sanitization and usercopy barriers only; no swapgs barriers", "+ spectre_v2: Mitigation of Enhanced / Automatic IBRS IBPB: disabled RSB filling PBRSB-eIBRS: SW sequence", "+ srbds: Not affected", "+ tsx_async_abort: Vulnerable: Clear buffers attempted no microcode; SMT Host state unknown", "", "", "[8192] strlen(): Passing null to parameter #1 ($string) of type string is deprecated in pts_test_run_manager:594", "", "SQLite 3.41.2:", "pts/sqlite-2.2.0 [Threads / Copies: 4]", "Test 1 of 1", "Estimated Trial Run Count:    3", "Estimated Time To Completion: 2 Minutes [12:35 UTC]", "Running Pre-Test Script @ 12:33:53", "Started Run 1 @ 12:33:53", "Running Interim Test Script @ 12:35:07", "Started Run 2 @ 12:35:09", "Running Interim Test Script @ 12:36:22", "Started Run 3 @ 12:36:24", "Running Post-Test Script @ 12:37:36", "", "Threads / Copies: 4:", "71.832", "70.195", "70.203", "", "Average: 70.743 Seconds", "Deviation: 1.33%", "", "", "[TAG: AUX SQLITE-BENCH RESULTS]", "", "2025-05-16-2226", "KVM QEMU testing on Ubuntu 24.04 via the Phoronix Test Suite.", "", "", "2025-05-16 22:26:", "", "Processor: QEMU Virtual 2.5+ (4 Cores), Motherboard: QEMU Ubuntu 25.04 PC (i440FX + PIIX 1996) (1.16.3-debian-1.16.3-2 BIOS), Chipset: Intel 440FX 82441FX PMC, Memory: 1 x 8 GB RAM QEMU, Disk: 24GB, Network: Red Hat Virtio device", "", "OS: Ubuntu 24.04, Kernel: 6.8.0-59-generic (x86_64), Compiler: GCC 13.3.0, File-System: ext4, System Layer: KVM QEMU", "", "", "[TAG: AUX SQLITE-BENCH RESULTS END]"], "metadata": {"test_marker": "MICROWAVE FRAMEWORK TESTER"}}