{"lines": ["IMAGE_PATH: /home/denzelgfarmer/KernelSecurityBenchmarks/Microwave/.working/test_lmbench_basline-linux.img", "KERNEL_PATH: /home/denzelgfarmer/KernelSecurityBenchmarks/Microwave/.working/temp/linux/install/boot/vmlinuz-6.8.0", "LOG_PATH: /home/denzelgfarmer/KernelSecurityBenchmarks/Microwave/microwave2/runners/aux_logfile.txt", "KERNEL_ARGS: console=ttyS0,115200 earlyprintk=serial,ttyS0,115200 ignore_loglevel root=/dev/vda1 nospectre_bhb nospectre_v1 spectre_v2=off spectre_v2_user=off retbleed=off pti=off spec_rstack_overflow=off", "+ '[' -z /home/denzelgfarmer/KernelSecurityBenchmarks/Microwave/.working/test_lmbench_basline-linux.img ']'", "+ '[' -z /home/denzelgfarmer/KernelSecurityBenchmarks/Microwave/.working/temp/linux/install/boot/vmlinuz-6.8.0 ']'", "+ CORESET=2,3,4,5", "+ echo 'Booting image /home/denzelgfarmer/KernelSecurityBenchmarks/Microwave/.working/test_lmbench_basline-linux.img (with kernel at /home/denzelgfarmer/KernelSecurityBenchmarks/Microwave/.working/temp/linux/install/boot/vmlinuz-6.8.0)...'", "Booting image /home/denzelgfarmer/KernelSecurityBenchmarks/Microwave/.working/test_lmbench_basline-linux.img (with kernel at /home/denzelgfarmer/KernelSecurityBenchmarks/Microwave/.working/temp/linux/install/boot/vmlinuz-6.8.0)...", "+ taskset -c 2,3,4,5 qemu-system-x86_64 -enable-kvm -nodefaults -nographic -m 8192 -mem-prealloc -cpu host -smp 8,sockets=1,cores=8,threads=1 -kernel /home/denzelgfarmer/KernelSecurityBenchmarks/Microwave/.working/temp/linux/install/boot/vmlinuz-6.8.0 -append 'console=ttyS0,115200 earlyprintk=serial,ttyS0,115200 ignore_loglevel root=/dev/vda1 nospectre_bhb nospectre_v1 spectre_v2=off spectre_v2_user=off retbleed=off pti=off spec_rstack_overflow=off' -device virtio-blk-pci,drive=hd0 -blockdev driver=file,node-name=hd_file,filename=/home/denzelgfarmer/KernelSecurityBenchmarks/Microwave/.working/test_lmbench_basline-linux.img -blockdev driver=qcow2,node-name=hd0,file=hd_file -device virtio-net-pci,netdev=net1 -netdev user,id=net1,hostfwd=tcp::2223-:22 -serial stdio -s -chardev file,id=log0,path=/home/denzelgfarmer/KernelSecurityBenchmarks/Microwave/microwave2/runners/aux_logfile.txt -device virtio-serial-pci,id=virtio-serial0 -device virtserialport,chardev=log0,name=host-port,bus=virtio-serial0.0", "\u001bc\u001b[?7l\u001b[2J\u001b[0mSeaBIOS (version 1.16.3-debian-1.16.3-2)", "", "", "iPXE (https://ipxe.org) 00:03.0 C000 PCI2.10 PnP PMM+BEFCACB0+BEF0ACB0 C000", "Press Ctrl-B to configure iPXE (PCI 00:03.0)...", "", "", "", "Booting from ROM..\u001bc\u001b[?7l\u001b[2JNo EFI environment detected.", "early console in extract_kernel", "input_data: 0x000000000295e2b9", "input_len: 0x0000000000b09543", "output: 0x0000000001000000", "output_len: 0x0000000002423224", "kernel_total_size: 0x0000000002230000", "needed_size: 0x0000000002600000", "trampoline_32bit: 0x0000000000000000", "Physical KASLR using RDRAND RDTSC...", "Virtual KASLR using RDRAND RDTSC...", "", "Decompressing Linux... Parsing ELF... Performing relocations... done.", "Booting the kernel (entry_offset: 0x0000000000000000).", "[    0.000000] Linux version 6.8.0 (denzelgfarmer@micro-lmbench-stressng) (gcc (Ubuntu 14.2.0-19ubuntu2) 14.2.0, GNU ld (GNU Binutils for Ubuntu) 2.44) #2 SMP PREEMPT_DYNAMIC Tue May 13 08:57:56 UTC 2025", "[    0.000000] Command line: console=ttyS0,115200 earlyprintk=serial,ttyS0,115200 ignore_loglevel root=/dev/vda1 nospectre_bhb nospectre_v1 spectre_v2=off spectre_v2_user=off retbleed=off pti=off spec_rstack_overflow=off", "[    0.000000] BIOS-provided physical RAM map:", "[    0.000000] BIOS-e820: [mem 0x0000000000000000-0x000000000009fbff] usable", "[    0.000000] BIOS-e820: [mem 0x000000000009fc00-0x000000000009ffff] reserved", "[    0.000000] BIOS-e820: [mem 0x00000000000f0000-0x00000000000fffff] reserved", "[    0.000000] BIOS-e820: [mem 0x0000000000100000-0x00000000bffdcfff] usable", "[    0.000000] BIOS-e820: [mem 0x00000000bffdd000-0x00000000bfffffff] reserved", "[    0.000000] BIOS-e820: [mem 0x00000000feffc000-0x00000000feffffff] reserved", "[    0.000000] BIOS-e820: [mem 0x00000000fffc0000-0x00000000ffffffff] reserved", "[    0.000000] BIOS-e820: [mem 0x0000000100000000-0x000000023fffffff] usable", "[    0.000000] printk: legacy bootconsole [earlyser0] enabled", "[    0.000000] printk: debug: ignoring loglevel setting.", "[    0.000000] NX (Execute Disable) protection: active", "[    0.000000] APIC: Static calls initialized", "[    0.000000] SMBIOS 2.8 present.", "[    0.000000] DMI: QEMU Ubuntu 25.04 PC (i440FX + PIIX, 1996), BIOS 1.16.3-debian-1.16.3-2 04/01/2014", "[    0.000000] Hypervisor detected: KVM", "[    0.000000] kvm-clock: Using msrs 4b564d01 and 4b564d00", "[    0.000002] kvm-clock: using sched offset of 1627533293 cycles", "[    0.003463] clocksource: kvm-clock: mask: 0xffffffffffffffff max_cycles: 0x1cd42e4dffb, max_idle_ns: 881590591483 ns", "[    0.014462] tsc: Detected 2800.272 MHz processor", "[    0.018295] e820: update [mem 0x00000000-0x00000fff] usable ==> reserved", "[    0.022784] e820: remove [mem 0x000a0000-0x000fffff] usable", "[    0.026523] last_pfn = 0x240000 max_arch_pfn = 0x400000000", "[    0.030541] MTRR map: 4 entries (3 fixed + 1 variable; max 19), built from 8 variable MTRRs", "[    0.036106] x86/PAT: Configuration [0-7]: WB  WC  UC- UC  WB  WP  UC- WT", "Memory KASLR using RDRAND RDTSC...", "[    0.043264] last_pfn = 0xbffdd max_arch_pfn = 0x400000000", "[    0.052719] found SMP MP-table at [mem 0x000f5470-0x000f547f]", "[    0.056569] Using GB pages for direct mapping", "[    0.059632] ACPI: Early table checksum verification disabled", "[    0.063489] ACPI: RSDP 0x00000000000F5270 000014 (v00 BOCHS )", "[    0.067338] ACPI: RSDT 0x00000000BFFE2565 000034 (v01 BOCHS  BXPC     00000001 BXPC 00000001)", "[    0.073121] ACPI: FACP 0x00000000BFFE23E1 000074 (v01 BOCHS  BXPC     00000001 BXPC 00000001)", "[    0.078838] ACPI: DSDT 0x00000000BFFE0040 0023A1 (v01 BOCHS  BXPC     00000001 BXPC 00000001)", "[    0.084569] ACPI: FACS 0x00000000BFFE0000 000040", "[    0.087630] ACPI: APIC 0x00000000BFFE2455 0000B0 (v03 BOCHS  BXPC     00000001 BXPC 00000001)", "[    0.093340] ACPI: HPET 0x00000000BFFE2505 000038 (v01 BOCHS  BXPC     00000001 BXPC 00000001)", "[    0.099073] ACPI: WAET 0x00000000BFFE253D 000028 (v01 BOCHS  BXPC     00000001 BXPC 00000001)", "[    0.104737] ACPI: Reserving FACP table memory at [mem 0xbffe23e1-0xbffe2454]", "[    0.109486] ACPI: Reserving DSDT table memory at [mem 0xbffe0040-0xbffe23e0]", "[    0.114217] ACPI: Reserving FACS table memory at [mem 0xbffe0000-0xbffe003f]", "[    0.118960] ACPI: Reserving APIC table memory at [mem 0xbffe2455-0xbffe2504]", "[    0.123702] ACPI: Reserving HPET table memory at [mem 0xbffe2505-0xbffe253c]", "[    0.128473] ACPI: Reserving WAET table memory at [mem 0xbffe253d-0xbffe2564]", "[    0.134920] No NUMA configuration found", "[    0.137494] Faking a node at [mem 0x0000000000000000-0x000000023fffffff]", "[    0.141975] NODE_DATA(0) allocated [mem 0x23fffa000-0x23fffdfff]", "[    0.146211] Zone ranges:", "[    0.147887]   DMA      [mem 0x0000000000001000-0x0000000000ffffff]", "[    0.152077]   DMA32    [mem 0x0000000001000000-0x00000000ffffffff]", "[    0.156175]   Normal   [mem 0x0000000100000000-0x000000023fffffff]", "[    0.160303] Movable zone start for each node", "[    0.163133] Early memory node ranges", "[    0.165503]   node   0: [mem 0x0000000000001000-0x000000000009efff]", "[    0.169652]   node   0: [mem 0x0000000000100000-0x00000000bffdcfff]", "[    0.173816]   node   0: [mem 0x0000000100000000-0x000000023fffffff]", "[    0.178018] Initmem setup node 0 [mem 0x0000000000001000-0x000000023fffffff]", "[    0.182729] On node 0, zone DMA: 1 pages in unavailable ranges", "[    0.186636] On node 0, zone DMA: 97 pages in unavailable ranges", "[    0.517301] On node 0, zone Normal: 35 pages in unavailable ranges", "[    0.524127] ACPI: PM-Timer IO Port: 0x608", "[    0.526797] ACPI: LAPIC_NMI (acpi_id[0xff] dfl dfl lint[0x1])", "[    0.530830] IOAPIC[0]: apic_id 0, version 17, address 0xfec00000, GSI 0-23", "[    0.535471] ACPI: INT_SRC_OVR (bus 0 bus_irq 0 global_irq 2 dfl dfl)", "[    0.539746] ACPI: INT_SRC_OVR (bus 0 bus_irq 5 global_irq 5 high level)", "[    0.544188] ACPI: INT_SRC_OVR (bus 0 bus_irq 9 global_irq 9 high level)", "[    0.548605] ACPI: INT_SRC_OVR (bus 0 bus_irq 10 global_irq 10 high level)", "[    0.553139] ACPI: INT_SRC_OVR (bus 0 bus_irq 11 global_irq 11 high level)", "[    0.557722] ACPI: Using ACPI (MADT) for SMP configuration information", "[    0.562036] ACPI: HPET id: 0x8086a201 base: 0xfed00000", "[    0.565492] TSC deadline timer available", "[    0.568139] smpboot: Allowing 8 CPUs, 0 hotplug CPUs", "[    0.571517] kvm-guest: APIC: eoi() replaced with kvm_guest_apic_eoi_write()", "[    0.576249] kvm-guest: KVM setup pv remote TLB flush", "[    0.579610] kvm-guest: setup PV sched yield", "[    0.582462] PM: hibernation: Registered nosave memory: [mem 0x00000000-0x00000fff]", "[    0.587513] PM: hibernation: Registered nosave memory: [mem 0x0009f000-0x0009ffff]", "[    0.592572] PM: hibernation: Registered nosave memory: [mem 0x000a0000-0x000effff]", "[    0.597647] PM: hibernation: Registered nosave memory: [mem 0x000f0000-0x000fffff]", "[    0.602709] PM: hibernation: Registered nosave memory: [mem 0xbffdd000-0xbfffffff]", "[    0.607769] PM: hibernation: Registered nosave memory: [mem 0xc0000000-0xfeffbfff]", "[    0.612845] PM: hibernation: Registered nosave memory: [mem 0xfeffc000-0xfeffffff]", "[    0.617936] PM: hibernation: Registered nosave memory: [mem 0xff000000-0xfffbffff]", "[    0.622979] PM: hibernation: Registered nosave memory: [mem 0xfffc0000-0xffffffff]", "[    0.628079] [mem 0xc0000000-0xfeffbfff] available for PCI devices", "[    0.632134] Booting paravirtualized kernel on KVM", "[    0.635280] clocksource: refined-jiffies: mask: 0xffffffff max_cycles: 0xffffffff, max_idle_ns: 1910969940391419 ns", "[    0.647625] setup_percpu: NR_CPUS:64 nr_cpumask_bits:8 nr_cpu_ids:8 nr_node_ids:1", "[    0.653134] percpu: Embedded 55 pages/cpu s184552 r8192 d32536 u262144", "[    0.657539] pcpu-alloc: s184552 r8192 d32536 u262144 alloc=1*2097152", "[    0.661751] pcpu-alloc: [0] 0 1 2 3 4 5 6 7", "[    0.664714] Kernel command line: console=ttyS0,115200 earlyprintk=serial,ttyS0,115200 ignore_loglevel root=/dev/vda1 nospectre_bhb nospectre_v1 spectre_v2=off spectre_v2_user=off retbleed=off pti=off spec_rstack_overflow=off", "[    0.678185] Unknown kernel command line parameters \"nospectre_bhb spectre_v2=off spectre_v2_user=off pti=off\", will be passed to user space.", "[    0.686668] random: crng init done", "[    0.689853] Dentry cache hash table entries: 1048576 (order: 11, 8388608 bytes, linear)", "[    0.695757] Inode-cache hash table entries: 524288 (order: 10, 4194304 bytes, linear)", "[    0.701464] Fallback order for Node 0: 0", "[    0.701470] Built 1 zonelists, mobility grouping on.  Total pages: 2064093", "[    0.707678] Policy zone: Normal", "[    0.709480] mem auto-init: stack:all(zero), heap alloc:off, heap free:off", "[    0.713342] software IO TLB: area num 8.", "[    0.969217] Memory: 8140744K/8388076K available (16384K kernel code, 2735K rwdata, 5400K rodata, 1416K init, 2664K bss, 247072K reserved, 0K cma-reserved)", "[    0.977202] SLUB: HWalign=64, Order=0-3, MinObjects=0, CPUs=8, Nodes=1", "Poking KASLR using RDRAND RDTSC...", "[    0.984071] Dynamic Preempt: voluntary", "[    0.986304] rcu: Preemptible hierarchical RCU implementation.", "[    0.989527] rcu: \tRCU event tracing is enabled.", "[    0.992070] rcu: \tRCU restricting CPUs from NR_CPUS=64 to nr_cpu_ids=8.", "[    0.995778] \tTrampoline variant of Tasks RCU enabled.", "[    0.998680] rcu: RCU calculated value of scheduler-enlistment delay is 100 jiffies.", "[    1.003025] rcu: Adjusting geometry for rcu_fanout_leaf=16, nr_cpu_ids=8", "[    1.008256] NR_IRQS: 4352, nr_irqs: 488, preallocated irqs: 16", "[    1.011905] rcu: srcu_init: Setting srcu_struct sizes based on contention.", "[    1.016209] Console: colour *CGA 80x25", "[    1.018476] printk: legacy console [ttyS0] enabled", "[    1.018476] printk: legacy console [ttyS0] enabled", "[    1.023970] printk: legacy bootconsole [earlyser0] disabled", "[    1.023970] printk: legacy bootconsole [earlyser0] disabled", "[    1.030368] ACPI: Core revision 20230628", "[    1.033247] clocksource: hpet: mask: 0xffffffff max_cycles: 0xffffffff, max_idle_ns: 19112604467 ns", "[    1.038921] APIC: Switch to symmetric I/O mode setup", "[    1.041977] kvm-guest: APIC: send_IPI_mask() replaced with kvm_send_ipi_mask()", "[    1.046164] kvm-guest: APIC: send_IPI_mask_allbutself() replaced with kvm_send_ipi_mask_allbutself()", "[    1.051406] kvm-guest: setup PV IPIs", "[    1.060307] ..TIMER: vector=0x30 apic1=0 pin1=2 apic2=-1 pin2=-1", "[    1.063982] clocksource: tsc-early: mask: 0xffffffffffffffff max_cycles: 0x285d41d1c0f, max_idle_ns: 440795337668 ns", "[    1.070197] Calibrating delay loop (skipped) preset value.. 5600.54 BogoMIPS (lpj=2800272)", "[    1.073230] x86/cpu: User Mode Instruction Prevention (UMIP) activated", "[    1.075274] Last level iTLB entries: 4KB 0, 2MB 0, 4MB 0", "[    1.076194] Last level dTLB entries: 4KB 0, 2MB 0, 4MB 0, 1GB 0", "[    1.077222] Spectre V1 : Vulnerable: __user pointer sanitization and usercopy barriers only; no swapgs barriers", "[    1.078196] Spectre V2 : off selected on command line.", "[    1.079194] Spectre V2 : User space: Vulnerable", "[    1.080195] Speculative Store Bypass: Mitigation: Speculative Store Bypass disabled via prctl", "[    1.081226] TAA: Vulnerable: Clear CPU buffers attempted, no microcode", "[    1.082194] MMIO Stale Data: Vulnerable: Clear CPU buffers attempted, no microcode", "[    1.084352] x86/fpu: Supporting XSAVE feature 0x001: 'x87 floating point registers'", "[    1.085194] x86/fpu: Supporting XSAVE feature 0x002: 'SSE registers'", "[    1.086199] x86/fpu: Supporting XSAVE feature 0x004: 'AVX registers'", "[    1.087194] x86/fpu: Supporting XSAVE feature 0x020: 'AVX-512 opmask'", "[    1.088194] x86/fpu: Supporting XSAVE feature 0x040: 'AVX-512 Hi256'", "[    1.089194] x86/fpu: Supporting XSAVE feature 0x080: 'AVX-512 ZMM_Hi256'", "[    1.091194] x86/fpu: xstate_offset[2]:  576, xstate_sizes[2]:  256", "[    1.092194] x86/fpu: xstate_offset[5]:  832, xstate_sizes[5]:   64", "[    1.093194] x86/fpu: xstate_offset[6]:  896, xstate_sizes[6]:  512", "[    1.094194] x86/fpu: xstate_offset[7]: 1408, xstate_sizes[7]: 1024", "[    1.095194] x86/fpu: Enabled xstate features 0xe7, context size is 2432 bytes, using 'compacted' format.", "[    1.100438] Freeing SMP alternatives memory: 48K", "[    1.101196] pid_max: default: 32768 minimum: 301", "[    1.102216] LSM: initializing lsm=capability,selinux,integrity", "[    1.103197] SELinux:  Initializing.", "[    1.104242] Mount-cache hash table entries: 16384 (order: 5, 131072 bytes, linear)", "[    1.105217] Mountpoint-cache hash table entries: 16384 (order: 5, 131072 bytes, linear)", "[    1.106659] smpboot: CPU0: Intel(R) Xeon(R) CPU @ 2.80GHz (family: 0x6, model: 0x55, stepping: 0x7)", "[    1.107338] RCU Tasks: Setting shift to 3 and lim to 1 rcu_task_cb_adjust=1.", "[    1.108223] Performance Events: unsupported p6 CPU model 85 no PMU driver, software events only.", "[    1.109346] signal: max sigframe size: 3632", "[    1.110259] rcu: Hierarchical SRCU implementation.", "[    1.111203] rcu: \tMax phase no-delay instances is 400.", "[    1.112382] smp: Bringing up secondary CPUs ...", "[    1.113405] smpboot: x86: Booting SMP configuration:", "[    1.114206] .... node  #0, CPUs:      #1 #2 #3 #4 #5 #6 #7", "[    1.141619] smp: Brought up 1 node, 8 CPUs", "[    1.143207] smpboot: Max logical packages: 1", "[    1.144203] smpboot: Total of 8 processors activated (44804.35 BogoMIPS)", "[    1.154753] devtmpfs: initialized", "[    1.155541] clocksource: jiffies: mask: 0xffffffff max_cycles: 0xffffffff, max_idle_ns: 1911260446275000 ns", "[    1.156213] futex hash table entries: 2048 (order: 5, 131072 bytes, linear)", "[    1.157633] PM: RTC time: 08:59:39, date: 2025-05-17", "[    1.159617] NET: Registered PF_NETLINK/PF_ROUTE protocol family", "[    1.160307] audit: initializing netlink subsys (disabled)", "[    1.161258] audit: type=2000 audit(1747472379.788:1): state=initialized audit_enabled=0 res=1", "[    1.161306] thermal_sys: Registered thermal governor 'step_wise'", "[    1.162204] thermal_sys: Registered thermal governor 'user_space'", "[    1.163219] cpuidle: using governor menu", "[    1.166091] PCI: Using configuration type 1 for base access", "[    1.166296] kprobes: kprobe jump-optimization is enabled. All kprobes are optimized if possible.", "[    1.168240] HugeTLB: registered 2.00 MiB page size, pre-allocated 0 pages", "[    1.169203] HugeTLB: 28 KiB vmemmap can be freed for a 2.00 MiB page", "[    1.170275] ACPI: Added _OSI(Module Device)", "[    1.171205] ACPI: Added _OSI(Processor Device)", "[    1.172204] ACPI: Added _OSI(3.0 _SCP Extensions)", "[    1.173203] ACPI: Added _OSI(Processor Aggregator Device)", "[    1.174717] ACPI: 1 ACPI AML tables successfully acquired and loaded", "[    1.176922] ACPI: _OSC evaluation for CPUs failed, trying _PDC", "[    1.177285] ACPI: Interpreter enabled", "[    1.178214] ACPI: PM: (supports S0 S3 S4 S5)", "[    1.179203] ACPI: Using IOAPIC for interrupt routing", "[    1.180240] PCI: Using host bridge windows from ACPI; if necessary, use \"pci=nocrs\" and report a bug", "[    1.181222] PCI: Using E820 reservations for host bridge windows", "[    1.182340] ACPI: Enabled 2 GPEs in block 00 to 0F", "[    1.185803] ACPI: PCI Root Bridge [PCI0] (domain 0000 [bus 00-ff])", "[    1.186210] acpi PNP0A03:00: _OSC: OS supports [ASPM ClockPM Segments MSI HPX-Type3]", "[    1.187205] acpi PNP0A03:00: _OSC: not requesting OS control; OS requires [ExtendedConfig ASPM ClockPM MSI]", "[    1.188214] acpi PNP0A03:00: fail to add MMCONFIG information, can't access extended configuration space under this bridge", "[    1.189302] PCI host bridge to bus 0000:00", "[    1.190205] pci_bus 0000:00: root bus resource [io  0x0000-0x0cf7 window]", "[    1.191206] pci_bus 0000:00: root bus resource [io  0x0d00-0xffff window]", "[    1.192205] pci_bus 0000:00: root bus resource [mem 0x000a0000-0x000bffff window]", "[    1.193204] pci_bus 0000:00: root bus resource [mem 0xc0000000-0xfebfffff window]", "[    1.194204] pci_bus 0000:00: root bus resource [mem 0x380000000000-0x38007fffffff window]", "[    1.195204] pci_bus 0000:00: root bus resource [bus 00-ff]", "[    1.196385] pci 0000:00:00.0: [8086:1237] type 00 class 0x060000 conventional PCI endpoint", "[    1.199107] pci 0000:00:01.0: [8086:7000] type 00 class 0x060100 conventional PCI endpoint", "[    1.201939] pci 0000:00:01.1: [8086:7010] type 00 class 0x010180 conventional PCI endpoint", "[    1.206052] pci 0000:00:01.1: BAR 4 [io  0xc0e0-0xc0ef]", "[    1.207736] pci 0000:00:01.1: BAR 0 [io  0x01f0-0x01f7]: legacy IDE quirk", "[    1.208204] pci 0000:00:01.1: BAR 1 [io  0x03f6]: legacy IDE quirk", "[    1.209204] pci 0000:00:01.1: BAR 2 [io  0x0170-0x0177]: legacy IDE quirk", "[    1.210203] pci 0000:00:01.1: BAR 3 [io  0x0376]: legacy IDE quirk", "[    1.211842] pci 0000:00:01.3: [8086:7113] type 00 class 0x068000 conventional PCI endpoint", "[    1.214637] pci 0000:00:01.3: quirk: [io  0x0600-0x063f] claimed by PIIX4 ACPI", "[    1.215251] pci 0000:00:01.3: quirk: [io  0x0700-0x070f] claimed by PIIX4 SMB", "[    1.217695] pci 0000:00:02.0: [1af4:1001] type 00 class 0x010000 conventional PCI endpoint", "[    1.220205] pci 0000:00:02.0: BAR 0 [io  0xc000-0xc07f]", "[    1.223205] pci 0000:00:02.0: BAR 1 [mem 0xfeb80000-0xfeb80fff]", "[    1.230205] pci 0000:00:02.0: BAR 4 [mem 0x380000000000-0x380000003fff 64bit pref]", "[    1.236765] pci 0000:00:03.0: [1af4:1000] type 00 class 0x020000 conventional PCI endpoint", "[    1.238206] pci 0000:00:03.0: BAR 0 [io  0xc0c0-0xc0df]", "[    1.240205] pci 0000:00:03.0: BAR 1 [mem 0xfeb81000-0xfeb81fff]", "[    1.244205] pci 0000:00:03.0: BAR 4 [mem 0x380000004000-0x380000007fff 64bit pref]", "[    1.246205] pci 0000:00:03.0: ROM [mem 0xfeb00000-0xfeb7ffff pref]", "[    1.250918] pci 0000:00:04.0: [1af4:1003] type 00 class 0x078000 conventional PCI endpoint", "[    1.252205] pci 0000:00:04.0: BAR 0 [io  0xc080-0xc0bf]", "[    1.254205] pci 0000:00:04.0: BAR 1 [mem 0xfeb82000-0xfeb82fff]", "[    1.258205] pci 0000:00:04.0: BAR 4 [mem 0x380000008000-0x38000000bfff 64bit pref]", "[    1.264315] ACPI: PCI: Interrupt link LNKA configured for IRQ 10", "[    1.265451] ACPI: PCI: Interrupt link LNKB configured for IRQ 10", "[    1.266434] ACPI: PCI: Interrupt link LNKC configured for IRQ 11", "[    1.267418] ACPI: PCI: Interrupt link LNKD configured for IRQ 11", "[    1.268321] ACPI: PCI: Interrupt link LNKS configured for IRQ 9", "[    1.269865] iommu: Default domain type: Translated", "[    1.270203] iommu: DMA domain TLB invalidation policy: lazy mode", "[    1.271269] SCSI subsystem initialized", "[    1.272255] libata version 3.00 loaded.", "[    1.273229] ACPI: bus type USB registered", "[    1.274217] usbcore: registered new interface driver usbfs", "[    1.275210] usbcore: registered new interface driver hub", "[    1.276215] usbcore: registered new device driver usb", "[    1.277219] pps_core: LinuxPPS API ver. 1 registered", "[    1.278202] pps_core: Software ver. 5.3.6 - Copyright 2005-2007 Rodolfo Giometti <giometti@linux.it>", "[    1.279208] PTP clock support registered", "[    1.280248] Advanced Linux Sound Architecture Driver Initialized.", "[    1.281340] NetLabel: Initializing", "[    1.282204] NetLabel:  domain hash size = 128", "[    1.283202] NetLabel:  protocols = UNLABELED CIPSOv4 CALIPSO", "[    1.284219] NetLabel:  unlabeled traffic allowed by default", "[    1.285239] PCI: Using ACPI for IRQ routing", "[    1.286204] PCI: pci_cache_line_size set to 64 bytes", "[    1.287733] e820: reserve RAM buffer [mem 0x0009fc00-0x0009ffff]", "[    1.288203] e820: reserve RAM buffer [mem 0xbffdd000-0xbfffffff]", "[    1.289243] vgaarb: loaded", "[    1.290283] hpet0: at MMIO 0xfed00000, IRQs 2, 8, 0", "[    1.291203] hpet0: 3 comparators, 64-bit 100.000000 MHz counter", "[    1.314346] clocksource: Switched to clocksource kvm-clock", "[    1.317542] VFS: Disk quotas dquot_6.6.0", "[    1.319765] VFS: Dquot-cache hash table entries: 512 (order 0, 4096 bytes)", "[    1.323574] pnp: PnP ACPI init", "[    1.325463] pnp 00:02: [dma 2]", "[    1.327566] pnp: PnP ACPI: found 5 devices", "[    1.347739] clocksource: acpi_pm: mask: 0xffffff max_cycles: 0xffffff, max_idle_ns: 2085701024 ns", "[    1.352828] NET: Registered PF_INET protocol family", "[    1.355753] IP idents hash table entries: 131072 (order: 8, 1048576 bytes, linear)", "[    1.361218] tcp_listen_portaddr_hash hash table entries: 4096 (order: 4, 65536 bytes, linear)", "[    1.365884] Table-perturb hash table entries: 65536 (order: 6, 262144 bytes, linear)", "[    1.370077] TCP established hash table entries: 65536 (order: 7, 524288 bytes, linear)", "[    1.374406] TCP bind hash table entries: 65536 (order: 9, 2097152 bytes, linear)", "[    1.378773] TCP: Hash tables configured (established 65536 bind 65536)", "[    1.382475] UDP hash table entries: 4096 (order: 5, 131072 bytes, linear)", "[    1.386213] UDP-Lite hash table entries: 4096 (order: 5, 131072 bytes, linear)", "[    1.390181] NET: Registered PF_UNIX/PF_LOCAL protocol family", "[    1.394035] RPC: Registered named UNIX socket transport module.", "[    1.397270] RPC: Registered udp transport module.", "[    1.399864] RPC: Registered tcp transport module.", "[    1.402482] RPC: Registered tcp-with-tls transport module.", "[    1.405435] RPC: Registered tcp NFSv4.1 backchannel transport module.", "[    1.409589] pci_bus 0000:00: resource 4 [io  0x0000-0x0cf7 window]", "[    1.412982] pci_bus 0000:00: resource 5 [io  0x0d00-0xffff window]", "[    1.416352] pci_bus 0000:00: resource 6 [mem 0x000a0000-0x000bffff window]", "[    1.420076] pci_bus 0000:00: resource 7 [mem 0xc0000000-0xfebfffff window]", "[    1.423804] pci_bus 0000:00: resource 8 [mem 0x380000000000-0x38007fffffff window]", "[    1.427972] pci 0000:00:01.0: PIIX3: Enabling Passive Release", "[    1.431148] pci 0000:00:00.0: Limiting direct PCI/PCI transfers", "[    1.434682] PCI: CLS 0 bytes, default 64", "[    1.436886] PCI-DMA: Using software bounce buffering for IO (SWIOTLB)", "[    1.440429] software IO TLB: mapped [mem 0x00000000bbfdd000-0x00000000bffdd000] (64MB)", "[    1.445976] RAPL PMU: API unit is 2^-32 Joules, 0 fixed counters, 10737418240 ms ovfl timer", "[    1.450568] clocksource: tsc: mask: 0xffffffffffffffff max_cycles: 0x285d41d1c0f, max_idle_ns: 440795337668 ns", "[    1.460867] Initialise system trusted keyrings", "[    1.463787] workingset: timestamp_bits=56 max_order=21 bucket_order=0", "[    1.467699] NFS: Registering the id_resolver key type", "[    1.470504] Key type id_resolver registered", "[    1.472799] Key type id_legacy registered", "[    1.475263] 9p: Installing v9fs 9p2000 file system support", "[    1.490707] Key type asymmetric registered", "[    1.492990] Asymmetric key parser 'x509' registered", "[    1.495708] Block layer SCSI generic (bsg) driver version 0.4 loaded (major 251)", "[    1.499753] io scheduler mq-deadline registered", "[    1.502277] io scheduler kyber registered", "[    1.505856] input: Power Button as /devices/LNXSYSTM:00/LNXPWRBN:00/input/input0", "[    1.510040] ACPI: button: Power Button [PWRF]", "[    1.513727] ACPI: \\_SB_.LNKB: Enabled at IRQ 10", "[    1.520993] ACPI: \\_SB_.LNKC: Enabled at IRQ 11", "[    1.527832] ACPI: \\_SB_.LNKD: Enabled at IRQ 11", "[    1.534478] Serial: 8250/16550 driver, 4 ports, IRQ sharing enabled", "[    1.538399] 00:03: ttyS0 at I/O 0x3f8 (irq = 4, base_baud = 115200) is a 16550A", "[    1.579145] Non-volatile memory driver v1.3", "[    1.581540] Linux agpgart interface v0.103", "[    1.583945] ACPI: bus type drm_connector registered", "[    1.591051] loop: module loaded", "[    1.593251] virtio_blk virtio0: 8/0/0 default/read/poll queues", "[    1.604468] virtio_blk virtio0: [vda] 52428800 512-byte logical blocks (26.8 GB/25.0 GiB)", "[    1.611843]  vda: vda1 vda14 vda15 vda16", "[    1.614956] ata_piix 0000:00:01.1: version 2.13", "[    1.619511] scsi host0: ata_piix", "[    1.621922] scsi host1: ata_piix", "[    1.623796] ata1: PATA max MWDMA2 cmd 0x1f0 ctl 0x3f6 bmdma 0xc0e0 irq 14 lpm-pol 0", "[    1.627965] ata2: PATA max MWDMA2 cmd 0x170 ctl 0x376 bmdma 0xc0e8 irq 15 lpm-pol 0", "[    1.636985] e100: Intel(R) PRO/100 Network Driver", "[    1.639618] e100: Copyright(c) 1999-2006 Intel Corporation", "[    1.642658] e1000: Intel(R) PRO/1000 Network Driver", "[    1.645452] e1000: Copyright (c) 1999-2006 Intel Corporation.", "[    1.648709] e1000e: Intel(R) PRO/1000 Network Driver", "[    1.651493] e1000e: Copyright(c) 1999 - 2015 Intel Corporation.", "[    1.654765] sky2: driver version 1.30", "[    1.657129] usbcore: registered new interface driver usblp", "[    1.660157] usbcore: registered new interface driver usb-storage", "[    1.663468] i8042: PNP: PS/2 Controller [PNP0303:KBD,PNP0f13:MOU] at 0x60,0x64 irq 1,12", "[    1.670596] serio: i8042 KBD port at 0x60,0x64 irq 1", "[    1.673348] serio: i8042 AUX port at 0x60,0x64 irq 12", "[    1.676624] rtc_cmos 00:04: RTC can wake from S4", "[    1.681723] input: AT Translated Set 2 keyboard as /devices/platform/i8042/serio0/input/input1", "[    1.686955] rtc_cmos 00:04: registered as rtc0", "[    1.689816] rtc_cmos 00:04: alarms up to one day, y3k, 242 bytes nvram, hpet irqs", "[    1.694471] device-mapper: ioctl: 4.48.0-ioctl (2023-03-01) initialised: dm-devel@redhat.com", "[    1.699167] intel_pstate: CPU model not supported", "[    1.701874] hid: raw HID events driver (C) Jiri Kosina", "[    1.704911] usbcore: registered new interface driver usbhid", "[    1.708052] usbhid: USB HID core driver", "[    1.712634] Initializing XFRM netlink socket", "[    1.715246] NET: Registered PF_INET6 protocol family", "[    1.719053] Segment Routing with IPv6", "[    1.721245] In-situ OAM (IOAM) with IPv6", "[    1.723581] sit: IPv6, IPv4 and MPLS over IPv4 tunneling driver", "[    1.727095] NET: Registered PF_PACKET protocol family", "[    1.729998] 9pnet: Installing 9P2000 support", "[    1.732590] Key type dns_resolver registered", "[    1.738059] IPI shorthand broadcast: enabled", "[    1.742477] sched_clock: Marking stable (1695015664, 47406076)->(2119062159, -376640419)", "[    1.747509] registered taskstats version 1", "[    1.749842] Loading compiled-in X.509 certificates", "[    1.753993] PM:   Magic number: 9:560:978", "[    1.756346] printk: legacy console [netcon0] enabled", "[    1.759074] netconsole: network logging started", "[    1.761670] cfg80211: Loading compiled-in X.509 certificates for regulatory database", "[    1.766268] kworker/u16:2 (84) used greatest stack depth: 13984 bytes left", "[    1.767289] Loaded X.509 cert 'sforshee: 00b28ddf47aef9cea7'", "[    1.772642] Loaded X.509 cert 'wens: 61c038651aabdcf94bd0ac7ff06c7248db18c600'", "[    1.776224] platform regulatory.0: Direct firmware load for regulatory.db failed with error -2", "[    1.778538] ALSA device list:", "[    1.780499] cfg80211: failed to load regulatory.db", "[    1.782070]   No soundcards found.", "[    2.364300] input: ImExPS/2 Generic Explorer Mouse as /devices/platform/i8042/serio1/input/input3", "[    2.368159] md: Waiting for all devices to be available before autodetect", "[    2.370555] md: If you don't use raid, use raid=noautodetect", "[    2.372514] md: Autodetecting RAID arrays.", "[    2.373949] md: autorun ...", "[    2.374971] md: ... autorun DONE.", "[    2.378773] EXT4-fs (vda1): mounted filesystem c8107c30-aa3b-40eb-bd2a-416a91df85e7 ro with ordered data mode. Quota mode: none.", "[    2.382791] VFS: Mounted root (ext4 filesystem) readonly on device 253:1.", "[    2.385332] devtmpfs: mounted", "[    2.387207] Freeing unused kernel image (initmem) memory: 1416K", "[    2.389310] Write protecting the kernel read-only data: 22528k", "[    2.392144] Freeing unused kernel image (rodata/data gap) memory: 744K", "[    2.404701] x86/mm: Checked W+X mappings: passed, no W+X pages found.", "[    2.407014] Run /sbin/init as init process", "[    2.408486]   with arguments:", "[    2.409604]     /sbin/init", "[    2.410592]     nospectre_bhb", "[    2.411704]   with environment:", "[    2.412873]     HOME=/", "[    2.413781]     TERM=linux", "[    2.414786]     spectre_v2=off", "[    2.415910]     spectre_v2_user=off", "[    2.417189]     pti=off", "SELinux:  Could not open policy file <= /etc/selinux/targeted/policy/policy.33:  No such file or directory", "[    2.643068] systemd[1]: systemd 255.4-1ubuntu8.6 running in system mode (+PAM +AUDIT +SELINUX +APPARMOR +IMA +SMACK +SECCOMP +GCRYPT -GNUTLS +OPENSSL +ACL +BLKID +CURL +ELFUTILS +FIDO2 +IDN2 -IDN +IPTC +KMOD +LIBCRYPTSETUP +LIBFDISK +PCRE2 -PWQUALITY +P11KIT +QRENCODE +TPM2 +BZIP2 +LZ4 +XZ +ZLIB +ZSTD -BPF_FRAMEWORK -XKBCOMMON +UTMP +SYSVINIT default-hierarchy=unified)", "[    2.653984] systemd[1]: Detected virtualization kvm.", "[    2.655831] systemd[1]: Detected architecture x86-64.", "", "Welcome to \u001b[1mUbuntu 24.04.2 LTS\u001b[0m!", "", "", "[    2.664317] systemd[1]: Hostname set to <ubuntu-testing>.", "[    2.696917] snapd-env-gener (92) used greatest stack depth: 13168 bytes left", "[    2.833592] cloud-init-gene (95) used greatest stack depth: 12832 bytes left", "[    2.990108] systemd[1]: Queued start job for default target graphical.target.", "[    2.998936] systemd[1]: Created slice system-modprobe.slice - Slice /system/modprobe.", "[\u001b[0;32m  OK  \u001b[0m] Created slice \u001b[0;1;39msystem-modprobe.slice\u001b[0m - Slice /system/modprobe.", "", "[    3.005293] systemd[1]: Created slice system-serial\\x2dgetty.slice - Slice /system/serial-getty.", "[\u001b[0;32m  OK  \u001b[0m] Created slice \u001b[0;1;39msystem-serial\\x2dget\u2026slice\u001b[0m - Slice /system/serial-getty.", "", "[    3.012562] systemd[1]: Created slice system-systemd\\x2dfsck.slice - Slice /system/systemd-fsck.", "[\u001b[0;32m  OK  \u001b[0m] Created slice \u001b[0;1;39msystem-systemd\\x2dfs\u2026slice\u001b[0m - Slice /system/systemd-fsck.", "", "[    3.019597] systemd[1]: Created slice user.slice - User and Session Slice.", "[\u001b[0;32m  OK  \u001b[0m] Created slice \u001b[0;1;39muser.slice\u001b[0m - User and Session Slice.", "", "[    3.025100] systemd[1]: Started systemd-ask-password-console.path - Dispatch Password Requests to Console Directory Watch.", "[\u001b[0;32m  OK  \u001b[0m] Started \u001b[0;1;39msystemd-ask-password-conso\u2026\u001b[0mequests to Console Directory Watch.", "", "[    3.032820] systemd[1]: Started systemd-ask-password-wall.path - Forward Password Requests to Wall Directory Watch.", "[\u001b[0;32m  OK  \u001b[0m] Started \u001b[0;1;39msystemd-ask-password-wall.\u2026\u001b[0md Requests to Wall Directory Watch.", "", "[    3.040386] systemd[1]: Set up automount proc-sys-fs-binfmt_misc.automount - Arbitrary Executable File Formats File System Automount Point.", "[\u001b[0;32m  OK  \u001b[0m] Set up automount \u001b[0;1;39mproc-sys-fs-binfm\u2026\u001b[0mormats File System Automount Point.", "", "[    3.048530] systemd[1]: Expecting device dev-disk-by\\x2dlabel-BOOT.device - /dev/disk/by-label/BOOT...", "Expecting device \u001b[0;1;39mdev-disk-by\\x2dla\u2026device\u001b[0m - /dev/disk/by-label/BOOT...", "", "[    3.055226] systemd[1]: Expecting device dev-disk-by\\x2dlabel-UEFI.device - /dev/disk/by-label/UEFI...", "Expecting device \u001b[0;1;39mdev-disk-by\\x2dla\u2026device\u001b[0m - /dev/disk/by-label/UEFI...", "", "[    3.061859] systemd[1]: Expecting device dev-ttyS0.device - /dev/ttyS0...", "Expecting device \u001b[0;1;39mdev-ttyS0.device\u001b[0m - /dev/ttyS0...", "", "[    3.066904] systemd[1]: Reached target cryptsetup.target - Local Encrypted Volumes.", "[\u001b[0;32m  OK  \u001b[0m] Reached target \u001b[0;1;39mcryptsetup.target\u001b[0m - Local Encrypted Volumes.", "", "[    3.073090] systemd[1]: Reached target integritysetup.target - Local Integrity Protected Volumes.", "[\u001b[0;32m  OK  \u001b[0m] Reached target \u001b[0;1;39mintegritysetup.targ\u2026\u001b[0m Local Integrity Protected Volumes.", "", "[    3.080000] systemd[1]: Reached target remote-fs.target - Remote File Systems.", "[\u001b[0;32m  OK  \u001b[0m] Reached target \u001b[0;1;39mremote-fs.target\u001b[0m - Remote File Systems.", "", "[    3.085868] systemd[1]: Reached target slices.target - Slice Units.", "[\u001b[0;32m  OK  \u001b[0m] Reached target \u001b[0;1;39mslices.target\u001b[0m - Slice Units.", "", "[    3.091028] systemd[1]: Reached target snapd.mounts-pre.target - Mounting snaps.", "[\u001b[0;32m  OK  \u001b[0m] Reached target \u001b[0;1;39msnapd.mounts-pre.target\u001b[0m - Mounting snaps.", "", "[    3.096910] systemd[1]: Reached target snapd.mounts.target - Mounted snaps.", "[\u001b[0;32m  OK  \u001b[0m] Reached target \u001b[0;1;39msnapd.mounts.target\u001b[0m - Mounted snaps.", "", "[    3.102647] systemd[1]: Reached target swap.target - Swaps.", "[\u001b[0;32m  OK  \u001b[0m] Reached target \u001b[0;1;39mswap.target\u001b[0m - Swaps.", "", "[    3.107166] systemd[1]: Reached target veritysetup.target - Local Verity Protected Volumes.", "[\u001b[0;32m  OK  \u001b[0m] Reached target \u001b[0;1;39mveritysetup.target\u001b[0m - Local Verity Protected Volumes.", "", "[    3.113837] systemd[1]: Listening on systemd-fsckd.socket - fsck to fsckd communication Socket.", "[\u001b[0;32m  OK  \u001b[0m] Listening on \u001b[0;1;39msystemd-fsckd.socket\u001b[0m \u2026fsck to fsckd communication Socket.", "", "[    3.120759] systemd[1]: Listening on systemd-initctl.socket - initctl Compatibility Named Pipe.", "[\u001b[0;32m  OK  \u001b[0m] Listening on \u001b[0;1;39msystemd-initctl.socke\u2026\u001b[0m- initctl Compatibility Named Pipe.", "", "[    3.127694] systemd[1]: Listening on systemd-journald-dev-log.socket - Journal Socket (/dev/log).", "[\u001b[0;32m  OK  \u001b[0m] Listening on \u001b[0;1;39msystemd-journald-dev-\u2026socket\u001b[0m - Journal Socket (/dev/log).", "", "[    3.134683] systemd[1]: Listening on systemd-journald.socket - Journal Socket.", "[\u001b[0;32m  OK  \u001b[0m] Listening on \u001b[0;1;39msystemd-journald.socket\u001b[0m - Journal Socket.", "", "[    3.140719] systemd[1]: Listening on systemd-networkd.socket - Network Service Netlink Socket.", "[\u001b[0;32m  OK  \u001b[0m] Listening on \u001b[0;1;39msystemd-networkd.socket\u001b[0m - Network Service Netlink Socket.", "", "[    3.147527] systemd[1]: systemd-pcrextend.socket - TPM2 PCR Extension (Varlink) was skipped because of an unmet condition check (ConditionSecurity=measured-uki).", "[    3.153022] systemd[1]: Listening on systemd-udevd-control.socket - udev Control Socket.", "[\u001b[0;32m  OK  \u001b[0m] Listening on \u001b[0;1;39msystemd-udevd-control.socket\u001b[0m - udev Control Socket.", "", "[    3.159623] systemd[1]: Listening on systemd-udevd-kernel.socket - udev Kernel Socket.", "[\u001b[0;32m  OK  \u001b[0m] Listening on \u001b[0;1;39msystemd-udevd-kernel.socket\u001b[0m - udev Kernel Socket.", "", "[    3.175582] systemd[1]: Mounting dev-hugepages.mount - Huge Pages File System...", "Mounting \u001b[0;1;39mdev-hugepages.mount\u001b[0m - Huge Pages File System...", "", "[    3.181926] systemd[1]: Mounting dev-mqueue.mount - POSIX Message Queue File System...", "Mounting \u001b[0;1;39mdev-mqueue.mount\u001b[0m - POSIX Message Queue File System...", "", "[    3.188372] systemd[1]: Mounting sys-kernel-debug.mount - Kernel Debug File System...", "Mounting \u001b[0;1;39msys-kernel-debug.mount\u001b[0m - Kernel Debug File System...", "", "[    3.194544] systemd[1]: Mounting sys-kernel-tracing.mount - Kernel Trace File System...", "Mounting \u001b[0;1;39msys-kernel-tracing.mount\u001b[0m - Kernel Trace File System...", "", "[    3.200501] systemd[1]: systemd-journald.service: unit configures an IP firewall, but the local system does not support BPF/cgroup firewalling.", "[    3.204535] systemd[1]: systemd-journald.service: (This warning is only shown for the first unit using IP firewalling.)", "[    3.208616] systemd[1]: Starting systemd-journald.service - Journal Service...", "Starting \u001b[0;1;39msystemd-journald.service\u001b[0m - Journal Service...", "", "[    3.214516] systemd[1]: Starting keyboard-setup.service - Set the console keyboard layout...", "[    3.217604] systemd[1]: kmod-static-nodes.service - Create List of Static Device Nodes was skipped because of an unmet condition check (ConditionFileNotEmpty=/lib/modules/6.8.0/modules.devname).", "Starting \u001b[0;1;39mkeybo[    3.224890] systemd[1]: Starting modprobe@configfs.service - Load Kernel Module configfs...", "ard-setup.service\u001b[0m - Set the
[    3.230256] systemd[1]: Starting modprobe@dm_mod.service - Load Kernel Module dm_mod...", "console keyboard layout...", "", "Starting \u001b[0;1;39mmodprobe@configfs.service\u001b[0m - Load Kernel Module confi[    3.236697] systemd[1]: Starting modprobe@drm.service - Load Kernel Module drm...", "gfs...", "", "Starting \u001b[0;1;39mmodprobe@dm_mod.service\u001b[0m - Load Kernel Module dm_mod...", "", "Starting \u001b[0;1;39mmodprobe@drm.service\u001b[0m - Load Kern[    3.245302] systemd[1]: Starting modprobe@efi_pstore.service - Load Kernel Module efi_pstore...", "el Module drm...", "", "Starting \u001b[0;1;39mmodprobe@efi_pstore.servi\u2026\u001b[0m - Load Kernel Module efi_pstore...", "", "[    3.257132] systemd[1]: Starting modprobe@fuse.service - Load Kernel Module fuse...", "Starting \u001b[0;1;39mmodprobe@fuse.service\u001b[0m - Load Kernel Module fuse...", "", "[    3.267816] systemd[1]: Starting modprobe@loop.service - Load Kernel Module loop...", "Starting \u001b[0;1;39mmodprobe@loop.service\u001b[0m - Load Kernel Module loop...", "", "[    3.273787] systemd[1]: netplan-ovs-cleanup.service - OpenVSwitch configuration for cleanup was skipped because of an unmet condition check (ConditionFileIsExecutable=/usr/bin/ovs-vsctl).", "[    3.281631] systemd[1]: Starting systemd-fsck-root.service - File System Check on Root Device...", "Starting \u001b[0;1;39msystemd-fsck-root.service\u001b[0m\u2026File System Check on Root Device...", "", "[    3.290732] systemd[1]: Starting systemd-modules-load.service - Load Kernel Modules...", "Starting \u001b[0;1;39msystemd-modules-load.service\u001b[0m - Load Kernel Modules...", "", "[    3.297100] systemd[1]: systemd-pcrmachine.service - TPM2 PCR Machine ID Measurement was skipped because of an unmet condition check (ConditionSecurity=measured-uki).", "[    3.302671] systemd[1]: Starting systemd-tmpfiles-setup-dev-early.service - Create Static Device Nodes in /dev gracefully...", "[    3.306589] systemd[1]: systemd-tpm2-setup-early.service - TPM2 SRK Setup (Early) was skipped because of an unmet condition check (ConditionSecurity=measured-uki).", "Starting \u001b[0;1;39msystemd-tmpfiles-setup-de\u2026\u001b[0m Device Nodes in /dev gracefully...", "", "[    3.316675] systemd[1]: Starting systemd-udev-trigger.service - Coldplug All udev Devices...", "Starting \u001b[0;1;39msyste[    3.321589] systemd[1]: Mounted dev-hugepages.mount - Huge Pages File System.", "md-udev-trigger.service\u001b[0m - Co[    3.327529] systemd[1]: Mounted dev-mqueue.mount - POSIX Message Queue File System.", "ldplug All udev Devices...", "", "[\u001b[[    3.331297] systemd[1]: Mounted sys-kernel-debug.mount - Kernel Debug File System.", "0;32m  OK  \u001b[0m] Mounted \u001b[0;1;39mdev-hugepages.mount\u001b[0m - Huge Pages File System.", "", "[\u001b[0;32m  OK  \u001b[0m] Mounted \u001b[0;1;39mdev-mqueue.mount\u001b[0m - POSIX Message Queue File System.", "", "[\u001b[0;32m  OK  \u001b[0m] Mounted \u001b[0;1;39msys-kernel-debug.mount\u001b[0m - Kernel Debug File System.", "", "[    3.352000] systemd[1]: Mounted sys-kernel-tracing.mount - Kernel Trace File System.", "[\u001b[0;32m  OK  \u001b[0m] Mounted \u001b[0;1;39msys-kernel-tracing.mount\u001b[0m - Kernel Trace File System.", "", "[    3.359671] systemd[1]: Finished keyboard-setup.service - Set the console keyboard layout.", "[\u001b[0;32m  OK  \u001b[0m] Finished \u001b[0;1;39mkeyboard-setup.service\u001b[0m - Set the console keyboard layout.", "", "[    3.366901] systemd[1]: modprobe@configfs.service: Deactivated successfully.", "[    3.370385] systemd[1]: Finished modprobe@configfs.service - Load Kernel Module configfs.", "[\u001b[0;32m  OK  \u001b[0m] Finished \u001b[0;1;39mmodprobe@configfs.service\u001b[0m - Load Kernel Module configfs.", "", "[    3.377718] systemd[1]: modprobe@dm_mod.service: Deactivated successfully.", "[    3.380822] systemd[1]: Finished modprobe@dm_mod.service - Load Kernel Module dm_mod.", "[\u001b[0;32m  OK  \u001b[0m] Finished \u001b[0;1;39mmodprobe@dm_mod.service\u001b[0m - Load Kernel Module dm_mod.", "", "[    3.388129] systemd[1]: modprobe@drm.service: Deactivated successfully.", "[    3.390034] systemd-journald[133]: Collecting audit messages is disabled.", "[    3.391469] systemd[1]: Finished modprobe@drm.service - Load Kernel Module drm.", "[\u001b[0;32m  OK  \u001b[0m] Finished \u001b[0;1;39mmodprobe@drm.service\u001b[0m - Load Kernel Module drm.", "", "[    3.399889] systemd[1]: modprobe@efi_pstore.service: Deactivated successfully.", "[    3.402609] systemd[1]: Finished modprobe@efi_pstore.service - Load Kernel Module efi_pstore.", "[\u001b[0;32m  OK  \u001b[0m] Finished \u001b[0;1;39mmodprobe@efi_pstore.service\u001b[0m - Load Kernel Module efi_pstore.", "", "[    3.409174] systemd[1]: Started systemd-journald.service - Journal Service.", "[\u001b[0;32m  OK  \u001b[0m] Started \u001b[0;1;39msystemd-journald.service\u001b[0m - Journal Service.", "", "[\u001b[0;32m  OK  \u001b[0m] Finished \u001b[0;1;39mmodprobe@fuse.service\u001b[0m - Load Kernel Module fuse.", "", "[\u001b[0;32m  OK  \u001b[0m] Finished \u001b[0;1;39mmodprobe@loop.service\u001b[0m - Load Kernel Module loop.", "", "[\u001b[0;32m  OK  \u001b[0m] Finished \u001b[0;1;39msystemd-fsck-root.service\u001b[0m - File System Check on Root Device.", "", "[\u001b[0;32m  OK  \u001b[0m] Finished \u001b[0;1;39msystemd-modules-load.service\u001b[0m - Load Kernel Modules.", "", "[\u001b[0;32m  OK  \u001b[0m] Finished \u001b[0;1;39msystemd-tmpfiles-setup-de\u2026\u001b[0mic Device Nodes in /dev gracefully.", "", "[\u001b[0;32m  OK  \u001b[0m] Finished \u001b[0;1;39msystemd-udev-trigger.service\u001b[0m - Coldplug All udev Devices.", "", "[\u001b[0;32m  OK  \u001b[0m] Started \u001b[0;1;39msystemd-fsckd.service\u001b[0m - Fi\u2026stem Check Daemon to report status.", "", "Starting \u001b[0;1;39msystemd-remount-fs.servic\u2026\u001b[0munt Root and Kernel File Systems...", "", "Starting \u001b[0;1;39msystemd-sysctl.service\u001b[0m - Apply Kernel Variables...", "", "[\u001b[0;32m  OK  \u001b[0m] Finished \u001b[0;1;39msystemd-sysctl.service\u001b[0m - Apply Kernel Variables.", "", "[    3.500891] EXT4-fs (vda1): re-mounted c8107c30-aa3b-40eb-bd2a-416a91df85e7 r/w. Quota mode: none.", "[\u001b[0;32m  OK  \u001b[0m] Finished \u001b[0;1;39msystemd-remount-fs.servic\u2026\u001b[0mmount Root and Kernel File Systems.", "", "Starting \u001b[0;1;39msystemd-journal-flush.ser\u2026\u001b[0msh Journal to Persistent Storage...", "", "Starting \u001b[0;1;39msyste[    3.532548] systemd-journald[133]: Received client request to flush runtime journal.", "md-random-seed.service\u001b[0m - Load/Save OS Random Seed...", "", "Starting \u001b[0;1;39msystemd-sysusers.service\u001b[0m - Create System Users...", "", "[\u001b[0;32m  OK  \u001b[0m] Finished \u001b[0;1;39msystemd-random-seed.service\u001b[0m - Load/Save OS Random Seed.", "", "[\u001b[0;32m  OK  \u001b[0m] Finished \u001b[0[    3.555894] systemd-journald[133]: /var/log/journal/26d7b7c94826499bb6e00a5f602ee679/system.journal: Journal file uses a different sequence number ID, rotating.", ";1;39msystemd-sy[    3.560812] systemd-journald[133]: Rotating system journal.", "susers.service\u001b[0m - Create System Users.", "", "Starting \u001b[0;1;39msystemd-tmpfiles-setup-de\u2026\u001b[0meate Static Device Nodes in /dev...", "", "[\u001b[0;32m  OK  \u001b[0m] Finished \u001b[0;1;39msystemd-tmpfiles-setup-de\u2026\u001b[0mCreate Static Device Nodes in /dev.", "", "[\u001b[0;32m  OK  \u001b[0m] Reached target \u001b[0;1;39mlocal-fs-pre.target\u001b[0m\u2026Preparation for Local File Systems.", "", "Starting \u001b[0;1;39msystemd-udevd.service\u001b[0m - R\u2026ager for Device Events and Files...", "", "[\u001b[0;32m  OK  \u001b[0m] Finished \u001b[0;1;39msystemd-journal-flush.ser\u2026\u001b[0mlush Journal to Persistent Storage.", "", "[\u001b[0;32m  OK  \u001b[0m] Started \u001b[0;1;39msystemd-udevd.service\u001b[0m - Ru\u2026anager for Device Events and Files.", "", "Starting \u001b[0;1;39msystemd-networkd.service\u001b[0m - Network Configuration...", "", "[\u001b[0;32m  OK  \u001b[0m] Found device \u001b[0;1;39mdev-ttyS0.device\u001b[0m - /dev/ttyS0.", "", "[    3.742540] virtio_net virtio1 ens3: renamed from eth0", "[\u001b[0;32m  OK  \u001b[0m] Listening on \u001b[0;1;39msystemd-rfkill.socket\u001b[0m\u2026ll Switch Status /dev/rfkill Watch.", "", "[\u001b[0;32m  OK  \u001b[0m] Found device \u001b[0;1;39mdev-disk-by\\x2dlabel-\u2026I.device\u001b[0m - /dev/disk/by-label/UEFI.", "", "[\u001b[0;32m  OK  \u001b[0m] Found device \u001b[0;1;39mdev-disk-by\\x2dlabel-\u2026T.device\u001b[0m - /dev/disk/by-label/BOOT.", "", "Starting \u001b[0;1;39msystemd-fsck@dev-disk-by\\\u2026\u001b[0mCheck on /dev/disk/by-label/BOOT...", "", "[\u001b[0;32m  OK  \u001b[0m] Started \u001b[0;1;39msystemd-networkd.service\u001b[0m - Network Configuration.", "", "[\u001b[0;32m  OK  \u001b[0m] Finished \u001b[0;1;39msystemd-fsck@dev-disk-by\\\u2026\u001b[0mm Check on /dev/disk/by-label/BOOT.", "", "Mounting \u001b[0;1;39mboot.mount\u001b[0m - /boot...", "", "[    3.883469] EXT4-fs (vda16): mounted filesystem 7164fb69-891e-447e-91ac-9486a0886759 r/w with ordered data mode. Quota mode: none.", "[\u001b[0;32m  OK  \u001b[0m] Mounted \u001b[0;1;39mboot.mount\u001b[0m - /boot.", "", "Mounting \u001b[0;1;39mboot-efi.mount\u001b[0m - /boot/efi...", "", "[    3.902816] FAT-fs (vda15): Volume was not properly unmounted. Some data may be corrupt. Please run fsck.", "[\u001b[0;32m  OK  \u001b[0m] Mounted \u001b[0;1;39mboot-efi.mount\u001b[0m - /boot/efi.", "", "[\u001b[0;32m  OK  \u001b[0m] Reached target \u001b[0;1;39mlocal-fs.target\u001b[0m - Local File Systems.", "", "[\u001b[0;32m  OK  \u001b[0m] Listening on \u001b[0;1;39msystemd-sysext.socket\u001b[0m\u2026tension Image Management (Varlink).", "", "Starting \u001b[0;1;39mconsole-setup.service\u001b[0m - Set console font and keymap...", "", "Starting \u001b[0;1;39mldconfig.service\u001b[0m - Rebuild Dynamic Linker Cache...", "", "Starting \u001b[0;1;39msystemd-binfmt.service\u001b[0m - Set Up Additional Binary Formats...", "", "Starting \u001b[0;1;39msystemd-tmpfiles-setup.se\u2026\u001b[0me Volatile Files and Directories...", "", "[\u001b[0;32m  OK  \u001b[0m] Finished \u001b[0;1;39mconsole-setup.service\u001b[0m - Set console font and keymap.", "", "Mounting \u001b[0;1;39mproc-sys-fs-binfmt_misc.m\u2026\u001b[0mcutable File Formats File System...", "", "[\u001b[0;32m  OK  \u001b[0m] Finished \u001b[0;1;39msystemd-tmpfiles-setup.se\u2026\u001b[0mate Volatile Files and Directories.", "", "[\u001b[0;32m  OK  \u001b[0m] Finished \u001b[0;1;39mldconfig.service\u001b[0m - Rebuild Dynamic Linker Cache.", "", "[\u001b[0;32m  OK  \u001b[0m] Mounted \u001b[0;1;39mproc-sys-fs-binfmt_misc.mo\u2026\u001b[0mxecutable File Formats File System.", "", "Starting \u001b[0;1;39msystemd-journal-catalog-u\u2026ervice\u001b[0m - Rebuild Journal Catalog...", "", "Starting \u001b[0;1;39msystemd-resolved.service\u001b[0m - Network Name Resolution...", "", "Starting \u001b[0;1;39msystemd-timesyncd.service\u001b[0m - Network Time Synchronization...", "", "Starting \u001b[0;1;39msystemd-update-utmp.servi\u2026\u001b[0mord System Boot/Shutdown in UTMP...", "", "[\u001b[0;32m  OK  \u001b[0m] Finished \u001b[0;1;39msystemd-binfmt.service\u001b[0m - Set Up Additional Binary Formats.", "", "[\u001b[0;32m  OK  \u001b[0m] Finished \u001b[0;1;39msystemd-update-utmp.servi\u2026\u001b[0mecord System Boot/Shutdown in UTMP.", "", "[\u001b[0;32m  OK  \u001b[0m] Finished \u001b[0;1;39msystemd-journal-catalog-u\u2026.service\u001b[0m - Rebuild Journal Catalog.", "", "Starting \u001b[0;1;39msystemd-update-done.service\u001b[0m - Update is Completed...", "", "[\u001b[0;32m  OK  \u001b[0m] Finished \u001b[0;1;39msystemd-update-done.service\u001b[0m - Update is Completed.", "", "[\u001b[0;32m  OK  \u001b[0m] Started \u001b[0;1;39msystemd-timesyncd.service\u001b[0m - Network Time Synchronization.", "", "[\u001b[0;32m  OK  \u001b[0m] Reached target \u001b[0;1;39mtime-set.target\u001b[0m - System Time Set.", "", "[\u001b[0;32m  OK  \u001b[0m] Started \u001b[0;1;39msystemd-resolved.service\u001b[0m - Network Name Resolution.", "", "[\u001b[0;32m  OK  \u001b[0m] Reached target \u001b[0;1;39mnetwork.target\u001b[0m - Network.", "", "[\u001b[0;32m  OK  \u001b[0m] Reached target \u001b[0;1;39mnss-lookup.target\u001b[0m - Host and Network Name Lookups.", "", "[\u001b[0;32m  OK  \u001b[0m] Reached target \u001b[0;1;39msysinit.target\u001b[0m - System Initialization.", "", "[\u001b[0;32m  OK  \u001b[0m] Started \u001b[0;1;39mapt-daily.timer\u001b[0m - Daily apt download activities.", "", "[\u001b[0;32m  OK  \u001b[0m] Started \u001b[0;1;39mapt-daily-upgrade.timer\u001b[0m - \u2026y apt upgrade and clean activities.", "", "[\u001b[0;32m  OK  \u001b[0m] Started \u001b[0;1;39mdpkg-db-backup.timer\u001b[0m - Daily dpkg database backup timer.", "", "[\u001b[0;32m  OK  \u001b[0m] Started \u001b[0;1;39me2scrub_all.timer\u001b[0m - Period\u2026Metadata Check for All Filesystems.", "", "[\u001b[0;32m  OK  \u001b[0m] Started \u001b[0;1;39mfstrim.timer\u001b[0m - Discard unused filesystem blocks once a week.", "", "[\u001b[0;32m  OK  \u001b[0m] Started \u001b[0;1;39mmotd-news.timer\u001b[0m - Message of the Day.", "", "[\u001b[0;32m  OK  \u001b[0m] Started \u001b[0;1;39mphpsessionclean.timer\u001b[0m - Clean PHP session files every 30 mins.", "", "[\u001b[0;32m  OK  \u001b[0m] Started \u001b[0;1;39msystemd-tmpfiles-clean.tim\u2026\u001b[0my Cleanup of Temporary Directories.", "", "[\u001b[0;32m  OK  \u001b[0m] Reached target \u001b[0;1;39mpaths.target\u001b[0m - Path Units.", "", "[\u001b[0;32m  OK  \u001b[0m] Reached target \u001b[0;1;39mtimers.target\u001b[0m - Timer Units.", "", "[\u001b[0;32m  OK  \u001b[0m] Listening on \u001b[0;1;39mdbus.socket\u001b[0m - D-Bus System Message Bus Socket.", "", "Starting \u001b[0;1;39mlxd-installer.socket\u001b[0m - He\u2026er to install lxd snap on demand...", "", "Starting \u001b[0;1;39msnapd.socket\u001b[0m - Socket activation for snappy daemon...", "", "[\u001b[0;32m  OK  \u001b[0m] Listening on \u001b[0;1;39mssh.socket\u001b[0m - OpenBSD Secure Shell server socket.", "", "[\u001b[0;32m  OK  \u001b[0m] Listening on \u001b[0;1;39mlxd-installer.socket\u001b[0m \u2026lper to install lxd snap on demand.", "", "[\u001b[0;32m  OK  \u001b[0m] Listening on \u001b[0;1;39msnapd.socket\u001b[0m - Socket activation for snappy daemon.", "", "[\u001b[0;32m  OK  \u001b[0m] Reached target \u001b[0;1;39msockets.target\u001b[0m - Socket Units.", "", "[\u001b[0;32m  OK  \u001b[0m] Reached target \u001b[0;1;39mbasic.target\u001b[0m - Basic System.", "", "Starting \u001b[0;1;39mapport.service\u001b[0m - automatic crash report generation...", "", "Starting \u001b[0;1;39mdbus.service\u001b[0m - D-Bus System Message Bus...", "", "Starting \u001b[0;1;39me2scrub_reap.service\u001b[0m - Re\u2026ne ext4 Metadata Check Snapshots...", "", "Starting \u001b[0;1;39mgrub-common.service\u001b[0m - Record successful boot for GRUB...", "", "Starting \u001b[0;1;39mphpsessionclean.service\u001b[0m - Clean php session files...", "", "[\u001b[0;32m  OK  \u001b[0m] Reached target \u001b[0;1;39mgetty-pre.target\u001b[0m - Preparation for Logins.", "", "Starting \u001b[0;1;39msnapd.seeded.service\u001b[0m - Wait until snapd is fully seeded...", "", "Starting \u001b[0;1;39msnapd.service\u001b[0m - Snap Daemon...", "", "Starting \u001b[0;1;39msystemd-logind.service\u001b[0m - User Login Management...", "", "Starting \u001b[0;1;39msystemd-user-sessions.service\u001b[0m - Permit User Sessions...", "", "[\u001b[0;32m  OK  \u001b[0m] Started \u001b[0;1;39mdbus.service\u001b[0m - D-Bus System Message Bus.", "", "[\u001b[0;32m  OK  \u001b[0m] Finished \u001b[0;1;39me2scrub_reap.service\u001b[0m - Re\u2026line ext4 Metadata Check Snapshots.", "", "[\u001b[0;32m  OK  \u001b[0m] Finished \u001b[0;1;39msystemd-user-sessions.service\u001b[0m - Permit User Sessions.", "", "[\u001b[0;32m  OK  \u001b[0m] Started \u001b[0;1;39mserial-getty@ttyS0.service\u001b[0m - Serial Getty on ttyS0.", "", "Starting \u001b[0;1;39msetvtrgb.service\u001b[0m - Set console scheme...", "", "[\u001b[0;32m  OK  \u001b[0m] Finished \u001b[0;1;39msetvtrgb.service\u001b[0m - Set console scheme.", "", "[\u001b[0;32m  OK  \u001b[0m] Created slice \u001b[0;1;39msystem-getty.slice\u001b[0m - Slice /system/getty.", "", "[\u001b[0;32m  OK  \u001b[0m] Started \u001b[0;1;39mgetty@tty1.service\u001b[0m - Getty on tty1.", "", "[\u001b[0;32m  OK  \u001b[0m] Reached target \u001b[0;1;39mgetty.target\u001b[0m - Login Prompts.", "", "[\u001b[0;32m  OK  \u001b[0m] Started \u001b[0;1;39msystemd-logind.service\u001b[0m - User Login Management.", "", "[\u001b[0;32m  OK  \u001b[0m] Started \u001b[0;1;39munattended-upgrades.service\u001b[0m - Unattended Upgrades Shutdown.", "", "[\u001b[0;32m  OK  \u001b[0m] Finished \u001b[0;1;39mgrub-common.service\u001b[0m - Record successful boot for GRUB.", "", "Starting \u001b[0;1;39mgrub-initrd-fallback.service\u001b[0m - GRUB failed boot detection...", "", "[\u001b[0;32m  OK  \u001b[0m] Finished \u001b[0;1;39mgrub-initrd-fallback.service\u001b[0m - GRUB failed boot detection.", "", "[\u001b[0;32m  OK  \u001b[0m] Finished \u001b[0;1;39mphpsessionclean.service\u001b[0m - Clean php session files.", "", "[    4.782009] loop0: detected capacity change from 0 to 8", "[\u001b[0;32m  OK  \u001b[0m] Started \u001b[0;1;39msnapd.service\u001b[0m - Snap Daemon.", "", "Starting \u001b[0;1;39msystemd-timedated.service\u001b[0m - Time & Date Service...", "", "[\u001b[0;32m  OK  \u001b[0m] Finished \u001b[0;1;39mapport.service\u001b[0m - automatic crash report generation.", "", "[\u001b[0;32m  OK  \u001b[0m] Started \u001b[0;1;39msystemd-timedated.service\u001b[0m - Time & Date Service.", "", "[\u001b[0;32m  OK  \u001b[0m] Finished \u001b[0;1;39msnapd.seeded.service\u001b[0m - Wait until snapd is fully seeded.", "", "[\u001b[0;32m  OK  \u001b[0m] Reached target \u001b[0;1;39mmulti-user.target\u001b[0m - Multi-User System.", "", "[\u001b[0;32m  OK  \u001b[0m] Reached target \u001b[0;1;39mgraphical.target\u001b[0m - Graphical Interface.", "", "Starting \u001b[0;1;39msystemd-update-utmp-runle\u2026\u001b[0m- Record Runlevel Change in UTMP...", "", "[\u001b[0;32m  OK  \u001b[0m] Finished \u001b[0;1;39msystemd-update-utmp-runle\u2026e\u001b[0m - Record Runlevel Change in UTMP.", "", "", "", "Ubuntu 24.04.2 LTS ubuntu-testing ttyS0", "", "ubuntu-testing login: root (automatic login)", "", "", "Welcome to Ubuntu 24.04.2 LTS (GNU/Linux 6.8.0 x86_64)", "", "* Documentation:  https://help.ubuntu.com", "* Management:     https://landscape.canonical.com", "* Support:        https://ubuntu.com/pro", "", "This system has been minimized by removing packages and content that are", "not required on a system that users do not log into.", "", "To restore this content, you can run the 'unminimize' command.", "[    5.294021] MICROWAVE FRAMEWORK TESTER", "[    5.295991] [TAG: RUNNING STRESSNG-BENCH]", "[    5.297519] Starting stressng-bench...", "[    8.136249] (udev-worker) (197) used greatest stack depth: 12696 bytes left", "[  963.220074] sched: RT throttling activated", "[  997.275722] sched: RT throttling activated", "[ 1031.310401] sched: RT throttling activated", "[ 1887.782508] hrtimer: interrupt took 232991 ns", "[ 1920.368835] hrtimer: interrupt took 293128 ns", "[ 1960.167563] hrtimer: interrupt took 759156 ns", "[ 2393.989454] kworker/dying (11) used greatest stack depth: 12552 bytes left", "[ 3061.136804] hrtimer: interrupt took 5352103 ns", "[ 3097.326894] hrtimer: interrupt took 3262339 ns", "[ 3127.011336] hrtimer: interrupt took 10031679 ns", "[ 3530.470042] hrtimer: interrupt took 2225911 ns", "[ 3587.167240] Latest saved result: 2025-05-16-2226", "[ 3587.354070]", "[ 3587.432106] 2025-05-16-2226", "[ 3587.432106] KVM QEMU testing on Ubuntu 24.04 via the Phoronix Test Suite.", "[ 3587.432106]", "[ 3587.432106]", "[ 3587.432106] 2025-05-16 22:26:", "[ 3587.432106]", "[ 3587.432106] \tProcessor: QEMU Virtual 2.5+ (4 Cores), Motherboard: QEMU Ubuntu 25.04 PC (i440FX + PIIX 1996) (1.16.3-debian-1.16.3-2 BIOS), Chipset: Intel 440FX 82441FX PMC, Memory: 1 x 8 GB RAM QEMU, Disk: 24GB, Network: Red Hat Virtio device", "[ 3587.432106]", "[ 3587.432106] \tOS: Ubuntu 24.04, Kernel: 6.8.0-59-generic (x86_64), Compiler: GCC 13.3.0, File-System: ext4, System Layer: KVM QEMU", "[ 3587.432106]", "[ 3587.449803]", "[ 3589.724077] [TAG: STRESSNG-BENCH COMPLETE]", "[ 3589.725667] MICROWAVE FRAMEWORK TESTER", "\u001b[?2004hroot@ubuntu-testing:~# \u001b[?2004l", "Stoppin[\u001b[0;32m  OK  \u001b[0m] Removed slice \u001b[0;1;39msystem-modprobe.slice\u001b[0m - Slice /system/modprobe.", "", "[\u001b[0;32m  OK  \u001b[0m] Stopped target \u001b[0;1;39mgraphical.target\u001b[0m - Graphical Interface.", "", "[\u001b[0;32m  OK  \u001b[0m] Stopped target \u001b[0;1;39mmulti-user.target\u001b[0m - Multi-User System.", "", "[\u001b[0;32m  OK  \u001b[0m] Stopped target \u001b[0;1;39mgetty.target\u001b[0m - Login Prompts.", "", "[\u001b[0;32m  OK  \u001b[0m] Stopped target \u001b[0;1;39mnss-lookup.target\u001b[0m - Host and Network Name Lookups.", "", "[\u001b[0;32m  OK  \u001b[0m] Stopped target \u001b[0;1;39mtimers.target\u001b[0m - Timer Units.", "", "[\u001b[0;32m  OK  \u001b[0m] Stopped \u001b[0;1;39mapt-daily-upgrade.timer\u001b[0m - \u2026y apt upgrade and clean activities.", "", "[\u001b[0;32m  OK  \u001b[0m] Stopped \u001b[0;1;39mapt-daily.timer\u001b[0m - Daily apt download activities.", "", "[\u001b[0;32m  OK  \u001b[0m] Stopped \u001b[0;1;39mdpkg-db-backup.timer\u001b[0m - Daily dpkg database backup timer.", "", "[\u001b[0;32m  OK  \u001b[0m] Stopped \u001b[0;1;39me2scrub_all.timer\u001b[0m - Period\u2026Metadata Check for All Filesystems.", "", "[\u001b[0;32m  OK  \u001b[0m] Stopped \u001b[0;1;39mfstrim.timer\u001b[0m - Discard unused filesystem blocks once a week.", "", "[\u001b[0;32m  OK  \u001b[0m] Stopped \u001b[0;1;39mmotd-news.timer\u001b[0m - Message of the Day.", "", "[\u001b[0;32m  OK  \u001b[0m] Stopped \u001b[0;1;39mphpsessionclean.timer\u001b[0m - Clean PHP session files every 30 mins.", "", "[\u001b[0;32m  OK  \u001b[0m] Stopped \u001b[0;1;39msystemd-tmpfiles-clean.tim\u2026\u001b[0my Cleanup of Temporary Directories.", "", "[\u001b[0;32m  OK  \u001b[0m] Stopped target \u001b[0;1;39mtime-set.target\u001b[0m - System Time Set.", "", "[\u001b[0;32m  OK  \u001b[0m] Closed \u001b[0;1;39msystemd-rfkill.socket\u001b[0m - Loa\u2026ll Switch Status /dev/rfkill Watch.", "", "Stopping \u001b[0;1;39mapport.service\u001b[0m - automatic crash report generation...", "", "Stopping \u001b[0;1;39mgetty@tty1.service\u001b[0m - Getty on tty1...", "", "Stopping \u001b[0;1;39mserial-getty@ttyS0.service\u001b[0m - Serial Getty on ttyS0...", "", "[\u001b[0;32m  OK  \u001b[0m] Stopped \u001b[0;1;39msnapd.seeded.service\u001b[0m - Wait until snapd is fully seeded.", "", "Stopping \u001b[0;1;39msystemd-random-seed.service\u001b[0m - Load/Save OS Random Seed...", "", "[\u001b[0;32m  OK  \u001b[0m] Stopped \u001b[0;1;39mserial-getty@ttyS0.service\u001b[0m - Serial Getty on ttyS0.", "", "[\u001b[0;32m  OK  \u001b[0m] Stopped \u001b[0;1;39mgetty@tty1.service\u001b[0m - Getty on tty1.", "", "[\u001b[0;32m  OK  \u001b[0m] Stopped \u001b[0;1;39msession-1.scope\u001b[0m - Session 1 of User root.", "", "[\u001b[0;32m  OK  \u001b[0m] Stopped \u001b[0;1;39msystemd-random-seed.service\u001b[0m - Load/Save OS Random Seed.", "", "[\u001b[0;32m  OK  \u001b[0m] Removed slice \u001b[0;1;39msystem-getty.slice\u001b[0m - Slice /system/getty.", "", "[\u001b[0;32m  OK  \u001b[0m] Removed slice \u001b[0;1;39msystem-serial\\x2dget\u2026slice\u001b[0m - Slice /system/serial-getty.", "", "[\u001b[0;32m  OK  \u001b[0m] Stopped target \u001b[0;1;39mgetty-pre.target\u001b[0m - Preparation for Logins.", "", "Stopping \u001b[0;1;39msystemd-logind.service\u001b[0m - User Login Management...", "", "Stopping \u001b[0;1;39msystemd-user-sessions.service\u001b[0m - Permit User Sessions...", "", "Stopping \u001b[0;1;39muser@0.service\u001b[0m - User Manager for UID 0...", "", "[\u001b[0;32m  OK  \u001b[0m] Stopped \u001b[0;1;39msystemd-user-sessions.service\u001b[0m - Permit User Sessions.", "", "[\u001b[0;32m  OK  \u001b[0m] Stopped target \u001b[0;1;39mnetwork.target\u001b[0m - Network.", "", "Stopping \u001b[0;1;39msystemd-networkd.service\u001b[0m - Network Configuration...", "", "[\u001b[0;32m  OK  \u001b[0m] Stopped \u001b[0;1;39msystemd-networkd.service\u001b[0m - Network Configuration.", "", "[\u001b[0;32m  OK  \u001b[0m] Stopped \u001b[0;1;39muser@0.service\u001b[0m - User Manager for UID 0.", "", "[\u001b[0;32m  OK  \u001b[0m] Stopped \u001b[0;1;39msystemd-logind.service\u001b[0m - User Login Management.", "", "[\u001b[0;32m  OK  \u001b[0m] Stopped \u001b[0;1;39mapport.service\u001b[0m - automatic crash report generation.", "", "[\u001b[0;32m  OK  \u001b[0m] Stopped target \u001b[0;1;39mremote-fs.target\u001b[0m - Remote File Systems.", "", "Stopping \u001b[0;1;39muser-runtime-dir@0.servic\u2026\u001b[0mer Runtime Directory /run/user/0...", "", "[\u001b[0;32m  OK  \u001b[0m] Unmounted \u001b[0;1;39mrun-user-0.mount\u001b[0m - /run/user/0.", "", "[\u001b[0;32m  OK  \u001b[0m] Stopped \u001b[0;1;39muser-runtime-dir@0.service\u001b[0m\u2026User Runtime Directory /run/user/0.", "", "[\u001b[0;32m  OK  \u001b[0m] Removed slice \u001b[0;1;39muser-0.slice\u001b[0m - User Slice of UID 0.", "", "[\u001b[0;32m  OK  \u001b[0m] Stopped target \u001b[0;1;39mbasic.target\u001b[0m - Basic System.", "", "[\u001b[0;32m  OK  \u001b[0m] Stopped target \u001b[0;1;39mpaths.target\u001b[0m - Path Units.", "", "[\u001b[0;32m  OK  \u001b[0m] Stopped target \u001b[0;1;39mslices.target\u001b[0m - Slice Units.", "", "[\u001b[0;32m  OK  \u001b[0m] Removed slice \u001b[0;1;39muser.slice\u001b[0m - User and Session Slice.", "", "[\u001b[0;32m  OK  \u001b[0m] Stopped target \u001b[0;1;39msockets.target\u001b[0m - Socket Units.", "", "[\u001b[0;32m  OK  \u001b[0m] Closed \u001b[0;1;39mlxd-installer.socket\u001b[0m - Helper to install lxd snap on demand.", "", "[\u001b[0;32m  OK  \u001b[0m] Closed \u001b[0;1;39msnapd.socket\u001b[0m - Socket activation for snappy daemon.", "", "[\u001b[0;32m  OK  \u001b[0m] Closed \u001b[0;1;39mssh.socket\u001b[0m - OpenBSD Secure Shell server socket.", "", "[\u001b[0;32m  OK  \u001b[0m] Stopped target \u001b[0;1;39msysinit.target\u001b[0m - System Initialization.", "", "[\u001b[0;32m  OK  \u001b[0m] Stopped target \u001b[0;1;39mcryptsetup.target\u001b[0m - Local Encrypted Volumes.", "", "[\u001b[0;32m  OK  \u001b[0m] Stopped \u001b[0;1;39msystemd-ask-password-conso\u2026\u001b[0mequests to Console Directory Watch.", "", "[\u001b[0;32m  OK  \u001b[0m] Stopped \u001b[0;1;39msystemd-ask-password-wall.\u2026\u001b[0md Requests to Wall Directory Watch.", "", "[\u001b[0;32m  OK  \u001b[0m] Stopped target \u001b[0;1;39mintegritysetup.targ\u2026\u001b[0m Local Integrity Protected Volumes.", "", "[\u001b[0;32m  OK  \u001b[0m] Stopped target \u001b[0;1;39mswap.target\u001b[0m - Swaps.", "", "[\u001b[0;32m  OK  \u001b[0m] Stopped target \u001b[0;1;39mveritysetup.target\u001b[0m - Local Verity Protected Volumes.", "", "[\u001b[0;32m  OK  \u001b[0m] Closed \u001b[0;1;39msystemd-networkd.socket\u001b[0m - Network Service Netlink Socket.", "", "Stopping \u001b[0;1;39msystemd-binfmt.service\u001b[0m - Set Up Additional Binary Formats...", "", "Stopping \u001b[0;1;39msystemd-resolved.service\u001b[0m - Network Name Resolution...", "", "Stopping \u001b[0;1;39msystemd-timesyncd.service\u001b[0m - Network Time Synchronization...", "", "[\u001b[0;32m  OK  \u001b[0m] Stopped \u001b[0;1;39msystemd-update-done.service\u001b[0m - Update is Completed.", "", "[\u001b[0;32m  OK  \u001b[0m] Stopped \u001b[0;1;39mldconfig.service\u001b[0m - Rebuild Dynamic Linker Cache.", "", "[\u001b[0;32m  OK  \u001b[0m] Stopped \u001b[0;1;39msystemd-journal-catalog-up\u2026.service\u001b[0m - Rebuild Journal Catalog.", "", "Stopping \u001b[0;1;39msystemd-update-utmp.servi\u2026\u001b[0mord System Boot/Shutdown in UTMP...", "", "[\u001b[0;32m  OK  \u001b[0m] Stopped \u001b[0;1;39msystemd-resolved.service\u001b[0m - Network Name Resolution.", "", "[\u001b[0;32m  OK  \u001b[0m] Stopped \u001b[0;1;39msystemd-timesyncd.service\u001b[0m - Network Time Synchronization.", "", "[\u001b[0;32m  OK  \u001b[0m] Stopped \u001b[0;1;39msystemd-binfmt.service\u001b[0m - Set Up Additional Binary Formats.", "", "[\u001b[0;32m  OK  \u001b[0m] Unset automount \u001b[0;1;39mproc-sys-fs-binfmt\u2026\u001b[0mormats File System Automount Point.", "", "[\u001b[0;32m  OK  \u001b[0m] Stopped \u001b[0;1;39msystemd-sysctl.service\u001b[0m - Apply Kernel Variables.", "", "[\u001b[0;32m  OK  \u001b[0m] Stopped \u001b[0;1;39msystemd-modules-load.service\u001b[0m - Load Kernel Modules.", "", "[\u001b[0;32m  OK  \u001b[0m] Stopped \u001b[0;1;39msystemd-update-utmp.servic\u2026\u001b[0mecord System Boot/Shutdown in UTMP.", "", "[\u001b[0;32m  OK  \u001b[0m] Stopped \u001b[0;1;39msystemd-tmpfiles-setup.ser\u2026\u001b[0mate Volatile Files and Directories.", "", "[\u001b[0;32m  OK  \u001b[0m] Stopped target \u001b[0;1;39mlocal-fs.target\u001b[0m - Local File Systems.", "", "[\u001b[0;32m  OK  \u001b[0m] Stopped target \u001b[0;1;39msnapd.mounts.target\u001b[0m - Mounted snaps.", "", "[\u001b[0;32m  OK  \u001b[0m] Stopped target \u001b[0;1;39msnapd.mounts-pre.target\u001b[0m - Mounting snaps.", "", "Unmounting \u001b[0;1;39mboot-efi.mount\u001b[0m - /boot/efi...", "", "[\u001b[0;32m  OK  \u001b[0m] Unmounted \u001b[0;1;39mboot-efi.mount\u001b[0m - /boot/efi.", "", "Unmounting \u001b[0;1;39mboot.mount\u001b[0m - /boot...", "", "[ 3590.217723] EXT4-fs (vda16): unmounting filesystem 7164fb69-891e-447e-91ac-9486a0886759.", "[\u001b[0;32m  OK  \u001b[0m] Unmounted \u001b[0;1;39mboot.mount\u001b[0m - /boot.", "", "[\u001b[0;32m  OK  \u001b[0m] Reached target \u001b[0;1;39mumount.target\u001b[0m - Unmount All Filesystems.", "", "[\u001b[0;32m  OK  \u001b[0m] Stopped \u001b[0;1;39msystemd-fsck@dev-disk-by\\x\u2026\u001b[0mm Check on /dev/disk/by-label/BOOT.", "", "[\u001b[0;32m  OK  \u001b[0m] Removed slice \u001b[0;1;39msystem-systemd\\x2dfs\u2026slice\u001b[0m - Slice /system/systemd-fsck.", "", "[\u001b[0;32m  OK  \u001b[0m] Stopped target \u001b[0;1;39mlocal-fs-pre.target\u001b[0m\u2026Preparation for Local File Systems.", "", "[\u001b[0;32m  OK  \u001b[0m] Stopped \u001b[0;1;39msystemd-tmpfiles-setup-dev\u2026\u001b[0mCreate Static Device Nodes in /dev.", "", "[\u001b[0;32m  OK  \u001b[0m] Stopped \u001b[0;1;39msystemd-sysusers.service\u001b[0m - Create System Users.", "", "[\u001b[0;32m  OK  \u001b[0m] Stopped \u001b[0;1;39msystemd-remount-fs.service\u001b[0m\u2026mount Root and Kernel File Systems.", "", "[\u001b[0;32m  OK  \u001b[0m] Stopped \u001b[0;1;39msystemd-fsck-root.service\u001b[0m - File System Check on Root Device.", "", "[\u001b[0;32m  OK  \u001b[0m] Stopped \u001b[0;1;39msystemd-tmpfiles-setup-dev\u2026\u001b[0mic Device Nodes in /dev gracefully.", "", "[\u001b[0;32m  OK  \u001b[0m] Reached target \u001b[0;1;39mshutdown.target\u001b[0m - System Shutdown.", "", "[\u001b[0;32m  OK  \u001b[0m] Reached target \u001b[0;1;39mfinal.target\u001b[0m - Late Shutdown Services.", "", "[\u001b[0;32m  OK  \u001b[0m] Finished \u001b[0;1;39msystemd-poweroff.service\u001b[0m - System Power Off.", "", "[\u001b[0;32m  OK  \u001b[0m] Reached target \u001b[0;1;39mpoweroff.target\u001b[0m - System Power Off.", "", "[ 3590.303911] systemd-shutdown[1]: Syncing filesystems and block devices.", "[ 3590.317989] systemd-shutdown[1]: Sending SIGTERM to remaining processes...", "[ 3590.322776] systemd-journald[133]: Received SIGTERM from PID 1 (systemd-shutdow).", "[ 3590.333241] systemd-shutdown[1]: Sending SIGKILL to remaining processes...", "[ 3590.338908] systemd-shutdown[1]: Unmounting file systems.", "[ 3590.341459] (sd-remount)[2259489]: Remounting '/' read-only with options 'discard,errors=remount-ro,commit=30'.", "[ 3590.357630] EXT4-fs (vda1): re-mounted c8107c30-aa3b-40eb-bd2a-416a91df85e7 ro. Quota mode: none.", "[ 3590.371674] systemd-shutdown[1]: All filesystems unmounted.", "[ 3590.373522] systemd-shutdown[1]: Deactivating swaps.", "[ 3590.375330] systemd-shutdown[1]: All swaps deactivated.", "[ 3590.376992] systemd-shutdown[1]: Detaching loop devices.", "[ 3590.379636] systemd-shutdown[1]: All loop devices detached.", "[ 3590.381451] systemd-shutdown[1]: Stopping MD devices.", "[ 3590.383178] systemd-shutdown[1]: All MD devices stopped.", "[ 3590.384882] systemd-shutdown[1]: Detaching DM devices.", "[ 3590.386608] systemd-shutdown[1]: All DM devices detached.", "[ 3590.388333] systemd-shutdown[1]: All filesystems, swaps, loop devices, MD devices and DM devices detached.", "[ 3590.391895] systemd-shutdown[1]: Syncing filesystems and block devices.", "[ 3590.394148] systemd-shutdown[1]: Powering off.", "[ 3590.397409] ACPI: PM: Preparing to enter system sleep state S5", "[ 3590.399686] reboot: Power down", "Aux log file:", "", "", "", "Stress-NG 0.18.09:", "pts/stress-ng-1.13.0", "System Test Configuration", "1:  CPU Stress", "2:  Crypto", "3:  Memory Copying", "4:  Glibc Qsort Data Sorting", "5:  Glibc C String Functions", "6:  Vector Math", "7:  Matrix Math", "8:  Forking", "9:  System V Message Passing", "10: Semaphores", "11: Socket Activity", "12: Context Switching", "13: Atomic", "14: CPU Cache", "15: Malloc", "16: MEMFD", "17: MMAP", "18: NUMA", "19: x86_64 RdRand", "20: SENDFILE", "21: IO_uring", "22: Futex", "23: Mutex", "24: Function Call", "25: Poll", "26: Hash", "27: Pthread", "28: Zlib", "29: Floating Point", "30: Fused Multiply-Add", "31: Pipe", "32: Matrix 3D Math", "33: AVL Tree", "34: Vector Floating Point", "35: Vector Shuffle", "36: Wide Vector Math", "37: Cloning", "38: AVX-512 VNNI", "39: Mixed Scheduler", "40: Exponential Math", "41: Fractal Generator", "42: Logarithmic Math", "43: Power Math", "44: Trigonometric Math", "45: Jpeg Compression", "46: Bitonic Integer Sort", "47: Radix String Sort", "48: POSIX Regular Expressions", "49: Integer Math", "50: Integer Bit Operations", "51: Bessel Math Operations", "52: Hyperbolic Trigonometric Math", "53: Test All Options", "** Multiple items can be selected, delimit by a comma. **", "", "", "Phoronix Test Suite v10.8.4", "System Information", "", "", "PROCESSOR:              Intel Xeon", "Core Count:           8", "Extensions:           SSE 4.2", "+ AVX512_VNNI", "+ AVX512CD", "+ AVX2", "+ AVX", "+ RDRAND", "+ FSGSBASE", "Cache Size:           16 MB", "Microcode:            0xffffffff", "Core Family:          Cascade Lake", "", "GRAPHICS:", "", "MOTHERBOARD:            QEMU Ubuntu 25.04 PC", "BIOS Version:         1.16.3-debian-1.16.3-2", "Chipset:              Intel 440FX 82441FX PMC", "Network:              Red Hat Virtio device", "", "MEMORY:                 1 x 8 GB RAM QEMU", "", "DISK:                   24GB", "File-System:          ext4", "Mount Options:        commit=30 discard errors=remount-ro relatime rw", "Disk Details:         Block Size: 4096", "", "OPERATING SYSTEM:       Ubuntu 24.04", "Kernel:               6.8.0 (x86_64)", "Compiler:             GCC 13.3.0", "System Layer:         KVM", "Security:             gather_data_sampling: Not affected", "+ itlb_multihit: Not affected", "+ l1tf: Not affected", "+ mds: Not affected", "+ meltdown: Not affected", "+ mmio_stale_data: Vulnerable: Clear buffers attempted no microcode; SMT Host state unknown", "+ retbleed: Vulnerable", "+ spec_rstack_overflow: Not affected", "+ spec_store_bypass: Mitigation of SSB disabled via prctl", "+ spectre_v1: Vulnerable: __user pointer sanitization and usercopy barriers only; no swapgs barriers", "+ spectre_v2: Vulnerable IBPB: disabled STIBP: disabled PBRSB-eIBRS: Vulnerable", "+ srbds: Not affected", "+ tsx_async_abort: Vulnerable: Clear buffers attempted no microcode; SMT Host state unknown", "", "", "[8192] strlen(): Passing null to parameter #1 ($string) of type string is deprecated in pts_test_run_manager:594", "", "Stress-NG 0.18.09:", "pts/stress-ng-1.13.0 [Test: MMAP]", "Test 1 of 23", "Estimated Trial Run Count:    3", "Estimated Test Run-Time:      2 Minutes", "Estimated Time To Completion: 36 Minutes [09:35 UTC]", "Started Run 1 @ 08:59:48", "Started Run 2 @ 09:00:22", "Started Run 3 @ 09:00:56", "", "Test: MMAP:", "63.83", "63.54", "64.83", "", "Average: 64.07 Bogo Ops/s", "Deviation: 1.06%", "", "Stress-NG 0.18.09:", "pts/stress-ng-1.13.0 [Test: Pipe]", "Test 2 of 23", "Estimated Trial Run Count:    3", "Estimated Test Run-Time:      2 Minutes", "Estimated Time To Completion: 35 Minutes [09:35 UTC]", "Started Run 1 @ 09:01:37", "Started Run 2 @ 09:02:11", "Started Run 3 @ 09:02:45", "", "Test: Pipe:", "1645966.55", "1715926.45", "1648026.95", "", "Average: 1669973.32 Bogo Ops/s", "Deviation: 2.38%", "", "Stress-NG 0.18.09:", "pts/stress-ng-1.13.0 [Test: Zlib]", "Test 3 of 23", "Estimated Trial Run Count:    3", "Estimated Test Run-Time:      2 Minutes", "Estimated Time To Completion: 33 Minutes [09:35 UTC]", "Started Run 1 @ 09:03:25", "Started Run 2 @ 09:03:59", "Started Run 3 @ 09:04:33", "", "Test: Zlib:", "216.49", "216.94", "217.21", "", "Average: 216.88 Bogo Ops/s", "Deviation: 0.17%", "", "Stress-NG 0.18.09:", "pts/stress-ng-1.13.0 [Test: Futex]", "Test 4 of 23", "Estimated Trial Run Count:    3", "Estimated Test Run-Time:      2 Minutes", "Estimated Time To Completion: 32 Minutes [09:36 UTC]", "Started Run 1 @ 09:05:14", "Started Run 2 @ 09:05:48", "Started Run 3 @ 09:06:22", "Started Run 4 @ 09:06:56 *", "Started Run 5 @ 09:07:30 *", "Started Run 6 @ 09:08:04 *", "Started Run 7 @ 09:08:38 *", "Started Run 8 @ 09:09:12 *", "Started Run 9 @ 09:09:46 *", "Started Run 10 @ 09:10:20 *", "Started Run 11 @ 09:10:54 *", "Started Run 12 @ 09:11:28 *", "Started Run 13 @ 09:12:02 *", "Started Run 14 @ 09:12:36 *", "Started Run 15 @ 09:13:10 *", "", "Test: Futex:", "94092.5", "98098.31", "99549.86", "92186.99", "98905.11", "97755.87", "99923.92", "92737.73", "103522.92", "101946.14", "93097.6", "102398.98", "98177.22", "97564.63", "97914.83", "", "Average: 97858.17 Bogo Ops/s", "Deviation: 3.59%", "Samples: 15", "", "Stress-NG 0.18.09:", "pts/stress-ng-1.13.0 [Test: MEMFD]", "Test 5 of 23", "Estimated Trial Run Count:    3", "Estimated Test Run-Time:      2 Minutes", "Estimated Time To Completion: 30 Minutes [09:43 UTC]", "Started Run 1 @ 09:13:51", "Started Run 2 @ 09:14:25", "Started Run 3 @ 09:14:59", "", "Test: MEMFD:", "137.91", "136.94", "137.03", "", "Average: 137.29 Bogo Ops/s", "Deviation: 0.39%", "", "Stress-NG 0.18.09:", "pts/stress-ng-1.13.0 [Test: Mutex]", "Test 6 of 23", "Estimated Trial Run Count:    3", "Estimated Test Run-Time:      2 Minutes", "Estimated Time To Completion: 28 Minutes [09:43 UTC]", "Started Run 1 @ 09:15:39", "Started Run 2 @ 09:16:13", "Started Run 3 @ 09:16:47", "", "Test: Mutex:", "812097.41", "809055.34", "797360.16", "", "Average: 806170.97 Bogo Ops/s", "Deviation: 0.97%", "", "Stress-NG 0.18.09:", "pts/stress-ng-1.13.0 [Test: Atomic]", "Test 7 of 23", "Estimated Trial Run Count:    3", "Estimated Test Run-Time:      2 Minutes", "Estimated Time To Completion: 27 Minutes [09:43 UTC]", "Started Run 1 @ 09:17:27", "Started Run 2 @ 09:18:01", "Started Run 3 @ 09:18:35", "Started Run 4 @ 09:19:09 *", "Started Run 5 @ 09:19:44 *", "Started Run 6 @ 09:20:18 *", "Started Run 7 @ 09:20:52 *", "Started Run 8 @ 09:21:26 *", "Started Run 9 @ 09:22:00 *", "Started Run 10 @ 09:22:34 *", "", "Test: Atomic:", "240.22", "227.44", "227.94", "228.12", "238.79", "242.13", "235.02", "228.7", "229.65", "237.88", "", "Average: 233.59 Bogo Ops/s", "Deviation: 2.49%", "Samples: 10", "", "Stress-NG 0.18.09:", "pts/stress-ng-1.13.0 [Test: Crypto]", "Test 8 of 23", "Estimated Trial Run Count:    3", "Estimated Test Run-Time:      2 Minutes", "Estimated Time To Completion: 25 Minutes [09:48 UTC]", "Started Run 1 @ 09:23:14", "Started Run 2 @ 09:23:48", "Started Run 3 @ 09:24:22", "", "Test: Crypto:", "29846543.06", "29707131.41", "28699227.55", "", "Average: 29417634.01 Bogo Ops/s", "Deviation: 2.13%", "", "Stress-NG 0.18.09:", "pts/stress-ng-1.13.0 [Test: Malloc]", "Test 9 of 23", "Estimated Trial Run Count:    3", "Estimated Test Run-Time:      2 Minutes", "Estimated Time To Completion: 24 Minutes [09:48 UTC]", "Started Run 1 @ 09:25:03", "Started Run 2 @ 09:25:37", "Started Run 3 @ 09:26:11", "", "Test: Malloc:", "8443213.24", "8390292.54", "8773790.36", "", "Average: 8535765.38 Bogo Ops/s", "Deviation: 2.43%", "", "Stress-NG 0.18.09:", "pts/stress-ng-1.13.0 [Test: Cloning]", "Test 10 of 23", "Estimated Trial Run Count:    3", "Estimated Test Run-Time:      2 Minutes", "Estimated Time To Completion: 22 Minutes [09:48 UTC]", "Started Run 1 @ 09:26:51", "Started Run 2 @ 09:27:25", "Started Run 3 @ 09:27:59", "", "Test: Cloning:", "446.05", "447.74", "455.85", "", "Average: 449.88 Bogo Ops/s", "Deviation: 1.16%", "", "Stress-NG 0.18.09:", "pts/stress-ng-1.13.0 [Test: Forking]", "Test 11 of 23", "Estimated Trial Run Count:    3", "Estimated Test Run-Time:      2 Minutes", "Estimated Time To Completion: 21 Minutes [09:48 UTC]", "Started Run 1 @ 09:28:40", "Started Run 2 @ 09:29:14", "Started Run 3 @ 09:29:48", "Started Run 4 @ 09:30:22 *", "", "Test: Forking:", "1667.45", "1681.63", "1590.27", "1638.81", "", "Average: 1644.54 Bogo Ops/s", "Deviation: 2.45%", "Samples: 4", "", "Stress-NG 0.18.09:", "pts/stress-ng-1.13.0 [Test: Pthread]", "Test 12 of 23", "Estimated Trial Run Count:    3", "Estimated Test Run-Time:      2 Minutes", "Estimated Time To Completion: 19 Minutes [09:49 UTC]", "Started Run 1 @ 09:31:02", "Started Run 2 @ 09:31:36", "Started Run 3 @ 09:32:11", "", "Test: Pthread:", "21799.1", "22615.61", "22320.15", "", "Average: 22244.95 Bogo Ops/s", "Deviation: 1.86%", "", "Stress-NG 0.18.09:", "pts/stress-ng-1.13.0 [Test: IO_uring]", "Test 13 of 23", "Estimated Trial Run Count:    3", "Estimated Test Run-Time:      2 Minutes", "Estimated Time To Completion: 18 Minutes [09:49 UTC]", "Started Run 1 @ 09:32:51", "Started Run 2 @ 09:33:25", "Started Run 3 @ 09:33:59", "", "Test: IO_uring:", "13542.75", "13986.19", "13970.25", "", "Average: 13833.06 Bogo Ops/s", "Deviation: 1.82%", "", "Stress-NG 0.18.09:", "pts/stress-ng-1.13.0 [Test: SENDFILE]", "Test 14 of 23", "Estimated Trial Run Count:    3", "Estimated Test Run-Time:      2 Minutes", "Estimated Time To Completion: 16 Minutes [09:50 UTC]", "Started Run 1 @ 09:34:40", "Started Run 2 @ 09:35:14", "Started Run 3 @ 09:35:48", "", "Test: SENDFILE:", "69243.28", "69306.66", "69355.84", "", "Average: 69301.93 Bogo Ops/s", "Deviation: 0.08%", "", "Stress-NG 0.18.09:", "pts/stress-ng-1.13.0 [Test: CPU Cache]", "Test 15 of 23", "Estimated Trial Run Count:    3", "Estimated Test Run-Time:      2 Minutes", "Estimated Time To Completion: 14 Minutes [09:50 UTC]", "Started Run 1 @ 09:36:28", "Started Run 2 @ 09:37:02", "Started Run 3 @ 09:37:36", "Started Run 4 @ 09:38:10 *", "Started Run 5 @ 09:38:44 *", "Started Run 6 @ 09:39:18 *", "Started Run 7 @ 09:39:52 *", "Started Run 8 @ 09:40:26 *", "Started Run 9 @ 09:41:00 *", "Started Run 10 @ 09:41:34 *", "Started Run 11 @ 09:42:08 *", "Started Run 12 @ 09:42:42 *", "Started Run 13 @ 09:43:16 *", "Started Run 14 @ 09:43:50 *", "Started Run 15 @ 09:44:24 *", "", "Test: CPU Cache:", "1008374.52", "1119489.45", "969848.09", "1123256.71", "1162026.2", "1071174.74", "1156697.92", "1073566.73", "1176022.79", "1034732.34", "1017488.04", "919470.21", "1025885.26", "1114281.33", "1104973.04", "", "Average: 1071819.16 Bogo Ops/s", "Deviation: 6.97%", "Samples: 15", "", "Stress-NG 0.18.09:", "pts/stress-ng-1.13.0 [Test: Semaphores]", "Test 16 of 23", "Estimated Trial Run Count:    3", "Estimated Test Run-Time:      2 Minutes", "Estimated Time To Completion: 13 Minutes [09:57 UTC]", "Started Run 1 @ 09:45:04", "Started Run 2 @ 09:45:38", "Started Run 3 @ 09:46:12", "", "Test: Semaphores:", "8678191.34", "8698829.34", "8702735.75", "", "Average: 8693252.14 Bogo Ops/s", "Deviation: 0.15%", "", "Stress-NG 0.18.09:", "pts/stress-ng-1.13.0 [Test: x86_64 RdRand]", "Test 17 of 23", "Estimated Trial Run Count:    3", "Estimated Test Run-Time:      2 Minutes", "Estimated Time To Completion: 11 Minutes [09:57 UTC]", "Started Run 1 @ 09:46:53", "Started Run 2 @ 09:47:27", "Started Run 3 @ 09:48:01", "", "Test: x86_64 RdRand:", "110311.49", "110723.73", "110390.06", "", "Average: 110475.09 Bogo Ops/s", "Deviation: 0.20%", "", "Stress-NG 0.18.09:", "pts/stress-ng-1.13.0 [Test: Memory Copying]", "Test 18 of 23", "Estimated Trial Run Count:    3", "Estimated Test Run-Time:      2 Minutes", "Estimated Time To Completion: 10 Minutes [09:57 UTC]", "Started Run 1 @ 09:48:41", "Started Run 2 @ 09:49:15", "Started Run 3 @ 09:49:49", "", "Test: Memory Copying:", "809.15", "811.26", "809.23", "", "Average: 809.88 Bogo Ops/s", "Deviation: 0.15%", "", "Stress-NG 0.18.09:", "pts/stress-ng-1.13.0 [Test: Mixed Scheduler]", "Test 19 of 23", "Estimated Trial Run Count:    3", "Estimated Test Run-Time:      2 Minutes", "Estimated Time To Completion: 8 Minutes [09:58 UTC]", "Started Run 1 @ 09:50:29", "Started Run 2 @ 09:51:04", "Started Run 3 @ 09:51:38", "", "Test: Mixed Scheduler:", "1792.72", "1800.95", "1795.73", "", "Average: 1796.47 Bogo Ops/s", "Deviation: 0.23%", "", "Stress-NG 0.18.09:", "pts/stress-ng-1.13.0 [Test: Socket Activity]", "Test 20 of 23", "Estimated Trial Run Count:    3", "Estimated Test Run-Time:      2 Minutes", "Estimated Time To Completion: 7 Minutes [09:58 UTC]", "Started Run 1 @ 09:52:18", "Started Run 2 @ 09:52:52", "Started Run 3 @ 09:53:26", "", "Test: Socket Activity:", "1633.78", "1671.72", "1690.69", "", "Average: 1665.40 Bogo Ops/s", "Deviation: 1.74%", "", "Stress-NG 0.18.09:", "pts/stress-ng-1.13.0 [Test: Context Switching]", "Test 21 of 23", "Estimated Trial Run Count:    3", "Estimated Test Run-Time:      2 Minutes", "Estimated Time To Completion: 5 Minutes [09:58 UTC]", "Started Run 1 @ 09:54:07", "Started Run 2 @ 09:54:41", "Started Run 3 @ 09:55:15", "", "Test: Context Switching:", "1305039.39", "1299646.95", "1301037.12", "", "Average: 1301907.82 Bogo Ops/s", "Deviation: 0.22%", "", "Stress-NG 0.18.09:", "pts/stress-ng-1.13.0 [Test: Glibc Qsort Data Sorting]", "Test 22 of 23", "Estimated Trial Run Count:    3", "Estimated Test Run-Time:      2 Minutes", "Estimated Time To Completion: 4 Minutes [09:58 UTC]", "Started Run 1 @ 09:55:55", "Started Run 2 @ 09:56:29", "Started Run 3 @ 09:57:03", "", "Test: Glibc Qsort Data Sorting:", "62.7", "62.27", "63", "", "Average: 62.66 Bogo Ops/s", "Deviation: 0.59%", "", "Stress-NG 0.18.09:", "pts/stress-ng-1.13.0 [Test: System V Message Passing]", "Test 23 of 23", "Estimated Trial Run Count:    3", "Estimated Time To Completion: 2 Minutes [09:59 UTC]", "Started Run 1 @ 09:57:43", "Started Run 2 @ 09:58:17", "Started Run 3 @ 09:58:51", "", "Test: System V Message Passing:", "2929568.15", "2920572.25", "2894922.79", "", "Average: 2915021.06 Bogo Ops/s", "Deviation: 0.62%", "", "", "[TAG: AUX STRESSNG-BENCH RESULTS]", "", "2025-05-16-2226", "KVM QEMU testing on Ubuntu 24.04 via the Phoronix Test Suite.", "", "", "2025-05-16 22:26:", "", "Processor: QEMU Virtual 2.5+ (4 Cores), Motherboard: QEMU Ubuntu 25.04 PC (i440FX + PIIX 1996) (1.16.3-debian-1.16.3-2 BIOS), Chipset: Intel 440FX 82441FX PMC, Memory: 1 x 8 GB RAM QEMU, Disk: 24GB, Network: Red Hat Virtio device", "", "OS: Ubuntu 24.04, Kernel: 6.8.0-59-generic (x86_64), Compiler: GCC 13.3.0, File-System: ext4, System Layer: KVM QEMU", "", "", "[TAG: AUX STRESSNG-BENCH RESULTS END]"], "metadata": {"test_marker": "MICROWAVE FRAMEWORK TESTER"}}