{"lines": ["IMAGE_PATH: /home/denzelgfarmer/KernelSecurityBenchmarks/Microwave/.working/test_lmbench_basline-linux.img", "KERNEL_PATH: /home/denzelgfarmer/KernelSecurityBenchmarks/Microwave/.working/temp/linux/install/boot/vmlinuz-6.8.0", "LOG_PATH: /home/denzelgfarmer/KernelSecurityBenchmarks/Microwave/microwave2/runners/aux_logfile.txt", "KERNEL_ARGS: console=ttyS0,115200 earlyprintk=serial,ttyS0,115200 ignore_loglevel root=/dev/vda1 nospectre_bhb nospectre_v1 spectre_v2=off spectre_v2_user=off retbleed=off pti=off spec_rstack_overflow=off", "+ '[' -z /home/denzelgfarmer/KernelSecurityBenchmarks/Microwave/.working/test_lmbench_basline-linux.img ']'", "+ '[' -z /home/denzelgfarmer/KernelSecurityBenchmarks/Microwave/.working/temp/linux/install/boot/vmlinuz-6.8.0 ']'", "+ CORESET=2,3,4,5", "+ echo 'Booting image /home/denzelgfarmer/KernelSecurityBenchmarks/Microwave/.working/test_lmbench_basline-linux.img (with kernel at /home/denzelgfarmer/KernelSecurityBenchmarks/Microwave/.working/temp/linux/install/boot/vmlinuz-6.8.0)...'", "Booting image /home/denzelgfarmer/KernelSecurityBenchmarks/Microwave/.working/test_lmbench_basline-linux.img (with kernel at /home/denzelgfarmer/KernelSecurityBenchmarks/Microwave/.working/temp/linux/install/boot/vmlinuz-6.8.0)...", "+ taskset -c 2,3,4,5 qemu-system-x86_64 -enable-kvm -nodefaults -nographic -m 8192 -mem-prealloc -cpu host -smp 8,sockets=1,cores=8,threads=1 -kernel /home/denzelgfarmer/KernelSecurityBenchmarks/Microwave/.working/temp/linux/install/boot/vmlinuz-6.8.0 -append 'console=ttyS0,115200 earlyprintk=serial,ttyS0,115200 ignore_loglevel root=/dev/vda1 nospectre_bhb nospectre_v1 spectre_v2=off spectre_v2_user=off retbleed=off pti=off spec_rstack_overflow=off' -device virtio-blk-pci,drive=hd0 -blockdev driver=file,node-name=hd_file,filename=/home/denzelgfarmer/KernelSecurityBenchmarks/Microwave/.working/test_lmbench_basline-linux.img -blockdev driver=qcow2,node-name=hd0,file=hd_file -device virtio-net-pci,netdev=net1 -netdev user,id=net1,hostfwd=tcp::2223-:22 -serial stdio -s -chardev file,id=log0,path=/home/denzelgfarmer/KernelSecurityBenchmarks/Microwave/microwave2/runners/aux_logfile.txt -device virtio-serial-pci,id=virtio-serial0 -device virtserialport,chardev=log0,name=host-port,bus=virtio-serial0.0", "\u001bc\u001b[?7l\u001b[2J\u001b[0mSeaBIOS (version 1.16.3-debian-1.16.3-2)", "", "", "iPXE (https://ipxe.org) 00:03.0 C000 PCI2.10 PnP PMM+BEFCACB0+BEF0ACB0 C000", "Press Ctrl-B to configure iPXE (PCI 00:03.0)...", "", "", "", "Booting from ROM..\u001bc\u001b[?7l\u001b[2JNo EFI environment detected.", "early console in extract_kernel", "input_data: 0x000000000295e2b9", "input_len: 0x0000000000b095ff", "output: 0x0000000001000000", "output_len: 0x0000000002423224", "kernel_total_size: 0x0000000002230000", "needed_size: 0x0000000002600000", "trampoline_32bit: 0x0000000000000000", "Physical KASLR using RDRAND RDTSC...", "Virtual KASLR using RDRAND RDTSC...", "", "Decompressing Linux... Parsing ELF... Performing relocations... done.", "Booting the kernel (entry_offset: 0x0000000000000000).", "[    0.000000] Linux version 6.8.0 (denzelgfarmer@microwave-lmbench) (gcc (Ubuntu 14.2.0-19ubuntu2) 14.2.0, GNU ld (GNU Binutils for Ubuntu) 2.44) #1 SMP PREEMPT_DYNAMIC Tue May 13 06:12:08 UTC 2025", "[    0.000000] Command line: console=ttyS0,115200 earlyprintk=serial,ttyS0,115200 ignore_loglevel root=/dev/vda1 nospectre_bhb nospectre_v1 spectre_v2=off spectre_v2_user=off retbleed=off pti=off spec_rstack_overflow=off", "[    0.000000] BIOS-provided physical RAM map:", "[    0.000000] BIOS-e820: [mem 0x0000000000000000-0x000000000009fbff] usable", "[    0.000000] BIOS-e820: [mem 0x000000000009fc00-0x000000000009ffff] reserved", "[    0.000000] BIOS-e820: [mem 0x00000000000f0000-0x00000000000fffff] reserved", "[    0.000000] BIOS-e820: [mem 0x0000000000100000-0x00000000bffdcfff] usable", "[    0.000000] BIOS-e820: [mem 0x00000000bffdd000-0x00000000bfffffff] reserved", "[    0.000000] BIOS-e820: [mem 0x00000000feffc000-0x00000000feffffff] reserved", "[    0.000000] BIOS-e820: [mem 0x00000000fffc0000-0x00000000ffffffff] reserved", "[    0.000000] BIOS-e820: [mem 0x0000000100000000-0x000000023fffffff] usable", "[    0.000000] printk: legacy bootconsole [earlyser0] enabled", "[    0.000000] printk: debug: ignoring loglevel setting.", "[    0.000000] NX (Execute Disable) protection: active", "[    0.000000] APIC: Static calls initialized", "[    0.000000] SMBIOS 2.8 present.", "[    0.000000] DMI: QEMU Ubuntu 25.04 PC (i440FX + PIIX, 1996), BIOS 1.16.3-debian-1.16.3-2 04/01/2014", "[    0.000000] Hypervisor detected: KVM", "[    0.000000] kvm-clock: Using msrs 4b564d01 and 4b564d00", "[    0.000003] kvm-clock: using sched offset of 2189535880 cycles", "[    0.003617] clocksource: kvm-clock: mask: 0xffffffffffffffff max_cycles: 0x1cd42e4dffb, max_idle_ns: 881590591483 ns", "[    0.014977] tsc: Detected 2800.246 MHz processor", "[    0.018855] e820: update [mem 0x00000000-0x00000fff] usable ==> reserved", "[    0.023403] e820: remove [mem 0x000a0000-0x000fffff] usable", "[    0.027172] last_pfn = 0x240000 max_arch_pfn = 0x400000000", "[    0.031230] MTRR map: 4 entries (3 fixed + 1 variable; max 19), built from 8 variable MTRRs", "[    0.036829] x86/PAT: Configuration [0-7]: WB  WC  UC- UC  WB  WP  UC- WT", "Memory KASLR using RDRAND RDTSC...", "[    0.044045] last_pfn = 0xbffdd max_arch_pfn = 0x400000000", "[    0.053599] found SMP MP-table at [mem 0x000f5470-0x000f547f]", "[    0.057470] Using GB pages for direct mapping", "[    0.060704] ACPI: Early table checksum verification disabled", "[    0.064488] ACPI: RSDP 0x00000000000F5270 000014 (v00 BOCHS )", "[    0.068491] ACPI: RSDT 0x00000000BFFE2565 000034 (v01 BOCHS  BXPC     00000001 BXPC 00000001)", "[    0.074207] ACPI: FACP 0x00000000BFFE23E1 000074 (v01 BOCHS  BXPC     00000001 BXPC 00000001)", "[    0.079976] ACPI: DSDT 0x00000000BFFE0040 0023A1 (v01 BOCHS  BXPC     00000001 BXPC 00000001)", "[    0.086152] ACPI: FACS 0x00000000BFFE0000 000040", "[    0.089411] ACPI: APIC 0x00000000BFFE2455 0000B0 (v03 BOCHS  BXPC     00000001 BXPC 00000001)", "[    0.095653] ACPI: HPET 0x00000000BFFE2505 000038 (v01 BOCHS  BXPC     00000001 BXPC 00000001)", "[    0.101602] ACPI: WAET 0x00000000BFFE253D 000028 (v01 BOCHS  BXPC     00000001 BXPC 00000001)", "[    0.107589] ACPI: Reserving FACP table memory at [mem 0xbffe23e1-0xbffe2454]", "[    0.112520] ACPI: Reserving DSDT table memory at [mem 0xbffe0040-0xbffe23e0]", "[    0.117462] ACPI: Reserving FACS table memory at [mem 0xbffe0000-0xbffe003f]", "[    0.122354] ACPI: Reserving APIC table memory at [mem 0xbffe2455-0xbffe2504]", "[    0.127234] ACPI: Reserving HPET table memory at [mem 0xbffe2505-0xbffe253c]", "[    0.132108] ACPI: Reserving WAET table memory at [mem 0xbffe253d-0xbffe2564]", "[    0.138778] No NUMA configuration found", "[    0.141443] Faking a node at [mem 0x0000000000000000-0x000000023fffffff]", "[    0.146108] NODE_DATA(0) allocated [mem 0x23fffa000-0x23fffdfff]", "[    0.150512] Zone ranges:", "[    0.152272]   DMA      [mem 0x0000000000001000-0x0000000000ffffff]", "[    0.156567]   DMA32    [mem 0x0000000001000000-0x00000000ffffffff]", "[    0.160872]   Normal   [mem 0x0000000100000000-0x000000023fffffff]", "[    0.165217] Movable zone start for each node", "[    0.168191] Early memory node ranges", "[    0.170670]   node   0: [mem 0x0000000000001000-0x000000000009efff]", "[    0.175055]   node   0: [mem 0x0000000000100000-0x00000000bffdcfff]", "[    0.179376]   node   0: [mem 0x0000000100000000-0x000000023fffffff]", "[    0.183745] Initmem setup node 0 [mem 0x0000000000001000-0x000000023fffffff]", "[    0.188738] On node 0, zone DMA: 1 pages in unavailable ranges", "[    0.193875] On node 0, zone DMA: 97 pages in unavailable ranges", "[    0.451582] On node 0, zone Normal: 35 pages in unavailable ranges", "[    0.458393] ACPI: PM-Timer IO Port: 0x608", "[    0.461069] ACPI: LAPIC_NMI (acpi_id[0xff] dfl dfl lint[0x1])", "[    0.465129] IOAPIC[0]: apic_id 0, version 17, address 0xfec00000, GSI 0-23", "[    0.469703] ACPI: INT_SRC_OVR (bus 0 bus_irq 0 global_irq 2 dfl dfl)", "[    0.473990] ACPI: INT_SRC_OVR (bus 0 bus_irq 5 global_irq 5 high level)", "[    0.478407] ACPI: INT_SRC_OVR (bus 0 bus_irq 9 global_irq 9 high level)", "[    0.482832] ACPI: INT_SRC_OVR (bus 0 bus_irq 10 global_irq 10 high level)", "[    0.487390] ACPI: INT_SRC_OVR (bus 0 bus_irq 11 global_irq 11 high level)", "[    0.491967] ACPI: Using ACPI (MADT) for SMP configuration information", "[    0.496274] ACPI: HPET id: 0x8086a201 base: 0xfed00000", "[    0.499686] TSC deadline timer available", "[    0.502358] smpboot: Allowing 8 CPUs, 0 hotplug CPUs", "[    0.505746] kvm-guest: APIC: eoi() replaced with kvm_guest_apic_eoi_write()", "[    0.510421] kvm-guest: KVM setup pv remote TLB flush", "[    0.513753] kvm-guest: setup PV sched yield", "[    0.516800] PM: hibernation: Registered nosave memory: [mem 0x00000000-0x00000fff]", "[    0.521840] PM: hibernation: Registered nosave memory: [mem 0x0009f000-0x0009ffff]", "[    0.526901] PM: hibernation: Registered nosave memory: [mem 0x000a0000-0x000effff]", "[    0.531946] PM: hibernation: Registered nosave memory: [mem 0x000f0000-0x000fffff]", "[    0.537006] PM: hibernation: Registered nosave memory: [mem 0xbffdd000-0xbfffffff]", "[    0.542101] PM: hibernation: Registered nosave memory: [mem 0xc0000000-0xfeffbfff]", "[    0.547152] PM: hibernation: Registered nosave memory: [mem 0xfeffc000-0xfeffffff]", "[    0.552180] PM: hibernation: Registered nosave memory: [mem 0xff000000-0xfffbffff]", "[    0.557210] PM: hibernation: Registered nosave memory: [mem 0xfffc0000-0xffffffff]", "[    0.562212] [mem 0xc0000000-0xfeffbfff] available for PCI devices", "[    0.566288] Booting paravirtualized kernel on KVM", "[    0.569437] clocksource: refined-jiffies: mask: 0xffffffff max_cycles: 0xffffffff, max_idle_ns: 1910969940391419 ns", "[    0.581751] setup_percpu: NR_CPUS:64 nr_cpumask_bits:8 nr_cpu_ids:8 nr_node_ids:1", "[    0.587256] percpu: Embedded 55 pages/cpu s184552 r8192 d32536 u262144", "[    0.591644] pcpu-alloc: s184552 r8192 d32536 u262144 alloc=1*2097152", "[    0.595938] pcpu-alloc: [0] 0 1 2 3 4 5 6 7", "[    0.598952] Kernel command line: console=ttyS0,115200 earlyprintk=serial,ttyS0,115200 ignore_loglevel root=/dev/vda1 nospectre_bhb nospectre_v1 spectre_v2=off spectre_v2_user=off retbleed=off pti=off spec_rstack_overflow=off", "[    0.612350] Unknown kernel command line parameters \"nospectre_bhb spectre_v2=off spectre_v2_user=off pti=off\", will be passed to user space.", "[    0.620823] random: crng init done", "[    0.624094] Dentry cache hash table entries: 1048576 (order: 11, 8388608 bytes, linear)", "[    0.630006] Inode-cache hash table entries: 524288 (order: 10, 4194304 bytes, linear)", "[    0.635757] Fallback order for Node 0: 0", "[    0.635762] Built 1 zonelists, mobility grouping on.  Total pages: 2064093", "[    0.641955] Policy zone: Normal", "[    0.643730] mem auto-init: stack:all(zero), heap alloc:off, heap free:off", "[    0.647595] software IO TLB: area num 8.", "[    0.848659] Memory: 8140740K/8388076K available (16384K kernel code, 2735K rwdata, 5400K rodata, 1416K init, 2664K bss, 247076K reserved, 0K cma-reserved)", "[    0.856616] SLUB: HWalign=64, Order=0-3, MinObjects=0, CPUs=8, Nodes=1", "Poking KASLR using RDRAND RDTSC...", "[    0.863922] Dynamic Preempt: voluntary", "[    0.866178] rcu: Preemptible hierarchical RCU implementation.", "[    0.869451] rcu: \tRCU event tracing is enabled.", "[    0.872068] rcu: \tRCU restricting CPUs from NR_CPUS=64 to nr_cpu_ids=8.", "[    0.875810] \tTrampoline variant of Tasks RCU enabled.", "[    0.878679] rcu: RCU calculated value of scheduler-enlistment delay is 100 jiffies.", "[    0.883054] rcu: Adjusting geometry for rcu_fanout_leaf=16, nr_cpu_ids=8", "[    0.888326] NR_IRQS: 4352, nr_irqs: 488, preallocated irqs: 16", "[    0.891965] rcu: srcu_init: Setting srcu_struct sizes based on contention.", "[    0.896346] Console: colour *CGA 80x25", "[    0.898632] printk: legacy console [ttyS0] enabled", "[    0.898632] printk: legacy console [ttyS0] enabled", "[    0.904363] printk: legacy bootconsole [earlyser0] disabled", "[    0.904363] printk: legacy bootconsole [earlyser0] disabled", "[    0.910891] ACPI: Core revision 20230628", "[    0.913821] clocksource: hpet: mask: 0xffffffff max_cycles: 0xffffffff, max_idle_ns: 19112604467 ns", "[    0.919601] APIC: Switch to symmetric I/O mode setup", "[    0.922672] kvm-guest: APIC: send_IPI_mask() replaced with kvm_send_ipi_mask()", "[    0.926955] kvm-guest: APIC: send_IPI_mask_allbutself() replaced with kvm_send_ipi_mask_allbutself()", "[    0.932293] kvm-guest: setup PV IPIs", "[    0.941227] ..TIMER: vector=0x30 apic1=0 pin1=2 apic2=-1 pin2=-1", "[    0.944930] clocksource: tsc-early: mask: 0xffffffffffffffff max_cycles: 0x285d298e329, max_idle_ns: 440795345114 ns", "[    0.951254] Calibrating delay loop (skipped) preset value.. 5600.49 BogoMIPS (lpj=2800246)", "[    0.954290] x86/cpu: User Mode Instruction Prevention (UMIP) activated", "[    0.955994] Last level iTLB entries: 4KB 0, 2MB 0, 4MB 0", "[    0.956253] Last level dTLB entries: 4KB 0, 2MB 0, 4MB 0, 1GB 0", "[    0.957284] Spectre V1 : Vulnerable: __user pointer sanitization and usercopy barriers only; no swapgs barriers", "[    0.958253] Spectre V2 : off selected on command line.", "[    0.959251] Spectre V2 : User space: Vulnerable", "[    0.960252] Speculative Store Bypass: Mitigation: Speculative Store Bypass disabled via prctl", "[    0.961285] TAA: Vulnerable: Clear CPU buffers attempted, no microcode", "[    0.962252] MMIO Stale Data: Vulnerable: Clear CPU buffers attempted, no microcode", "[    0.963443] x86/fpu: Supporting XSAVE feature 0x001: 'x87 floating point registers'", "[    0.964252] x86/fpu: Supporting XSAVE feature 0x002: 'SSE registers'", "[    0.965251] x86/fpu: Supporting XSAVE feature 0x004: 'AVX registers'", "[    0.967252] x86/fpu: Supporting XSAVE feature 0x020: 'AVX-512 opmask'", "[    0.968253] x86/fpu: Supporting XSAVE feature 0x040: 'AVX-512 Hi256'", "[    0.969252] x86/fpu: Supporting XSAVE feature 0x080: 'AVX-512 ZMM_Hi256'", "[    0.970253] x86/fpu: xstate_offset[2]:  576, xstate_sizes[2]:  256", "[    0.971252] x86/fpu: xstate_offset[5]:  832, xstate_sizes[5]:   64", "[    0.972251] x86/fpu: xstate_offset[6]:  896, xstate_sizes[6]:  512", "[    0.973253] x86/fpu: xstate_offset[7]: 1408, xstate_sizes[7]: 1024", "[    0.974252] x86/fpu: Enabled xstate features 0xe7, context size is 2432 bytes, using 'compacted' format.", "[    0.979301] Freeing SMP alternatives memory: 48K", "[    0.980251] pid_max: default: 32768 minimum: 301", "[    0.981276] LSM: initializing lsm=capability,selinux,integrity", "[    0.982256] SELinux:  Initializing.", "[    0.983309] Mount-cache hash table entries: 16384 (order: 5, 131072 bytes, linear)", "[    0.984274] Mountpoint-cache hash table entries: 16384 (order: 5, 131072 bytes, linear)", "[    0.985800] smpboot: CPU0: Intel(R) Xeon(R) CPU @ 2.80GHz (family: 0x6, model: 0x55, stepping: 0x7)", "[    0.986426] RCU Tasks: Setting shift to 3 and lim to 1 rcu_task_cb_adjust=1.", "[    0.987288] Performance Events: unsupported p6 CPU model 85 no PMU driver, software events only.", "[    0.988463] signal: max sigframe size: 3632", "[    0.989336] rcu: Hierarchical SRCU implementation.", "[    0.990261] rcu: \tMax phase no-delay instances is 400.", "[    0.991482] smp: Bringing up secondary CPUs ...", "[    0.992508] smpboot: x86: Booting SMP configuration:", "[    0.993263] .... node  #0, CPUs:      #1 #2 #3 #4 #5 #6 #7", "[    1.033983] smp: Brought up 1 node, 8 CPUs", "[    1.035261] smpboot: Max logical packages: 1", "[    1.036261] smpboot: Total of 8 processors activated (44803.93 BogoMIPS)", "[    1.046582] devtmpfs: initialized", "[    1.047681] clocksource: jiffies: mask: 0xffffffff max_cycles: 0xffffffff, max_idle_ns: 1911260446275000 ns", "[    1.048263] futex hash table entries: 2048 (order: 5, 131072 bytes, linear)", "[    1.049710] PM: RTC time: 12:10:36, date: 2025-05-17", "[    1.050725] NET: Registered PF_NETLINK/PF_ROUTE protocol family", "[    1.051355] audit: initializing netlink subsys (disabled)", "[    1.052324] audit: type=2000 audit(1747483836.587:1): state=initialized audit_enabled=0 res=1", "[    1.052341] thermal_sys: Registered thermal governor 'step_wise'", "[    1.053263] thermal_sys: Registered thermal governor 'user_space'", "[    1.054281] cpuidle: using governor menu", "[    1.057101] PCI: Using configuration type 1 for base access", "[    1.057357] kprobes: kprobe jump-optimization is enabled. All kprobes are optimized if possible.", "[    1.059681] HugeTLB: registered 2.00 MiB page size, pre-allocated 0 pages", "[    1.060260] HugeTLB: 28 KiB vmemmap can be freed for a 2.00 MiB page", "[    1.061359] ACPI: Added _OSI(Module Device)", "[    1.062261] ACPI: Added _OSI(Processor Device)", "[    1.063261] ACPI: Added _OSI(3.0 _SCP Extensions)", "[    1.064261] ACPI: Added _OSI(Processor Aggregator Device)", "[    1.065807] ACPI: 1 ACPI AML tables successfully acquired and loaded", "[    1.068010] ACPI: _OSC evaluation for CPUs failed, trying _PDC", "[    1.068362] ACPI: Interpreter enabled", "[    1.069272] ACPI: PM: (supports S0 S3 S4 S5)", "[    1.070260] ACPI: Using IOAPIC for interrupt routing", "[    1.071279] PCI: Using host bridge windows from ACPI; if necessary, use \"pci=nocrs\" and report a bug", "[    1.072261] PCI: Using E820 reservations for host bridge windows", "[    1.073430] ACPI: Enabled 2 GPEs in block 00 to 0F", "[    1.076912] ACPI: PCI Root Bridge [PCI0] (domain 0000 [bus 00-ff])", "[    1.077265] acpi PNP0A03:00: _OSC: OS supports [ASPM ClockPM Segments MSI HPX-Type3]", "[    1.078262] acpi PNP0A03:00: _OSC: not requesting OS control; OS requires [ExtendedConfig ASPM ClockPM MSI]", "[    1.079278] acpi PNP0A03:00: fail to add MMCONFIG information, can't access extended configuration space under this bridge", "[    1.080376] PCI host bridge to bus 0000:00", "[    1.081263] pci_bus 0000:00: root bus resource [io  0x0000-0x0cf7 window]", "[    1.082263] pci_bus 0000:00: root bus resource [io  0x0d00-0xffff window]", "[    1.083262] pci_bus 0000:00: root bus resource [mem 0x000a0000-0x000bffff window]", "[    1.084262] pci_bus 0000:00: root bus resource [mem 0xc0000000-0xfebfffff window]", "[    1.085261] pci_bus 0000:00: root bus resource [mem 0x380000000000-0x38007fffffff window]", "[    1.086263] pci_bus 0000:00: root bus resource [bus 00-ff]", "[    1.087475] pci 0000:00:00.0: [8086:1237] type 00 class 0x060000 conventional PCI endpoint", "[    1.090260] pci 0000:00:01.0: [8086:7000] type 00 class 0x060100 conventional PCI endpoint", "[    1.094050] pci 0000:00:01.1: [8086:7010] type 00 class 0x010180 conventional PCI endpoint", "[    1.097261] pci 0000:00:01.1: BAR 4 [io  0xc0e0-0xc0ef]", "[    1.099857] pci 0000:00:01.1: BAR 0 [io  0x01f0-0x01f7]: legacy IDE quirk", "[    1.100261] pci 0000:00:01.1: BAR 1 [io  0x03f6]: legacy IDE quirk", "[    1.101261] pci 0000:00:01.1: BAR 2 [io  0x0170-0x0177]: legacy IDE quirk", "[    1.102261] pci 0000:00:01.1: BAR 3 [io  0x0376]: legacy IDE quirk", "[    1.103930] pci 0000:00:01.3: [8086:7113] type 00 class 0x068000 conventional PCI endpoint", "[    1.106533] pci 0000:00:01.3: quirk: [io  0x0600-0x063f] claimed by PIIX4 ACPI", "[    1.107301] pci 0000:00:01.3: quirk: [io  0x0700-0x070f] claimed by PIIX4 SMB", "[    1.109756] pci 0000:00:02.0: [1af4:1001] type 00 class 0x010000 conventional PCI endpoint", "[    1.112261] pci 0000:00:02.0: BAR 0 [io  0xc000-0xc07f]", "[    1.115261] pci 0000:00:02.0: BAR 1 [mem 0xfeb80000-0xfeb80fff]", "[    1.121261] pci 0000:00:02.0: BAR 4 [mem 0x380000000000-0x380000003fff 64bit pref]", "[    1.127847] pci 0000:00:03.0: [1af4:1000] type 00 class 0x020000 conventional PCI endpoint", "[    1.129728] pci 0000:00:03.0: BAR 0 [io  0xc0c0-0xc0df]", "[    1.131261] pci 0000:00:03.0: BAR 1 [mem 0xfeb81000-0xfeb81fff]", "[    1.135260] pci 0000:00:03.0: BAR 4 [mem 0x380000004000-0x380000007fff 64bit pref]", "[    1.137266] pci 0000:00:03.0: ROM [mem 0xfeb00000-0xfeb7ffff pref]", "[    1.141974] pci 0000:00:04.0: [1af4:1003] type 00 class 0x078000 conventional PCI endpoint", "[    1.143696] pci 0000:00:04.0: BAR 0 [io  0xc080-0xc0bf]", "[    1.145261] pci 0000:00:04.0: BAR 1 [mem 0xfeb82000-0xfeb82fff]", "[    1.149262] pci 0000:00:04.0: BAR 4 [mem 0x380000008000-0x38000000bfff 64bit pref]", "[    1.155416] ACPI: PCI: Interrupt link LNKA configured for IRQ 10", "[    1.156519] ACPI: PCI: Interrupt link LNKB configured for IRQ 10", "[    1.157528] ACPI: PCI: Interrupt link LNKC configured for IRQ 11", "[    1.158518] ACPI: PCI: Interrupt link LNKD configured for IRQ 11", "[    1.159410] ACPI: PCI: Interrupt link LNKS configured for IRQ 9", "[    1.161005] iommu: Default domain type: Translated", "[    1.161260] iommu: DMA domain TLB invalidation policy: lazy mode", "[    1.162413] SCSI subsystem initialized", "[    1.163292] libata version 3.00 loaded.", "[    1.164291] ACPI: bus type USB registered", "[    1.165278] usbcore: registered new interface driver usbfs", "[    1.166269] usbcore: registered new interface driver hub", "[    1.167275] usbcore: registered new device driver usb", "[    1.168278] pps_core: LinuxPPS API ver. 1 registered", "[    1.169259] pps_core: Software ver. 5.3.6 - Copyright 2005-2007 Rodolfo Giometti <giometti@linux.it>", "[    1.170271] PTP clock support registered", "[    1.171304] Advanced Linux Sound Architecture Driver Initialized.", "[    1.172420] NetLabel: Initializing", "[    1.173259] NetLabel:  domain hash size = 128", "[    1.174274] NetLabel:  protocols = UNLABELED CIPSOv4 CALIPSO", "[    1.175278] NetLabel:  unlabeled traffic allowed by default", "[    1.176384] PCI: Using ACPI for IRQ routing", "[    1.177262] PCI: pci_cache_line_size set to 64 bytes", "[    1.178845] e820: reserve RAM buffer [mem 0x0009fc00-0x0009ffff]", "[    1.179262] e820: reserve RAM buffer [mem 0xbffdd000-0xbfffffff]", "[    1.180311] vgaarb: loaded", "[    1.181396] hpet0: at MMIO 0xfed00000, IRQs 2, 8, 0", "[    1.182259] hpet0: 3 comparators, 64-bit 100.000000 MHz counter", "[    1.203386] clocksource: Switched to clocksource kvm-clock", "[    1.206802] VFS: Disk quotas dquot_6.6.0", "[    1.209267] VFS: Dquot-cache hash table entries: 512 (order 0, 4096 bytes)", "[    1.213732] pnp: PnP ACPI init", "[    1.215750] pnp 00:02: [dma 2]", "[    1.218034] pnp: PnP ACPI: found 5 devices", "[    1.237570] clocksource: acpi_pm: mask: 0xffffff max_cycles: 0xffffff, max_idle_ns: 2085701024 ns", "[    1.242856] NET: Registered PF_INET protocol family", "[    1.245960] IP idents hash table entries: 131072 (order: 8, 1048576 bytes, linear)", "[    1.251764] tcp_listen_portaddr_hash hash table entries: 4096 (order: 4, 65536 bytes, linear)", "[    1.256754] Table-perturb hash table entries: 65536 (order: 6, 262144 bytes, linear)", "[    1.261402] TCP established hash table entries: 65536 (order: 7, 524288 bytes, linear)", "[    1.266032] TCP bind hash table entries: 65536 (order: 9, 2097152 bytes, linear)", "[    1.270717] TCP: Hash tables configured (established 65536 bind 65536)", "[    1.274650] UDP hash table entries: 4096 (order: 5, 131072 bytes, linear)", "[    1.278527] UDP-Lite hash table entries: 4096 (order: 5, 131072 bytes, linear)", "[    1.282556] NET: Registered PF_UNIX/PF_LOCAL protocol family", "[    1.286520] RPC: Registered named UNIX socket transport module.", "[    1.289757] RPC: Registered udp transport module.", "[    1.292422] RPC: Registered tcp transport module.", "[    1.295083] RPC: Registered tcp-with-tls transport module.", "[    1.298120] RPC: Registered tcp NFSv4.1 backchannel transport module.", "[    1.302448] pci_bus 0000:00: resource 4 [io  0x0000-0x0cf7 window]", "[    1.305896] pci_bus 0000:00: resource 5 [io  0x0d00-0xffff window]", "[    1.309309] pci_bus 0000:00: resource 6 [mem 0x000a0000-0x000bffff window]", "[    1.313082] pci_bus 0000:00: resource 7 [mem 0xc0000000-0xfebfffff window]", "[    1.316833] pci_bus 0000:00: resource 8 [mem 0x380000000000-0x38007fffffff window]", "[    1.320995] pci 0000:00:01.0: PIIX3: Enabling Passive Release", "[    1.324210] pci 0000:00:00.0: Limiting direct PCI/PCI transfers", "[    1.327760] PCI: CLS 0 bytes, default 64", "[    1.329958] PCI-DMA: Using software bounce buffering for IO (SWIOTLB)", "[    1.333505] software IO TLB: mapped [mem 0x00000000bbfdd000-0x00000000bffdd000] (64MB)", "[    1.339097] RAPL PMU: API unit is 2^-32 Joules, 0 fixed counters, 10737418240 ms ovfl timer", "[    1.343641] clocksource: tsc: mask: 0xffffffffffffffff max_cycles: 0x285d298e329, max_idle_ns: 440795345114 ns", "[    1.353995] Initialise system trusted keyrings", "[    1.356732] workingset: timestamp_bits=56 max_order=21 bucket_order=0", "[    1.360677] NFS: Registering the id_resolver key type", "[    1.363519] Key type id_resolver registered", "[    1.365854] Key type id_legacy registered", "[    1.368342] 9p: Installing v9fs 9p2000 file system support", "[    1.383895] Key type asymmetric registered", "[    1.386250] Asymmetric key parser 'x509' registered", "[    1.389021] Block layer SCSI generic (bsg) driver version 0.4 loaded (major 251)", "[    1.393083] io scheduler mq-deadline registered", "[    1.395611] io scheduler kyber registered", "[    1.399254] input: Power Button as /devices/LNXSYSTM:00/LNXPWRBN:00/input/input0", "[    1.403430] ACPI: button: Power Button [PWRF]", "[    1.407085] ACPI: \\_SB_.LNKB: Enabled at IRQ 10", "[    1.414268] ACPI: \\_SB_.LNKC: Enabled at IRQ 11", "[    1.421662] ACPI: \\_SB_.LNKD: Enabled at IRQ 11", "[    1.428755] Serial: 8250/16550 driver, 4 ports, IRQ sharing enabled", "[    1.432963] 00:03: ttyS0 at I/O 0x3f8 (irq = 4, base_baud = 115200) is a 16550A", "[    1.474721] Non-volatile memory driver v1.3", "[    1.477151] Linux agpgart interface v0.103", "[    1.479737] ACPI: bus type drm_connector registered", "[    1.486969] loop: module loaded", "[    1.489312] virtio_blk virtio0: 8/0/0 default/read/poll queues", "[    1.501073] virtio_blk virtio0: [vda] 52428800 512-byte logical blocks (26.8 GB/25.0 GiB)", "[    1.511632]  vda: vda1 vda14 vda15 vda16", "[    1.514843] ata_piix 0000:00:01.1: version 2.13", "[    1.519317] scsi host0: ata_piix", "[    1.521646] scsi host1: ata_piix", "[    1.523515] ata1: PATA max MWDMA2 cmd 0x1f0 ctl 0x3f6 bmdma 0xc0e0 irq 14 lpm-pol 0", "[    1.527742] ata2: PATA max MWDMA2 cmd 0x170 ctl 0x376 bmdma 0xc0e8 irq 15 lpm-pol 0", "[    1.536774] e100: Intel(R) PRO/100 Network Driver", "[    1.539401] e100: Copyright(c) 1999-2006 Intel Corporation", "[    1.542452] e1000: Intel(R) PRO/1000 Network Driver", "[    1.545198] e1000: Copyright (c) 1999-2006 Intel Corporation.", "[    1.548435] e1000e: Intel(R) PRO/1000 Network Driver", "[    1.551203] e1000e: Copyright(c) 1999 - 2015 Intel Corporation.", "[    1.554480] sky2: driver version 1.30", "[    1.556882] usbcore: registered new interface driver usblp", "[    1.559956] usbcore: registered new interface driver usb-storage", "[    1.563398] i8042: PNP: PS/2 Controller [PNP0303:KBD,PNP0f13:MOU] at 0x60,0x64 irq 1,12", "[    1.570326] serio: i8042 KBD port at 0x60,0x64 irq 1", "[    1.573061] serio: i8042 AUX port at 0x60,0x64 irq 12", "[    1.576265] rtc_cmos 00:04: RTC can wake from S4", "[    1.581463] input: AT Translated Set 2 keyboard as /devices/platform/i8042/serio0/input/input1", "[    1.586734] rtc_cmos 00:04: registered as rtc0", "[    1.589662] rtc_cmos 00:04: alarms up to one day, y3k, 242 bytes nvram, hpet irqs", "[    1.594684] device-mapper: ioctl: 4.48.0-ioctl (2023-03-01) initialised: dm-devel@redhat.com", "[    1.599470] intel_pstate: CPU model not supported", "[    1.602226] hid: raw HID events driver (C) Jiri Kosina", "[    1.605268] usbcore: registered new interface driver usbhid", "[    1.608484] usbhid: USB HID core driver", "[    1.613078] Initializing XFRM netlink socket", "[    1.615641] NET: Registered PF_INET6 protocol family", "[    1.619604] Segment Routing with IPv6", "[    1.621776] In-situ OAM (IOAM) with IPv6", "[    1.624135] sit: IPv6, IPv4 and MPLS over IPv4 tunneling driver", "[    1.627634] NET: Registered PF_PACKET protocol family", "[    1.630584] 9pnet: Installing 9P2000 support", "[    1.633118] Key type dns_resolver registered", "[    1.638712] IPI shorthand broadcast: enabled", "[    1.642869] sched_clock: Marking stable (1595015067, 47350143)->(2023964095, -381598885)", "[    1.647959] registered taskstats version 1", "[    1.650312] Loading compiled-in X.509 certificates", "[    1.654568] PM:   Magic number: 9:160:178", "[    1.656891] acpi device:0e: hash matches", "[    1.659077]  platform: hash matches", "[    1.661053] printk: legacy console [netcon0] enabled", "[    1.663844] netconsole: network logging started", "[    1.666421] cfg80211: Loading compiled-in X.509 certificates for regulatory database", "[    1.671061] kworker/u16:3 (85) used greatest stack depth: 14456 bytes left", "[    1.672263] Loaded X.509 cert 'sforshee: 00b28ddf47aef9cea7'", "[    1.674563] kworker/u16:3 (86) used greatest stack depth: 13984 bytes left", "[    1.677911] Loaded X.509 cert 'wens: 61c038651aabdcf94bd0ac7ff06c7248db18c600'", "[    1.685776] platform regulatory.0: Direct firmware load for regulatory.db failed with error -2", "[    1.687282] ALSA device list:", "[    1.690619] cfg80211: failed to load regulatory.db", "[    1.692427]   No soundcards found.", "[    2.268224] input: ImExPS/2 Generic Explorer Mouse as /devices/platform/i8042/serio1/input/input3", "[    2.271927] md: Waiting for all devices to be available before autodetect", "[    2.274395] md: If you don't use raid, use raid=noautodetect", "[    2.276448] md: Autodetecting RAID arrays.", "[    2.277988] md: autorun ...", "[    2.279106] md: ... autorun DONE.", "[    2.288481] EXT4-fs (vda1): mounted filesystem c8107c30-aa3b-40eb-bd2a-416a91df85e7 ro with ordered data mode. Quota mode: none.", "[    2.292136] VFS: Mounted root (ext4 filesystem) readonly on device 253:1.", "[    2.295251] devtmpfs: mounted", "[    2.297823] Freeing unused kernel image (initmem) memory: 1416K", "[    2.299872] Write protecting the kernel read-only data: 22528k", "[    2.302791] Freeing unused kernel image (rodata/data gap) memory: 744K", "[    2.315922] x86/mm: Checked W+X mappings: passed, no W+X pages found.", "[    2.318144] Run /sbin/init as init process", "[    2.319605]   with arguments:", "[    2.320730]     /sbin/init", "[    2.321792]     nospectre_bhb", "[    2.322881]   with environment:", "[    2.324047]     HOME=/", "[    2.324960]     TERM=linux", "[    2.325969]     spectre_v2=off", "[    2.327135]     spectre_v2_user=off", "[    2.328417]     pti=off", "SELinux:  Could not open policy file <= /etc/selinux/targeted/policy/policy.33:  No such file or directory", "[    2.561680] systemd[1]: systemd 255.4-1ubuntu8.6 running in system mode (+PAM +AUDIT +SELINUX +APPARMOR +IMA +SMACK +SECCOMP +GCRYPT -GNUTLS +OPENSSL +ACL +BLKID +CURL +ELFUTILS +FIDO2 +IDN2 -IDN +IPTC +KMOD +LIBCRYPTSETUP +LIBFDISK +PCRE2 -PWQUALITY +P11KIT +QRENCODE +TPM2 +BZIP2 +LZ4 +XZ +ZLIB +ZSTD -BPF_FRAMEWORK -XKBCOMMON +UTMP +SYSVINIT default-hierarchy=unified)", "[    2.571937] systemd[1]: Detected virtualization kvm.", "[    2.573767] systemd[1]: Detected architecture x86-64.", "", "Welcome to \u001b[1mUbuntu 24.04.2 LTS\u001b[0m!", "", "", "[    2.582927] systemd[1]: Hostname set to <ubuntu-testing>.", "[    2.617554] snapd-env-gener (93) used greatest stack depth: 13168 bytes left", "[    2.749335] cloud-init-gene (96) used greatest stack depth: 12872 bytes left", "[    2.911003] systemd[1]: Queued start job for default target graphical.target.", "[    2.919892] systemd[1]: Created slice system-modprobe.slice - Slice /system/modprobe.", "[\u001b[0;32m  OK  \u001b[0m] Created slice \u001b[0;1;39msystem-modprobe.slice\u001b[0m - Slice /system/modprobe.", "", "[    2.926254] systemd[1]: Created slice system-serial\\x2dgetty.slice - Slice /system/serial-getty.", "[\u001b[0;32m  OK  \u001b[0m] Created slice \u001b[0;1;39msystem-serial\\x2dget\u2026slice\u001b[0m - Slice /system/serial-getty.", "", "[    2.933302] systemd[1]: Created slice system-systemd\\x2dfsck.slice - Slice /system/systemd-fsck.", "[\u001b[0;32m  OK  \u001b[0m] Created slice \u001b[0;1;39msystem-systemd\\x2dfs\u2026slice\u001b[0m - Slice /system/systemd-fsck.", "", "[    2.940225] systemd[1]: Created slice user.slice - User and Session Slice.", "[\u001b[0;32m  OK  \u001b[0m] Created slice \u001b[0;1;39muser.slice\u001b[0m - User and Session Slice.", "", "[    2.945573] systemd[1]: Started systemd-ask-password-console.path - Dispatch Password Requests to Console Directory Watch.", "[\u001b[0;32m  OK  \u001b[0m] Started \u001b[0;1;39msystemd-ask-password-conso\u2026\u001b[0mequests to Console Directory Watch.", "", "[    2.952898] systemd[1]: Started systemd-ask-password-wall.path - Forward Password Requests to Wall Directory Watch.", "[\u001b[0;32m  OK  \u001b[0m] Started \u001b[0;1;39msystemd-ask-password-wall.\u2026\u001b[0md Requests to Wall Directory Watch.", "", "[    2.960350] systemd[1]: Set up automount proc-sys-fs-binfmt_misc.automount - Arbitrary Executable File Formats File System Automount Point.", "[\u001b[0;32m  OK  \u001b[0m] Set up automount \u001b[0;1;39mproc-sys-fs-binfm\u2026\u001b[0mormats File System Automount Point.", "", "[    2.967981] systemd[1]: Expecting device dev-disk-by\\x2dlabel-BOOT.device - /dev/disk/by-label/BOOT...", "Expecting device \u001b[0;1;39mdev-disk-by\\x2dla\u2026device\u001b[0m - /dev/disk/by-label/BOOT...", "", "[    2.974482] systemd[1]: Expecting device dev-disk-by\\x2dlabel-UEFI.device - /dev/disk/by-label/UEFI...", "Expecting device \u001b[0;1;39mdev-disk-by\\x2dla\u2026device\u001b[0m - /dev/disk/by-label/UEFI...", "", "[    2.980841] systemd[1]: Expecting device dev-ttyS0.device - /dev/ttyS0...", "Expecting device \u001b[0;1;39mdev-ttyS0.device\u001b[0m - /dev/ttyS0...", "", "[    2.985693] systemd[1]: Reached target cryptsetup.target - Local Encrypted Volumes.", "[\u001b[0;32m  OK  \u001b[0m] Reached target \u001b[0;1;39mcryptsetup.target\u001b[0m - Local Encrypted Volumes.", "", "[    2.991732] systemd[1]: Reached target integritysetup.target - Local Integrity Protected Volumes.", "[\u001b[0;32m  OK  \u001b[0m] Reached target \u001b[0;1;39mintegritysetup.targ\u2026\u001b[0m Local Integrity Protected Volumes.", "", "[    2.998674] systemd[1]: Reached target remote-fs.target - Remote File Systems.", "[\u001b[0;32m  OK  \u001b[0m] Reached target \u001b[0;1;39mremote-fs.target\u001b[0m - Remote File Systems.", "", "[    3.004451] systemd[1]: Reached target slices.target - Slice Units.", "[\u001b[0;32m  OK  \u001b[0m] Reached target \u001b[0;1;39mslices.target\u001b[0m - Slice Units.", "", "[    3.009440] systemd[1]: Reached target snapd.mounts-pre.target - Mounting snaps.", "[\u001b[0;32m  OK  \u001b[0m] Reached target \u001b[0;1;39msnapd.mounts-pre.target\u001b[0m - Mounting snaps.", "", "[    3.015303] systemd[1]: Reached target snapd.mounts.target - Mounted snaps.", "[\u001b[0;32m  OK  \u001b[0m] Reached target \u001b[0;1;39msnapd.mounts.target\u001b[0m - Mounted snaps.", "", "[    3.020830] systemd[1]: Reached target swap.target - Swaps.", "[\u001b[0;32m  OK  \u001b[0m] Reached target \u001b[0;1;39mswap.target\u001b[0m - Swaps.", "", "[    3.025338] systemd[1]: Reached target veritysetup.target - Local Verity Protected Volumes.", "[\u001b[0;32m  OK  \u001b[0m] Reached target \u001b[0;1;39mveritysetup.target\u001b[0m - Local Verity Protected Volumes.", "", "[    3.032107] systemd[1]: Listening on systemd-fsckd.socket - fsck to fsckd communication Socket.", "[\u001b[0;32m  OK  \u001b[0m] Listening on \u001b[0;1;39msystemd-fsckd.socket\u001b[0m \u2026fsck to fsckd communication Socket.", "", "[    3.039043] systemd[1]: Listening on systemd-initctl.socket - initctl Compatibility Named Pipe.", "[\u001b[0;32m  OK  \u001b[0m] Listening on \u001b[0;1;39msystemd-initctl.socke\u2026\u001b[0m- initctl Compatibility Named Pipe.", "", "[    3.046078] systemd[1]: Listening on systemd-journald-dev-log.socket - Journal Socket (/dev/log).", "[\u001b[0;32m  OK  \u001b[0m] Listening on \u001b[0;1;39msystemd-journald-dev-\u2026socket\u001b[0m - Journal Socket (/dev/log).", "", "[    3.053473] systemd[1]: Listening on systemd-journald.socket - Journal Socket.", "[\u001b[0;32m  OK  \u001b[0m] Listening on \u001b[0;1;39msystemd-journald.socket\u001b[0m - Journal Socket.", "", "[    3.059409] systemd[1]: Listening on systemd-networkd.socket - Network Service Netlink Socket.", "[\u001b[0;32m  OK  \u001b[0m] Listening on \u001b[0;1;39msystemd-networkd.socket\u001b[0m - Network Service Netlink Socket.", "", "[    3.066096] systemd[1]: systemd-pcrextend.socket - TPM2 PCR Extension (Varlink) was skipped because of an unmet condition check (ConditionSecurity=measured-uki).", "[    3.072081] systemd[1]: Listening on systemd-udevd-control.socket - udev Control Socket.", "[\u001b[0;32m  OK  \u001b[0m] Listening on \u001b[0;1;39msystemd-udevd-control.socket\u001b[0m - udev Control Socket.", "", "[    3.078954] systemd[1]: Listening on systemd-udevd-kernel.socket - udev Kernel Socket.", "[\u001b[0;32m  OK  \u001b[0m] Listening on \u001b[0;1;39msystemd-udevd-kernel.socket\u001b[0m - udev Kernel Socket.", "", "[    3.094513] systemd[1]: Mounting dev-hugepages.mount - Huge Pages File System...", "Mounting \u001b[0;1;39mdev-hugepages.mount\u001b[0m - Huge Pages File System...", "", "[    3.101858] systemd[1]: Mounting dev-mqueue.mount - POSIX Message Queue File System...", "Mounting \u001b[0;1;39mdev-mqueue.mount\u001b[0m - POSIX Message Queue File System...", "", "[    3.108281] systemd[1]: Mounting sys-kernel-debug.mount - Kernel Debug File System...", "Mounting \u001b[0;1;39msys-kernel-debug.mount\u001b[0m - Kernel D[    3.112988] systemd[1]: Mounting sys-kernel-tracing.mount - Kernel Trace File System...", "ebug File System...", "", "Mounting \u001b[0;1;39msys-kernel-tracing.mount\u001b[0m - Kernel Trace File System...", "", "[    3.120460] systemd[1]: systemd-journald.service: unit configures an IP firewall, but the local system does not support BPF/cgroup firewalling.", "[    3.124450] systemd[1]: systemd-journald.service: (This warning is only shown for the first unit using IP firewalling.)", "[    3.128704] systemd[1]: Starting systemd-journald.service - Journal Service...", "Starting \u001b[0;1;39msystemd-journald.service\u001b[0m - Journa[    3.133070] systemd[1]: Starting keyboard-setup.service - Set the console keyboard layout...", "l Service...", "", "Starting \u001b[0;1;39mkeyboard-setup.service\u001b[0m - Set the console keyboard layout...", "", "[    3.141552] systemd[1]: kmod-static-nodes.service - Create List of Static Device Nodes was skipped because of an unmet condition check (ConditionFileNotEmpty=/lib/modules/6.8.0/modules.devname).", "[    3.148946] systemd[1]: Starting modprobe@configfs.service - Load Kernel Module configfs...", "Starting \u001b[0;1;39mmodprobe@configfs.service\u001b[0m - Load Kernel Module configfs...", "", "[    3.158855] systemd[1]: Starting modprobe@dm_mod.service - Load Kernel Module dm_mod...", "Starting \u001b[0;1;39mmodprobe@dm_mod.service\u001b[0m - Load Kernel Module dm_mod...", "", "[    3.167832] systemd[1]: Starting modprobe@drm.service - Load Kernel Module drm...", "Starting \u001b[0;1;39mmodprobe@drm.service\u001b[0m - Load Kernel Module drm...", "", "[    3.178963] systemd[1]: Starting modprobe@efi_pstore.service - Load Kernel Module efi_pstore...", "Starting \u001b[0;1;39mmodprobe@efi_pstore.servi\u2026\u001b[0m - Load Kernel Module efi_pstore...", "", "[    3.186773] systemd[1]: Starting modprobe@fuse.service - Load Kernel Module fuse...", "Starting \u001b[0;1;39mmodprobe@fuse.service\u001b[0m - Load Kernel Module fuse..[    3.192298] systemd[1]: Starting modprobe@loop.service - Load Kernel Module loop...", ".", "", "Starting \u001b[0;1;39mmodprobe@loop.service\u001b[0m - Load Kernel Module loop...", "", "[    3.199144] systemd[1]: netplan-ovs-cleanup.service - OpenVSwitch configuration for cleanup was skipped because of an unmet condition check (ConditionFileIsExecutable=/usr/bin/ovs-vsctl).", "[    3.206471] systemd[1]: Starting systemd-fsck-root.service - File System Check on Root Device...", "Starting \u001b[0;1;39msystemd-fsck-root.service\u001b[0m\u2026File System Check on Root Device...", "", "[    3.213653] systemd-journald[131]: Collecting audit messages is disabled.", "[    3.214610] systemd[1]: Starting systemd-modules-load.service - Load Kernel Modules...", "Starting \u001b[0;1;39msystemd-modules-load.service\u001b[0m - Load Kernel Modules...", "", "[    3.223272] systemd[1]: systemd-pcrmachine.service - TPM2 PCR Machine ID Measurement was skipped because of an unmet condition check (ConditionSecurity=measured-uki).", "[    3.230089] systemd[1]: Starting systemd-tmpfiles-setup-dev-early.service - Create Static Device Nodes in /dev gracefully...", "Starting \u001b[0;1;39msystemd-tmpfiles-setu[    3.236337] systemd[1]: systemd-tpm2-setup-early.service - TPM2 SRK Setup (Early) was skipped because of an unmet condition check (ConditionSecurity=measured-uki).", "p-de\u2026\u001b[0m Device Nodes in /dev[    3.243296] systemd[1]: Starting systemd-udev-trigger.service - Coldplug All udev Devices...", "gracefully...", "", "Starting \u001b[0;1;39msystemd-udev-trigger.service\u001b[0m - Coldplug All udev Devices...", "", "[    3.255210] systemd[1]: Started systemd-journald.service - Journal Service.", "[\u001b[0;32m  OK  \u001b[0m] Started \u001b[0;1;39msystemd-journald.service\u001b[0m - Journal Service.", "", "[\u001b[0;32m  OK  \u001b[0m] Mounted \u001b[0;1;39mdev-hugepages.mount\u001b[0m - Huge Pages File System.", "", "[\u001b[0;32m  OK  \u001b[0m] Mounted \u001b[0;1;39mdev-mqueue.mount\u001b[0m - POSIX Message Queue File System.", "", "[\u001b[0;32m  OK  \u001b[0m] Mounted \u001b[0;1;39msys-kernel-debug.mount\u001b[0m - Kernel Debug File System.", "", "[\u001b[0;32m  OK  \u001b[0m] Mounted \u001b[0;1;39msys-kernel-tracing.mount\u001b[0m - Kernel Trace File System.", "", "[\u001b[0;32m  OK  \u001b[0m] Finished \u001b[0;1;39mkeyboard-setup.service\u001b[0m - Set the console keyboard layout.", "", "[\u001b[0;32m  OK  \u001b[0m] Finished \u001b[0;1;39mmodprobe@configfs.service\u001b[0m - Load Kernel Module configfs.", "", "[\u001b[0;32m  OK  \u001b[0m] Finished \u001b[0;1;39mmodprobe@dm_mod.service\u001b[0m - Load Kernel Module dm_mod.", "", "[\u001b[0;32m  OK  \u001b[0m] Finished \u001b[0;1;39mmodprobe@drm.service\u001b[0m - Load Kernel Module drm.", "", "[\u001b[0;32m  OK  \u001b[0m] Finished \u001b[0;1;39mmodprobe@efi_pstore.service\u001b[0m - Load Kernel Module efi_pstore.", "", "[\u001b[0;32m  OK  \u001b[0m] Finished \u001b[0;1;39mmodprobe@fuse.service\u001b[0m - Load Kernel Module fuse.", "", "[\u001b[0;32m  OK  \u001b[0m] Finished \u001b[0;1;39mmodprobe@loop.service\u001b[0m - Load Kernel Module loop.", "", "[\u001b[0;32m  OK  \u001b[0m] Finished \u001b[0;1;39msystemd-fsck-root.service\u001b[0m - File System Check on Root Device.", "", "[\u001b[0;32m  OK  \u001b[0m] Finished \u001b[0;1;39msystemd-modules-load.service\u001b[0m - Load Kernel Modules.", "", "[\u001b[0;32m  OK  \u001b[0m] Finished \u001b[0;1;39msystemd-tmpfiles-setup-de\u2026\u001b[0mic Device Nodes in /dev gracefully.", "", "[\u001b[0;32m  OK  \u001b[0m] Finished \u001b[0;1;39msystemd-udev-trigger.service\u001b[0m - Coldplug All udev Devices.", "", "[\u001b[0;32m  OK  \u001b[0m] Started \u001b[0;1;39msystemd-fsckd.service\u001b[0m - Fi\u2026stem Check Daemon to report status.", "", "Starting \u001b[0;1;39msystemd-remount-fs.servic\u2026\u001b[0munt Root and Kernel File Systems...", "", "Starting \u001b[0;1;39msystemd-sysctl.service\u001b[0m - Apply Kernel Variables...", "", "[\u001b[0;32m  OK  \u001b[0m] Finished \u001b[0;1;39msystemd-sysctl.service\u001b[0m - Apply Kernel Variables.", "", "[    3.394964] EXT4-fs (vda1): re-mounted c8107c30-aa3b-40eb-bd2a-416a91df85e7 r/w. Quota mode: none.", "[\u001b[0;32m  OK  \u001b[0m] Finished \u001b[0;1;39msystemd-remount-fs.servic\u2026\u001b[0mmount Root and Kernel File Systems.", "", "Starting \u001b[0;1;39msystemd-journal-flush.ser\u2026\u001b[0msh Journal to Persistent Storage...", "", "Starting \u001b[0;1;39msystemd-random-seed.service\u001b[0m - Load/Save OS Random Seed...", "", "Starting \u001b[0;1;39msyste[    3.427250] systemd-journald[131]: Received client request to flush runtime journal.", "md-sysusers.service\u001b[0m - Create System Users...", "", "[\u001b[0;32m  OK  \u001b[0m] Finished \u001b[0;1;39msystemd-random-seed.service\u001b[0m - Load/Save OS Random Seed.", "", "[\u001b[0;32m  OK  \u001b[0m] Finished \u001b[0;1;39msystemd-sysusers.service\u001b[0m - Create System Users.", "", "[    3.455560] systemd-journald[131]: /var/log/journal/26d7b7c94826499bb6e00a5f602ee679/system.journal: Journal file uses a different sequence number ID, rotating.", "[    3.460666] systemd-journald[131]: Rotating system journal.", "Starting \u001b[0;1;39msystemd-tmpfiles-setup-de\u2026\u001b[0meate Static Device Nodes in /dev...", "", "[\u001b[0;32m  OK  \u001b[0m] Finished \u001b[0;1;39msystemd-tmpfiles-setup-de\u2026\u001b[0mCreate Static Device Nodes in /dev.", "", "[\u001b[0;32m  OK  \u001b[0m] Reached target \u001b[0;1;39mlocal-fs-pre.target\u001b[0m\u2026Preparation for Local File Systems.", "", "Starting \u001b[0;1;39msystemd-udevd.service\u001b[0m - R\u2026ager for Device Events and Files...", "", "[\u001b[0;32m  OK  \u001b[0m] Finished \u001b[0;1;39msystemd-journal-flush.ser\u2026\u001b[0mlush Journal to Persistent Storage.", "", "[\u001b[0;32m  OK  \u001b[0m] Started \u001b[0;1;39msystemd-udevd.service\u001b[0m - Ru\u2026anager for Device Events and Files.", "", "Starting \u001b[0;1;39msystemd-networkd.service\u001b[0m - Network Configuration...", "", "[\u001b[0;32m  OK  \u001b[0m] Found device \u001b[0;1;39mdev-ttyS0.device\u001b[0m - /dev/ttyS0.", "", "[    3.675221] virtio_net virtio1 ens3: renamed from eth0", "[\u001b[0;32m  OK  \u001b[0m] Started \u001b[0;1;39msystemd-networkd.service\u001b[0m - Network Configuration.", "", "[\u001b[0;32m  OK  \u001b[0m] Listening on \u001b[0;1;39msystemd-rfkill.socket\u001b[0m\u2026ll Switch Status /dev/rfkill Watch.", "", "[\u001b[0;32m  OK  \u001b[0m] Found device \u001b[0;1;39mdev-disk-by\\x2dlabel-\u2026T.device\u001b[0m - /dev/disk/by-label/BOOT.", "", "[\u001b[0;32m  OK  \u001b[0m] Found device \u001b[0;1;39mdev-disk-by\\x2dlabel-\u2026I.device\u001b[0m - /dev/disk/by-label/UEFI.", "", "Starting \u001b[0;1;39msystemd-fsck@dev-disk-by\\\u2026\u001b[0mCheck on /dev/disk/by-label/BOOT...", "", "[\u001b[0;32m  OK  \u001b[0m] Finished \u001b[0;1;39msystemd-fsck@dev-disk-by\\\u2026\u001b[0mm Check on /dev/disk/by-label/BOOT.", "", "Mounting \u001b[0;1;39mboot.mount\u001b[0m - /boot...", "", "[    3.837775] EXT4-fs (vda16): mounted filesystem 7164fb69-891e-447e-91ac-9486a0886759 r/w with ordered data mode. Quota mode: none.", "[\u001b[0;32m  OK  \u001b[0m] Mounted \u001b[0;1;39mboot.mount\u001b[0m - /boot.", "", "Mounting \u001b[0;1;39mboot-efi.mount\u001b[0m - /boot/efi...", "", "[    3.864596] FAT-fs (vda15): Volume was not properly unmounted. Some data may be corrupt. Please run fsck.", "[\u001b[0;32m  OK  \u001b[0m] Mounted \u001b[0;1;39mboot-efi.mount\u001b[0m - /boot/efi.", "", "[\u001b[0;32m  OK  \u001b[0m] Reached target \u001b[0;1;39mlocal-fs.target\u001b[0m - Local File Systems.", "", "[\u001b[0;32m  OK  \u001b[0m] Listening on \u001b[0;1;39msystemd-sysext.socket\u001b[0m\u2026tension Image Management (Varlink).", "", "Starting \u001b[0;1;39mconsole-setup.service\u001b[0m - Set console font and keymap...", "", "Starting \u001b[0;1;39mldconfig.service\u001b[0m - Rebuild Dynamic Linker Cache...", "", "Starting \u001b[0;1;39msystemd-binfmt.service\u001b[0m - Set Up Additional Binary Formats...", "", "Starting \u001b[0;1;39msystemd-tmpfiles-setup.se\u2026\u001b[0me Volatile Files and Directories...", "", "[\u001b[0;32m  OK  \u001b[0m] Finished \u001b[0;1;39mconsole-setup.service\u001b[0m - Set console font and keymap.", "", "Mounting \u001b[0;1;39mproc-sys-fs-binfmt_misc.m\u2026\u001b[0mcutable File Formats File System...", "", "[\u001b[0;32m  OK  \u001b[0m] Mounted \u001b[0;1;39mproc-sys-fs-binfmt_misc.mo\u2026\u001b[0mxecutable File Formats File System.", "", "[\u001b[0;32m  OK  \u001b[0m] Finished \u001b[0;1;39msystemd-binfmt.service\u001b[0m - Set Up Additional Binary Formats.", "", "[\u001b[0;32m  OK  \u001b[0m] Finished \u001b[0;1;39msystemd-tmpfiles-setup.se\u2026\u001b[0mate Volatile Files and Directories.", "", "Starting \u001b[0;1;39msystemd-journal-catalog-u\u2026ervice\u001b[0m - Rebuild Journal Catalog...", "", "Starting \u001b[0;1;39msystemd-resolved.service\u001b[0m - Network Name Resolution...", "", "Starting \u001b[0;1;39msystemd-timesyncd.service\u001b[0m - Network Time Synchronization...", "", "Starting \u001b[0;1;39msystemd-update-utmp.servi\u2026\u001b[0mord System Boot/Shutdown in UTMP...", "", "[\u001b[0;32m  OK  \u001b[0m] Finished \u001b[0;1;39mldconfig.service\u001b[0m - Rebuild Dynamic Linker Cache.", "", "[\u001b[0;32m  OK  \u001b[0m] Finished \u001b[0;1;39msystemd-journal-catalog-u\u2026.service\u001b[0m - Rebuild Journal Catalog.", "", "Starting \u001b[0;1;39msystemd-update-done.service\u001b[0m - Update is Completed...", "", "[\u001b[0;32m  OK  \u001b[0m] Finished \u001b[0;1;39msystemd-update-utmp.servi\u2026\u001b[0mecord System Boot/Shutdown in UTMP.", "", "[\u001b[0;32m  OK  \u001b[0m] Finished \u001b[0;1;39msystemd-update-done.service\u001b[0m - Update is Completed.", "", "[\u001b[0;32m  OK  \u001b[0m] Started \u001b[0;1;39msystemd-timesyncd.service\u001b[0m - Network Time Synchronization.", "", "[\u001b[0;32m  OK  \u001b[0m] Reached target \u001b[0;1;39mtime-set.target\u001b[0m - System Time Set.", "", "[\u001b[0;32m  OK  \u001b[0m] Started \u001b[0;1;39msystemd-resolved.service\u001b[0m - Network Name Resolution.", "", "[\u001b[0;32m  OK  \u001b[0m] Reached target \u001b[0;1;39mnetwork.target\u001b[0m - Network.", "", "[\u001b[0;32m  OK  \u001b[0m] Reached target \u001b[0;1;39mnss-lookup.target\u001b[0m - Host and Network Name Lookups.", "", "[\u001b[0;32m  OK  \u001b[0m] Reached target \u001b[0;1;39msysinit.target\u001b[0m - System Initialization.", "", "[\u001b[0;32m  OK  \u001b[0m] Started \u001b[0;1;39mapt-daily.timer\u001b[0m - Daily apt download activities.", "", "[\u001b[0;32m  OK  \u001b[0m] Started \u001b[0;1;39mapt-daily-upgrade.timer\u001b[0m - \u2026y apt upgrade and clean activities.", "", "[\u001b[0;32m  OK  \u001b[0m] Started \u001b[0;1;39mdpkg-db-backup.timer\u001b[0m - Daily dpkg database backup timer.", "", "[\u001b[0;32m  OK  \u001b[0m] Started \u001b[0;1;39me2scrub_all.timer\u001b[0m - Period\u2026Metadata Check for All Filesystems.", "", "[\u001b[0;32m  OK  \u001b[0m] Started \u001b[0;1;39mfstrim.timer\u001b[0m - Discard unused filesystem blocks once a week.", "", "[\u001b[0;32m  OK  \u001b[0m] Started \u001b[0;1;39mmotd-news.timer\u001b[0m - Message of the Day.", "", "[\u001b[0;32m  OK  \u001b[0m] Started \u001b[0;1;39mphpsessionclean.timer\u001b[0m - Clean PHP session files every 30 mins.", "", "[\u001b[0;32m  OK  \u001b[0m] Started \u001b[0;1;39msystemd-tmpfiles-clean.tim\u2026\u001b[0my Cleanup of Temporary Directories.", "", "[\u001b[0;32m  OK  \u001b[0m] Reached target \u001b[0;1;39mpaths.target\u001b[0m - Path Units.", "", "[\u001b[0;32m  OK  \u001b[0m] Reached target \u001b[0;1;39mtimers.target\u001b[0m - Timer Units.", "", "[\u001b[0;32m  OK  \u001b[0m] Listening on \u001b[0;1;39mdbus.socket\u001b[0m - D-Bus System Message Bus Socket.", "", "Starting \u001b[0;1;39mlxd-installer.socket\u001b[0m - He\u2026er to install lxd snap on demand...", "", "Starting \u001b[0;1;39msnapd.socket\u001b[0m - Socket activation for snappy daemon...", "", "[\u001b[0;32m  OK  \u001b[0m] Listening on \u001b[0;1;39mssh.socket\u001b[0m - OpenBSD Secure Shell server socket.", "", "[\u001b[0;32m  OK  \u001b[0m] Listening on \u001b[0;1;39mlxd-installer.socket\u001b[0m \u2026lper to install lxd snap on demand.", "", "[\u001b[0;32m  OK  \u001b[0m] Listening on \u001b[0;1;39msnapd.socket\u001b[0m - Socket activation for snappy daemon.", "", "[\u001b[0;32m  OK  \u001b[0m] Reached target \u001b[0;1;39msockets.target\u001b[0m - Socket Units.", "", "[\u001b[0;32m  OK  \u001b[0m] Reached target \u001b[0;1;39mbasic.target\u001b[0m - Basic System.", "", "Starting \u001b[0;1;39mapport.service\u001b[0m - automatic crash report generation...", "", "Starting \u001b[0;1;39mdbus.service\u001b[0m - D-Bus System Message Bus...", "", "Starting \u001b[0;1;39me2scrub_reap.service\u001b[0m - Re\u2026ne ext4 Metadata Check Snapshots...", "", "Starting \u001b[0;1;39mgrub-common.service\u001b[0m - Record successful boot for GRUB...", "", "Starting \u001b[0;1;39mphpsessionclean.service\u001b[0m - Clean php session files...", "", "[\u001b[0;32m  OK  \u001b[0m] Reached target \u001b[0;1;39mgetty-pre.target\u001b[0m - Preparation for Logins.", "", "Starting \u001b[0;1;39msnapd.seeded.service\u001b[0m - Wait until snapd is fully seeded...", "", "[    4.300858] e2scrub_all (282) used greatest stack depth: 12728 bytes left", "Starting \u001b[0;1;39msnapd.service\u001b[0m - Snap Daemon...", "", "Starting \u001b[0;1;39msystemd-logind.service\u001b[0m - User Login Management...", "", "Starting \u001b[0;1;39msystemd-user-sessions.service\u001b[0m - Permit User Sessions...", "", "[\u001b[0;32m  OK  \u001b[0m] Started \u001b[0;1;39mdbus.service\u001b[0m - D-Bus System Message Bus.", "", "[\u001b[0;32m  OK  \u001b[0m] Finished \u001b[0;1;39me2scrub_reap.service\u001b[0m - Re\u2026line ext4 Metadata Check Snapshots.", "", "[\u001b[0;32m  OK  \u001b[0m] Finished \u001b[0;1;39msystemd-user-sessions.service\u001b[0m - Permit User Sessions.", "", "[\u001b[0;32m  OK  \u001b[0m] Started \u001b[0;1;39mserial-getty@ttyS0.service\u001b[0m - Serial Getty on ttyS0.", "", "Starting \u001b[0;1;39msetvtrgb.service\u001b[0m - Set console scheme...", "", "[\u001b[0;32m  OK  \u001b[0m] Finished \u001b[0;1;39msetvtrgb.service\u001b[0m - Set console scheme.", "", "[\u001b[0;32m  OK  \u001b[0m] Created slice \u001b[0;1;39msystem-getty.slice\u001b[0m - Slice /system/getty.", "", "[\u001b[0;32m  OK  \u001b[0m] Started \u001b[0;1;39mgetty@tty1.service\u001b[0m - Getty on tty1.", "", "[\u001b[0;32m  OK  \u001b[0m] Reached target \u001b[0;1;39mgetty.target\u001b[0m - Login Prompts.", "", "[\u001b[0;32m  OK  \u001b[0m] Started \u001b[0;1;39msystemd-logind.service\u001b[0m - User Login Management.", "", "[\u001b[0;32m  OK  \u001b[0m] Started \u001b[0;1;39munattended-upgrades.service\u001b[0m - Unattended Upgrades Shutdown.", "", "[\u001b[0;32m  OK  \u001b[0m] Finished \u001b[0;1;39mgrub-common.service\u001b[0m - Record successful boot for GRUB.", "", "Starting \u001b[0;1;39mgrub-initrd-fallback.service\u001b[0m - GRUB failed boot detection...", "", "[\u001b[0;32m  OK  \u001b[0m] Finished \u001b[0;1;39mgrub-initrd-fallback.service\u001b[0m - GRUB failed boot detection.", "", "[\u001b[0;32m  OK  \u001b[0m] Finished \u001b[0;1;39mphpsessionclean.service\u001b[0m - Clean php session files.", "", "[    4.771248] loop0: detected capacity change from 0 to 8", "[\u001b[0;32m  OK  \u001b[0m] Finished \u001b[0;1;39mapport.service\u001b[0m - automatic crash report generation.", "", "[\u001b[0;32m  OK  \u001b[0m] Started \u001b[0;1;39msnapd.service\u001b[0m - Snap Daemon.", "", "Starting \u001b[0;1;39msystemd-timedated.service\u001b[0m - Time & Date Service...", "", "[\u001b[0;32m  OK  \u001b[0m] Started \u001b[0;1;39msystemd-timedated.service\u001b[0m - Time & Date Service.", "", "[\u001b[0;32m  OK  \u001b[0m] Finished \u001b[0;1;39msnapd.seeded.service\u001b[0m - Wait until snapd is fully seeded.", "", "[\u001b[0;32m  OK  \u001b[0m] Reached target \u001b[0;1;39mmulti-user.target\u001b[0m - Multi-User System.", "", "[\u001b[0;32m  OK  \u001b[0m] Reached target \u001b[0;1;39mgraphical.target\u001b[0m - Graphical Interface.", "", "Starting \u001b[0;1;39msystemd-update-utmp-runle\u2026\u001b[0m- Record Runlevel Change in UTMP...", "", "[\u001b[0;32m  OK  \u001b[0m] Finished \u001b[0;1;39msystemd-update-utmp-runle\u2026e\u001b[0m - Record Runlevel Change in UTMP.", "", "", "", "Ubuntu 24.04.2 LTS ubuntu-testing ttyS0", "", "ubuntu-testing login: root (automatic login)", "", "", "Welcome to Ubuntu 24.04.2 LTS (GNU/Linux 6.8.0 x86_64)", "", "* Documentation:  https://help.ubuntu.com", "* Management:     https://landscape.canonical.com", "* Support:        https://ubuntu.com/pro", "", "This system has been minimized by removing packages and content that are", "not required on a system that users do not log into.", "", "To restore this content, you can run the 'unminimize' command.", "[    5.286811] MICROWAVE FRAMEWORK TESTER", "[    5.290419] [TAG: RUNNING SQLITE-BENCH]", "[    5.292021] Starting sqlite-bench...", "[    8.079153] (udev-worker) (215) used greatest stack depth: 12592 bytes left", "[  240.362100] Latest saved result: 2025-05-16-2226", "[  240.547106]", "[  240.627448] 2025-05-16-2226", "[  240.627448] KVM QEMU testing on Ubuntu 24.04 via the Phoronix Test Suite.", "[  240.627448]", "[  240.627448]", "[  240.627448] 2025-05-16 22:26:", "[  240.627448]", "[  240.627448] \tProcessor: QEMU Virtual 2.5+ (4 Cores), Motherboard: QEMU Ubuntu 25.04 PC (i440FX + PIIX 1996) (1.16.3-debian-1.16.3-2 BIOS), Chipset: Intel 440FX 82441FX PMC, Memory: 1 x 8 GB RAM QEMU, Disk: 24GB, Network: Red Hat Virtio device", "[  240.627448]", "[  240.627448] \tOS: Ubuntu 24.04, Kernel: 6.8.0-59-generic (x86_64), Compiler: GCC 13.3.0, File-System: ext4, System Layer: KVM QEMU", "[  240.627448]", "[  240.645270]", "sh: 1: kill: No such process", "", "[  242.957547] [TAG: SQLITE-BENCH COMPLETE]", "[  242.959059] MICROWAVE FRAMEWORK TESTER", "\u001b[?2004hroot@ubuntu-testing:~# \u001b[?2004l", "Stopping \u001b[0;1;39msession-1.scope\u001b[0m - Session 1 of User root...", "", "\u001b[?2004h\u001b[?2004l", "", "[\u001b[0;32m  OK  \u001b[0m] Removed slice \u001b[0;1;39msystem-modprobe.slice\u001b[0m - Slice /system/modprobe.", "", "[\u001b[0;32m  OK  \u001b[0m] Stopped target \u001b[0;1;39mgraphical.target\u001b[0m - Graphical Interface.", "", "[\u001b[0;32m  OK  \u001b[0m] Stopped target \u001b[0;1;39mmulti-user.target\u001b[0m - Multi-User System.", "", "[\u001b[0;32m  OK  \u001b[0m] Stopped target \u001b[0;1;39mgetty.target\u001b[0m - Login Prompts.", "", "[\u001b[0;32m  OK  \u001b[0m] Stopped target \u001b[0;1;39mnss-lookup.target\u001b[0m - Host and Network Name Lookups.", "", "[\u001b[0;32m  OK  \u001b[0m] Stopped target \u001b[0;1;39mtimers.target\u001b[0m - Timer Units.", "", "[\u001b[0;32m  OK  \u001b[0m] Stopped \u001b[0;1;39mapt-daily-upgrade.timer\u001b[0m - \u2026y apt upgrade and clean activities.", "", "[\u001b[0;32m  OK  \u001b[0m] Stopped \u001b[0;1;39mapt-daily.timer\u001b[0m - Daily apt download activities.", "", "[\u001b[0;32m  OK  \u001b[0m] Stopped \u001b[0;1;39mdpkg-db-backup.timer\u001b[0m - Daily dpkg database backup timer.", "", "[\u001b[0;32m  OK  \u001b[0m] Stopped \u001b[0;1;39me2scrub_all.timer\u001b[0m - Period\u2026Metadata Check for All Filesystems.", "", "[\u001b[0;32m  OK  \u001b[0m] Stopped \u001b[0;1;39mfstrim.timer\u001b[0m - Discard unused filesystem blocks once a week.", "", "[\u001b[0;32m  OK  \u001b[0m] Stopped \u001b[0;1;39mmotd-news.timer\u001b[0m - Message of the Day.", "", "[\u001b[0;32m  OK  \u001b[0m] Stopped \u001b[0;1;39mphpsessionclean.timer\u001b[0m - Clean PHP session files every 30 mins.", "", "[\u001b[0;32m  OK  \u001b[0m] Stopped \u001b[0;1;39msystemd-tmpfiles-clean.tim\u2026\u001b[0my Cleanup of Temporary Directories.", "", "[\u001b[0;32m  OK  \u001b[0m] Stopped target \u001b[0;1;39mtime-set.target\u001b[0m - System Time Set.", "", "[\u001b[0;32m  OK  \u001b[0m] Closed \u001b[0;1;39msystemd-rfkill.socket\u001b[0m - Loa\u2026ll Switch Status /dev/rfkill Watch.", "", "Stopping \u001b[0;1;39mapport.service\u001b[0m - automatic crash report generation...", "", "Stopping \u001b[0;1;39mgetty@tty1.service\u001b[0m - Getty on tty1...", "", "Stopping \u001b[0;1;39mserial-getty@ttyS0.service\u001b[0m - Serial Getty on ttyS0...", "", "[\u001b[0;32m  OK  \u001b[0m] Stopped \u001b[0;1;39msnapd.seeded.service\u001b[0m - Wait until snapd is fully seeded.", "", "Stopping \u001b[0;1;39msystemd-random-seed.service\u001b[0m - Load/Save OS Random Seed...", "", "[\u001b[0;32m  OK  \u001b[0m] Stopped \u001b[0;1;39mserial-getty@ttyS0.service\u001b[0m - Serial Getty on ttyS0.", "", "[\u001b[0;32m  OK  \u001b[0m] Stopped \u001b[0;1;39mgetty@tty1.service\u001b[0m - Getty on tty1.", "", "[\u001b[0;32m  OK  \u001b[0m] Stopped \u001b[0;1;39msession-1.scope\u001b[0m - Session 1 of User root.", "", "[\u001b[0;32m  OK  \u001b[0m] Removed slice \u001b[0;1;39msystem-getty.slice\u001b[0m - Slice /system/getty.", "", "[\u001b[0;32m  OK  \u001b[0m] Removed slice \u001b[0;1;39msystem-serial\\x2dget\u2026slice\u001b[0m - Slice /system/serial-getty.", "", "[\u001b[0;32m  OK  \u001b[0m] Stopped target \u001b[0;1;39mgetty-pre.target\u001b[0m - Preparation for Logins.", "", "Stopping \u001b[0;1;39msystemd-logind.service\u001b[0m - User Login Management...", "", "Stopping \u001b[0;1;39msystemd-user-sessions.service\u001b[0m - Permit User Sessions...", "", "Stopping \u001b[0;1;39muser@0.service\u001b[0m - User Manager for UID 0...", "", "[\u001b[0;32m  OK  \u001b[0m] Stopped \u001b[0;1;39msystemd-random-seed.service\u001b[0m - Load/Save OS Random Seed.", "", "[\u001b[0;32m  OK  \u001b[0m] Stopped \u001b[0;1;39msystemd-user-sessions.service\u001b[0m - Permit User Sessions.", "", "[\u001b[0;32m  OK  \u001b[0m] Stopped target \u001b[0;1;39mnetwork.target\u001b[0m - Network.", "", "Stopping \u001b[0;1;39msystemd-networkd.service\u001b[0m - Network Configuration...", "", "[\u001b[0;32m  OK  \u001b[0m] Stopped \u001b[0;1;39msystemd-networkd.service\u001b[0m - Network Configuration.", "", "[\u001b[0;32m  OK  \u001b[0m] Stopped \u001b[0;1;39muser@0.service\u001b[0m - User Manager for UID 0.", "", "[\u001b[0;32m  OK  \u001b[0m] Stopped \u001b[0;1;39mapport.service\u001b[0m - automatic crash report generation.", "", "[\u001b[0;32m  OK  \u001b[0m] Stopped \u001b[0;1;39msystemd-logind.service\u001b[0m - User Login Management.", "", "[\u001b[0;32m  OK  \u001b[0m] Stopped target \u001b[0;1;39mremote-fs.target\u001b[0m - Remote File Systems.", "", "Stopping \u001b[0;1;39muser-runtime-dir@0.servic\u2026\u001b[0mer Runtime Directory /run/user/0...", "", "[\u001b[0;32m  OK  \u001b[0m] Unmounted \u001b[0;1;39mrun-user-0.mount\u001b[0m - /run/user/0.", "", "[\u001b[0;32m  OK  \u001b[0m] Stopped \u001b[0;1;39muser-runtime-dir@0.service\u001b[0m\u2026User Runtime Directory /run/user/0.", "", "[\u001b[0;32m  OK  \u001b[0m] Removed slice \u001b[0;1;39muser-0.slice\u001b[0m - User Slice of UID 0.", "", "[\u001b[0;32m  OK  \u001b[0m] Stopped target \u001b[0;1;39mbasic.target\u001b[0m - Basic System.", "", "[\u001b[0;32m  OK  \u001b[0m] Stopped target \u001b[0;1;39mpaths.target\u001b[0m - Path Units.", "", "[\u001b[0;32m  OK  \u001b[0m] Stopped target \u001b[0;1;39mslices.target\u001b[0m - Slice Units.", "", "[\u001b[0;32m  OK  \u001b[0m] Removed slice \u001b[0;1;39muser.slice\u001b[0m - User and Session Slice.", "", "[\u001b[0;32m  OK  \u001b[0m] Stopped target \u001b[0;1;39msockets.target\u001b[0m - Socket Units.", "", "[\u001b[0;32m  OK  \u001b[0m] Closed \u001b[0;1;39mlxd-installer.socket\u001b[0m - Helper to install lxd snap on demand.", "", "[\u001b[0;32m  OK  \u001b[0m] Closed \u001b[0;1;39msnapd.socket\u001b[0m - Socket activation for snappy daemon.", "", "[\u001b[0;32m  OK  \u001b[0m] Closed \u001b[0;1;39mssh.socket\u001b[0m - OpenBSD Secure Shell server socket.", "", "[\u001b[0;32m  OK  \u001b[0m] Stopped target \u001b[0;1;39msysinit.target\u001b[0m - System Initialization.", "", "[\u001b[0;32m  OK  \u001b[0m] Stopped target \u001b[0;1;39mcryptsetup.target\u001b[0m - Local Encrypted Volumes.", "", "[\u001b[0;32m  OK  \u001b[0m] Stopped \u001b[0;1;39msystemd-ask-password-conso\u2026\u001b[0mequests to Console Directory Watch.", "", "[\u001b[0;32m  OK  \u001b[0m] Stopped \u001b[0;1;39msystemd-ask-password-wall.\u2026\u001b[0md Requests to Wall Directory Watch.", "", "[\u001b[0;32m  OK  \u001b[0m] Stopped target \u001b[0;1;39mintegritysetup.targ\u2026\u001b[0m Local Integrity Protected Volumes.", "", "[\u001b[0;32m  OK  \u001b[0m] Stopped target \u001b[0;1;39mswap.target\u001b[0m - Swaps.", "", "[\u001b[0;32m  OK  \u001b[0m] Stopped target \u001b[0;1;39mveritysetup.target\u001b[0m - Local Verity Protected Volumes.", "", "[\u001b[0;32m  OK  \u001b[0m] Closed \u001b[0;1;39msystemd-networkd.socket\u001b[0m - Network Service Netlink Socket.", "", "Stopping \u001b[0;1;39msystemd-binfmt.service\u001b[0m - Set Up Additional Binary Formats...", "", "Stopping \u001b[0;1;39msystemd-resolved.service\u001b[0m - Network Name Resolution...", "", "Stopping \u001b[0;1;39msystemd-timesyncd.service\u001b[0m - Network Time Synchronization...", "", "[\u001b[0;32m  OK  \u001b[0m] Stopped \u001b[0;1;39msystemd-update-done.service\u001b[0m - Update is Completed.", "", "[\u001b[0;32m  OK  \u001b[0m] Stopped \u001b[0;1;39mldconfig.service\u001b[0m - Rebuild Dynamic Linker Cache.", "", "[\u001b[0;32m  OK  \u001b[0m] Stopped \u001b[0;1;39msystemd-journal-catalog-up\u2026.service\u001b[0m - Rebuild Journal Catalog.", "", "Stopping \u001b[0;1;39msystemd-update-utmp.servi\u2026\u001b[0mord System Boot/Shutdown in UTMP...", "", "[\u001b[0;32m  OK  \u001b[0m] Stopped \u001b[0;1;39msystemd-resolved.service\u001b[0m - Network Name Resolution.", "", "[\u001b[0;32m  OK  \u001b[0m] Stopped \u001b[0;1;39msystemd-timesyncd.service\u001b[0m - Network Time Synchronization.", "", "[\u001b[0;32m  OK  \u001b[0m] Stopped \u001b[0;1;39msystemd-binfmt.service\u001b[0m - Set Up Additional Binary Formats.", "", "[\u001b[0;32m  OK  \u001b[0m] Unset automount \u001b[0;1;39mproc-sys-fs-binfmt\u2026\u001b[0mormats File System Automount Point.", "", "[\u001b[0;32m  OK  \u001b[0m] Stopped \u001b[0;1;39msystemd-sysctl.service\u001b[0m - Apply Kernel Variables.", "", "[\u001b[0;32m  OK  \u001b[0m] Stopped \u001b[0;1;39msystemd-modules-load.service\u001b[0m - Load Kernel Modules.", "", "[\u001b[0;32m  OK  \u001b[0m] Stopped \u001b[0;1;39msystemd-update-utmp.servic\u2026\u001b[0mecord System Boot/Shutdown in UTMP.", "", "[\u001b[0;32m  OK  \u001b[0m] Stopped \u001b[0;1;39msystemd-tmpfiles-setup.ser\u2026\u001b[0mate Volatile Files and Directories.", "", "[\u001b[0;32m  OK  \u001b[0m] Stopped target \u001b[0;1;39mlocal-fs.target\u001b[0m - Local File Systems.", "", "[\u001b[0;32m  OK  \u001b[0m] Stopped target \u001b[0;1;39msnapd.mounts.target\u001b[0m - Mounted snaps.", "", "[\u001b[0;32m  OK  \u001b[0m] Stopped target \u001b[0;1;39msnapd.mounts-pre.target\u001b[0m - Mounting snaps.", "", "Unmounting \u001b[0;1;39mboot-efi.mount\u001b[0m - /boot/efi...", "", "[\u001b[0;32m  OK  \u001b[0m] Unmounted \u001b[0;1;39mboot-efi.mount\u001b[0m - /boot/efi.", "", "Unmounting \u001b[0;1;39mboot.mount\u001b[0m - /boot...", "", "[  243.446234] EXT4-fs (vda16): unmounting filesystem 7164fb69-891e-447e-91ac-9486a0886759.", "[\u001b[0;32m  OK  \u001b[0m] Unmounted \u001b[0;1;39mboot.mount\u001b[0m - /boot.", "", "[\u001b[0;32m  OK  \u001b[0m] Reached target \u001b[0;1;39mumount.target\u001b[0m - Unmount All Filesystems.", "", "[\u001b[0;32m  OK  \u001b[0m] Stopped \u001b[0;1;39msystemd-fsck@dev-disk-by\\x\u2026\u001b[0mm Check on /dev/disk/by-label/BOOT.", "", "[\u001b[0;32m  OK  \u001b[0m] Removed slice \u001b[0;1;39msystem-systemd\\x2dfs\u2026slice\u001b[0m - Slice /system/systemd-fsck.", "", "[\u001b[0;32m  OK  \u001b[0m] Stopped target \u001b[0;1;39mlocal-fs-pre.target\u001b[0m\u2026Preparation for Local File Systems.", "", "[\u001b[0;32m  OK  \u001b[0m] Stopped \u001b[0;1;39msystemd-tmpfiles-setup-dev\u2026\u001b[0mCreate Static Device Nodes in /dev.", "", "[\u001b[0;32m  OK  \u001b[0m] Stopped \u001b[0;1;39msystemd-sysusers.service\u001b[0m - Create System Users.", "", "[\u001b[0;32m  OK  \u001b[0m] Stopped \u001b[0;1;39msystemd-remount-fs.service\u001b[0m\u2026mount Root and Kernel File Systems.", "", "[\u001b[0;32m  OK  \u001b[0m] Stopped \u001b[0;1;39msystemd-fsck-root.service\u001b[0m - File System Check on Root Device.", "", "[\u001b[0;32m  OK  \u001b[0m] Stopped \u001b[0;1;39msystemd-tmpfiles-setup-dev\u2026\u001b[0mic Device Nodes in /dev gracefully.", "", "[\u001b[0;32m  OK  \u001b[0m] Reached target \u001b[0;1;39mshutdown.target\u001b[0m - System Shutdown.", "", "[\u001b[0;32m  OK  \u001b[0m] Reached target \u001b[0;1;39mfinal.target\u001b[0m - Late Shutdown Services.", "", "[\u001b[0;32m  OK  \u001b[0m] Finished \u001b[0;1;39msystemd-poweroff.service\u001b[0m - System Power Off.", "", "[\u001b[0;32m  OK  \u001b[0m] Reached target \u001b[0;1;39mpoweroff.target\u001b[0m - System Power Off.", "", "[  243.528482] systemd-shutdown[1]: Syncing filesystems and block devices.", "[  243.540530] systemd-shutdown[1]: Sending SIGTERM to remaining processes...", "[  243.545837] systemd-journald[131]: Received SIGTERM from PID 1 (systemd-shutdow).", "[  243.555546] systemd-shutdown[1]: Sending SIGKILL to remaining processes...", "[  243.562605] systemd-shutdown[1]: Unmounting file systems.", "[  243.565348] (sd-remount)[1215]: Remounting '/' read-only with options 'discard,errors=remount-ro,commit=30'.", "[  243.580421] EXT4-fs (vda1): re-mounted c8107c30-aa3b-40eb-bd2a-416a91df85e7 ro. Quota mode: none.", "[  243.593682] systemd-shutdown[1]: All filesystems unmounted.", "[  243.595686] systemd-shutdown[1]: Deactivating swaps.", "[  243.597560] systemd-shutdown[1]: All swaps deactivated.", "[  243.599468] systemd-shutdown[1]: Detaching loop devices.", "[  243.602325] systemd-shutdown[1]: All loop devices detached.", "[  243.604333] systemd-shutdown[1]: Stopping MD devices.", "[  243.606284] systemd-shutdown[1]: All MD devices stopped.", "[  243.608226] systemd-shutdown[1]: Detaching DM devices.", "[  243.610161] systemd-shutdown[1]: All DM devices detached.", "[  243.612085] systemd-shutdown[1]: All filesystems, swaps, loop devices, MD devices and DM devices detached.", "[  243.615827] systemd-shutdown[1]: Syncing filesystems and block devices.", "[  243.618213] systemd-shutdown[1]: Powering off.", "[  243.621466] ACPI: PM: Preparing to enter system sleep state S5", "[  243.623741] reboot: Power down", "Aux log file:", "", "", "", "SQLite 3.41.2:", "pts/sqlite-2.2.0", "Disk Test Configuration", "1: 1", "2: 2", "3: 4", "4: 8", "5: Test All Options", "** Multiple items can be selected, delimit by a comma. **", "", "", "Phoronix Test Suite v10.8.4", "System Information", "", "", "PROCESSOR:              Intel Xeon", "Core Count:           8", "Extensions:           SSE 4.2", "+ AVX512_VNNI", "+ AVX512CD", "+ AVX2", "+ AVX", "+ RDRAND", "+ FSGSBASE", "Cache Size:           16 MB", "Microcode:            0xffffffff", "Core Family:          Cascade Lake", "", "GRAPHICS:", "", "MOTHERBOARD:            QEMU Ubuntu 25.04 PC", "BIOS Version:         1.16.3-debian-1.16.3-2", "Chipset:              Intel 440FX 82441FX PMC", "Network:              Red Hat Virtio device", "", "MEMORY:                 1 x 8 GB RAM QEMU", "", "DISK:                   24GB", "File-System:          ext4", "Mount Options:        commit=30 discard errors=remount-ro relatime rw", "Disk Details:         Block Size: 4096", "", "OPERATING SYSTEM:       Ubuntu 24.04", "Kernel:               6.8.0 (x86_64)", "Compiler:             GCC 13.3.0", "System Layer:         KVM", "Security:             gather_data_sampling: Not affected", "+ itlb_multihit: Not affected", "+ l1tf: Not affected", "+ mds: Not affected", "+ meltdown: Not affected", "+ mmio_stale_data: Vulnerable: Clear buffers attempted no microcode; SMT Host state unknown", "+ retbleed: Vulnerable", "+ spec_rstack_overflow: Not affected", "+ spec_store_bypass: Mitigation of SSB disabled via prctl", "+ spectre_v1: Vulnerable: __user pointer sanitization and usercopy barriers only; no swapgs barriers", "+ spectre_v2: Vulnerable IBPB: disabled STIBP: disabled PBRSB-eIBRS: Vulnerable", "+ srbds: Not affected", "+ tsx_async_abort: Vulnerable: Clear buffers attempted no microcode; SMT Host state unknown", "", "", "[8192] strlen(): Passing null to parameter #1 ($string) of type string is deprecated in pts_test_run_manager:594", "", "SQLite 3.41.2:", "pts/sqlite-2.2.0 [Threads / Copies: 4]", "Test 1 of 1", "Estimated Trial Run Count:    3", "Estimated Time To Completion: 2 Minutes [12:12 UTC]", "Running Pre-Test Script @ 12:10:44", "Started Run 1 @ 12:10:45", "Running Interim Test Script @ 12:11:59", "Started Run 2 @ 12:12:01", "Running Interim Test Script @ 12:13:16", "Started Run 3 @ 12:13:18", "Running Post-Test Script @ 12:14:33", "", "Threads / Copies: 4:", "72.096", "73.052", "73.208", "", "Average: 72.785 Seconds", "Deviation: 0.83%", "", "", "[TAG: AUX SQLITE-BENCH RESULTS]", "", "2025-05-16-2226", "KVM QEMU testing on Ubuntu 24.04 via the Phoronix Test Suite.", "", "", "2025-05-16 22:26:", "", "Processor: QEMU Virtual 2.5+ (4 Cores), Motherboard: QEMU Ubuntu 25.04 PC (i440FX + PIIX 1996) (1.16.3-debian-1.16.3-2 BIOS), Chipset: Intel 440FX 82441FX PMC, Memory: 1 x 8 GB RAM QEMU, Disk: 24GB, Network: Red Hat Virtio device", "", "OS: Ubuntu 24.04, Kernel: 6.8.0-59-generic (x86_64), Compiler: GCC 13.3.0, File-System: ext4, System Layer: KVM QEMU", "", "", "[TAG: AUX SQLITE-BENCH RESULTS END]"], "metadata": {"test_marker": "MICROWAVE FRAMEWORK TESTER"}}