{"lines": ["IMAGE_PATH: /home/denzelgfarmer/KernelSecurityBenchmarks/Microwave/.working/test_lmbench_ibpb_on-linux.img", "KERNEL_PATH: /home/denzelgfarmer/KernelSecurityBenchmarks/Microwave/.working/temp/linux/install/boot/vmlinuz-6.8.0", "LOG_PATH: /home/denzelgfarmer/KernelSecurityBenchmarks/Microwave/microwave2/runners/aux_logfile.txt", "KERNEL_ARGS: console=ttyS0,115200 earlyprintk=serial,ttyS0,115200 ignore_loglevel root=/dev/vda1 nospectre_v1 spectre_v2=off spectre_v2_user=off retbleed=ibpb pti=off spec_rstack_overflow=ibpb", "+ '[' -z /home/denzelgfarmer/KernelSecurityBenchmarks/Microwave/.working/test_lmbench_ibpb_on-linux.img ']'", "+ '[' -z /home/denzelgfarmer/KernelSecurityBenchmarks/Microwave/.working/temp/linux/install/boot/vmlinuz-6.8.0 ']'", "+ CORESET=2,3,4,5", "+ echo 'Booting image /home/denzelgfarmer/KernelSecurityBenchmarks/Microwave/.working/test_lmbench_ibpb_on-linux.img (with kernel at /home/denzelgfarmer/KernelSecurityBenchmarks/Microwave/.working/temp/linux/install/boot/vmlinuz-6.8.0)...'", "Booting image /home/denzelgfarmer/KernelSecurityBenchmarks/Microwave/.working/test_lmbench_ibpb_on-linux.img (with kernel at /home/denzelgfarmer/KernelSecurityBenchmarks/Microwave/.working/temp/linux/install/boot/vmlinuz-6.8.0)...", "+ taskset -c 2,3,4,5 qemu-system-x86_64 -enable-kvm -nodefaults -nographic -m 8192 -mem-prealloc -cpu host -smp 8,sockets=1,cores=8,threads=1 -kernel /home/denzelgfarmer/KernelSecurityBenchmarks/Microwave/.working/temp/linux/install/boot/vmlinuz-6.8.0 -append 'console=ttyS0,115200 earlyprintk=serial,ttyS0,115200 ignore_loglevel root=/dev/vda1 nospectre_v1 spectre_v2=off spectre_v2_user=off retbleed=ibpb pti=off spec_rstack_overflow=ibpb' -device virtio-blk-pci,drive=hd0 -blockdev driver=file,node-name=hd_file,filename=/home/denzelgfarmer/KernelSecurityBenchmarks/Microwave/.working/test_lmbench_ibpb_on-linux.img -blockdev driver=qcow2,node-name=hd0,file=hd_file -device virtio-net-pci,netdev=net1 -netdev user,id=net1,hostfwd=tcp::2223-:22 -serial stdio -s -chardev file,id=log0,path=/home/denzelgfarmer/KernelSecurityBenchmarks/Microwave/microwave2/runners/aux_logfile.txt -device virtio-serial-pci,id=virtio-serial0 -device virtserialport,chardev=log0,name=host-port,bus=virtio-serial0.0", "\u001bc\u001b[?7l\u001b[2J\u001b[0mSeaBIOS (version 1.16.3-debian-1.16.3-2)", "", "", "iPXE (https://ipxe.org) 00:03.0 C000 PCI2.10 PnP PMM+BEFCACB0+BEF0ACB0 C000", "Press Ctrl-B to configure iPXE (PCI 00:03.0)...", "", "", "", "Booting from ROM..\u001bc\u001b[?7l\u001b[2JNo EFI environment detected.", "early console in extract_kernel", "input_data: 0x000000000295e2b9", "input_len: 0x0000000000b0961e", "output: 0x0000000001000000", "output_len: 0x0000000002423218", "kernel_total_size: 0x0000000002230000", "needed_size: 0x0000000002600000", "trampoline_32bit: 0x0000000000000000", "Physical KASLR using RDRAND RDTSC...", "Virtual KASLR using RDRAND RDTSC...", "", "Decompressing Linux... Parsing ELF... Performing relocations... done.", "Booting the kernel (entry_offset: 0x0000000000000000).", "[    0.000000] Linux version 6.8.0 (denzelgfarmer@microwave-lmbench) (gcc (Ubuntu 14.2.0-19ubuntu2) 14.2.0, GNU ld (GNU Binutils for Ubuntu) 2.44) #1 SMP PREEMPT_DYNAMIC Tue May 13 06:53:18 UTC 2025", "[    0.000000] Command line: console=ttyS0,115200 earlyprintk=serial,ttyS0,115200 ignore_loglevel root=/dev/vda1 nospectre_v1 spectre_v2=off spectre_v2_user=off retbleed=ibpb pti=off spec_rstack_overflow=ibpb", "[    0.000000] BIOS-provided physical RAM map:", "[    0.000000] BIOS-e820: [mem 0x0000000000000000-0x000000000009fbff] usable", "[    0.000000] BIOS-e820: [mem 0x000000000009fc00-0x000000000009ffff] reserved", "[    0.000000] BIOS-e820: [mem 0x00000000000f0000-0x00000000000fffff] reserved", "[    0.000000] BIOS-e820: [mem 0x0000000000100000-0x00000000bffdcfff] usable", "[    0.000000] BIOS-e820: [mem 0x00000000bffdd000-0x00000000bfffffff] reserved", "[    0.000000] BIOS-e820: [mem 0x00000000feffc000-0x00000000feffffff] reserved", "[    0.000000] BIOS-e820: [mem 0x00000000fffc0000-0x00000000ffffffff] reserved", "[    0.000000] BIOS-e820: [mem 0x0000000100000000-0x000000023fffffff] usable", "[    0.000000] printk: legacy bootconsole [earlyser0] enabled", "[    0.000000] printk: debug: ignoring loglevel setting.", "[    0.000000] NX (Execute Disable) protection: active", "[    0.000000] APIC: Static calls initialized", "[    0.000000] SMBIOS 2.8 present.", "[    0.000000] DMI: QEMU Ubuntu 25.04 PC (i440FX + PIIX, 1996), BIOS 1.16.3-debian-1.16.3-2 04/01/2014", "[    0.000000] Hypervisor detected: KVM", "[    0.000000] kvm-clock: Using msrs 4b564d01 and 4b564d00", "[    0.000002] kvm-clock: using sched offset of 2212743985 cycles", "[    0.003602] clocksource: kvm-clock: mask: 0xffffffffffffffff max_cycles: 0x1cd42e4dffb, max_idle_ns: 881590591483 ns", "[    0.014897] tsc: Detected 2800.246 MHz processor", "[    0.018805] e820: update [mem 0x00000000-0x00000fff] usable ==> reserved", "[    0.023455] e820: remove [mem 0x000a0000-0x000fffff] usable", "[    0.027314] last_pfn = 0x240000 max_arch_pfn = 0x400000000", "[    0.031453] MTRR map: 4 entries (3 fixed + 1 variable; max 19), built from 8 variable MTRRs", "[    0.037241] x86/PAT: Configuration [0-7]: WB  WC  UC- UC  WB  WP  UC- WT", "Memory KASLR using RDRAND RDTSC...", "[    0.044608] last_pfn = 0xbffdd max_arch_pfn = 0x400000000", "[    0.054908] found SMP MP-table at [mem 0x000f5470-0x000f547f]", "[    0.058894] Using GB pages for direct mapping", "[    0.062078] ACPI: Early table checksum verification disabled", "[    0.066071] ACPI: RSDP 0x00000000000F5270 000014 (v00 BOCHS )", "[    0.070077] ACPI: RSDT 0x00000000BFFE2565 000034 (v01 BOCHS  BXPC     00000001 BXPC 00000001)", "[    0.075964] ACPI: FACP 0x00000000BFFE23E1 000074 (v01 BOCHS  BXPC     00000001 BXPC 00000001)", "[    0.081902] ACPI: DSDT 0x00000000BFFE0040 0023A1 (v01 BOCHS  BXPC     00000001 BXPC 00000001)", "[    0.087785] ACPI: FACS 0x00000000BFFE0000 000040", "[    0.090960] ACPI: APIC 0x00000000BFFE2455 0000B0 (v03 BOCHS  BXPC     00000001 BXPC 00000001)", "[    0.096841] ACPI: HPET 0x00000000BFFE2505 000038 (v01 BOCHS  BXPC     00000001 BXPC 00000001)", "[    0.102748] ACPI: WAET 0x00000000BFFE253D 000028 (v01 BOCHS  BXPC     00000001 BXPC 00000001)", "[    0.108700] ACPI: Reserving FACP table memory at [mem 0xbffe23e1-0xbffe2454]", "[    0.113598] ACPI: Reserving DSDT table memory at [mem 0xbffe0040-0xbffe23e0]", "[    0.118462] ACPI: Reserving FACS table memory at [mem 0xbffe0000-0xbffe003f]", "[    0.123344] ACPI: Reserving APIC table memory at [mem 0xbffe2455-0xbffe2504]", "[    0.128201] ACPI: Reserving HPET table memory at [mem 0xbffe2505-0xbffe253c]", "[    0.133088] ACPI: Reserving WAET table memory at [mem 0xbffe253d-0xbffe2564]", "[    0.139774] No NUMA configuration found", "[    0.142405] Faking a node at [mem 0x0000000000000000-0x000000023fffffff]", "[    0.147028] NODE_DATA(0) allocated [mem 0x23fffc000-0x23fffffff]", "[    0.151456] Zone ranges:", "[    0.153202]   DMA      [mem 0x0000000000001000-0x0000000000ffffff]", "[    0.157471]   DMA32    [mem 0x0000000001000000-0x00000000ffffffff]", "[    0.161768]   Normal   [mem 0x0000000100000000-0x000000023fffffff]", "[    0.166044] Movable zone start for each node", "[    0.168977] Early memory node ranges", "[    0.171451]   node   0: [mem 0x0000000000001000-0x000000000009efff]", "[    0.175743]   node   0: [mem 0x0000000000100000-0x00000000bffdcfff]", "[    0.180101]   node   0: [mem 0x0000000100000000-0x000000023fffffff]", "[    0.184435] Initmem setup node 0 [mem 0x0000000000001000-0x000000023fffffff]", "[    0.189406] On node 0, zone DMA: 1 pages in unavailable ranges", "[    0.194487] On node 0, zone DMA: 97 pages in unavailable ranges", "[    0.585186] On node 0, zone Normal: 35 pages in unavailable ranges", "[    0.591987] ACPI: PM-Timer IO Port: 0x608", "[    0.594662] ACPI: LAPIC_NMI (acpi_id[0xff] dfl dfl lint[0x1])", "[    0.598654] IOAPIC[0]: apic_id 0, version 17, address 0xfec00000, GSI 0-23", "[    0.603299] ACPI: INT_SRC_OVR (bus 0 bus_irq 0 global_irq 2 dfl dfl)", "[    0.607482] ACPI: INT_SRC_OVR (bus 0 bus_irq 5 global_irq 5 high level)", "[    0.611878] ACPI: INT_SRC_OVR (bus 0 bus_irq 9 global_irq 9 high level)", "[    0.616241] ACPI: INT_SRC_OVR (bus 0 bus_irq 10 global_irq 10 high level)", "[    0.620742] ACPI: INT_SRC_OVR (bus 0 bus_irq 11 global_irq 11 high level)", "[    0.625233] ACPI: Using ACPI (MADT) for SMP configuration information", "[    0.629531] ACPI: HPET id: 0x8086a201 base: 0xfed00000", "[    0.632920] TSC deadline timer available", "[    0.635520] smpboot: Allowing 8 CPUs, 0 hotplug CPUs", "[    0.638848] kvm-guest: APIC: eoi() replaced with kvm_guest_apic_eoi_write()", "[    0.643555] kvm-guest: KVM setup pv remote TLB flush", "[    0.646858] kvm-guest: setup PV sched yield", "[    0.649688] PM: hibernation: Registered nosave memory: [mem 0x00000000-0x00000fff]", "[    0.654708] PM: hibernation: Registered nosave memory: [mem 0x0009f000-0x0009ffff]", "[    0.659717] PM: hibernation: Registered nosave memory: [mem 0x000a0000-0x000effff]", "[    0.664742] PM: hibernation: Registered nosave memory: [mem 0x000f0000-0x000fffff]", "[    0.669741] PM: hibernation: Registered nosave memory: [mem 0xbffdd000-0xbfffffff]", "[    0.674766] PM: hibernation: Registered nosave memory: [mem 0xc0000000-0xfeffbfff]", "[    0.679787] PM: hibernation: Registered nosave memory: [mem 0xfeffc000-0xfeffffff]", "[    0.684772] PM: hibernation: Registered nosave memory: [mem 0xff000000-0xfffbffff]", "[    0.689761] PM: hibernation: Registered nosave memory: [mem 0xfffc0000-0xffffffff]", "[    0.694767] [mem 0xc0000000-0xfeffbfff] available for PCI devices", "[    0.698800] Booting paravirtualized kernel on KVM", "[    0.701928] clocksource: refined-jiffies: mask: 0xffffffff max_cycles: 0xffffffff, max_idle_ns: 1910969940391419 ns", "[    0.714145] setup_percpu: NR_CPUS:64 nr_cpumask_bits:8 nr_cpu_ids:8 nr_node_ids:1", "[    0.727494] percpu: Embedded 55 pages/cpu s184552 r8192 d32536 u262144", "[    0.731854] pcpu-alloc: s184552 r8192 d32536 u262144 alloc=1*2097152", "[    0.736050] pcpu-alloc: [0] 0 1 2 3 4 5 6 7", "[    0.739010] Kernel command line: console=ttyS0,115200 earlyprintk=serial,ttyS0,115200 ignore_loglevel root=/dev/vda1 nospectre_v1 spectre_v2=off spectre_v2_user=off retbleed=ibpb pti=off spec_rstack_overflow=ibpb", "[    0.751585] Unknown kernel command line parameters \"spectre_v2=off spectre_v2_user=off pti=off\", will be passed to user space.", "[    0.759195] random: crng init done", "[    0.778222] Dentry cache hash table entries: 1048576 (order: 11, 8388608 bytes, linear)", "[    0.799758] Inode-cache hash table entries: 524288 (order: 10, 4194304 bytes, linear)", "[    0.805483] Fallback order for Node 0: 0", "[    0.805488] Built 1 zonelists, mobility grouping on.  Total pages: 2064093", "[    0.811656] Policy zone: Normal", "[    0.813427] mem auto-init: stack:all(zero), heap alloc:off, heap free:off", "[    0.817262] software IO TLB: area num 8.", "[    1.015995] Memory: 8140756K/8388076K available (16384K kernel code, 2735K rwdata, 5400K rodata, 1416K init, 2664K bss, 247064K reserved, 0K cma-reserved)", "[    1.023936] SLUB: HWalign=64, Order=0-3, MinObjects=0, CPUs=8, Nodes=1", "Poking KASLR using RDRAND RDTSC...", "[    1.031021] Dynamic Preempt: voluntary", "[    1.033262] rcu: Preemptible hierarchical RCU implementation.", "[    1.036498] rcu: \tRCU event tracing is enabled.", "[    1.039065] rcu: \tRCU restricting CPUs from NR_CPUS=64 to nr_cpu_ids=8.", "[    1.042805] \tTrampoline variant of Tasks RCU enabled.", "[    1.045655] rcu: RCU calculated value of scheduler-enlistment delay is 100 jiffies.", "[    1.049935] rcu: Adjusting geometry for rcu_fanout_leaf=16, nr_cpu_ids=8", "[    1.055140] NR_IRQS: 4352, nr_irqs: 488, preallocated irqs: 16", "[    1.058797] rcu: srcu_init: Setting srcu_struct sizes based on contention.", "[    1.063096] Console: colour *CGA 80x25", "[    1.065360] printk: legacy console [ttyS0] enabled", "[    1.065360] printk: legacy console [ttyS0] enabled", "[    1.070821] printk: legacy bootconsole [earlyser0] disabled", "[    1.070821] printk: legacy bootconsole [earlyser0] disabled", "[    1.077168] ACPI: Core revision 20230628", "[    1.079994] clocksource: hpet: mask: 0xffffffff max_cycles: 0xffffffff, max_idle_ns: 19112604467 ns", "[    1.085694] APIC: Switch to symmetric I/O mode setup", "[    1.088736] kvm-guest: APIC: send_IPI_mask() replaced with kvm_send_ipi_mask()", "[    1.092956] kvm-guest: APIC: send_IPI_mask_allbutself() replaced with kvm_send_ipi_mask_allbutself()", "[    1.098241] kvm-guest: setup PV IPIs", "[    1.107071] ..TIMER: vector=0x30 apic1=0 pin1=2 apic2=-1 pin2=-1", "[    1.110767] clocksource: tsc-early: mask: 0xffffffffffffffff max_cycles: 0x285d298e329, max_idle_ns: 440795345114 ns", "[    1.116989] Calibrating delay loop (skipped) preset value.. 5600.49 BogoMIPS (lpj=2800246)", "[    1.120023] x86/cpu: User Mode Instruction Prevention (UMIP) activated", "[    1.122160] Last level iTLB entries: 4KB 0, 2MB 0, 4MB 0", "[    1.122986] Last level dTLB entries: 4KB 0, 2MB 0, 4MB 0, 1GB 0", "[    1.124986] Spectre V1 : Vulnerable: __user pointer sanitization and usercopy barriers only; no swapgs barriers", "[    1.125988] Spectre V2 : off selected on command line.", "[    1.127987] RETBleed: WARNING: Spectre v2 mitigation leaves CPU vulnerable to RETBleed attacks, data leaks possible!", "[    1.128987] RETBleed: Mitigation: IBPB", "[    1.129986] Spectre V2 : User space: Vulnerable", "[    1.130987] Speculative Store Bypass: Mitigation: Speculative Store Bypass disabled via prctl", "[    1.132018] TAA: Vulnerable: Clear CPU buffers attempted, no microcode", "[    1.132986] MMIO Stale Data: Vulnerable: Clear CPU buffers attempted, no microcode", "[    1.134144] x86/fpu: Supporting XSAVE feature 0x001: 'x87 floating point registers'", "[    1.134987] x86/fpu: Supporting XSAVE feature 0x002: 'SSE registers'", "[    1.135986] x86/fpu: Supporting XSAVE feature 0x004: 'AVX registers'", "[    1.136986] x86/fpu: Supporting XSAVE feature 0x020: 'AVX-512 opmask'", "[    1.137987] x86/fpu: Supporting XSAVE feature 0x040: 'AVX-512 Hi256'", "[    1.138986] x86/fpu: Supporting XSAVE feature 0x080: 'AVX-512 ZMM_Hi256'", "[    1.139987] x86/fpu: xstate_offset[2]:  576, xstate_sizes[2]:  256", "[    1.140986] x86/fpu: xstate_offset[5]:  832, xstate_sizes[5]:   64", "[    1.141987] x86/fpu: xstate_offset[6]:  896, xstate_sizes[6]:  512", "[    1.142987] x86/fpu: xstate_offset[7]: 1408, xstate_sizes[7]: 1024", "[    1.143987] x86/fpu: Enabled xstate features 0xe7, context size is 2432 bytes, using 'compacted' format.", "[    1.149133] Freeing SMP alternatives memory: 48K", "[    1.149989] pid_max: default: 32768 minimum: 301", "[    1.151012] LSM: initializing lsm=capability,selinux,integrity", "[    1.151989] SELinux:  Initializing.", "[    1.153038] Mount-cache hash table entries: 16384 (order: 5, 131072 bytes, linear)", "[    1.154009] Mountpoint-cache hash table entries: 16384 (order: 5, 131072 bytes, linear)", "[    1.155481] smpboot: CPU0: Intel(R) Xeon(R) CPU @ 2.80GHz (family: 0x6, model: 0x55, stepping: 0x7)", "[    1.156142] RCU Tasks: Setting shift to 3 and lim to 1 rcu_task_cb_adjust=1.", "[    1.157016] Performance Events: unsupported p6 CPU model 85 no PMU driver, software events only.", "[    1.158162] signal: max sigframe size: 3632", "[    1.159044] rcu: Hierarchical SRCU implementation.", "[    1.159995] rcu: \tMax phase no-delay instances is 400.", "[    1.161204] smp: Bringing up secondary CPUs ...", "[    1.162192] smpboot: x86: Booting SMP configuration:", "[    1.162998] .... node  #0, CPUs:      #1 #2 #3 #4 #5 #6 #7", "[    1.189465] smp: Brought up 1 node, 8 CPUs", "[    1.190999] smpboot: Max logical packages: 1", "[    1.191995] smpboot: Total of 8 processors activated (44803.93 BogoMIPS)", "[    1.203012] devtmpfs: initialized", "[    1.204305] clocksource: jiffies: mask: 0xffffffff max_cycles: 0xffffffff, max_idle_ns: 1911260446275000 ns", "[    1.205002] futex hash table entries: 2048 (order: 5, 131072 bytes, linear)", "[    1.206400] PM: RTC time: 08:45:57, date: 2025-05-17", "[    1.207426] NET: Registered PF_NETLINK/PF_ROUTE protocol family", "[    1.208111] audit: initializing netlink subsys (disabled)", "[    1.209075] audit: type=2000 audit(1747471558.220:1): state=initialized audit_enabled=0 res=1", "[    1.209077] thermal_sys: Registered thermal governor 'step_wise'", "[    1.209997] thermal_sys: Registered thermal governor 'user_space'", "[    1.211014] cpuidle: using governor menu", "[    1.213870] PCI: Using configuration type 1 for base access", "[    1.214095] kprobes: kprobe jump-optimization is enabled. All kprobes are optimized if possible.", "[    1.216314] HugeTLB: registered 2.00 MiB page size, pre-allocated 0 pages", "[    1.216996] HugeTLB: 28 KiB vmemmap can be freed for a 2.00 MiB page", "[    1.218081] ACPI: Added _OSI(Module Device)", "[    1.218998] ACPI: Added _OSI(Processor Device)", "[    1.219995] ACPI: Added _OSI(3.0 _SCP Extensions)", "[    1.220995] ACPI: Added _OSI(Processor Aggregator Device)", "[    1.222461] ACPI: 1 ACPI AML tables successfully acquired and loaded", "[    1.226026] ACPI: _OSC evaluation for CPUs failed, trying _PDC", "[    1.227077] ACPI: Interpreter enabled", "[    1.228008] ACPI: PM: (supports S0 S3 S4 S5)", "[    1.228996] ACPI: Using IOAPIC for interrupt routing", "[    1.230018] PCI: Using host bridge windows from ACPI; if necessary, use \"pci=nocrs\" and report a bug", "[    1.230996] PCI: Using E820 reservations for host bridge windows", "[    1.232134] ACPI: Enabled 2 GPEs in block 00 to 0F", "[    1.235618] ACPI: PCI Root Bridge [PCI0] (domain 0000 [bus 00-ff])", "[    1.236005] acpi PNP0A03:00: _OSC: OS supports [ASPM ClockPM Segments MSI HPX-Type3]", "[    1.236997] acpi PNP0A03:00: _OSC: not requesting OS control; OS requires [ExtendedConfig ASPM ClockPM MSI]", "[    1.238010] acpi PNP0A03:00: fail to add MMCONFIG information, can't access extended configuration space under this bridge", "[    1.239098] PCI host bridge to bus 0000:00", "[    1.239997] pci_bus 0000:00: root bus resource [io  0x0000-0x0cf7 window]", "[    1.240997] pci_bus 0000:00: root bus resource [io  0x0d00-0xffff window]", "[    1.241996] pci_bus 0000:00: root bus resource [mem 0x000a0000-0x000bffff window]", "[    1.242996] pci_bus 0000:00: root bus resource [mem 0xc0000000-0xfebfffff window]", "[    1.243997] pci_bus 0000:00: root bus resource [mem 0x380000000000-0x38007fffffff window]", "[    1.244998] pci_bus 0000:00: root bus resource [bus 00-ff]", "[    1.246176] pci 0000:00:00.0: [8086:1237] type 00 class 0x060000 conventional PCI endpoint", "[    1.248928] pci 0000:00:01.0: [8086:7000] type 00 class 0x060100 conventional PCI endpoint", "[    1.251693] pci 0000:00:01.1: [8086:7010] type 00 class 0x010180 conventional PCI endpoint", "[    1.255997] pci 0000:00:01.1: BAR 4 [io  0xc0e0-0xc0ef]", "[    1.258635] pci 0000:00:01.1: BAR 0 [io  0x01f0-0x01f7]: legacy IDE quirk", "[    1.258997] pci 0000:00:01.1: BAR 1 [io  0x03f6]: legacy IDE quirk", "[    1.259996] pci 0000:00:01.1: BAR 2 [io  0x0170-0x0177]: legacy IDE quirk", "[    1.260996] pci 0000:00:01.1: BAR 3 [io  0x0376]: legacy IDE quirk", "[    1.262648] pci 0000:00:01.3: [8086:7113] type 00 class 0x068000 conventional PCI endpoint", "[    1.265228] pci 0000:00:01.3: quirk: [io  0x0600-0x063f] claimed by PIIX4 ACPI", "[    1.266036] pci 0000:00:01.3: quirk: [io  0x0700-0x070f] claimed by PIIX4 SMB", "[    1.268564] pci 0000:00:02.0: [1af4:1001] type 00 class 0x010000 conventional PCI endpoint", "[    1.270998] pci 0000:00:02.0: BAR 0 [io  0xc000-0xc07f]", "[    1.273997] pci 0000:00:02.0: BAR 1 [mem 0xfeb80000-0xfeb80fff]", "[    1.280998] pci 0000:00:02.0: BAR 4 [mem 0x380000000000-0x380000003fff 64bit pref]", "[    1.287984] pci 0000:00:03.0: [1af4:1000] type 00 class 0x020000 conventional PCI endpoint", "[    1.289997] pci 0000:00:03.0: BAR 0 [io  0xc0c0-0xc0df]", "[    1.291997] pci 0000:00:03.0: BAR 1 [mem 0xfeb81000-0xfeb81fff]", "[    1.295997] pci 0000:00:03.0: BAR 4 [mem 0x380000004000-0x380000007fff 64bit pref]", "[    1.297997] pci 0000:00:03.0: ROM [mem 0xfeb00000-0xfeb7ffff pref]", "[    1.302906] pci 0000:00:04.0: [1af4:1003] type 00 class 0x078000 conventional PCI endpoint", "[    1.303998] pci 0000:00:04.0: BAR 0 [io  0xc080-0xc0bf]", "[    1.305997] pci 0000:00:04.0: BAR 1 [mem 0xfeb82000-0xfeb82fff]", "[    1.309998] pci 0000:00:04.0: BAR 4 [mem 0x380000008000-0x38000000bfff 64bit pref]", "[    1.316252] ACPI: PCI: Interrupt link LNKA configured for IRQ 10", "[    1.317243] ACPI: PCI: Interrupt link LNKB configured for IRQ 10", "[    1.318216] ACPI: PCI: Interrupt link LNKC configured for IRQ 11", "[    1.319219] ACPI: PCI: Interrupt link LNKD configured for IRQ 11", "[    1.320115] ACPI: PCI: Interrupt link LNKS configured for IRQ 9", "[    1.321729] iommu: Default domain type: Translated", "[    1.321996] iommu: DMA domain TLB invalidation policy: lazy mode", "[    1.323066] SCSI subsystem initialized", "[    1.324025] libata version 3.00 loaded.", "[    1.325026] ACPI: bus type USB registered", "[    1.326011] usbcore: registered new interface driver usbfs", "[    1.327002] usbcore: registered new interface driver hub", "[    1.328008] usbcore: registered new device driver usb", "[    1.329010] pps_core: LinuxPPS API ver. 1 registered", "[    1.329994] pps_core: Software ver. 5.3.6 - Copyright 2005-2007 Rodolfo Giometti <giometti@linux.it>", "[    1.331001] PTP clock support registered", "[    1.332038] Advanced Linux Sound Architecture Driver Initialized.", "[    1.333145] NetLabel: Initializing", "[    1.333995] NetLabel:  domain hash size = 128", "[    1.334995] NetLabel:  protocols = UNLABELED CIPSOv4 CALIPSO", "[    1.336014] NetLabel:  unlabeled traffic allowed by default", "[    1.337041] PCI: Using ACPI for IRQ routing", "[    1.337997] PCI: pci_cache_line_size set to 64 bytes", "[    1.339559] e820: reserve RAM buffer [mem 0x0009fc00-0x0009ffff]", "[    1.339996] e820: reserve RAM buffer [mem 0xbffdd000-0xbfffffff]", "[    1.341040] vgaarb: loaded", "[    1.342078] hpet0: at MMIO 0xfed00000, IRQs 2, 8, 0", "[    1.342996] hpet0: 3 comparators, 64-bit 100.000000 MHz counter", "[    1.365146] clocksource: Switched to clocksource kvm-clock", "[    1.368465] VFS: Disk quotas dquot_6.6.0", "[    1.370740] VFS: Dquot-cache hash table entries: 512 (order 0, 4096 bytes)", "[    1.374636] pnp: PnP ACPI init", "[    1.376484] pnp 00:02: [dma 2]", "[    1.378583] pnp: PnP ACPI: found 5 devices", "[    1.396856] clocksource: acpi_pm: mask: 0xffffff max_cycles: 0xffffff, max_idle_ns: 2085701024 ns", "[    1.401910] NET: Registered PF_INET protocol family", "[    1.404959] IP idents hash table entries: 131072 (order: 8, 1048576 bytes, linear)", "[    1.410532] tcp_listen_portaddr_hash hash table entries: 4096 (order: 4, 65536 bytes, linear)", "[    1.415250] Table-perturb hash table entries: 65536 (order: 6, 262144 bytes, linear)", "[    1.419558] TCP established hash table entries: 65536 (order: 7, 524288 bytes, linear)", "[    1.424016] TCP bind hash table entries: 65536 (order: 9, 2097152 bytes, linear)", "[    1.428465] TCP: Hash tables configured (established 65536 bind 65536)", "[    1.432127] UDP hash table entries: 4096 (order: 5, 131072 bytes, linear)", "[    1.435982] UDP-Lite hash table entries: 4096 (order: 5, 131072 bytes, linear)", "[    1.440047] NET: Registered PF_UNIX/PF_LOCAL protocol family", "[    1.444005] RPC: Registered named UNIX socket transport module.", "[    1.447272] RPC: Registered udp transport module.", "[    1.449852] RPC: Registered tcp transport module.", "[    1.452473] RPC: Registered tcp-with-tls transport module.", "[    1.455503] RPC: Registered tcp NFSv4.1 backchannel transport module.", "[    1.459762] pci_bus 0000:00: resource 4 [io  0x0000-0x0cf7 window]", "[    1.463256] pci_bus 0000:00: resource 5 [io  0x0d00-0xffff window]", "[    1.466606] pci_bus 0000:00: resource 6 [mem 0x000a0000-0x000bffff window]", "[    1.470371] pci_bus 0000:00: resource 7 [mem 0xc0000000-0xfebfffff window]", "[    1.474168] pci_bus 0000:00: resource 8 [mem 0x380000000000-0x38007fffffff window]", "[    1.478366] pci 0000:00:01.0: PIIX3: Enabling Passive Release", "[    1.481553] pci 0000:00:00.0: Limiting direct PCI/PCI transfers", "[    1.485069] PCI: CLS 0 bytes, default 64", "[    1.487274] PCI-DMA: Using software bounce buffering for IO (SWIOTLB)", "[    1.490772] software IO TLB: mapped [mem 0x00000000bbfdd000-0x00000000bffdd000] (64MB)", "[    1.496481] RAPL PMU: API unit is 2^-32 Joules, 0 fixed counters, 10737418240 ms ovfl timer", "[    1.501171] clocksource: tsc: mask: 0xffffffffffffffff max_cycles: 0x285d298e329, max_idle_ns: 440795345114 ns", "[    1.512010] Initialise system trusted keyrings", "[    1.514889] workingset: timestamp_bits=56 max_order=21 bucket_order=0", "[    1.518993] NFS: Registering the id_resolver key type", "[    1.521826] Key type id_resolver registered", "[    1.524178] Key type id_legacy registered", "[    1.526662] 9p: Installing v9fs 9p2000 file system support", "[    1.542029] Key type asymmetric registered", "[    1.544340] Asymmetric key parser 'x509' registered", "[    1.547044] Block layer SCSI generic (bsg) driver version 0.4 loaded (major 251)", "[    1.551097] io scheduler mq-deadline registered", "[    1.553633] io scheduler kyber registered", "[    1.557425] input: Power Button as /devices/LNXSYSTM:00/LNXPWRBN:00/input/input0", "[    1.561591] ACPI: button: Power Button [PWRF]", "[    1.565269] ACPI: \\_SB_.LNKB: Enabled at IRQ 10", "[    1.572619] ACPI: \\_SB_.LNKC: Enabled at IRQ 11", "[    1.579671] ACPI: \\_SB_.LNKD: Enabled at IRQ 11", "[    1.586386] Serial: 8250/16550 driver, 4 ports, IRQ sharing enabled", "[    1.590407] 00:03: ttyS0 at I/O 0x3f8 (irq = 4, base_baud = 115200) is a 16550A", "[    1.631272] Non-volatile memory driver v1.3", "[    1.633725] Linux agpgart interface v0.103", "[    1.636191] ACPI: bus type drm_connector registered", "[    1.643601] loop: module loaded", "[    1.645856] virtio_blk virtio0: 8/0/0 default/read/poll queues", "[    1.657107] virtio_blk virtio0: [vda] 52428800 512-byte logical blocks (26.8 GB/25.0 GiB)", "[    1.664642]  vda: vda1 vda14 vda15 vda16", "[    1.667760] ata_piix 0000:00:01.1: version 2.13", "[    1.672189] scsi host0: ata_piix", "[    1.674696] scsi host1: ata_piix", "[    1.676586] ata1: PATA max MWDMA2 cmd 0x1f0 ctl 0x3f6 bmdma 0xc0e0 irq 14 lpm-pol 0", "[    1.680759] ata2: PATA max MWDMA2 cmd 0x170 ctl 0x376 bmdma 0xc0e8 irq 15 lpm-pol 0", "[    1.689950] e100: Intel(R) PRO/100 Network Driver", "[    1.692611] e100: Copyright(c) 1999-2006 Intel Corporation", "[    1.695654] e1000: Intel(R) PRO/1000 Network Driver", "[    1.698416] e1000: Copyright (c) 1999-2006 Intel Corporation.", "[    1.701626] e1000e: Intel(R) PRO/1000 Network Driver", "[    1.704408] e1000e: Copyright(c) 1999 - 2015 Intel Corporation.", "[    1.707645] sky2: driver version 1.30", "[    1.710055] usbcore: registered new interface driver usblp", "[    1.713108] usbcore: registered new interface driver usb-storage", "[    1.716485] i8042: PNP: PS/2 Controller [PNP0303:KBD,PNP0f13:MOU] at 0x60,0x64 irq 1,12", "[    1.723535] serio: i8042 KBD port at 0x60,0x64 irq 1", "[    1.726309] serio: i8042 AUX port at 0x60,0x64 irq 12", "[    1.729595] rtc_cmos 00:04: RTC can wake from S4", "[    1.735043] input: AT Translated Set 2 keyboard as /devices/platform/i8042/serio0/input/input1", "[    1.740403] rtc_cmos 00:04: registered as rtc0", "[    1.743091] rtc_cmos 00:04: alarms up to one day, y3k, 242 bytes nvram, hpet irqs", "[    1.747440] device-mapper: ioctl: 4.48.0-ioctl (2023-03-01) initialised: dm-devel@redhat.com", "[    1.752165] intel_pstate: CPU model not supported", "[    1.755018] hid: raw HID events driver (C) Jiri Kosina", "[    1.758096] usbcore: registered new interface driver usbhid", "[    1.761281] usbhid: USB HID core driver", "[    1.765740] Initializing XFRM netlink socket", "[    1.768331] NET: Registered PF_INET6 protocol family", "[    1.772205] Segment Routing with IPv6", "[    1.774416] In-situ OAM (IOAM) with IPv6", "[    1.776763] sit: IPv6, IPv4 and MPLS over IPv4 tunneling driver", "[    1.780267] NET: Registered PF_PACKET protocol family", "[    1.783193] 9pnet: Installing 9P2000 support", "[    1.785717] Key type dns_resolver registered", "[    1.791606] IPI shorthand broadcast: enabled", "[    1.795752] sched_clock: Marking stable (1748015841, 47289513)->(2180658676, -385353322)", "[    1.800954] registered taskstats version 1", "[    1.803287] Loading compiled-in X.509 certificates", "[    1.807612] PM:   Magic number: 9:354:776", "[    1.809975] printk: legacy console [netcon0] enabled", "[    1.812789] netconsole: network logging started", "[    1.815371] cfg80211: Loading compiled-in X.509 certificates for regulatory database", "[    1.819907] kworker/u16:3 (86) used greatest stack depth: 14456 bytes left", "[    1.821184] Loaded X.509 cert 'sforshee: 00b28ddf47aef9cea7'", "[    1.824450] kworker/u16:3 (87) used greatest stack depth: 13984 bytes left", "[    1.827717] Loaded X.509 cert 'wens: 61c038651aabdcf94bd0ac7ff06c7248db18c600'", "[    1.835021] platform regulatory.0: Direct firmware load for regulatory.db failed with error -2", "[    1.836356] ALSA device list:", "[    1.839735] cfg80211: failed to load regulatory.db", "[    1.844213]   No soundcards found.", "[    2.419205] input: ImExPS/2 Generic Explorer Mouse as /devices/platform/i8042/serio1/input/input3", "[    2.423008] md: Waiting for all devices to be available before autodetect", "[    2.425449] md: If you don't use raid, use raid=noautodetect", "[    2.427456] md: Autodetecting RAID arrays.", "[    2.428916] md: autorun ...", "[    2.429945] md: ... autorun DONE.", "[    2.433233] EXT4-fs (vda1): mounted filesystem c8107c30-aa3b-40eb-bd2a-416a91df85e7 ro with ordered data mode. Quota mode: none.", "[    2.437206] VFS: Mounted root (ext4 filesystem) readonly on device 253:1.", "[    2.439798] devtmpfs: mounted", "[    2.441794] Freeing unused kernel image (initmem) memory: 1416K", "[    2.443878] Write protecting the kernel read-only data: 22528k", "[    2.446714] Freeing unused kernel image (rodata/data gap) memory: 744K", "[    2.459264] x86/mm: Checked W+X mappings: passed, no W+X pages found.", "[    2.461549] Run /sbin/init as init process", "[    2.463015]   with arguments:", "[    2.464140]     /sbin/init", "[    2.465122]   with environment:", "[    2.466252]     HOME=/", "[    2.467119]     TERM=linux", "[    2.468102]     spectre_v2=off", "[    2.469264]     spectre_v2_user=off", "[    2.470548]     pti=off", "SELinux:  Could not open policy file <= /etc/selinux/targeted/policy/policy.33:  No such file or directory", "[    2.708855] systemd[1]: systemd 255.4-1ubuntu8.6 running in system mode (+PAM +AUDIT +SELINUX +APPARMOR +IMA +SMACK +SECCOMP +GCRYPT -GNUTLS +OPENSSL +ACL +BLKID +CURL +ELFUTILS +FIDO2 +IDN2 -IDN +IPTC +KMOD +LIBCRYPTSETUP +LIBFDISK +PCRE2 -PWQUALITY +P11KIT +QRENCODE +TPM2 +BZIP2 +LZ4 +XZ +ZLIB +ZSTD -BPF_FRAMEWORK -XKBCOMMON +UTMP +SYSVINIT default-hierarchy=unified)", "[    2.720472] systemd[1]: Detected virtualization kvm.", "[    2.722483] systemd[1]: Detected architecture x86-64.", "", "Welcome to \u001b[1mUbuntu 24.04.2 LTS\u001b[0m!", "", "", "[    2.732114] systemd[1]: Hostname set to <ubuntu-testing>.", "[    2.759419] snapd-env-gener (94) used greatest stack depth: 13208 bytes left", "[    2.797909] systemd-veritys (111) used greatest stack depth: 13160 bytes left", "[    2.887012] cloud-init-gene (97) used greatest stack depth: 12968 bytes left", "[    3.072884] systemd[1]: Queued start job for default target graphical.target.", "[    3.082177] systemd[1]: Created slice system-modprobe.slice - Slice /system/modprobe.", "[\u001b[0;32m  OK  \u001b[0m] Created slice \u001b[0;1;39msystem-modprobe.slice\u001b[0m - Slice /system/modprobe.", "", "[    3.088914] systemd[1]: Created slice system-serial\\x2dgetty.slice - Slice /system/serial-getty.", "[\u001b[0;32m  OK  \u001b[0m] Created slice \u001b[0;1;39msystem-serial\\x2dget\u2026slice\u001b[0m - Slice /system/serial-getty.", "", "[    3.096093] systemd[1]: Created slice system-systemd\\x2dfsck.slice - Slice /system/systemd-fsck.", "[\u001b[0;32m  OK  \u001b[0m] Created slice \u001b[0;1;39msystem-systemd\\x2dfs\u2026slice\u001b[0m - Slice /system/systemd-fsck.", "", "[    3.103105] systemd[1]: Created slice user.slice - User and Session Slice.", "[\u001b[0;32m  OK  \u001b[0m] Created slice \u001b[0;1;39muser.slice\u001b[0m - User and Session Slice.", "", "[    3.108643] systemd[1]: Started systemd-ask-password-console.path - Dispatch Password Requests to Console Directory Watch.", "[\u001b[0;32m  OK  \u001b[0m] Started \u001b[0;1;39msystemd-ask-password-conso\u2026\u001b[0mequests to Console Directory Watch.", "", "[    3.116515] systemd[1]: Started systemd-ask-password-wall.path - Forward Password Requests to Wall Directory Watch.", "[\u001b[0;32m  OK  \u001b[0m] Started \u001b[0;1;39msystemd-ask-password-wall.\u2026\u001b[0md Requests to Wall Directory Watch.", "", "[    3.124353] systemd[1]: Set up automount proc-sys-fs-binfmt_misc.automount - Arbitrary Executable File Formats File System Automount Point.", "[\u001b[0;32m  OK  \u001b[0m] Set up automount \u001b[0;1;39mproc-sys-fs-binfm\u2026\u001b[0mormats File System Automount Point.", "", "[    3.132495] systemd[1]: Expecting device dev-disk-by\\x2dlabel-BOOT.device - /dev/disk/by-label/BOOT...", "Expecting device \u001b[0;1;39mdev-disk-by\\x2dla\u2026device\u001b[0m - /dev/disk/by-label/BOOT...", "", "[    3.139338] systemd[1]: Expecting device dev-disk-by\\x2dlabel-UEFI.device - /dev/disk/by-label/UEFI...", "Expecting device \u001b[0;1;39mdev-disk-by\\x2dla\u2026device\u001b[0m - /dev/disk/by-label/UEFI...", "", "[    3.146109] systemd[1]: Expecting device dev-ttyS0.device - /dev/ttyS0...", "Expecting device \u001b[0;1;39mdev-ttyS0.device\u001b[0m - /dev/ttyS0...", "", "[    3.151272] systemd[1]: Reached target cryptsetup.target - Local Encrypted Volumes.", "[\u001b[0;32m  OK  \u001b[0m] Reached target \u001b[0;1;39mcryptsetup.target\u001b[0m - Local Encrypted Volumes.", "", "[    3.157442] systemd[1]: Reached target integritysetup.target - Local Integrity Protected Volumes.", "[\u001b[0;32m  OK  \u001b[0m] Reached target \u001b[0;1;39mintegritysetup.targ\u2026\u001b[0m Local Integrity Protected Volumes.", "", "[    3.164475] systemd[1]: Reached target remote-fs.target - Remote File Systems.", "[\u001b[0;32m  OK  \u001b[0m] Reached target \u001b[0;1;39mremote-fs.target\u001b[0m - Remote File Systems.", "", "[    3.170375] systemd[1]: Reached target slices.target - Slice Units.", "[\u001b[0;32m  OK  \u001b[0m] Reached target \u001b[0;1;39mslices.target\u001b[0m - Slice Units.", "", "[    3.175415] systemd[1]: Reached target snapd.mounts-pre.target - Mounting snaps.", "[\u001b[0;32m  OK  \u001b[0m] Reached target \u001b[0;1;39msnapd.mounts-pre.target\u001b[0m - Mounting snaps.", "", "[    3.181156] systemd[1]: Reached target snapd.mounts.target - Mounted snaps.", "[\u001b[0;32m  OK  \u001b[0m] Reached target \u001b[0;1;39msnapd.mounts.target\u001b[0m - Mounted snaps.", "", "[    3.186651] systemd[1]: Reached target swap.target - Swaps.", "[\u001b[0;32m  OK  \u001b[0m] Reached target \u001b[0;1;39mswap.target\u001b[0m - Swaps.", "", "[    3.191090] systemd[1]: Reached target veritysetup.target - Local Verity Protected Volumes.", "[\u001b[0;32m  OK  \u001b[0m] Reached target \u001b[0;1;39mveritysetup.target\u001b[0m - Local Verity Protected Volumes.", "", "[    3.197915] systemd[1]: Listening on systemd-fsckd.socket - fsck to fsckd communication Socket.", "[\u001b[0;32m  OK  \u001b[0m] Listening on \u001b[0;1;39msystemd-fsckd.socket\u001b[0m \u2026fsck to fsckd communication Socket.", "", "[    3.204844] systemd[1]: Listening on systemd-initctl.socket - initctl Compatibility Named Pipe.", "[\u001b[0;32m  OK  \u001b[0m] Listening on \u001b[0;1;39msystemd-initctl.socke\u2026\u001b[0m- initctl Compatibility Named Pipe.", "", "[    3.211946] systemd[1]: Listening on systemd-journald-dev-log.socket - Journal Socket (/dev/log).", "[\u001b[0;32m  OK  \u001b[0m] Listening on \u001b[0;1;39msystemd-journald-dev-\u2026socket\u001b[0m - Journal Socket (/dev/log).", "", "[    3.218850] systemd[1]: Listening on systemd-journald.socket - Journal Socket.", "[\u001b[0;32m  OK  \u001b[0m] Listening on \u001b[0;1;39msystemd-journald.socket\u001b[0m - Journal Socket.", "", "[    3.224683] systemd[1]: Listening on systemd-networkd.socket - Network Service Netlink Socket.", "[\u001b[0;32m  OK  \u001b[0m] Listening on \u001b[0;1;39msystemd-networkd.socket\u001b[0m - Network Service Netlink Socket.", "", "[    3.231445] systemd[1]: systemd-pcrextend.socket - TPM2 PCR Extension (Varlink) was skipped because of an unmet condition check (ConditionSecurity=measured-uki).", "[    3.237671] systemd[1]: Listening on systemd-udevd-control.socket - udev Control Socket.", "[\u001b[0;32m  OK  \u001b[0m] Listening on \u001b[0;1;39msystemd-udevd-control.socket\u001b[0m - udev Control Socket.", "", "[    3.244398] systemd[1]: Listening on systemd-udevd-kernel.socket - udev Kernel Socket.", "[\u001b[0;32m  OK  \u001b[0m] Listening on \u001b[0;1;39msystemd-udevd-kernel.socket\u001b[0m - udev Kernel Socket.", "", "[    3.260453] systemd[1]: Mounting dev-hugepages.mount - Huge Pages File System...", "Mounting \u001b[0;1;39mdev-hugepages.mount\u001b[0m - Huge Pages File System...", "", "[    3.267586] systemd[1]: Mounting dev-mqueue.mount - POSIX Message Queue File System...", "Mounting \u001b[0;1;39mdev-mqueue.mount\u001b[0m - POSIX Message Queue File System...", "", "[    3.273729] systemd[1]: Mounting sys-kernel-debug.mount - Kernel Debug File System...", "Mounting \u001b[0;1;39msys-kernel-debug.mount\u001b[0m - Kernel Debug File System...", "", "[    3.280579] systemd[1]: Mounting sys-kernel-tracing.mount - Kernel Trace File System...", "Mounting \u001b[0;1;39msys-kernel-tracing.mount\u001b[0m - Kernel[    3.285220] systemd[1]: systemd-journald.service: unit configures an IP firewall, but the local system does not support BPF/cgroup firewalling.", "Trace File Syst[    3.289979] systemd[1]: systemd-journald.service: (This warning is only shown for the first unit using IP firewalling.)", "em...", "", "[    3.295047] systemd[1]: Starting systemd-journald.service - Journal Service...", "Starting \u001b[0;1;39msystemd-journald.service\u001b[0m - Journal Service...", "", "[    3.301343] systemd[1]: Starting keyboard-setup.service - Set the console keyboard layout...", "Starting \u001b[0;1;39mkeyboard-setup.service\u001b[0m - Set the console keyboard layout...", "", "[    3.307642] systemd[1]: kmod-static-nodes.service - Create List of Static Device Nodes was skipped because of an unmet condition check (ConditionFileNotEmpty=/lib/modules/6.8.0/modules.devname).", "[    3.315181] systemd[1]: Starting modprobe@configfs.service - Load Kernel Module configfs...", "Starting \u001b[0;1;39mmodprobe@configfs.service\u001b[0m - Load Kernel Module configfs...", "", "[    3.323211] systemd[1]: Starting modprobe@dm_mod.service - Load Kernel Module dm_mod...", "Starting \u001b[0;1;39mmodprobe@dm_mod.service\u001b[0m - Load Kernel Module dm_mod...", "", "[    3.334608] systemd[1]: Starting modprobe@drm.service - Load Kernel Module drm...", "Starting \u001b[0;1;39mmodprobe@drm.service\u001b[0m - Load Kernel Module drm...", "", "[    3.344287] systemd[1]: Starting modprobe@efi_pstore.service - Load Kernel Module efi_pstore...", "Starting \u001b[0;1;39mmodprobe@efi_pstore.servi\u2026\u001b[0m - Load Kernel Module[    3.351198] systemd[1]: Starting modprobe@fuse.service - Load Kernel Module fuse...", "efi_pstore...", "", "Starting \u001b[0;1;39mmodprobe@fuse.service\u001b[0m - Load Kernel Module fuse...", "", "[    3.363908] systemd[1]: Starting modprobe@loop.service - Load Kernel Module loop...", "[    3.367479] systemd-journald[132]: Collecting audit messages is disabled.", "Starting \u001b[0;1;39mmodprobe@loop.service\u001b[0m - Load Kernel Module loop...", "", "[    3.372983] systemd[1]: netplan-ovs-cleanup.service - OpenVSwitch configuration for cleanup was skipped because of an unmet condition check (ConditionFileIsExecutable=/usr/bin/ovs-vsctl).", "[    3.380528] systemd[1]: Starting systemd-fsck-root.service - File System Check on Root Device...", "Starting \u001b[0;1;39msystemd-fsck-root.service\u001b[0m\u2026File System Check on Root Device...", "", "[    3.391928] systemd[1]: Starting systemd-modules-load.service - Load Kernel Modules...", "Starting \u001b[0;1;39msystemd-modules-load.service\u001b[0m - Load Kernel Modules...", "", "[    3.399411] systemd[1]: systemd-pcrmachine.service - TPM2 PCR Machine ID Measurement was skipped because of an unmet condition check (ConditionSecurity=measured-uki).", "[    3.407937] systemd[1]: Starting systemd-tmpfiles-setup-dev-early.service - Create Static Device Nodes in /dev gracefully...", "Starting \u001b[0;1;39msystemd-tmpfiles-setup-de\u2026\u001b[0m Devi[    3.414132] systemd[1]: systemd-tpm2-setup-early.service - TPM2 SRK Setup (Early) was skipped because of an unmet condition check (ConditionSecurity=measured-uki).", "ce Nodes in /dev[    3.422678] systemd[1]: Starting systemd-udev-trigger.service - Coldplug All udev Devices...", "gracefully...", "", "Starting \u001b[0;1;39msystemd-udev-trigger.service\u001b[0m - Coldplug All udev Devices...", "", "[    3.430585] systemd[1]: Started systemd-journald.service - Journal Service.", "[\u001b[0;32m  OK  \u001b[0m] Started \u001b[0;1;39msystemd-journald.service\u001b[0m - Journal Service.", "", "[\u001b[0;32m  OK  \u001b[0m] Mounted \u001b[0;1;39mdev-hugepages.mount\u001b[0m - Huge Pages File System.", "", "[\u001b[0;32m  OK  \u001b[0m] Mounted \u001b[0;1;39mdev-mqueue.mount\u001b[0m - POSIX Message Queue File System.", "", "[\u001b[0;32m  OK  \u001b[0m] Mounted \u001b[0;1;39msys-kernel-debug.mount\u001b[0m - Kernel Debug File System.", "", "[\u001b[0;32m  OK  \u001b[0m] Mounted \u001b[0;1;39msys-kernel-tracing.mount\u001b[0m - Kernel Trace File System.", "", "[\u001b[0;32m  OK  \u001b[0m] Finished \u001b[0;1;39mkeyboard-setup.service\u001b[0m - Set the console keyboard layout.", "", "[\u001b[0;32m  OK  \u001b[0m] Finished \u001b[0;1;39mmodprobe@configfs.service\u001b[0m - Load Kernel Module configfs.", "", "[\u001b[0;32m  OK  \u001b[0m] Finished \u001b[0;1;39mmodprobe@dm_mod.service\u001b[0m - Load Kernel Module dm_mod.", "", "[\u001b[0;32m  OK  \u001b[0m] Finished \u001b[0;1;39mmodprobe@drm.service\u001b[0m - Load Kernel Module drm.", "", "[\u001b[0;32m  OK  \u001b[0m] Finished \u001b[0;1;39mmodprobe@efi_pstore.service\u001b[0m - Load Kernel Module efi_pstore.", "", "[\u001b[0;32m  OK  \u001b[0m] Finished \u001b[0;1;39mmodprobe@fuse.service\u001b[0m - Load Kernel Module fuse.", "", "[\u001b[0;32m  OK  \u001b[0m] Finished \u001b[0;1;39mmodprobe@loop.service\u001b[0m - Load Kernel Module loop.", "", "[\u001b[0;32m  OK  \u001b[0m] Finished \u001b[0;1;39msystemd-fsck-root.service\u001b[0m - File System Check on Root Device.", "", "[\u001b[0;32m  OK  \u001b[0m] Finished \u001b[0;1;39msystemd-modules-load.service\u001b[0m - Load Kernel Modules.", "", "[\u001b[0;32m  OK  \u001b[0m] Started \u001b[0;1;39msystemd-fsckd.service\u001b[0m - Fi\u2026stem Check Daemon to report status.", "", "Starting \u001b[0;1;39msystemd-remount-fs.servic\u2026\u001b[0munt Root and Kernel File Systems...", "", "Starting \u001b[0;1;39msystemd-sysctl.service\u001b[0m - Apply Kernel Variables...", "", "[\u001b[0;32m  OK  \u001b[0m] Finished \u001b[0;1;39msystemd-tmpfiles-setup-de\u2026\u001b[0mic Device Nodes in /dev gracefully.", "", "[\u001b[0;32m  OK  \u001b[0m] Finished \u001b[0;1;39msystemd-sysctl.service\u001b[0m - Apply Kernel Variables.", "", "[\u001b[0;32m  OK  \u001b[0m] Finished \u001b[0;1;39msystemd-udev-trigger.service\u001b[0m - Coldplug All udev Devices.", "", "[    3.582871] EXT4-fs (vda1): re-mounted c8107c30-aa3b-40eb-bd2a-416a91df85e7 r/w. Quota mode: none.", "[\u001b[0;32m  OK  \u001b[0m] Finished \u001b[0;1;39msystemd-remount-fs.servic\u2026\u001b[0mmount Root and Kernel File Systems.", "", "Starting \u001b[0;1;39msystemd-journal-flush.ser\u2026\u001b[0msh Journal to Persistent Storage...", "", "Starting \u001b[0;1;39msystemd-random-seed.service\u001b[0m - Load/Save OS Random Seed...", "", "[    3.612449] systemd-journald[132]: Received client request to flush runtime journal.", "Starting \u001b[0;1;39msystemd-sysusers.service\u001b[0m - Create System Users...", "", "[    3.631167] systemd-journald[132]: /var/log/journal/26d7b7c94826499bb6e00a5f602ee679/system.journal: Journal file uses a different sequence number ID, rotating.", "[    3.636228] systemd-journald[132]: Rotating system journal.", "[\u001b[0;32m  OK  \u001b[0m] Finished \u001b[0;1;39msystemd-sysusers.service\u001b[0m - Create System Users.", "", "Starting \u001b[0;1;39msystemd-tmpfiles-setup-de\u2026\u001b[0meate Static Device Nodes in /dev...", "", "[\u001b[0;32m  OK  \u001b[0m] Finished \u001b[0;1;39msystemd-random-seed.service\u001b[0m - Load/Save OS Random Seed.", "", "[\u001b[0;32m  OK  \u001b[0m] Finished \u001b[0;1;39msystemd-tmpfiles-setup-de\u2026\u001b[0mCreate Static Device Nodes in /dev.", "", "[\u001b[0;32m  OK  \u001b[0m] Reached target \u001b[0;1;39mlocal-fs-pre.target\u001b[0m\u2026Preparation for Local File Systems.", "", "Starting \u001b[0;1;39msystemd-udevd.service\u001b[0m - R\u2026ager for Device Events and Files...", "", "[\u001b[0;32m  OK  \u001b[0m] Finished \u001b[0;1;39msystemd-journal-flush.ser\u2026\u001b[0mlush Journal to Persistent Storage.", "", "[\u001b[0;32m  OK  \u001b[0m] Started \u001b[0;1;39msystemd-udevd.service\u001b[0m - Ru\u2026anager for Device Events and Files.", "", "Starting \u001b[0;1;39msystemd-networkd.service\u001b[0m - Network Configuration...", "", "[\u001b[0;32m  OK  \u001b[0m] Found device \u001b[0;1;39mdev-ttyS0.device\u001b[0m - /dev/ttyS0.", "", "[    3.922058] virtio_net virtio1 ens3: renamed from eth0", "[\u001b[0;32m  OK  \u001b[0m] Listening on \u001b[0;1;39msystemd-rfkill.socket\u001b[0m\u2026ll Switch Status /dev/rfkill Watch.", "", "[\u001b[0;32m  OK  \u001b[0m] Found device \u001b[0;1;39mdev-disk-by\\x2dlabel-\u2026I.device\u001b[0m - /dev/disk/by-label/UEFI.", "", "[\u001b[0;32m  OK  \u001b[0m] Started \u001b[0;1;39msystemd-networkd.service\u001b[0m - Network Configuration.", "", "[\u001b[0;32m  OK  \u001b[0m] Found device \u001b[0;1;39mdev-disk-by\\x2dlabel-\u2026T.device\u001b[0m - /dev/disk/by-label/BOOT.", "", "Starting \u001b[0;1;39msystemd-fsck@dev-disk-by\\\u2026\u001b[0mCheck on /dev/disk/by-label/BOOT...", "", "[\u001b[0;32m  OK  \u001b[0m] Finished \u001b[0;1;39msystemd-fsck@dev-disk-by\\\u2026\u001b[0mm Check on /dev/disk/by-label/BOOT.", "", "Mounting \u001b[0;1;39mboot.mount\u001b[0m - /boot...", "", "[    4.086661] EXT4-fs (vda16): mounted filesystem 7164fb69-891e-447e-91ac-9486a0886759 r/w with ordered data mode. Quota mode: none.", "[\u001b[0;32m  OK  \u001b[0m] Mounted \u001b[0;1;39mboot.mount\u001b[0m - /boot.", "", "Mounting \u001b[0;1;39mboot-efi.mount\u001b[0m - /boot/efi...", "", "[    4.106471] FAT-fs (vda15): Volume was not properly unmounted. Some data may be corrupt. Please run fsck.", "[\u001b[0;32m  OK  \u001b[0m] Mounted \u001b[0;1;39mboot-efi.mount\u001b[0m - /boot/efi.", "", "[\u001b[0;32m  OK  \u001b[0m] Reached target \u001b[0;1;39mlocal-fs.target\u001b[0m - Local File Systems.", "", "[\u001b[0;32m  OK  \u001b[0m] Listening on \u001b[0;1;39msystemd-sysext.socket\u001b[0m\u2026tension Image Management (Varlink).", "", "Starting \u001b[0;1;39mconsole-setup.service\u001b[0m - Set console font and keymap...", "", "Starting \u001b[0;1;39mldconfig.service\u001b[0m - Rebuild Dynamic Linker Cache...", "", "Starting \u001b[0;1;39msystemd-binfmt.service\u001b[0m - Set Up Additional Binary Formats...", "", "Starting \u001b[0;1;39msystemd-tmpfiles-setup.se\u2026\u001b[0me Volatile Files and Directories...", "", "[\u001b[0;32m  OK  \u001b[0m] Finished \u001b[0;1;39mconsole-setup.service\u001b[0m - Set console font and keymap.", "", "Mounting \u001b[0;1;39mproc-sys-fs-binfmt_misc.m\u2026\u001b[0mcutable File Formats File System...", "", "[\u001b[0;32m  OK  \u001b[0m] Mounted \u001b[0;1;39mproc-sys-fs-binfmt_misc.mo\u2026\u001b[0mxecutable File Formats File System.", "", "[\u001b[0;32m  OK  \u001b[0m] Finished \u001b[0;1;39msystemd-binfmt.service\u001b[0m - Set Up Additional Binary Formats.", "", "[\u001b[0;32m  OK  \u001b[0m] Finished \u001b[0;1;39msystemd-tmpfiles-setup.se\u2026\u001b[0mate Volatile Files and Directories.", "", "Starting \u001b[0;1;39msystemd-journal-catalog-u\u2026ervice\u001b[0m - Rebuild Journal Catalog...", "", "Starting \u001b[0;1;39msystemd-resolved.service\u001b[0m - Network Name Resolution...", "", "Starting \u001b[0;1;39msystemd-timesyncd.service\u001b[0m - Network Time Synchronization...", "", "Starting \u001b[0;1;39msystemd-update-utmp.servi\u2026\u001b[0mord System Boot/Shutdown in UTMP...", "", "[\u001b[0;32m  OK  \u001b[0m] Finished \u001b[0;1;39mldconfig.service\u001b[0m - Rebuild Dynamic Linker Cache.", "", "[\u001b[0;32m  OK  \u001b[0m] Finished \u001b[0;1;39msystemd-update-utmp.servi\u2026\u001b[0mecord System Boot/Shutdown in UTMP.", "", "[\u001b[0;32m  OK  \u001b[0m] Finished \u001b[0;1;39msystemd-journal-catalog-u\u2026.service\u001b[0m - Rebuild Journal Catalog.", "", "Starting \u001b[0;1;39msystemd-update-done.service\u001b[0m - Update is Completed...", "", "[\u001b[0;32m  OK  \u001b[0m] Finished \u001b[0;1;39msystemd-update-done.service\u001b[0m - Update is Completed.", "", "[\u001b[0;32m  OK  \u001b[0m] Started \u001b[0;1;39msystemd-timesyncd.service\u001b[0m - Network Time Synchronization.", "", "[\u001b[0;32m  OK  \u001b[0m] Reached target \u001b[0;1;39mtime-set.target\u001b[0m - System Time Set.", "", "[\u001b[0;32m  OK  \u001b[0m] Started \u001b[0;1;39msystemd-resolved.service\u001b[0m - Network Name Resolution.", "", "[\u001b[0;32m  OK  \u001b[0m] Reached target \u001b[0;1;39mnetwork.target\u001b[0m - Network.", "", "[\u001b[0;32m  OK  \u001b[0m] Reached target \u001b[0;1;39mnss-lookup.target\u001b[0m - Host and Network Name Lookups.", "", "[\u001b[0;32m  OK  \u001b[0m] Reached target \u001b[0;1;39msysinit.target\u001b[0m - System Initialization.", "", "[\u001b[0;32m  OK  \u001b[0m] Started \u001b[0;1;39mapt-daily.timer\u001b[0m - Daily apt download activities.", "", "[\u001b[0;32m  OK  \u001b[0m] Started \u001b[0;1;39mapt-daily-upgrade.timer\u001b[0m - \u2026y apt upgrade and clean activities.", "", "[\u001b[0;32m  OK  \u001b[0m] Started \u001b[0;1;39mdpkg-db-backup.timer\u001b[0m - Daily dpkg database backup timer.", "", "[\u001b[0;32m  OK  \u001b[0m] Started \u001b[0;1;39me2scrub_all.timer\u001b[0m - Period\u2026Metadata Check for All Filesystems.", "", "[\u001b[0;32m  OK  \u001b[0m] Started \u001b[0;1;39mfstrim.timer\u001b[0m - Discard unused filesystem blocks once a week.", "", "[\u001b[0;32m  OK  \u001b[0m] Started \u001b[0;1;39mmotd-news.timer\u001b[0m - Message of the Day.", "", "[\u001b[0;32m  OK  \u001b[0m] Started \u001b[0;1;39mphpsessionclean.timer\u001b[0m - Clean PHP session files every 30 mins.", "", "[\u001b[0;32m  OK  \u001b[0m] Started \u001b[0;1;39msystemd-tmpfiles-clean.tim\u2026\u001b[0my Cleanup of Temporary Directories.", "", "[\u001b[0;32m  OK  \u001b[0m] Reached target \u001b[0;1;39mpaths.target\u001b[0m - Path Units.", "", "[\u001b[0;32m  OK  \u001b[0m] Reached target \u001b[0;1;39mtimers.target\u001b[0m - Timer Units.", "", "[\u001b[0;32m  OK  \u001b[0m] Listening on \u001b[0;1;39mdbus.socket\u001b[0m - D-Bus System Message Bus Socket.", "", "Starting \u001b[0;1;39mlxd-installer.socket\u001b[0m - He\u2026er to install lxd snap on demand...", "", "Starting \u001b[0;1;39msnapd.socket\u001b[0m - Socket activation for snappy daemon...", "", "[\u001b[0;32m  OK  \u001b[0m] Listening on \u001b[0;1;39mssh.socket\u001b[0m - OpenBSD Secure Shell server socket.", "", "[\u001b[0;32m  OK  \u001b[0m] Listening on \u001b[0;1;39mlxd-installer.socket\u001b[0m \u2026lper to install lxd snap on demand.", "", "[\u001b[0;32m  OK  \u001b[0m] Listening on \u001b[0;1;39msnapd.socket\u001b[0m - Socket activation for snappy daemon.", "", "[\u001b[0;32m  OK  \u001b[0m] Reached target \u001b[0;1;39msockets.target\u001b[0m - Socket Units.", "", "[\u001b[0;32m  OK  \u001b[0m] Reached target \u001b[0;1;39mbasic.target\u001b[0m - Basic System.", "", "Starting \u001b[0;1;39mapport.service\u001b[0m - automatic crash report generation...", "", "Starting \u001b[0;1;39mdbus.service\u001b[0m - D-Bus System Message Bus...", "", "Starting \u001b[0;1;39me2scrub_reap.service\u001b[0m - Re\u2026ne ext4 Metadata Check Snapshots...", "", "Starting \u001b[0;1;39mgrub-common.service\u001b[0m - Record successful boot for GRUB...", "", "Starting \u001b[0;1;39mphpsessionclean.service\u001b[0m - Clean php session files...", "", "[\u001b[0;32m  OK  \u001b[0m] Reached target \u001b[0;1;39mgetty-pre.target\u001b[0m - Preparation for Logins.", "", "Starting \u001b[0;1;39msnapd.seeded.service\u001b[0m - Wait until snapd is fully seeded...", "", "Starting \u001b[0;1;39msnapd.service\u001b[0m - Snap Daemon...", "", "Starting \u001b[0;1;39msystemd-logind.service\u001b[0m - User Login Management...", "", "Starting \u001b[0;1;39msystemd-user-sessions.service\u001b[0m - Permit User Sessions...", "", "[    4.560668] e2scrub_all (282) used greatest stack depth: 12872 bytes left", "[\u001b[0;32m  OK  \u001b[0m] Finished \u001b[0;1;39me2scrub_reap.service\u001b[0m - Re\u2026line ext4 Metadata Check Snapshots.", "", "[\u001b[0;32m  OK  \u001b[0m] Started \u001b[0;1;39mdbus.service\u001b[0m - D-Bus System Message Bus.", "", "[\u001b[0;32m  OK  \u001b[0m] Finished \u001b[0;1;39msystemd-user-sessions.service\u001b[0m - Permit User Sessions.", "", "[\u001b[0;32m  OK  \u001b[0m] Started \u001b[0;1;39mserial-getty@ttyS0.service\u001b[0m - Serial Getty on ttyS0.", "", "Starting \u001b[0;1;39msetvtrgb.service\u001b[0m - Set console scheme...", "", "[\u001b[0;32m  OK  \u001b[0m] Finished \u001b[0;1;39msetvtrgb.service\u001b[0m - Set console scheme.", "", "[\u001b[0;32m  OK  \u001b[0m] Created slice \u001b[0;1;39msystem-getty.slice\u001b[0m - Slice /system/getty.", "", "[\u001b[0;32m  OK  \u001b[0m] Started \u001b[0;1;39mgetty@tty1.service\u001b[0m - Getty on tty1.", "", "[\u001b[0;32m  OK  \u001b[0m] Reached target \u001b[0;1;39mgetty.target\u001b[0m - Login Prompts.", "", "[\u001b[0;32m  OK  \u001b[0m] Finished \u001b[0;1;39mgrub-common.service\u001b[0m - Record successful boot for GRUB.", "", "Starting \u001b[0;1;39mgrub-initrd-fallback.service\u001b[0m - GRUB failed boot detection...", "", "[\u001b[0;32m  OK  \u001b[0m] Started \u001b[0;1;39msystemd-logind.service\u001b[0m - User Login Management.", "", "[\u001b[0;32m  OK  \u001b[0m] Started \u001b[0;1;39munattended-upgrades.service\u001b[0m - Unattended Upgrades Shutdown.", "", "[\u001b[0;32m  OK  \u001b[0m] Finished \u001b[0;1;39mgrub-initrd-fallback.service\u001b[0m - GRUB failed boot detection.", "", "[\u001b[0;32m  OK  \u001b[0m] Finished \u001b[0;1;39mphpsessionclean.service\u001b[0m - Clean php session files.", "", "[    5.008494] loop0: detected capacity change from 0 to 8", "[\u001b[0;32m  OK  \u001b[0m] Started \u001b[0;1;39msnapd.service\u001b[0m - Snap Daemon.", "", "Starting \u001b[0;1;39msystemd-timedated.service\u001b[0m - Time & Date Service...", "", "[\u001b[0;32m  OK  \u001b[0m] Finished \u001b[0;1;39mapport.service\u001b[0m - automatic crash report generation.", "", "[\u001b[0;32m  OK  \u001b[0m] Started \u001b[0;1;39msystemd-timedated.service\u001b[0m - Time & Date Service.", "", "[\u001b[0;32m  OK  \u001b[0m] Finished \u001b[0;1;39msnapd.seeded.service\u001b[0m - Wait until snapd is fully seeded.", "", "[\u001b[0;32m  OK  \u001b[0m] Reached target \u001b[0;1;39mmulti-user.target\u001b[0m - Multi-User System.", "", "[\u001b[0;32m  OK  \u001b[0m] Reached target \u001b[0;1;39mgraphical.target\u001b[0m - Graphical Interface.", "", "Starting \u001b[0;1;39msystemd-update-utmp-runle\u2026\u001b[0m- Record Runlevel Change in UTMP...", "", "[\u001b[0;32m  OK  \u001b[0m] Finished \u001b[0;1;39msystemd-update-utmp-runle\u2026e\u001b[0m - Record Runlevel Change in UTMP.", "", "", "", "Ubuntu 24.04.2 LTS ubuntu-testing ttyS0", "", "ubuntu-testing login: root (automatic login)", "", "", "Welcome to Ubuntu 24.04.2 LTS (GNU/Linux 6.8.0 x86_64)", "", "* Documentation:  https://help.ubuntu.com", "* Management:     https://landscape.canonical.com", "* Support:        https://ubuntu.com/pro", "", "This system has been minimized by removing packages and content that are", "not required on a system that users do not log into.", "", "To restore this content, you can run the 'unminimize' command.", "[    5.580137] MICROWAVE FRAMEWORK TESTER", "[    5.585683] [TAG: RUNNING LMBENCH]", "[    5.587012] === Deleting old results ===", "[    5.596234] total 28", "[    5.596234] -rw-r--r-- 1 root root   18 May 14 03:23 ubuntu-testing.0", "[    5.596234] -rw-r--r-- 1 root root 4779 May 14 07:08 ubuntu-testing.1", "[    5.596234] -rw-r--r-- 1 root root 6967 May 13 06:20 ubuntu-testing.2", "[    5.596234] -rw-r--r-- 1 root root 5172 May 13 06:29 ubuntu-testing.3", "[    5.617616] === Starting new benchmark ===", "[    5.619009] Tailing status file: /tempbench.txt", "tail: cannot open '/tempbench.txt' for reading: No such file or directory", "[    5.631128] cd src && make rerun", "[    5.638330] make[1]: Entering directory '/opt/lmbench/src'", "[    6.900190] gmake[2]: Entering directory '/opt/lmbench/src'", "[    6.902130] gmake[2]: Nothing to be done for 'all'.", "[    6.903746] gmake[2]: Leaving directory '/opt/lmbench/src'", "[    7.817692] gmake[2]: Entering directory '/opt/lmbench/src'", "[    7.819777] gmake[2]: Nothing to be done for 'opt'.", "[    7.821534] gmake[2]: Leaving directory '/opt/lmbench/src'", "[    8.248007] (udev-worker) (224) used greatest stack depth: 12760 bytes left", "[   83.640675] lat_rpc[1376]: segfault at ffffffe0 ip 00007f1771240a07 sp 00007fff287372b8 error 4 in libc.so.6[7f17710cd000+188000] likely on CPU 7 (core 7, socket 0)", "[   83.645955] Code: 44 00 00 0f bc c0 48 29 cf 48 8d 44 07 20 c3 0f 1f 40 00 0f bc c0 29 cf 8d 44 07 60 c3 66 0f 1f 44 00 00 48 89 f9 48 83 e7 e0 <62> f1 7d 20 74 07 c5 fb 93 c0 d3 e8 0f 84 ee fe ff ff 0f bc c0 c3", "[  147.057648] make[1]: Leaving directory '/opt/lmbench/src'", "[  147.062352]", "[  147.063002] === Benchmark complete; dumping results at /opt/lmbench/results/x86_64-linux-gnu/ubuntu-testing.0 to aux log ===", "[  147.075914] ============================================", "[  147.083212] Elapsed time: 141.883653352 seconds", "[  147.084934] [TAG: LMBENCH COMPLETE]", "[  147.086327] MICROWAVE FRAMEWORK TESTER", "\u001b[?2004hroot@ubuntu-testing:/opt/lmbench# \u001b[?2004l", "Stopping \u001b[0;1;39msession-1.scope\u001b[0m - Session 1 of User root...", "", "[\u001b[0;32m  OK  \u001b[0m] Removed slice \u001b[0;1;39msystem-modprobe.slice\u001b[0m - Slice /system/modprobe.", "", "[\u001b[0;32m  OK  \u001b[0m] Stopped target \u001b[0;1;39mgraphical.target\u001b[0m - Graphical Interface.", "", "[\u001b[0;32m  OK  \u001b[0m] Stopped target \u001b[0;1;39mmulti-user.target\u001b[0m - Multi-User System.", "", "[\u001b[0;32m  OK  \u001b[0m] Stopped target \u001b[0;1;39mgetty.target\u001b[0m - Login Prompts.", "", "[\u001b[0;32m  OK  \u001b[0m] Stopped target \u001b[0;1;39mnss-lookup.target\u001b[0m - Host and Network Name Lookups.", "", "[\u001b[0;32m  OK  \u001b[0m] Stopped target \u001b[0;1;39mtimers.target\u001b[0m - Timer Units.", "", "[\u001b[0;32m  OK  \u001b[0m] Stopped \u001b[0;1;39mapt-daily-upgrade.timer\u001b[0m - \u2026y apt upgrade and clean activities.", "", "[\u001b[0;32m  OK  \u001b[0m] Stopped \u001b[0;1;39mapt-daily.timer\u001b[0m - Daily apt download activities.", "", "[\u001b[0;32m  OK  \u001b[0m] Stopped \u001b[0;1;39mdpkg-db-backup.timer\u001b[0m - Daily dpkg database backup timer.", "", "[\u001b[0;32m  OK  \u001b[0m] Stopped \u001b[0;1;39me2scrub_all.timer\u001b[0m - Period\u2026Metadata Check for All Filesystems.", "", "[\u001b[0;32m  OK  \u001b[0m] Stopped \u001b[0;1;39mfstrim.timer\u001b[0m - Discard unused filesystem blocks once a week.", "", "[\u001b[0;32m  OK  \u001b[0m] Stopped \u001b[0;1;39mmotd-news.timer\u001b[0m - Message of the Day.", "", "[\u001b[0;32m  OK  \u001b[0m] Stopped \u001b[0;1;39mphpsessionclean.timer\u001b[0m - Clean PHP session files every 30 mins.", "", "[\u001b[0;32m  OK  \u001b[0m] Stopped \u001b[0;1;39msystemd-tmpfiles-clean.tim\u2026\u001b[0my Cleanup of Temporary Directories.", "", "[\u001b[0;32m  OK  \u001b[0m] Stopped target \u001b[0;1;39mtime-set.target\u001b[0m - System Time Set.", "", "[\u001b[0;32m  OK  \u001b[0m] Closed \u001b[0;1;39msystemd-rfkill.socket\u001b[0m - Loa\u2026ll Switch Status /dev/rfkill Watch.", "", "Stopping \u001b[0;1;39mapport.service\u001b[0m - automatic crash report generation...", "", "Stopping \u001b[0;1;39mgetty@tty1.service\u001b[0m - Getty on tty1...", "", "Stopping \u001b[0;1;39mserial-getty@ttyS0.service\u001b[0m - Serial Getty on ttyS0...", "", "[\u001b[0;32m  OK  \u001b[0m] Stopped \u001b[0;1;39msnapd.seeded.service\u001b[0m - Wait until snapd is fully seeded.", "", "Stopping \u001b[0;1;39msystemd-random-seed.service\u001b[0m - Load/Save OS Random Seed...", "", "[\u001b[0;32m  OK  \u001b[0m] Stopped \u001b[0;1;39mserial-getty@ttyS0.service\u001b[0m - Serial Getty on ttyS0.", "", "[\u001b[0;32m  OK  \u001b[0m] Stopped \u001b[0;1;39mgetty@tty1.service\u001b[0m - Getty on tty1.", "", "[\u001b[0;32m  OK  \u001b[0m] Stopped \u001b[0;1;39msession-1.scope\u001b[0m - Session 1 of User root.", "", "[\u001b[0;32m  OK  \u001b[0m] Removed slice \u001b[0;1;39msystem-getty.slice\u001b[0m - Slice /system/getty.", "", "[\u001b[0;32m  OK  \u001b[0m] Removed slice \u001b[0;1;39msystem-serial\\x2dget\u2026slice\u001b[0m - Slice /system/serial-getty.", "", "[\u001b[0;32m  OK  \u001b[0m] Stopped target \u001b[0;1;39mgetty-pre.target\u001b[0m - Preparation for Logins.", "", "Stopping \u001b[0;1;39msystemd-logind.service\u001b[0m - User Login Management...", "", "Stopping \u001b[0;1;39msystemd-user-sessions.service\u001b[0m - Permit User Sessions...", "", "Stopping \u001b[0;1;39muser@0.service\u001b[0m - User Manager for UID 0...", "", "[\u001b[0;32m  OK  \u001b[0m] Stopped \u001b[0;1;39msystemd-random-seed.service\u001b[0m - Load/Save OS Random Seed.", "", "[\u001b[0;32m  OK  \u001b[0m] Stopped \u001b[0;1;39msystemd-user-sessions.service\u001b[0m - Permit User Sessions.", "", "[\u001b[0;32m  OK  \u001b[0m] Stopped target \u001b[0;1;39mnetwork.target\u001b[0m - Network.", "", "Stopping \u001b[0;1;39msystemd-networkd.service\u001b[0m - Network Configuration...", "", "[\u001b[0;32m  OK  \u001b[0m] Stopped \u001b[0;1;39msystemd-logind.service\u001b[0m - User Login Management.", "", "[\u001b[0;32m  OK  \u001b[0m] Stopped \u001b[0;1;39msystemd-networkd.service\u001b[0m - Network Configuration.", "", "[\u001b[0;32m  OK  \u001b[0m] Stopped \u001b[0;1;39muser@0.service\u001b[0m - User Manager for UID 0.", "", "[\u001b[0;32m  OK  \u001b[0m] Stopped \u001b[0;1;39mapport.service\u001b[0m - automatic crash report generation.", "", "[\u001b[0;32m  OK  \u001b[0m] Stopped target \u001b[0;1;39mremote-fs.target\u001b[0m - Remote File Systems.", "", "Stopping \u001b[0;1;39muser-runtime-dir@0.servic\u2026\u001b[0mer Runtime Directory /run/user/0...", "", "[\u001b[0;32m  OK  \u001b[0m] Unmounted \u001b[0;1;39mrun-user-0.mount\u001b[0m - /run/user/0.", "", "[\u001b[0;32m  OK  \u001b[0m] Stopped \u001b[0;1;39muser-runtime-dir@0.service\u001b[0m\u2026User Runtime Directory /run/user/0.", "", "[\u001b[0;32m  OK  \u001b[0m] Removed slice \u001b[0;1;39muser-0.slice\u001b[0m - User Slice of UID 0.", "", "[\u001b[0;32m  OK  \u001b[0m] Stopped target \u001b[0;1;39mbasic.target\u001b[0m - Basic System.", "", "[\u001b[0;32m  OK  \u001b[0m] Stopped target \u001b[0;1;39mpaths.target\u001b[0m - Path Units.", "", "[\u001b[0;32m  OK  \u001b[0m] Stopped target \u001b[0;1;39mslices.target\u001b[0m - Slice Units.", "", "[\u001b[0;32m  OK  \u001b[0m] Removed slice \u001b[0;1;39muser.slice\u001b[0m - User and Session Slice.", "", "[\u001b[0;32m  OK  \u001b[0m] Stopped target \u001b[0;1;39msockets.target\u001b[0m - Socket Units.", "", "[\u001b[0;32m  OK  \u001b[0m] Closed \u001b[0;1;39mlxd-installer.socket\u001b[0m - Helper to install lxd snap on demand.", "", "[\u001b[0;32m  OK  \u001b[0m] Closed \u001b[0;1;39msnapd.socket\u001b[0m - Socket activation for snappy daemon.", "", "[\u001b[0;32m  OK  \u001b[0m] Closed \u001b[0;1;39mssh.socket\u001b[0m - OpenBSD Secure Shell server socket.", "", "[\u001b[0;32m  OK  \u001b[0m] Stopped target \u001b[0;1;39msysinit.target\u001b[0m - System Initialization.", "", "[\u001b[0;32m  OK  \u001b[0m] Stopped target \u001b[0;1;39mcryptsetup.target\u001b[0m - Local Encrypted Volumes.", "", "[\u001b[0;32m  OK  \u001b[0m] Stopped \u001b[0;1;39msystemd-ask-password-conso\u2026\u001b[0mequests to Console Directory Watch.", "", "[\u001b[0;32m  OK  \u001b[0m] Stopped \u001b[0;1;39msystemd-ask-password-wall.\u2026\u001b[0md Requests to Wall Directory Watch.", "", "[\u001b[0;32m  OK  \u001b[0m] Stopped target \u001b[0;1;39mintegritysetup.targ\u2026\u001b[0m Local Integrity Protected Volumes.", "", "[\u001b[0;32m  OK  \u001b[0m] Stopped target \u001b[0;1;39mswap.target\u001b[0m - Swaps.", "", "[\u001b[0;32m  OK  \u001b[0m] Stopped target \u001b[0;1;39mveritysetup.target\u001b[0m - Local Verity Protected Volumes.", "", "[\u001b[0;32m  OK  \u001b[0m] Closed \u001b[0;1;39msystemd-networkd.socket\u001b[0m - Network Service Netlink Socket.", "", "Stopping \u001b[0;1;39msystemd-binfmt.service\u001b[0m - Set Up Additional Binary Formats...", "", "Stopping \u001b[0;1;39msystemd-resolved.service\u001b[0m - Network Name Resolution...", "", "Stopping \u001b[0;1;39msystemd-timesyncd.service\u001b[0m - Network Time Synchronization...", "", "[\u001b[0;32m  OK  \u001b[0m] Stopped \u001b[0;1;39msystemd-update-done.service\u001b[0m - Update is Completed.", "", "[\u001b[0;32m  OK  \u001b[0m] Stopped \u001b[0;1;39mldconfig.service\u001b[0m - Rebuild Dynamic Linker Cache.", "", "[\u001b[0;32m  OK  \u001b[0m] Stopped \u001b[0;1;39msystemd-journal-catalog-up\u2026.service\u001b[0m - Rebuild Journal Catalog.", "", "Stopping \u001b[0;1;39msystemd-update-utmp.servi\u2026\u001b[0mord System Boot/Shutdown in UTMP...", "", "[\u001b[0;32m  OK  \u001b[0m] Stopped \u001b[0;1;39msystemd-resolved.service\u001b[0m - Network Name Resolution.", "", "[\u001b[0;32m  OK  \u001b[0m] Stopped \u001b[0;1;39msystemd-timesyncd.service\u001b[0m - Network Time Synchronization.", "", "[\u001b[0;32m  OK  \u001b[0m] Stopped \u001b[0;1;39msystemd-binfmt.service\u001b[0m - Set Up Additional Binary Formats.", "", "[\u001b[0;32m  OK  \u001b[0m] Unset automount \u001b[0;1;39mproc-sys-fs-binfmt\u2026\u001b[0mormats File System Automount Point.", "", "[\u001b[0;32m  OK  \u001b[0m] Stopped \u001b[0;1;39msystemd-sysctl.service\u001b[0m - Apply Kernel Variables.", "", "[\u001b[0;32m  OK  \u001b[0m] Stopped \u001b[0;1;39msystemd-modules-load.service\u001b[0m - Load Kernel Modules.", "", "[\u001b[0;32m  OK  \u001b[0m] Stopped \u001b[0;1;39msystemd-update-utmp.servic\u2026\u001b[0mecord System Boot/Shutdown in UTMP.", "", "[\u001b[0;32m  OK  \u001b[0m] Stopped \u001b[0;1;39msystemd-tmpfiles-setup.ser\u2026\u001b[0mate Volatile Files and Directories.", "", "[\u001b[0;32m  OK  \u001b[0m] Stopped target \u001b[0;1;39mlocal-fs.target\u001b[0m - Local File Systems.", "", "[\u001b[0;32m  OK  \u001b[0m] Stopped target \u001b[0;1;39msnapd.mounts.target\u001b[0m - Mounted snaps.", "", "[\u001b[0;32m  OK  \u001b[0m] Stopped target \u001b[0;1;39msnapd.mounts-pre.target\u001b[0m - Mounting snaps.", "", "Unmounting \u001b[0;1;39mboot-efi.mount\u001b[0m - /boot/efi...", "", "[\u001b[0;32m  OK  \u001b[0m] Unmounted \u001b[0;1;39mboot-efi.mount\u001b[0m - /boot/efi.", "", "Unmounting \u001b[0;1;39mboot.mount\u001b[0m - /boot...", "", "[  147.619226] EXT4-fs (vda16): unmounting filesystem 7164fb69-891e-447e-91ac-9486a0886759.", "[\u001b[0;32m  OK  \u001b[0m] Unmounted \u001b[0;1;39mboot.mount\u001b[0m - /boot.", "", "[\u001b[0;32m  OK  \u001b[0m] Reached target \u001b[0;1;39mumount.target\u001b[0m - Unmount All Filesystems.", "", "[\u001b[0;32m  OK  \u001b[0m] Stopped \u001b[0;1;39msystemd-fsck@dev-disk-by\\x\u2026\u001b[0mm Check on /dev/disk/by-label/BOOT.", "", "[\u001b[0;32m  OK  \u001b[0m] Removed slice \u001b[0;1;39msystem-systemd\\x2dfs\u2026slice\u001b[0m - Slice /system/systemd-fsck.", "", "[\u001b[0;32m  OK  \u001b[0m] Stopped target \u001b[0;1;39mlocal-fs-pre.target\u001b[0m\u2026Preparation for Local File Systems.", "", "[\u001b[0;32m  OK  \u001b[0m] Stopped \u001b[0;1;39msystemd-tmpfiles-setup-dev\u2026\u001b[0mCreate Static Device Nodes in /dev.", "", "[\u001b[0;32m  OK  \u001b[0m] Stopped \u001b[0;1;39msystemd-sysusers.service\u001b[0m - Create System Users.", "", "[\u001b[0;32m  OK  \u001b[0m] Stopped \u001b[0;1;39msystemd-remount-fs.service\u001b[0m\u2026mount Root and Kernel File Systems.", "", "[\u001b[0;32m  OK  \u001b[0m] Stopped \u001b[0;1;39msystemd-fsck-root.service\u001b[0m - File System Check on Root Device.", "", "[\u001b[0;32m  OK  \u001b[0m] Stopped \u001b[0;1;39msystemd-tmpfiles-setup-dev\u2026\u001b[0mic Device Nodes in /dev gracefully.", "", "[\u001b[0;32m  OK  \u001b[0m] Reached target \u001b[0;1;39mshutdown.target\u001b[0m - System Shutdown.", "", "[\u001b[0;32m  OK  \u001b[0m] Reached target \u001b[0;1;39mfinal.target\u001b[0m - Late Shutdown Services.", "", "[\u001b[0;32m  OK  \u001b[0m] Finished \u001b[0;1;39msystemd-poweroff.service\u001b[0m - System Power Off.", "", "[\u001b[0;32m  OK  \u001b[0m] Reached target \u001b[0;1;39mpoweroff.target\u001b[0m - System Power Off.", "", "[  147.710782] systemd-shutdown[1]: Syncing filesystems and block devices.", "[  147.719612] systemd-shutdown[1]: Sending SIGTERM to remaining processes...", "[  147.727238] systemd-journald[132]: Received SIGTERM from PID 1 (systemd-shutdow).", "[  147.738275] systemd-shutdown[1]: Sending SIGKILL to remaining processes...", "[  147.747332] systemd-shutdown[1]: Unmounting file systems.", "[  147.750358] (sd-remount)[2943]: Remounting '/' read-only with options 'discard,errors=remount-ro,commit=30'.", "[  147.766059] EXT4-fs (vda1): re-mounted c8107c30-aa3b-40eb-bd2a-416a91df85e7 ro. Quota mode: none.", "[  147.770813] systemd-shutdown[1]: All filesystems unmounted.", "[  147.772839] systemd-shutdown[1]: Deactivating swaps.", "[  147.774782] systemd-shutdown[1]: All swaps deactivated.", "[  147.776718] systemd-shutdown[1]: Detaching loop devices.", "[  147.780826] systemd-shutdown[1]: All loop devices detached.", "[  147.782894] systemd-shutdown[1]: Stopping MD devices.", "[  147.784807] systemd-shutdown[1]: All MD devices stopped.", "[  147.786701] systemd-shutdown[1]: Detaching DM devices.", "[  147.788625] systemd-shutdown[1]: All DM devices detached.", "[  147.790556] systemd-shutdown[1]: All filesystems, swaps, loop devices, MD devices and DM devices detached.", "[  147.794539] systemd-shutdown[1]: Syncing filesystems and block devices.", "[  147.797151] systemd-shutdown[1]: Powering off.", "[  147.800482] ACPI: PM: Preparing to enter system sleep state S5", "[  147.802786] reboot: Power down", "Aux log file:", "Using config in CONFIG.ubuntu-testing", "Tue May 13 08:46:04 UTC 2025", "Latency measurements", "Tue May 13 08:46:18 UTC 2025", "Local networking", "Tue May 13 08:47:21 UTC 2025", "Bandwidth measurements", "Tue May 13 08:48:19 UTC 2025", "Calculating context switch overhead", "Tue May 13 08:48:24 UTC 2025", "[TAG: AUX LMBENCH RESULTS]", "[lmbench3.0 results for Linux ubuntu-testing 6.8.0 #1 SMP PREEMPT_DYNAMIC Tue May 13 06:53:18 UTC 2025 x86_64 x86_64 x86_64 GNU/Linux]", "[LMBENCH_VER: ]", "[BENCHMARK_HARDWARE: NO]", "[BENCHMARK_OS: NO]", "[ALL: 512 1k 2k 4k 8k 16k 32k 64k 128k 256k 512k 1m 2m 4m 8m 16m 32m 64m 128m 256m 512m 1024m 2048m 4096m]", "[DISKS: ]", "[DISK_DESC: ]", "[ENOUGH: 5000]", "[FAST: ]", "[FASTMEM: NO]", "[FILE: /var/tmp/XXX]", "[FSDIR: /var/tmp]", "[HALF: 512 1k 2k 4k 8k 16k 32k 64k 128k 256k 512k 1m 2m 4m 8m 16m 32m 64m 128m 256m 512m 1024m 2048m]", "[INFO: INFO.ubuntu-testing]", "[LINE_SIZE: ]", "[LOOP_O: 0.00000000]", "[MB: 5557]", "[MHZ: 1690 MHz, 0.5917 nanosec clock]", "[MOTHERBOARD: ]", "[NETWORKS: ]", "[PROCESSORS: 8]", "[REMOTE: ]", "[SLOWFS: YES]", "[OS: x86_64-linux-gnu]", "[SYNC_MAX: 1]", "[LMBENCH_SCHED: DEFAULT]", "[TIMING_O: 0]", "[LMBENCH VERSION: lmbench-3alpha4]", "[USER: root]", "[HOSTNAME: ubuntu-testing]", "[NODENAME: ubuntu-testing]", "[SYSNAME: Linux]", "[PROCESSOR: x86_64]", "[MACHINE: x86_64]", "[RELEASE: 6.8.0]", "[VERSION: #1 SMP PREEMPT_DYNAMIC Tue May 13 06:53:18 UTC 2025]", "[Tue May 13 08:46:04 UTC 2025]", "[ 08:46:04 up 0 min, 1 user, load average: 0.08, 0.02, 0.01]", "[net: Kernel Interface table]", "Kernel: error fetching interface information: Device not found", "[net: Iface             MTU    RX-OK RX-ERR RX-DRP RX-OVR    TX-OK TX-ERR TX-DRP TX-OVR Flg]", "Iface: error fetching interface information: Device not found", "[net: ens3             1500        3      0      0 0             9      0      0      0 BMRU]", "[if: ens3: flags=4163<UP,BROADCAST,RUNNING,MULTICAST>  mtu 1500]", "[if: inet 10.0.2.15  netmask 255.255.255.0  broadcast 10.0.2.255]", "[if: inet6 fe80::5054:ff:fe12:3456  prefixlen 64  scopeid 0x20<link>]", "[if: inet6 fec0::5054:ff:fe12:3456  prefixlen 64  scopeid 0x40<site>]", "[if: ether 52:54:00:12:34:56  txqueuelen 1000  (Ethernet)]", "[if: RX packets 3  bytes 1290 (1.2 KB)]", "[if: RX errors 0  dropped 0  overruns 0  frame 0]", "[if: TX packets 9  bytes 1302 (1.3 KB)]", "[if: TX errors 0  dropped 0 overruns 0  carrier 0  collisions 0]", "[if: ]", "[net: lo              65536       80      0      0 0            80      0      0      0 LRU]", "[if: lo: flags=73<UP,LOOPBACK,RUNNING>  mtu 65536]", "[if: inet 127.0.0.1  netmask 255.0.0.0]", "[if: inet6 ::1  prefixlen 128  scopeid 0x10<host>]", "[if: loop  txqueuelen 1000  (Local Loopback)]", "[if: RX packets 80  bytes 5920 (5.9 KB)]", "[if: RX errors 0  dropped 0  overruns 0  frame 0]", "[if: TX packets 80  bytes 5920 (5.9 KB)]", "[if: TX errors 0  dropped 0 overruns 0  carrier 0  collisions 0]", "[if: ]", "[mount: /dev/vda1 on / type ext4 (rw,relatime,discard,errors=remount-ro,commit=30)]", "[mount: devtmpfs on /dev type devtmpfs (rw,relatime,size=4070528k,nr_inodes=1017632,mode=755)]", "[mount: proc on /proc type proc (rw,nosuid,nodev,noexec,relatime)]", "[mount: sysfs on /sys type sysfs (rw,nosuid,nodev,noexec,relatime)]", "[mount: selinuxfs on /sys/fs/selinux type selinuxfs (rw,nosuid,noexec,relatime)]", "[mount: tmpfs on /dev/shm type tmpfs (rw,nosuid,nodev)]", "[mount: devpts on /dev/pts type devpts (rw,nosuid,noexec,relatime,gid=5,mode=620,ptmxmode=000)]", "[mount: tmpfs on /run type tmpfs (rw,nosuid,nodev,size=1628644k,nr_inodes=819200,mode=755)]", "[mount: tmpfs on /run/lock type tmpfs (rw,nosuid,nodev,noexec,relatime,size=5120k)]", "[mount: cgroup2 on /sys/fs/cgroup type cgroup2 (rw,nosuid,nodev,noexec,relatime,nsdelegate,memory_recursiveprot)]", "[mount: systemd-1 on /proc/sys/fs/binfmt_misc type autofs (rw,relatime,fd=32,pgrp=1,timeout=0,minproto=5,maxproto=5,direct)]", "[mount: hugetlbfs on /dev/hugepages type hugetlbfs (rw,nosuid,nodev,relatime,pagesize=2M)]", "[mount: mqueue on /dev/mqueue type mqueue (rw,nosuid,nodev,noexec,relatime)]", "[mount: tracefs on /sys/kernel/tracing type tracefs (rw,nosuid,nodev,noexec,relatime)]", "[mount: debugfs on /sys/kernel/debug type debugfs (rw,nosuid,nodev,noexec,relatime)]", "[mount: /dev/vda16 on /boot type ext4 (rw,relatime)]", "[mount: /dev/vda15 on /boot/efi type vfat (rw,relatime,fmask=0077,dmask=0077,codepage=437,iocharset=iso8859-1,shortname=mixed,errors=remount-ro)]", "[mount: binfmt_misc on /proc/sys/fs/binfmt_misc type binfmt_misc (rw,nosuid,nodev,noexec,relatime)]", "[mount: tmpfs on /run/user/0 type tmpfs (rw,nosuid,nodev,relatime,size=814320k,nr_inodes=203580,mode=700)]", "Simple syscall: 1.1680 microseconds", "Simple read: 1.2665 microseconds", "Simple write: 1.2716 microseconds", "Simple stat: 1.9573 microseconds", "Simple fstat: 1.2920 microseconds", "Simple open/close: 3.9835 microseconds", "Select on 10 fd's: 1.4115 microseconds", "Select on 100 fd's: 2.1926 microseconds", "Select on 250 fd's: 3.4552 microseconds", "Select on 500 fd's: 5.5962 microseconds", "Select on 10 tcp fd's: 1.5422 microseconds", "Select on 100 tcp fd's: 3.9281 microseconds", "Select on 250 tcp fd's: 7.5520 microseconds", "Select on 500 tcp fd's: 13.5923 microseconds", "Pipe latency: 102.2102 microseconds", "AF_UNIX sock stream latency: 67.0000 microseconds", "Process fork+exit: 214.8148 microseconds", "Process fork+execve: 1007.1667 microseconds", "Process fork+/bin/sh -c: 2128.3333 microseconds", "x: No such file or directory", "Usage: lat_udp -s serverhost", "OR [-S] [-m <message size>] [-P <parallelism>] [-W <warmup>] [-N <repetitions>] server", "NOTE: message size must be >= 4", "Usage: lat_tcp -s serverhost [-b <backlog>]", "OR [-m <message size>] [-P <parallelism>] [-W <warmup>] [-N <repetitions>] server", "OR -S server", "Usage: lat_connect -s serverhost [-b <backlog>]", "OR [-S] [-N <repetitions>] server", "unable to register (XACT_PROG, XACT_VERS, udp).", "Usage: bw_tcp -s serverhost [-b <backlog>]", "OR [-m <message size>] [-M <bytes to move>] [-P <parallelism>] [-W <warmup>] [-N <repetitions>] server", "OR -S serverhost", "Segmentation fault (core dumped)", "AF_UNIX sock stream bandwidth: 4673.37 MB/sec", "Pipe bandwidth: 820.23 MB/sec", "", "", "\"size=0k ovr=3.02", "2 47.73", "4 42.64", "8 57.88", "16 67.44", "24 74.26", "32 71.94", "64 62.93", "96 74.04", "", "\"size=4k ovr=3.17", "2 52.46", "4 53.79", "8 66.81", "16 75.91", "24 73.36", "32 71.32", "64 72.00", "96 70.73", "", "\"size=8k ovr=3.29", "2 52.34", "4 40.52", "8 45.15", "16 59.50", "24 66.29", "32 64.57", "64 67.77", "96 66.60", "", "\"size=16k ovr=3.54", "2 27.21", "4 43.96", "8 56.60", "16 62.20", "24 71.10", "32 72.49", "64 71.56", "96 72.14", "", "\"size=32k ovr=4.09", "2 27.59", "4 31.51", "8 68.68", "16 72.54", "24 74.17", "32 74.57", "64 72.66", "96 76.04", "", "\"size=64k ovr=5.12", "2 72.88", "4 29.19", "8 69.55", "16 75.18", "24 81.03", "32 73.65", "64 72.68", "96 79.65", "", "", "[Tue May 13 08:48:24 UTC 2025]", "[TAG: AUX LMBENCH RESULTS END]", "[TAG: AUX LMBENCH RESULTS BASE64]", "W2xtYmVuY2gzLjAgcmVzdWx0cyBmb3IgTGludXggdWJ1bnR1LXRlc3RpbmcgNi44LjAgIzEgU01QIFBSRUVNUFRfRFlOQU1JQyBTYXQgTWF5IDE3IDA2OjUzOjE4IFVUQyAyMDI1IHg4Nl82NCB4ODZfNjQgeDg2XzY0IEdOVS9MaW51eF0KW0xNQkVOQ0hfVkVSOiBdCltCRU5DSE1BUktfSEFSRFdBUkU6IE5PXQpbQkVOQ0hNQVJLX09TOiBOT10KW0FMTDogNTEyIDFrIDJrIDRrIDhrIDE2ayAzMmsgNjRrIDEyOGsgMjU2ayA1MTJrIDFtIDJtIDRtIDhtIDE2bSAzMm0gNjRtIDEyOG0gMjU2bSA1MTJtIDEwMjRtIDIwNDhtIDQwOTZtXQpbRElTS1M6IF0KW0RJU0tfREVTQzogXQpbRU5PVUdIOiA1MDAwXQpbRkFTVDogXQpbRkFTVE1FTTogTk9dCltGSUxFOiAvdmFyL3RtcC9YWFhdCltGU0RJUjogL3Zhci90bXBdCltIQUxGOiA1MTIgMWsgMmsgNGsgOGsgMTZrIDMyayA2NGsgMTI4ayAyNTZrIDUxMmsgMW0gMm0gNG0gOG0gMTZtIDMybSA2NG0gMTI4bSAyNTZtIDUxMm0gMTAyNG0gMjA0OG1dCltJTkZPOiBJTkZPLnVidW50dS10ZXN0aW5nXQpbTElORV9TSVpFOiBdCltMT09QX086IDAuMDAwMDAwMDBdCltNQjogNTU1N10KW01IWjogMTY5MCBNSHosIDAuNTkxNyBuYW5vc2VjIGNsb2NrXQpbTU9USEVSQk9BUkQ6IF0KW05FVFdPUktTOiBdCltQUk9DRVNTT1JTOiA4XQpbUkVNT1RFOiBdCltTTE9XRlM6IFlFU10KW09TOiB4ODZfNjQtbGludXgtZ251XQpbU1lOQ19NQVg6IDFdCltMTUJFTkNIX1NDSEVEOiBERUZBVUxUXQpbVElNSU5HX086IDBdCltMTUJFTkNIIFZFUlNJT046IGxtYmVuY2gtM2FscGhhNF0KW1VTRVI6IHJvb3RdCltIT1NUTkFNRTogdWJ1bnR1LXRlc3RpbmddCltOT0RFTkFNRTogdWJ1bnR1LXRlc3RpbmddCltTWVNOQU1FOiBMaW51eF0KW1BST0NFU1NPUjogeDg2XzY0XQpbTUFDSElORTogeDg2XzY0XQpbUkVMRUFTRTogNi44LjBdCltWRVJTSU9OOiAjMSBTTVAgUFJFRU1QVF9EWU5BTUlDIFNhdCBNYXkgMTcgMDY6NTM6MTggVVRDIDIwMjVdCltTYXQgTWF5IDE3IDA4OjQ2OjA0IFVUQyAyMDI1XQpbIDA4OjQ2OjA0IHVwIDAgbWluLCAxIHVzZXIsIGxvYWQgYXZlcmFnZTogMC4wOCwgMC4wMiwgMC4wMV0KW25ldDogS2VybmVsIEludGVyZmFjZSB0YWJsZV0KS2VybmVsOiBlcnJvciBmZXRjaGluZyBpbnRlcmZhY2UgaW5mb3JtYXRpb246IERldmljZSBub3QgZm91bmQKW25ldDogSWZhY2UgICAgICAgICAgICAgTVRVICAgIFJYLU9LIFJYLUVSUiBSWC1EUlAgUlgtT1ZSICAgIFRYLU9LIFRYLUVSUiBUWC1EUlAgVFgtT1ZSIEZsZ10KSWZhY2U6IGVycm9yIGZldGNoaW5nIGludGVyZmFjZSBpbmZvcm1hdGlvbjogRGV2aWNlIG5vdCBmb3VuZApbbmV0OiBlbnMzICAgICAgICAgICAgIDE1MDAgICAgICAgIDMgICAgICAwICAgICAgMCAwICAgICAgICAgICAgIDkgICAgICAwICAgICAgMCAgICAgIDAgQk1SVV0KW2lmOiBlbnMzOiBmbGFncz00MTYzPFVQLEJST0FEQ0FTVCxSVU5OSU5HLE1VTFRJQ0FTVD4gIG10dSAxNTAwXQpbaWY6IGluZXQgMTAuMC4yLjE1ICBuZXRtYXNrIDI1NS4yNTUuMjU1LjAgIGJyb2FkY2FzdCAxMC4wLjIuMjU1XQpbaWY6IGluZXQ2IGZlODA6OjUwNTQ6ZmY6ZmUxMjozNDU2ICBwcmVmaXhsZW4gNjQgIHNjb3BlaWQgMHgyMDxsaW5rPl0KW2lmOiBpbmV0NiBmZWMwOjo1MDU0OmZmOmZlMTI6MzQ1NiAgcHJlZml4bGVuIDY0ICBzY29wZWlkIDB4NDA8c2l0ZT5dCltpZjogZXRoZXIgNTI6NTQ6MDA6MTI6MzQ6NTYgIHR4cXVldWVsZW4gMTAwMCAgKEV0aGVybmV0KV0KW2lmOiBSWCBwYWNrZXRzIDMgIGJ5dGVzIDEyOTAgKDEuMiBLQildCltpZjogUlggZXJyb3JzIDAgIGRyb3BwZWQgMCAgb3ZlcnJ1bnMgMCAgZnJhbWUgMF0KW2lmOiBUWCBwYWNrZXRzIDkgIGJ5dGVzIDEzMDIgKDEuMyBLQildCltpZjogVFggZXJyb3JzIDAgIGRyb3BwZWQgMCBvdmVycnVucyAwICBjYXJyaWVyIDAgIGNvbGxpc2lvbnMgMF0KW2lmOiBdCltuZXQ6IGxvICAgICAgICAgICAgICA2NTUzNiAgICAgICA4MCAgICAgIDAgICAgICAwIDAgICAgICAgICAgICA4MCAgICAgIDAgICAgICAwICAgICAgMCBMUlVdCltpZjogbG86IGZsYWdzPTczPFVQLExPT1BCQUNLLFJVTk5JTkc+ICBtdHUgNjU1MzZdCltpZjogaW5ldCAxMjcuMC4wLjEgIG5ldG1hc2sgMjU1LjAuMC4wXQpbaWY6IGluZXQ2IDo6MSAgcHJlZml4bGVuIDEyOCAgc2NvcGVpZCAweDEwPGhvc3Q+XQpbaWY6IGxvb3AgIHR4cXVldWVsZW4gMTAwMCAgKExvY2FsIExvb3BiYWNrKV0KW2lmOiBSWCBwYWNrZXRzIDgwICBieXRlcyA1OTIwICg1LjkgS0IpXQpbaWY6IFJYIGVycm9ycyAwICBkcm9wcGVkIDAgIG92ZXJydW5zIDAgIGZyYW1lIDBdCltpZjogVFggcGFja2V0cyA4MCAgYnl0ZXMgNTkyMCAoNS45IEtCKV0KW2lmOiBUWCBlcnJvcnMgMCAgZHJvcHBlZCAwIG92ZXJydW5zIDAgIGNhcnJpZXIgMCAgY29sbGlzaW9ucyAwXQpbaWY6IF0KW21vdW50OiAvZGV2L3ZkYTEgb24gLyB0eXBlIGV4dDQgKHJ3LHJlbGF0aW1lLGRpc2NhcmQsZXJyb3JzPXJlbW91bnQtcm8sY29tbWl0PTMwKV0KW21vdW50OiBkZXZ0bXBmcyBvbiAvZGV2IHR5cGUgZGV2dG1wZnMgKHJ3LHJlbGF0aW1lLHNpemU9NDA3MDUyOGssbnJfaW5vZGVzPTEwMTc2MzIsbW9kZT03NTUpXQpbbW91bnQ6IHByb2Mgb24gL3Byb2MgdHlwZSBwcm9jIChydyxub3N1aWQsbm9kZXYsbm9leGVjLHJlbGF0aW1lKV0KW21vdW50OiBzeXNmcyBvbiAvc3lzIHR5cGUgc3lzZnMgKHJ3LG5vc3VpZCxub2Rldixub2V4ZWMscmVsYXRpbWUpXQpbbW91bnQ6IHNlbGludXhmcyBvbiAvc3lzL2ZzL3NlbGludXggdHlwZSBzZWxpbnV4ZnMgKHJ3LG5vc3VpZCxub2V4ZWMscmVsYXRpbWUpXQpbbW91bnQ6IHRtcGZzIG9uIC9kZXYvc2htIHR5cGUgdG1wZnMgKHJ3LG5vc3VpZCxub2RldildClttb3VudDogZGV2cHRzIG9uIC9kZXYvcHRzIHR5cGUgZGV2cHRzIChydyxub3N1aWQsbm9leGVjLHJlbGF0aW1lLGdpZD01LG1vZGU9NjIwLHB0bXhtb2RlPTAwMCldClttb3VudDogdG1wZnMgb24gL3J1biB0eXBlIHRtcGZzIChydyxub3N1aWQsbm9kZXYsc2l6ZT0xNjI4NjQ0ayxucl9pbm9kZXM9ODE5MjAwLG1vZGU9NzU1KV0KW21vdW50OiB0bXBmcyBvbiAvcnVuL2xvY2sgdHlwZSB0bXBmcyAocncsbm9zdWlkLG5vZGV2LG5vZXhlYyxyZWxhdGltZSxzaXplPTUxMjBrKV0KW21vdW50OiBjZ3JvdXAyIG9uIC9zeXMvZnMvY2dyb3VwIHR5cGUgY2dyb3VwMiAocncsbm9zdWlkLG5vZGV2LG5vZXhlYyxyZWxhdGltZSxuc2RlbGVnYXRlLG1lbW9yeV9yZWN1cnNpdmVwcm90KV0KW21vdW50OiBzeXN0ZW1kLTEgb24gL3Byb2Mvc3lzL2ZzL2JpbmZtdF9taXNjIHR5cGUgYXV0b2ZzIChydyxyZWxhdGltZSxmZD0zMixwZ3JwPTEsdGltZW91dD0wLG1pbnByb3RvPTUsbWF4cHJvdG89NSxkaXJlY3QpXQpbbW91bnQ6IGh1Z2V0bGJmcyBvbiAvZGV2L2h1Z2VwYWdlcyB0eXBlIGh1Z2V0bGJmcyAocncsbm9zdWlkLG5vZGV2LHJlbGF0aW1lLHBhZ2VzaXplPTJNKV0KW21vdW50OiBtcXVldWUgb24gL2Rldi9tcXVldWUgdHlwZSBtcXVldWUgKHJ3LG5vc3VpZCxub2Rldixub2V4ZWMscmVsYXRpbWUpXQpbbW91bnQ6IHRyYWNlZnMgb24gL3N5cy9rZXJuZWwvdHJhY2luZyB0eXBlIHRyYWNlZnMgKHJ3LG5vc3VpZCxub2Rldixub2V4ZWMscmVsYXRpbWUpXQpbbW91bnQ6IGRlYnVnZnMgb24gL3N5cy9rZXJuZWwvZGVidWcgdHlwZSBkZWJ1Z2ZzIChydyxub3N1aWQsbm9kZXYsbm9leGVjLHJlbGF0aW1lKV0KW21vdW50OiAvZGV2L3ZkYTE2IG9uIC9ib290IHR5cGUgZXh0NCAocncscmVsYXRpbWUpXQpbbW91bnQ6IC9kZXYvdmRhMTUgb24gL2Jvb3QvZWZpIHR5cGUgdmZhdCAocncscmVsYXRpbWUsZm1hc2s9MDA3NyxkbWFzaz0wMDc3LGNvZGVwYWdlPTQzNyxpb2NoYXJzZXQ9aXNvODg1OS0xLHNob3J0bmFtZT1taXhlZCxlcnJvcnM9cmVtb3VudC1ybyldClttb3VudDogYmluZm10X21pc2Mgb24gL3Byb2Mvc3lzL2ZzL2JpbmZtdF9taXNjIHR5cGUgYmluZm10X21pc2MgKHJ3LG5vc3VpZCxub2Rldixub2V4ZWMscmVsYXRpbWUpXQpbbW91bnQ6IHRtcGZzIG9uIC9ydW4vdXNlci8wIHR5cGUgdG1wZnMgKHJ3LG5vc3VpZCxub2RldixyZWxhdGltZSxzaXplPTgxNDMyMGssbnJfaW5vZGVzPTIwMzU4MCxtb2RlPTcwMCldClNpbXBsZSBzeXNjYWxsOiAxLjE2ODAgbWljcm9zZWNvbmRzClNpbXBsZSByZWFkOiAxLjI2NjUgbWljcm9zZWNvbmRzClNpbXBsZSB3cml0ZTogMS4yNzE2IG1pY3Jvc2Vjb25kcwpTaW1wbGUgc3RhdDogMS45NTczIG1pY3Jvc2Vjb25kcwpTaW1wbGUgZnN0YXQ6IDEuMjkyMCBtaWNyb3NlY29uZHMKU2ltcGxlIG9wZW4vY2xvc2U6IDMuOTgzNSBtaWNyb3NlY29uZHMKU2VsZWN0IG9uIDEwIGZkJ3M6IDEuNDExNSBtaWNyb3NlY29uZHMKU2VsZWN0IG9uIDEwMCBmZCdzOiAyLjE5MjYgbWljcm9zZWNvbmRzClNlbGVjdCBvbiAyNTAgZmQnczogMy40NTUyIG1pY3Jvc2Vjb25kcwpTZWxlY3Qgb24gNTAwIGZkJ3M6IDUuNTk2MiBtaWNyb3NlY29uZHMKU2VsZWN0IG9uIDEwIHRjcCBmZCdzOiAxLjU0MjIgbWljcm9zZWNvbmRzClNlbGVjdCBvbiAxMDAgdGNwIGZkJ3M6IDMuOTI4MSBtaWNyb3NlY29uZHMKU2VsZWN0IG9uIDI1MCB0Y3AgZmQnczogNy41NTIwIG1pY3Jvc2Vjb25kcwpTZWxlY3Qgb24gNTAwIHRjcCBmZCdzOiAxMy41OTIzIG1pY3Jvc2Vjb25kcwpQaXBlIGxhdGVuY3k6IDEwMi4yMTAyIG1pY3Jvc2Vjb25kcwpBRl9VTklYIHNvY2sgc3RyZWFtIGxhdGVuY3k6IDY3LjAwMDAgbWljcm9zZWNvbmRzClByb2Nlc3MgZm9yaytleGl0OiAyMTQuODE0OCBtaWNyb3NlY29uZHMKUHJvY2VzcyBmb3JrK2V4ZWN2ZTogMTAwNy4xNjY3IG1pY3Jvc2Vjb25kcwpQcm9jZXNzIGZvcmsrL2Jpbi9zaCAtYzogMjEyOC4zMzMzIG1pY3Jvc2Vjb25kcwp4OiBObyBzdWNoIGZpbGUgb3IgZGlyZWN0b3J5ClVzYWdlOiBsYXRfdWRwIC1zIHNlcnZlcmhvc3QKIE9SIFstU10gWy1tIDxtZXNzYWdlIHNpemU+XSBbLVAgPHBhcmFsbGVsaXNtPl0gWy1XIDx3YXJtdXA+XSBbLU4gPHJlcGV0aXRpb25zPl0gc2VydmVyCiBOT1RFOiBtZXNzYWdlIHNpemUgbXVzdCBiZSA+PSA0ClVzYWdlOiBsYXRfdGNwIC1zIHNlcnZlcmhvc3QgWy1iIDxiYWNrbG9nPl0KIE9SIFstbSA8bWVzc2FnZSBzaXplPl0gWy1QIDxwYXJhbGxlbGlzbT5dIFstVyA8d2FybXVwPl0gWy1OIDxyZXBldGl0aW9ucz5dIHNlcnZlcgogT1IgLVMgc2VydmVyClVzYWdlOiBsYXRfY29ubmVjdCAtcyBzZXJ2ZXJob3N0IFstYiA8YmFja2xvZz5dCiBPUiBbLVNdIFstTiA8cmVwZXRpdGlvbnM+XSBzZXJ2ZXIKdW5hYmxlIHRvIHJlZ2lzdGVyIChYQUNUX1BST0csIFhBQ1RfVkVSUywgdWRwKS4KVXNhZ2U6IGJ3X3RjcCAtcyBzZXJ2ZXJob3N0IFstYiA8YmFja2xvZz5dCiBPUiBbLW0gPG1lc3NhZ2Ugc2l6ZT5dIFstTSA8Ynl0ZXMgdG8gbW92ZT5dIFstUCA8cGFyYWxsZWxpc20+XSBbLVcgPHdhcm11cD5dIFstTiA8cmVwZXRpdGlvbnM+XSBzZXJ2ZXIKIE9SIC1TIHNlcnZlcmhvc3QKU2VnbWVudGF0aW9uIGZhdWx0IChjb3JlIGR1bXBlZCkKQUZfVU5JWCBzb2NrIHN0cmVhbSBiYW5kd2lkdGg6IDQ2NzMuMzcgTUIvc2VjClBpcGUgYmFuZHdpZHRoOiA4MjAuMjMgTUIvc2VjCgoKInNpemU9MGsgb3ZyPTMuMDIKMiA0Ny43Mwo0IDQyLjY0CjggNTcuODgKMTYgNjcuNDQKMjQgNzQuMjYKMzIgNzEuOTQKNjQgNjIuOTMKOTYgNzQuMDQKCiJzaXplPTRrIG92cj0zLjE3CjIgNTIuNDYKNCA1My43OQo4IDY2LjgxCjE2IDc1LjkxCjI0IDczLjM2CjMyIDcxLjMyCjY0IDcyLjAwCjk2IDcwLjczCgoic2l6ZT04ayBvdnI9My4yOQoyIDUyLjM0CjQgNDAuNTIKOCA0NS4xNQoxNiA1OS41MAoyNCA2Ni4yOQozMiA2NC41Nwo2NCA2Ny43Nwo5NiA2Ni42MAoKInNpemU9MTZrIG92cj0zLjU0CjIgMjcuMjEKNCA0My45Ngo4IDU2LjYwCjE2IDYyLjIwCjI0IDcxLjEwCjMyIDcyLjQ5CjY0IDcxLjU2Cjk2IDcyLjE0Cgoic2l6ZT0zMmsgb3ZyPTQuMDkKMiAyNy41OQo0IDMxLjUxCjggNjguNjgKMTYgNzIuNTQKMjQgNzQuMTcKMzIgNzQuNTcKNjQgNzIuNjYKOTYgNzYuMDQKCiJzaXplPTY0ayBvdnI9NS4xMgoyIDcyLjg4CjQgMjkuMTkKOCA2OS41NQoxNiA3NS4xOAoyNCA4MS4wMwozMiA3My42NQo2NCA3Mi42OAo5NiA3OS42NQoKCltTYXQgTWF5IDE3IDA4OjQ4OjI0IFVUQyAyMDI1XQo=[TAG: AUX LMBENCH RESULTS BASE64 END]"], "metadata": {"test_marker": "MICROWAVE FRAMEWORK TESTER"}}