{"lines": ["IMAGE_PATH: /home/denzelgfarmer/KernelSecurityBenchmarks/Microwave/.working/test_lmbench_init_on_free_alloc-linux.img", "KERNEL_PATH: /home/denzelgfarmer/KernelSecurityBenchmarks/Microwave/.working/temp/linux/install/boot/vmlinuz-6.8.0", "LOG_PATH: /home/denzelgfarmer/KernelSecurityBenchmarks/Microwave/microwave2/runners/aux_logfile.txt", "KERNEL_ARGS: console=ttyS0,115200 earlyprintk=serial,ttyS0,115200 ignore_loglevel root=/dev/vda1 nospectre_bhb nospectre_v1 spectre_v2=off spectre_v2_user=off retbleed=off pti=off spec_rstack_overflow=off", "+ '[' -z /home/denzelgfarmer/KernelSecurityBenchmarks/Microwave/.working/test_lmbench_init_on_free_alloc-linux.img ']'", "+ '[' -z /home/denzelgfarmer/KernelSecurityBenchmarks/Microwave/.working/temp/linux/install/boot/vmlinuz-6.8.0 ']'", "+ CORESET=2,3,4,5", "+ echo 'Booting image /home/denzelgfarmer/KernelSecurityBenchmarks/Microwave/.working/test_lmbench_init_on_free_alloc-linux.img (with kernel at /home/denzelgfarmer/KernelSecurityBenchmarks/Microwave/.working/temp/linux/install/boot/vmlinuz-6.8.0)...'", "Booting image /home/denzelgfarmer/KernelSecurityBenchmarks/Microwave/.working/test_lmbench_init_on_free_alloc-linux.img (with kernel at /home/denzelgfarmer/KernelSecurityBenchmarks/Microwave/.working/temp/linux/install/boot/vmlinuz-6.8.0)...", "+ taskset -c 2,3,4,5 qemu-system-x86_64 -enable-kvm -nodefaults -nographic -m 8192 -mem-prealloc -cpu host -smp 8,sockets=1,cores=8,threads=1 -kernel /home/denzelgfarmer/KernelSecurityBenchmarks/Microwave/.working/temp/linux/install/boot/vmlinuz-6.8.0 -append 'console=ttyS0,115200 earlyprintk=serial,ttyS0,115200 ignore_loglevel root=/dev/vda1 nospectre_bhb nospectre_v1 spectre_v2=off spectre_v2_user=off retbleed=off pti=off spec_rstack_overflow=off' -device virtio-blk-pci,drive=hd0 -blockdev driver=file,node-name=hd_file,filename=/home/denzelgfarmer/KernelSecurityBenchmarks/Microwave/.working/test_lmbench_init_on_free_alloc-linux.img -blockdev driver=qcow2,node-name=hd0,file=hd_file -device virtio-net-pci,netdev=net1 -netdev user,id=net1,hostfwd=tcp::2223-:22 -serial stdio -s -chardev file,id=log0,path=/home/denzelgfarmer/KernelSecurityBenchmarks/Microwave/microwave2/runners/aux_logfile.txt -device virtio-serial-pci,id=virtio-serial0 -device virtserialport,chardev=log0,name=host-port,bus=virtio-serial0.0", "\u001bc\u001b[?7l\u001b[2J\u001b[0mSeaBIOS (version 1.16.3-debian-1.16.3-2)", "", "", "iPXE (https://ipxe.org) 00:03.0 C000 PCI2.10 PnP PMM+BEFCACB0+BEF0ACB0 C000", "Press Ctrl-B to configure iPXE (PCI 00:03.0)...", "", "", "", "Booting from ROM..\u001bc\u001b[?7l\u001b[2JNo EFI environment detected.", "early console in extract_kernel", "input_data: 0x000000000295e2b9", "input_len: 0x0000000000b09506", "output: 0x0000000001000000", "output_len: 0x0000000002423224", "kernel_total_size: 0x0000000002230000", "needed_size: 0x0000000002600000", "trampoline_32bit: 0x0000000000000000", "Physical KASLR using RDRAND RDTSC...", "Virtual KASLR using RDRAND RDTSC...", "", "Decompressing Linux... Parsing ELF... Performing relocations... done.", "Booting the kernel (entry_offset: 0x0000000000000000).", "[    0.000000] Linux version 6.8.0 (denzelgfarmer@micro-lmbench-stressng) (gcc (Ubuntu 14.2.0-19ubuntu2) 14.2.0, GNU ld (GNU Binutils for Ubuntu) 2.44) #2 SMP PREEMPT_DYNAMIC Tue May 13 13:06:20 UTC 2025", "[    0.000000] Command line: console=ttyS0,115200 earlyprintk=serial,ttyS0,115200 ignore_loglevel root=/dev/vda1 nospectre_bhb nospectre_v1 spectre_v2=off spectre_v2_user=off retbleed=off pti=off spec_rstack_overflow=off", "[    0.000000] BIOS-provided physical RAM map:", "[    0.000000] BIOS-e820: [mem 0x0000000000000000-0x000000000009fbff] usable", "[    0.000000] BIOS-e820: [mem 0x000000000009fc00-0x000000000009ffff] reserved", "[    0.000000] BIOS-e820: [mem 0x00000000000f0000-0x00000000000fffff] reserved", "[    0.000000] BIOS-e820: [mem 0x0000000000100000-0x00000000bffdcfff] usable", "[    0.000000] BIOS-e820: [mem 0x00000000bffdd000-0x00000000bfffffff] reserved", "[    0.000000] BIOS-e820: [mem 0x00000000feffc000-0x00000000feffffff] reserved", "[    0.000000] BIOS-e820: [mem 0x00000000fffc0000-0x00000000ffffffff] reserved", "[    0.000000] BIOS-e820: [mem 0x0000000100000000-0x000000023fffffff] usable", "[    0.000000] printk: legacy bootconsole [earlyser0] enabled", "[    0.000000] printk: debug: ignoring loglevel setting.", "[    0.000000] NX (Execute Disable) protection: active", "[    0.000000] APIC: Static calls initialized", "[    0.000000] SMBIOS 2.8 present.", "[    0.000000] DMI: QEMU Ubuntu 25.04 PC (i440FX + PIIX, 1996), BIOS 1.16.3-debian-1.16.3-2 04/01/2014", "[    0.000000] Hypervisor detected: KVM", "[    0.000000] kvm-clock: Using msrs 4b564d01 and 4b564d00", "[    0.000002] kvm-clock: using sched offset of 2347115807 cycles", "[    0.003457] clocksource: kvm-clock: mask: 0xffffffffffffffff max_cycles: 0x1cd42e4dffb, max_idle_ns: 881590591483 ns", "[    0.014360] tsc: Detected 2800.272 MHz processor", "[    0.018164] e820: update [mem 0x00000000-0x00000fff] usable ==> reserved", "[    0.022632] e820: remove [mem 0x000a0000-0x000fffff] usable", "[    0.026313] last_pfn = 0x240000 max_arch_pfn = 0x400000000", "[    0.030311] MTRR map: 4 entries (3 fixed + 1 variable; max 19), built from 8 variable MTRRs", "[    0.035867] x86/PAT: Configuration [0-7]: WB  WC  UC- UC  WB  WP  UC- WT", "Memory KASLR using RDRAND RDTSC...", "[    0.042905] last_pfn = 0xbffdd max_arch_pfn = 0x400000000", "[    0.052408] found SMP MP-table at [mem 0x000f5470-0x000f547f]", "[    0.056251] Using GB pages for direct mapping", "[    0.059331] ACPI: Early table checksum verification disabled", "[    0.063100] ACPI: RSDP 0x00000000000F5270 000014 (v00 BOCHS )", "[    0.066969] ACPI: RSDT 0x00000000BFFE2565 000034 (v01 BOCHS  BXPC     00000001 BXPC 00000001)", "[    0.072625] ACPI: FACP 0x00000000BFFE23E1 000074 (v01 BOCHS  BXPC     00000001 BXPC 00000001)", "[    0.078299] ACPI: DSDT 0x00000000BFFE0040 0023A1 (v01 BOCHS  BXPC     00000001 BXPC 00000001)", "[    0.083992] ACPI: FACS 0x00000000BFFE0000 000040", "[    0.087082] ACPI: APIC 0x00000000BFFE2455 0000B0 (v03 BOCHS  BXPC     00000001 BXPC 00000001)", "[    0.092758] ACPI: HPET 0x00000000BFFE2505 000038 (v01 BOCHS  BXPC     00000001 BXPC 00000001)", "[    0.098414] ACPI: WAET 0x00000000BFFE253D 000028 (v01 BOCHS  BXPC     00000001 BXPC 00000001)", "[    0.104070] ACPI: Reserving FACP table memory at [mem 0xbffe23e1-0xbffe2454]", "[    0.108792] ACPI: Reserving DSDT table memory at [mem 0xbffe0040-0xbffe23e0]", "[    0.113466] ACPI: Reserving FACS table memory at [mem 0xbffe0000-0xbffe003f]", "[    0.118210] ACPI: Reserving APIC table memory at [mem 0xbffe2455-0xbffe2504]", "[    0.122946] ACPI: Reserving HPET table memory at [mem 0xbffe2505-0xbffe253c]", "[    0.127697] ACPI: Reserving WAET table memory at [mem 0xbffe253d-0xbffe2564]", "[    0.134127] No NUMA configuration found", "[    0.136663] Faking a node at [mem 0x0000000000000000-0x000000023fffffff]", "[    0.141072] NODE_DATA(0) allocated [mem 0x23fffa000-0x23fffdfff]", "[    0.145275] Zone ranges:", "[    0.146976]   DMA      [mem 0x0000000000001000-0x0000000000ffffff]", "[    0.151066]   DMA32    [mem 0x0000000001000000-0x00000000ffffffff]", "[    0.155186]   Normal   [mem 0x0000000100000000-0x000000023fffffff]", "[    0.159319] Movable zone start for each node", "[    0.162155] Early memory node ranges", "[    0.164531]   node   0: [mem 0x0000000000001000-0x000000000009efff]", "[    0.168719]   node   0: [mem 0x0000000000100000-0x00000000bffdcfff]", "[    0.172892]   node   0: [mem 0x0000000100000000-0x000000023fffffff]", "[    0.177062] Initmem setup node 0 [mem 0x0000000000001000-0x000000023fffffff]", "[    0.181843] On node 0, zone DMA: 1 pages in unavailable ranges", "[    0.186734] On node 0, zone DMA: 97 pages in unavailable ranges", "[    0.635799] On node 0, zone Normal: 35 pages in unavailable ranges", "[    0.642629] ACPI: PM-Timer IO Port: 0x608", "[    0.645304] ACPI: LAPIC_NMI (acpi_id[0xff] dfl dfl lint[0x1])", "[    0.649333] IOAPIC[0]: apic_id 0, version 17, address 0xfec00000, GSI 0-23", "[    0.653986] ACPI: INT_SRC_OVR (bus 0 bus_irq 0 global_irq 2 dfl dfl)", "[    0.658219] ACPI: INT_SRC_OVR (bus 0 bus_irq 5 global_irq 5 high level)", "[    0.662646] ACPI: INT_SRC_OVR (bus 0 bus_irq 9 global_irq 9 high level)", "[    0.667095] ACPI: INT_SRC_OVR (bus 0 bus_irq 10 global_irq 10 high level)", "[    0.671641] ACPI: INT_SRC_OVR (bus 0 bus_irq 11 global_irq 11 high level)", "[    0.676180] ACPI: Using ACPI (MADT) for SMP configuration information", "[    0.680505] ACPI: HPET id: 0x8086a201 base: 0xfed00000", "[    0.683955] TSC deadline timer available", "[    0.686607] smpboot: Allowing 8 CPUs, 0 hotplug CPUs", "[    0.689970] kvm-guest: APIC: eoi() replaced with kvm_guest_apic_eoi_write()", "[    0.694711] kvm-guest: KVM setup pv remote TLB flush", "[    0.698036] kvm-guest: setup PV sched yield", "[    0.700963] PM: hibernation: Registered nosave memory: [mem 0x00000000-0x00000fff]", "[    0.706042] PM: hibernation: Registered nosave memory: [mem 0x0009f000-0x0009ffff]", "[    0.711085] PM: hibernation: Registered nosave memory: [mem 0x000a0000-0x000effff]", "[    0.716132] PM: hibernation: Registered nosave memory: [mem 0x000f0000-0x000fffff]", "[    0.721211] PM: hibernation: Registered nosave memory: [mem 0xbffdd000-0xbfffffff]", "[    0.726293] PM: hibernation: Registered nosave memory: [mem 0xc0000000-0xfeffbfff]", "[    0.731348] PM: hibernation: Registered nosave memory: [mem 0xfeffc000-0xfeffffff]", "[    0.736389] PM: hibernation: Registered nosave memory: [mem 0xff000000-0xfffbffff]", "[    0.741437] PM: hibernation: Registered nosave memory: [mem 0xfffc0000-0xffffffff]", "[    0.746500] [mem 0xc0000000-0xfeffbfff] available for PCI devices", "[    0.750581] Booting paravirtualized kernel on KVM", "[    0.753724] clocksource: refined-jiffies: mask: 0xffffffff max_cycles: 0xffffffff, max_idle_ns: 1910969940391419 ns", "[    0.766115] setup_percpu: NR_CPUS:64 nr_cpumask_bits:8 nr_cpu_ids:8 nr_node_ids:1", "[    0.779615] percpu: Embedded 55 pages/cpu s184552 r8192 d32536 u262144", "[    0.784065] pcpu-alloc: s184552 r8192 d32536 u262144 alloc=1*2097152", "[    0.788295] pcpu-alloc: [0] 0 1 2 3 4 5 6 7", "[    0.791295] Kernel command line: console=ttyS0,115200 earlyprintk=serial,ttyS0,115200 ignore_loglevel root=/dev/vda1 nospectre_bhb nospectre_v1 spectre_v2=off spectre_v2_user=off retbleed=off pti=off spec_rstack_overflow=off", "[    0.804790] Unknown kernel command line parameters \"nospectre_bhb spectre_v2=off spectre_v2_user=off pti=off\", will be passed to user space.", "[    0.813286] random: crng init done", "[    0.848167] Dentry cache hash table entries: 1048576 (order: 11, 8388608 bytes, linear)", "[    0.869981] Inode-cache hash table entries: 524288 (order: 10, 4194304 bytes, linear)", "[    0.875781] Fallback order for Node 0: 0", "[    0.875787] Built 1 zonelists, mobility grouping on.  Total pages: 2064093", "[    0.882027] Policy zone: Normal", "[    0.883826] mem auto-init: stack:all(zero), heap alloc:on, heap free:on", "[    0.887623] mem auto-init: clearing system memory may take some time...", "[    0.891404] software IO TLB: area num 8.", "[   13.871444] Memory: 8140744K/8388076K available (16384K kernel code, 2735K rwdata, 5400K rodata, 1416K init, 2664K bss, 247072K reserved, 0K cma-reserved)", "[   13.879404] SLUB: HWalign=64, Order=0-3, MinObjects=0, CPUs=8, Nodes=1", "Poking KASLR using RDRAND RDTSC...", "[   13.886412] Dynamic Preempt: voluntary", "[   13.888635] rcu: Preemptible hierarchical RCU implementation.", "[   13.891865] rcu: \tRCU event tracing is enabled.", "[   13.894455] rcu: \tRCU restricting CPUs from NR_CPUS=64 to nr_cpu_ids=8.", "[   13.898194] \tTrampoline variant of Tasks RCU enabled.", "[   13.901043] rcu: RCU calculated value of scheduler-enlistment delay is 100 jiffies.", "[   13.905402] rcu: Adjusting geometry for rcu_fanout_leaf=16, nr_cpu_ids=8", "[   13.910632] NR_IRQS: 4352, nr_irqs: 488, preallocated irqs: 16", "[   13.914302] rcu: srcu_init: Setting srcu_struct sizes based on contention.", "[   13.918641] Console: colour *CGA 80x25", "[   13.920920] printk: legacy console [ttyS0] enabled", "[   13.920920] printk: legacy console [ttyS0] enabled", "[   13.926405] printk: legacy bootconsole [earlyser0] disabled", "[   13.926405] printk: legacy bootconsole [earlyser0] disabled", "[   13.932786] ACPI: Core revision 20230628", "[   13.935690] clocksource: hpet: mask: 0xffffffff max_cycles: 0xffffffff, max_idle_ns: 19112604467 ns", "[   13.941419] APIC: Switch to symmetric I/O mode setup", "[   13.944489] kvm-guest: APIC: send_IPI_mask() replaced with kvm_send_ipi_mask()", "[   13.948796] kvm-guest: APIC: send_IPI_mask_allbutself() replaced with kvm_send_ipi_mask_allbutself()", "[   13.954193] kvm-guest: setup PV IPIs", "[   13.963151] ..TIMER: vector=0x30 apic1=0 pin1=2 apic2=-1 pin2=-1", "[   13.966894] clocksource: tsc-early: mask: 0xffffffffffffffff max_cycles: 0x285d41d1c0f, max_idle_ns: 440795337668 ns", "[   13.973541] Calibrating delay loop (skipped) preset value.. 5600.54 BogoMIPS (lpj=2800272)", "[   13.976580] x86/cpu: User Mode Instruction Prevention (UMIP) activated", "[   13.978806] Last level iTLB entries: 4KB 0, 2MB 0, 4MB 0", "[   13.979538] Last level dTLB entries: 4KB 0, 2MB 0, 4MB 0, 1GB 0", "[   13.980568] Spectre V1 : Vulnerable: __user pointer sanitization and usercopy barriers only; no swapgs barriers", "[   13.981540] Spectre V2 : off selected on command line.", "[   13.982537] Spectre V2 : User space: Vulnerable", "[   13.984538] Speculative Store Bypass: Mitigation: Speculative Store Bypass disabled via prctl", "[   13.985570] TAA: Vulnerable: Clear CPU buffers attempted, no microcode", "[   13.986538] MMIO Stale Data: Vulnerable: Clear CPU buffers attempted, no microcode", "[   13.987701] x86/fpu: Supporting XSAVE feature 0x001: 'x87 floating point registers'", "[   13.988538] x86/fpu: Supporting XSAVE feature 0x002: 'SSE registers'", "[   13.989537] x86/fpu: Supporting XSAVE feature 0x004: 'AVX registers'", "[   13.990538] x86/fpu: Supporting XSAVE feature 0x020: 'AVX-512 opmask'", "[   13.991538] x86/fpu: Supporting XSAVE feature 0x040: 'AVX-512 Hi256'", "[   13.992537] x86/fpu: Supporting XSAVE feature 0x080: 'AVX-512 ZMM_Hi256'", "[   13.993538] x86/fpu: xstate_offset[2]:  576, xstate_sizes[2]:  256", "[   13.994538] x86/fpu: xstate_offset[5]:  832, xstate_sizes[5]:   64", "[   13.996537] x86/fpu: xstate_offset[6]:  896, xstate_sizes[6]:  512", "[   13.997538] x86/fpu: xstate_offset[7]: 1408, xstate_sizes[7]: 1024", "[   13.998538] x86/fpu: Enabled xstate features 0xe7, context size is 2432 bytes, using 'compacted' format.", "[   14.004285] Freeing SMP alternatives memory: 48K", "[   14.004540] pid_max: default: 32768 minimum: 301", "[   14.006563] LSM: initializing lsm=capability,selinux,integrity", "[   14.007541] SELinux:  Initializing.", "[   14.008566] Mount-cache hash table entries: 16384 (order: 5, 131072 bytes, linear)", "[   14.009540] Mountpoint-cache hash table entries: 16384 (order: 5, 131072 bytes, linear)", "[   14.011945] smpboot: CPU0: Intel(R) Xeon(R) CPU @ 2.80GHz (family: 0x6, model: 0x55, stepping: 0x7)", "[   14.012670] RCU Tasks: Setting shift to 3 and lim to 1 rcu_task_cb_adjust=1.", "[   14.013570] Performance Events: unsupported p6 CPU model 85 no PMU driver, software events only.", "[   14.014694] signal: max sigframe size: 3632", "[   14.015605] rcu: Hierarchical SRCU implementation.", "[   14.016546] rcu: \tMax phase no-delay instances is 400.", "[   14.017724] smp: Bringing up secondary CPUs ...", "[   14.018735] smpboot: x86: Booting SMP configuration:", "[   14.019549] .... node  #0, CPUs:      #1 #2 #3 #4 #5 #6 #7", "[   14.049945] smp: Brought up 1 node, 8 CPUs", "[   14.051551] smpboot: Max logical packages: 1", "[   14.052546] smpboot: Total of 8 processors activated (44804.35 BogoMIPS)", "[   14.060601] devtmpfs: initialized", "[   14.061897] clocksource: jiffies: mask: 0xffffffff max_cycles: 0xffffffff, max_idle_ns: 1911260446275000 ns", "[   14.062561] futex hash table entries: 2048 (order: 5, 131072 bytes, linear)", "[   14.063951] PM: RTC time: 13:08:17, date: 2025-05-17", "[   14.065188] NET: Registered PF_NETLINK/PF_ROUTE protocol family", "[   14.065645] audit: initializing netlink subsys (disabled)", "[   14.066607] audit: type=2000 audit(1747487297.743:1): state=initialized audit_enabled=0 res=1", "[   14.066636] thermal_sys: Registered thermal governor 'step_wise'", "[   14.067551] thermal_sys: Registered thermal governor 'user_space'", "[   14.068569] cpuidle: using governor menu", "[   14.071436] PCI: Using configuration type 1 for base access", "[   14.071670] kprobes: kprobe jump-optimization is enabled. All kprobes are optimized if possible.", "[   14.074054] HugeTLB: registered 2.00 MiB page size, pre-allocated 0 pages", "[   14.074546] HugeTLB: 28 KiB vmemmap can be freed for a 2.00 MiB page", "[   14.075630] ACPI: Added _OSI(Module Device)", "[   14.076548] ACPI: Added _OSI(Processor Device)", "[   14.077546] ACPI: Added _OSI(3.0 _SCP Extensions)", "[   14.078546] ACPI: Added _OSI(Processor Aggregator Device)", "[   14.080095] ACPI: 1 ACPI AML tables successfully acquired and loaded", "[   14.082574] ACPI: _OSC evaluation for CPUs failed, trying _PDC", "[   14.083643] ACPI: Interpreter enabled", "[   14.084578] ACPI: PM: (supports S0 S3 S4 S5)", "[   14.085547] ACPI: Using IOAPIC for interrupt routing", "[   14.086573] PCI: Using host bridge windows from ACPI; if necessary, use \"pci=nocrs\" and report a bug", "[   14.087548] PCI: Using E820 reservations for host bridge windows", "[   14.088690] ACPI: Enabled 2 GPEs in block 00 to 0F", "[   14.092300] ACPI: PCI Root Bridge [PCI0] (domain 0000 [bus 00-ff])", "[   14.092553] acpi PNP0A03:00: _OSC: OS supports [ASPM ClockPM Segments MSI HPX-Type3]", "[   14.093549] acpi PNP0A03:00: _OSC: not requesting OS control; OS requires [ExtendedConfig ASPM ClockPM MSI]", "[   14.094565] acpi PNP0A03:00: fail to add MMCONFIG information, can't access extended configuration space under this bridge", "[   14.095653] PCI host bridge to bus 0000:00", "[   14.096548] pci_bus 0000:00: root bus resource [io  0x0000-0x0cf7 window]", "[   14.097548] pci_bus 0000:00: root bus resource [io  0x0d00-0xffff window]", "[   14.098549] pci_bus 0000:00: root bus resource [mem 0x000a0000-0x000bffff window]", "[   14.099546] pci_bus 0000:00: root bus resource [mem 0xc0000000-0xfebfffff window]", "[   14.100546] pci_bus 0000:00: root bus resource [mem 0x380000000000-0x38007fffffff window]", "[   14.101548] pci_bus 0000:00: root bus resource [bus 00-ff]", "[   14.102741] pci 0000:00:00.0: [8086:1237] type 00 class 0x060000 conventional PCI endpoint", "[   14.105515] pci 0000:00:01.0: [8086:7000] type 00 class 0x060100 conventional PCI endpoint", "[   14.108266] pci 0000:00:01.1: [8086:7010] type 00 class 0x010180 conventional PCI endpoint", "[   14.112049] pci 0000:00:01.1: BAR 4 [io  0xc0e0-0xc0ef]", "[   14.114548] pci 0000:00:01.1: BAR 0 [io  0x01f0-0x01f7]: legacy IDE quirk", "[   14.115549] pci 0000:00:01.1: BAR 1 [io  0x03f6]: legacy IDE quirk", "[   14.116547] pci 0000:00:01.1: BAR 2 [io  0x0170-0x0177]: legacy IDE quirk", "[   14.117547] pci 0000:00:01.1: BAR 3 [io  0x0376]: legacy IDE quirk", "[   14.119218] pci 0000:00:01.3: [8086:7113] type 00 class 0x068000 conventional PCI endpoint", "[   14.121799] pci 0000:00:01.3: quirk: [io  0x0600-0x063f] claimed by PIIX4 ACPI", "[   14.122594] pci 0000:00:01.3: quirk: [io  0x0700-0x070f] claimed by PIIX4 SMB", "[   14.125053] pci 0000:00:02.0: [1af4:1001] type 00 class 0x010000 conventional PCI endpoint", "[   14.127550] pci 0000:00:02.0: BAR 0 [io  0xc000-0xc07f]", "[   14.130549] pci 0000:00:02.0: BAR 1 [mem 0xfeb80000-0xfeb80fff]", "[   14.137549] pci 0000:00:02.0: BAR 4 [mem 0x380000000000-0x380000003fff 64bit pref]", "[   14.144585] pci 0000:00:03.0: [1af4:1000] type 00 class 0x020000 conventional PCI endpoint", "[   14.147020] pci 0000:00:03.0: BAR 0 [io  0xc0c0-0xc0df]", "[   14.148549] pci 0000:00:03.0: BAR 1 [mem 0xfeb81000-0xfeb81fff]", "[   14.152550] pci 0000:00:03.0: BAR 4 [mem 0x380000004000-0x380000007fff 64bit pref]", "[   14.154550] pci 0000:00:03.0: ROM [mem 0xfeb00000-0xfeb7ffff pref]", "[   14.159750] pci 0000:00:04.0: [1af4:1003] type 00 class 0x078000 conventional PCI endpoint", "[   14.162025] pci 0000:00:04.0: BAR 0 [io  0xc080-0xc0bf]", "[   14.163548] pci 0000:00:04.0: BAR 1 [mem 0xfeb82000-0xfeb82fff]", "[   14.167549] pci 0000:00:04.0: BAR 4 [mem 0x380000008000-0x38000000bfff 64bit pref]", "[   14.173802] ACPI: PCI: Interrupt link LNKA configured for IRQ 10", "[   14.174792] ACPI: PCI: Interrupt link LNKB configured for IRQ 10", "[   14.175769] ACPI: PCI: Interrupt link LNKC configured for IRQ 11", "[   14.176804] ACPI: PCI: Interrupt link LNKD configured for IRQ 11", "[   14.177668] ACPI: PCI: Interrupt link LNKS configured for IRQ 9", "[   14.179281] iommu: Default domain type: Translated", "[   14.179547] iommu: DMA domain TLB invalidation policy: lazy mode", "[   14.180626] SCSI subsystem initialized", "[   14.181587] libata version 3.00 loaded.", "[   14.182585] ACPI: bus type USB registered", "[   14.183571] usbcore: registered new interface driver usbfs", "[   14.184558] usbcore: registered new interface driver hub", "[   14.185563] usbcore: registered new device driver usb", "[   14.186578] pps_core: LinuxPPS API ver. 1 registered", "[   14.187548] pps_core: Software ver. 5.3.6 - Copyright 2005-2007 Rodolfo Giometti <giometti@linux.it>", "[   14.188561] PTP clock support registered", "[   14.189593] Advanced Linux Sound Architecture Driver Initialized.", "[   14.190694] NetLabel: Initializing", "[   14.191546] NetLabel:  domain hash size = 128", "[   14.192546] NetLabel:  protocols = UNLABELED CIPSOv4 CALIPSO", "[   14.193569] NetLabel:  unlabeled traffic allowed by default", "[   14.194591] PCI: Using ACPI for IRQ routing", "[   14.195548] PCI: pci_cache_line_size set to 64 bytes", "[   14.197084] e820: reserve RAM buffer [mem 0x0009fc00-0x0009ffff]", "[   14.197548] e820: reserve RAM buffer [mem 0xbffdd000-0xbfffffff]", "[   14.198593] vgaarb: loaded", "[   14.199634] hpet0: at MMIO 0xfed00000, IRQs 2, 8, 0", "[   14.200546] hpet0: 3 comparators, 64-bit 100.000000 MHz counter", "[   14.219692] clocksource: Switched to clocksource kvm-clock", "[   14.222954] VFS: Disk quotas dquot_6.6.0", "[   14.225218] VFS: Dquot-cache hash table entries: 512 (order 0, 4096 bytes)", "[   14.229117] pnp: PnP ACPI init", "[   14.230954] pnp 00:02: [dma 2]", "[   14.233032] pnp: PnP ACPI: found 5 devices", "[   14.252241] clocksource: acpi_pm: mask: 0xffffff max_cycles: 0xffffff, max_idle_ns: 2085701024 ns", "[   14.257455] NET: Registered PF_INET protocol family", "[   14.260225] IP idents hash table entries: 131072 (order: 8, 1048576 bytes, linear)", "[   14.265856] tcp_listen_portaddr_hash hash table entries: 4096 (order: 4, 65536 bytes, linear)", "[   14.270586] Table-perturb hash table entries: 65536 (order: 6, 262144 bytes, linear)", "[   14.274810] TCP established hash table entries: 65536 (order: 7, 524288 bytes, linear)", "[   14.279195] TCP bind hash table entries: 65536 (order: 9, 2097152 bytes, linear)", "[   14.283619] TCP: Hash tables configured (established 65536 bind 65536)", "[   14.287224] UDP hash table entries: 4096 (order: 5, 131072 bytes, linear)", "[   14.290920] UDP-Lite hash table entries: 4096 (order: 5, 131072 bytes, linear)", "[   14.294920] NET: Registered PF_UNIX/PF_LOCAL protocol family", "[   14.298945] RPC: Registered named UNIX socket transport module.", "[   14.302324] RPC: Registered udp transport module.", "[   14.304980] RPC: Registered tcp transport module.", "[   14.307613] RPC: Registered tcp-with-tls transport module.", "[   14.310643] RPC: Registered tcp NFSv4.1 backchannel transport module.", "[   14.314958] pci_bus 0000:00: resource 4 [io  0x0000-0x0cf7 window]", "[   14.318516] pci_bus 0000:00: resource 5 [io  0x0d00-0xffff window]", "[   14.321959] pci_bus 0000:00: resource 6 [mem 0x000a0000-0x000bffff window]", "[   14.325713] pci_bus 0000:00: resource 7 [mem 0xc0000000-0xfebfffff window]", "[   14.329438] pci_bus 0000:00: resource 8 [mem 0x380000000000-0x38007fffffff window]", "[   14.333630] pci 0000:00:01.0: PIIX3: Enabling Passive Release", "[   14.336837] pci 0000:00:00.0: Limiting direct PCI/PCI transfers", "[   14.340448] PCI: CLS 0 bytes, default 64", "[   14.342724] PCI-DMA: Using software bounce buffering for IO (SWIOTLB)", "[   14.346268] software IO TLB: mapped [mem 0x00000000bbfdd000-0x00000000bffdd000] (64MB)", "[   14.352189] RAPL PMU: API unit is 2^-32 Joules, 0 fixed counters, 10737418240 ms ovfl timer", "[   14.356881] clocksource: tsc: mask: 0xffffffffffffffff max_cycles: 0x285d41d1c0f, max_idle_ns: 440795337668 ns", "[   14.368020] Initialise system trusted keyrings", "[   14.370910] workingset: timestamp_bits=56 max_order=21 bucket_order=0", "[   14.374975] NFS: Registering the id_resolver key type", "[   14.377834] Key type id_resolver registered", "[   14.380161] Key type id_legacy registered", "[   14.382628] 9p: Installing v9fs 9p2000 file system support", "[   14.398030] Key type asymmetric registered", "[   14.400384] Asymmetric key parser 'x509' registered", "[   14.403159] Block layer SCSI generic (bsg) driver version 0.4 loaded (major 251)", "[   14.407250] io scheduler mq-deadline registered", "[   14.409860] io scheduler kyber registered", "[   14.413828] input: Power Button as /devices/LNXSYSTM:00/LNXPWRBN:00/input/input0", "[   14.418085] ACPI: button: Power Button [PWRF]", "[   14.421839] ACPI: \\_SB_.LNKB: Enabled at IRQ 10", "[   14.429102] ACPI: \\_SB_.LNKC: Enabled at IRQ 11", "[   14.436193] ACPI: \\_SB_.LNKD: Enabled at IRQ 11", "[   14.442925] Serial: 8250/16550 driver, 4 ports, IRQ sharing enabled", "[   14.446872] 00:03: ttyS0 at I/O 0x3f8 (irq = 4, base_baud = 115200) is a 16550A", "[   14.489324] Non-volatile memory driver v1.3", "[   14.491801] Linux agpgart interface v0.103", "[   14.494290] ACPI: bus type drm_connector registered", "[   14.502374] loop: module loaded", "[   14.504703] virtio_blk virtio0: 8/0/0 default/read/poll queues", "[   14.515902] virtio_blk virtio0: [vda] 52428800 512-byte logical blocks (26.8 GB/25.0 GiB)", "[   14.526743]  vda: vda1 vda14 vda15 vda16", "[   14.530098] ata_piix 0000:00:01.1: version 2.13", "[   14.534738] scsi host0: ata_piix", "[   14.537549] scsi host1: ata_piix", "[   14.539654] ata1: PATA max MWDMA2 cmd 0x1f0 ctl 0x3f6 bmdma 0xc0e0 irq 14 lpm-pol 0", "[   14.544042] ata2: PATA max MWDMA2 cmd 0x170 ctl 0x376 bmdma 0xc0e8 irq 15 lpm-pol 0", "[   14.553550] e100: Intel(R) PRO/100 Network Driver", "[   14.556192] e100: Copyright(c) 1999-2006 Intel Corporation", "[   14.559273] e1000: Intel(R) PRO/1000 Network Driver", "[   14.562085] e1000: Copyright (c) 1999-2006 Intel Corporation.", "[   14.565377] e1000e: Intel(R) PRO/1000 Network Driver", "[   14.568178] e1000e: Copyright(c) 1999 - 2015 Intel Corporation.", "[   14.571472] sky2: driver version 1.30", "[   14.574002] usbcore: registered new interface driver usblp", "[   14.577163] usbcore: registered new interface driver usb-storage", "[   14.580565] i8042: PNP: PS/2 Controller [PNP0303:KBD,PNP0f13:MOU] at 0x60,0x64 irq 1,12", "[   14.588180] serio: i8042 KBD port at 0x60,0x64 irq 1", "[   14.591069] serio: i8042 AUX port at 0x60,0x64 irq 12", "[   14.594469] rtc_cmos 00:04: RTC can wake from S4", "[   14.599792] input: AT Translated Set 2 keyboard as /devices/platform/i8042/serio0/input/input1", "[   14.604685] rtc_cmos 00:04: registered as rtc0", "[   14.604911] rtc_cmos 00:04: alarms up to one day, y3k, 242 bytes nvram, hpet irqs", "[   14.612055] device-mapper: ioctl: 4.48.0-ioctl (2023-03-01) initialised: dm-devel@redhat.com", "[   14.617162] intel_pstate: CPU model not supported", "[   14.619955] hid: raw HID events driver (C) Jiri Kosina", "[   14.622942] usbcore: registered new interface driver usbhid", "[   14.626109] usbhid: USB HID core driver", "[   14.629213] Initializing XFRM netlink socket", "[   14.631767] NET: Registered PF_INET6 protocol family", "[   14.635259] Segment Routing with IPv6", "[   14.637377] In-situ OAM (IOAM) with IPv6", "[   14.639704] sit: IPv6, IPv4 and MPLS over IPv4 tunneling driver", "[   14.643169] NET: Registered PF_PACKET protocol family", "[   14.646100] 9pnet: Installing 9P2000 support", "[   14.648595] Key type dns_resolver registered", "[   14.654025] IPI shorthand broadcast: enabled", "[   14.658401] sched_clock: Marking stable (14611016437, 47324764)->(15172018007, -513676806)", "[   14.663878] registered taskstats version 1", "[   14.666213] Loading compiled-in X.509 certificates", "[   14.670522] PM:   Magic number: 9:713:129", "[   14.672826] nvmem cmos_nvram0: hash matches", "[   14.675181] event_source kprobe: hash matches", "[   14.677680] acpi device:04: hash matches", "[   14.679901] printk: legacy console [netcon0] enabled", "[   14.682714] netconsole: network logging started", "[   14.685383] cfg80211: Loading compiled-in X.509 certificates for regulatory database", "[   14.690007] kworker/u16:2 (85) used greatest stack depth: 13984 bytes left", "[   14.691578] Loaded X.509 cert 'sforshee: 00b28ddf47aef9cea7'", "[   14.697388] Loaded X.509 cert 'wens: 61c038651aabdcf94bd0ac7ff06c7248db18c600'", "[   14.701423] platform regulatory.0: Direct firmware load for regulatory.db failed with error -2", "[   14.702287] ALSA device list:", "[   14.706191] cfg80211: failed to load regulatory.db", "[   14.707941]   No soundcards found.", "[   15.243651] input: ImExPS/2 Generic Explorer Mouse as /devices/platform/i8042/serio1/input/input3", "[   15.247445] md: Waiting for all devices to be available before autodetect", "[   15.249839] md: If you don't use raid, use raid=noautodetect", "[   15.251839] md: Autodetecting RAID arrays.", "[   15.253313] md: autorun ...", "[   15.254399] md: ... autorun DONE.", "[   15.263659] EXT4-fs (vda1): mounted filesystem c8107c30-aa3b-40eb-bd2a-416a91df85e7 ro with ordered data mode. Quota mode: none.", "[   15.267760] VFS: Mounted root (ext4 filesystem) readonly on device 253:1.", "[   15.270859] devtmpfs: mounted", "[   15.272907] Freeing unused kernel image (initmem) memory: 1416K", "[   15.274988] Write protecting the kernel read-only data: 22528k", "[   15.278045] Freeing unused kernel image (rodata/data gap) memory: 744K", "[   15.290765] x86/mm: Checked W+X mappings: passed, no W+X pages found.", "[   15.293009] Run /sbin/init as init process", "[   15.294482]   with arguments:", "[   15.295597]     /sbin/init", "[   15.296607]     nospectre_bhb", "[   15.297722]   with environment:", "[   15.298888]     HOME=/", "[   15.299799]     TERM=linux", "[   15.300822]     spectre_v2=off", "[   15.301970]     spectre_v2_user=off", "[   15.303258]     pti=off", "SELinux:  Could not open policy file <= /etc/selinux/targeted/policy/policy.33:  No such file or directory", "[   15.547984] systemd[1]: systemd 255.4-1ubuntu8.6 running in system mode (+PAM +AUDIT +SELINUX +APPARMOR +IMA +SMACK +SECCOMP +GCRYPT -GNUTLS +OPENSSL +ACL +BLKID +CURL +ELFUTILS +FIDO2 +IDN2 -IDN +IPTC +KMOD +LIBCRYPTSETUP +LIBFDISK +PCRE2 -PWQUALITY +P11KIT +QRENCODE +TPM2 +BZIP2 +LZ4 +XZ +ZLIB +ZSTD -BPF_FRAMEWORK -XKBCOMMON +UTMP +SYSVINIT default-hierarchy=unified)", "[   15.558910] systemd[1]: Detected virtualization kvm.", "[   15.560755] systemd[1]: Detected architecture x86-64.", "", "Welcome to \u001b[1mUbuntu 24.04.2 LTS\u001b[0m!", "", "", "[   15.569838] systemd[1]: Hostname set to <ubuntu-testing>.", "[   15.593273] snapd-env-gener (93) used greatest stack depth: 13168 bytes left", "[   15.729236] cloud-init-gene (96) used greatest stack depth: 12968 bytes left", "[   15.886760] systemd[1]: Queued start job for default target graphical.target.", "[   15.898924] systemd[1]: Created slice system-modprobe.slice - Slice /system/modprobe.", "[\u001b[0;32m  OK  \u001b[0m] Created slice \u001b[0;1;39msystem-modprobe.slice\u001b[0m - Slice /system/modprobe.", "", "[   15.905701] systemd[1]: Created slice system-serial\\x2dgetty.slice - Slice /system/serial-getty.", "[\u001b[0;32m  OK  \u001b[0m] Created slice \u001b[0;1;39msystem-serial\\x2dget\u2026slice\u001b[0m - Slice /system/serial-getty.", "", "[   15.912914] systemd[1]: Created slice system-systemd\\x2dfsck.slice - Slice /system/systemd-fsck.", "[\u001b[0;32m  OK  \u001b[0m] Created slice \u001b[0;1;39msystem-systemd\\x2dfs\u2026slice\u001b[0m - Slice /system/systemd-fsck.", "", "[   15.919913] systemd[1]: Created slice user.slice - User and Session Slice.", "[\u001b[0;32m  OK  \u001b[0m] Created slice \u001b[0;1;39muser.slice\u001b[0m - User and Session Slice.", "", "[   15.925558] systemd[1]: Started systemd-ask-password-console.path - Dispatch Password Requests to Console Directory Watch.", "[\u001b[0;32m  OK  \u001b[0m] Started \u001b[0;1;39msystemd-ask-password-conso\u2026\u001b[0mequests to Console Directory Watch.", "", "[   15.933388] systemd[1]: Started systemd-ask-password-wall.path - Forward Password Requests to Wall Directory Watch.", "[\u001b[0;32m  OK  \u001b[0m] Started \u001b[0;1;39msystemd-ask-password-wall.\u2026\u001b[0md Requests to Wall Directory Watch.", "", "[   15.941071] systemd[1]: Set up automount proc-sys-fs-binfmt_misc.automount - Arbitrary Executable File Formats File System Automount Point.", "[\u001b[0;32m  OK  \u001b[0m] Set up automount \u001b[0;1;39mproc-sys-fs-binfm\u2026\u001b[0mormats File System Automount Point.", "", "[   15.949086] systemd[1]: Expecting device dev-disk-by\\x2dlabel-BOOT.device - /dev/disk/by-label/BOOT...", "Expecting device \u001b[0;1;39mdev-disk-by\\x2dla\u2026device\u001b[0m - /dev/disk/by-label/BOOT...", "", "[   15.956040] systemd[1]: Expecting device dev-disk-by\\x2dlabel-UEFI.device - /dev/disk/by-label/UEFI...", "Expecting device \u001b[0;1;39mdev-disk-by\\x2dla\u2026device\u001b[0m - /dev/disk/by-label/UEFI...", "", "[   15.962698] systemd[1]: Expecting device dev-ttyS0.device - /dev/ttyS0...", "Expecting device \u001b[0;1;39mdev-ttyS0.device\u001b[0m - /dev/ttyS0...", "", "[   15.967867] systemd[1]: Reached target cryptsetup.target - Local Encrypted Volumes.", "[\u001b[0;32m  OK  \u001b[0m] Reached target \u001b[0;1;39mcryptsetup.target\u001b[0m - Local Encrypted Volumes.", "", "[   15.973890] systemd[1]: Reached target integritysetup.target - Local Integrity Protected Volumes.", "[\u001b[0;32m  OK  \u001b[0m] Reached target \u001b[0;1;39mintegritysetup.targ\u2026\u001b[0m Local Integrity Protected Volumes.", "", "[   15.980798] systemd[1]: Reached target remote-fs.target - Remote File Systems.", "[\u001b[0;32m  OK  \u001b[0m] Reached target \u001b[0;1;39mremote-fs.target\u001b[0m - Remote File Systems.", "", "[   15.986566] systemd[1]: Reached target slices.target - Slice Units.", "[\u001b[0;32m  OK  \u001b[0m] Reached target \u001b[0;1;39mslices.target\u001b[0m - Slice Units.", "", "[   15.991720] systemd[1]: Reached target snapd.mounts-pre.target - Mounting snaps.", "[\u001b[0;32m  OK  \u001b[0m] Reached target \u001b[0;1;39msnapd.mounts-pre.target\u001b[0m - Mounting snaps.", "", "[   15.997836] systemd[1]: Reached target snapd.mounts.target - Mounted snaps.", "[\u001b[0;32m  OK  \u001b[0m] Reached target \u001b[0;1;39msnapd.mounts.target\u001b[0m - Mounted snaps.", "", "[   16.003547] systemd[1]: Reached target swap.target - Swaps.", "[\u001b[0;32m  OK  \u001b[0m] Reached target \u001b[0;1;39mswap.target\u001b[0m - Swaps.", "", "[   16.008154] systemd[1]: Reached target veritysetup.target - Local Verity Protected Volumes.", "[\u001b[0;32m  OK  \u001b[0m] Reached target \u001b[0;1;39mveritysetup.target\u001b[0m - Local Verity Protected Volumes.", "", "[   16.014843] systemd[1]: Listening on systemd-fsckd.socket - fsck to fsckd communication Socket.", "[\u001b[0;32m  OK  \u001b[0m] Listening on \u001b[0;1;39msystemd-fsckd.socket\u001b[0m \u2026fsck to fsckd communication Socket.", "", "[   16.021808] systemd[1]: Listening on systemd-initctl.socket - initctl Compatibility Named Pipe.", "[\u001b[0;32m  OK  \u001b[0m] Listening on \u001b[0;1;39msystemd-initctl.socke\u2026\u001b[0m- initctl Compatibility Named Pipe.", "", "[   16.028678] systemd[1]: Listening on systemd-journald-dev-log.socket - Journal Socket (/dev/log).", "[\u001b[0;32m  OK  \u001b[0m] Listening on \u001b[0;1;39msystemd-journald-dev-\u2026socket\u001b[0m - Journal Socket (/dev/log).", "", "[   16.035489] systemd[1]: Listening on systemd-journald.socket - Journal Socket.", "[\u001b[0;32m  OK  \u001b[0m] Listening on \u001b[0;1;39msystemd-journald.socket\u001b[0m - Journal Socket.", "", "[   16.041027] systemd[1]: Listening on systemd-networkd.socket - Network Service Netlink Socket.", "[\u001b[0;32m  OK  \u001b[0m] Listening on \u001b[0;1;39msystemd-networkd.socket\u001b[0m - Network Service Netlink Socket.", "", "[   16.047672] systemd[1]: systemd-pcrextend.socket - TPM2 PCR Extension (Varlink) was skipped because of an unmet condition check (ConditionSecurity=measured-uki).", "[   16.053253] systemd[1]: Listening on systemd-udevd-control.socket - udev Control Socket.", "[\u001b[0;32m  OK  \u001b[0m] Listening on \u001b[0;1;39msystemd-udevd-control.socket\u001b[0m - udev Control Socket.", "", "[   16.059564] systemd[1]: Listening on systemd-udevd-kernel.socket - udev Kernel Socket.", "[\u001b[0;32m  OK  \u001b[0m] Listening on \u001b[0;1;39msystemd-udevd-kernel.socket\u001b[0m - udev Kernel Socket.", "", "[   16.075485] systemd[1]: Mounting dev-hugepages.mount - Huge Pages File System...", "Mounting \u001b[0;1;39mdev-hugepages.mount\u001b[0m - Huge Pages File System...", "", "[   16.081683] systemd[1]: Mounting dev-mqueue.mount - POSIX Message Queue File System...", "Mounting \u001b[0;1;39mdev-mqueue.mount\u001b[0m - POSIX Message
[   16.086082] systemd[1]: Mounting sys-kernel-debug.mount - Kernel Debug File System...", "Queue File System...", "", "Mounting \u001b[0;1;39msys-kernel-debug.mount\u001b[0m - Kernel Debug File System...", "", "[   16.093211] systemd[1]: Mounting sys-kernel-tracing.mount - Kernel Trace File System...", "Mounting \u001b[0;1;39msys-kernel-tracing.mount\u001b[0m - Kernel Trace File System...", "", "[   16.099985] systemd[1]: systemd-journald.service: unit configures an IP firewall, but the local system does not support BPF/cgroup firewalling.", "[   16.104517] systemd[1]: systemd-journald.service: (This warning is only shown for the first unit using IP firewalling.)", "[   16.108972] systemd[1]: Starting systemd-journald.service - Journal Service...", "Starting \u001b[0;1;39msystemd-journald.service\u001b[0m - Journal Service...", "", "[   16.115136] systemd[1]: Starting keyboard-setup.service - Set the console keyboard layout...", "Starting \u001b[0;1;39mkeyboard-setup.service\u001b[0m - Set the console keyboard layout...", "", "[   16.122236] systemd[1]: kmod-static-nodes.service - Create List of Static Device Nodes was skipped because of an unmet condition check (ConditionFileNotEmpty=/lib/modules/6.8.0/modules.devname).", "[   16.130009] systemd[1]: Starting modprobe@configfs.service - Load Kernel Module configfs...", "Starting \u001b[0;1;39mmodprobe@configfs.service\u001b[0m - Load Kernel Module configfs...", "", "[   16.139321] systemd[1]: Starting modprobe@dm_mod.service - Load Kernel Module dm_mod...", "Starting \u001b[0;1;39mmodprobe@dm_mod.service\u001b[0m - Load Kernel Module dm_mod...", "", "[   16.147571] systemd[1]: Starting modprobe@drm.service - Load Kernel Module drm...", "Starting \u001b[0;1;39mmodprobe@drm.service\u001b[0m - Load Kernel Module drm...", "", "[   16.162669] systemd[1]: Starting modprobe@efi_pstore.service - Load Kernel Module efi_pstore...", "Starting \u001b[0;1;39mmodprobe@efi_pstore.servi\u2026\u001b[0m - Load Kernel Module efi_pstore...", "", "[   16.172265] systemd[1]: Starting modprobe@fuse.service - Load Kernel Module fuse...", "Starting \u001b[0;1;39mmodprobe@fuse.service\u001b[0m - Load Kernel Module fuse...", "", "[   16.179724] systemd[1]: Starting modprobe@loop.service - Load Kernel Module loop...", "Starting \u001b[0;1;39mmodprobe@loop.service\u001b[0m - Load Kernel Module loop...", "", "[   16.185846] systemd[1]: netplan-ovs-cleanup.service - OpenVSwitch configuration for cleanup was skipped because of an unmet condition check (ConditionFileIsExecutable=/usr/bin/ovs-vsctl).", "[   16.189615] systemd-journald[132]: Collecting audit messages is disabled.", "[   16.194207] systemd[1]: Starting systemd-fsck-root.service - File System Check on Root Device...", "Starting \u001b[0;1;39msystemd-fsck-root.service\u001b[0m\u2026File System Check on Root Device...", "", "[   16.207693] systemd[1]: Starting systemd-modules-load.service - Load Kernel Modules...", "Starting \u001b[0;1;39msystemd-modules-load.[   16.212108] systemd[1]: systemd-pcrmachine.service - TPM2 PCR Machine ID Measurement was skipped because of an unmet condition check (ConditionSecurity=measured-uki).", "service\u001b[0m - Load Kernel Modules...", "", "[   16.219825] systemd[1]: Starting systemd-tmpfiles-setup-dev-early.service - Create Static Device Nodes in /dev gracefully...", "Starting \u001b[0;1;39msystemd-tmpfiles-setu[   16.227081] systemd[1]: systemd-tpm2-setup-early.service - TPM2 SRK Setup (Early) was skipped because of an unmet condition check (ConditionSecurity=measured-uki).", "p-de\u2026\u001b[0m Device Nodes in /dev gracefully...", "", "[   16.237803] systemd[1]: Starting systemd-udev-trigger.service - Coldplug All udev Devices...", "Starting \u001b[0;1;39msystemd-udev-trigger.service\u001b[0m - Co[   16.243105] systemd[1]: Started systemd-journald.service - Journal Service.", "ldplug All udev Devices...", "", "[\u001b[0;32m  OK  \u001b[0m] Started \u001b[0;1;39msystemd-journald.service\u001b[0m - Journal Service.", "", "[\u001b[0;32m  OK  \u001b[0m] Mounted \u001b[0;1;39mdev-hugepages.mount\u001b[0m - Huge Pages File System.", "", "[\u001b[0;32m  OK  \u001b[0m] Mounted \u001b[0;1;39mdev-mqueue.mount\u001b[0m - POSIX Message Queue File System.", "", "[\u001b[0;32m  OK  \u001b[0m] Mounted \u001b[0;1;39msys-kernel-debug.mount\u001b[0m - Kernel Debug File System.", "", "[\u001b[0;32m  OK  \u001b[0m] Mounted \u001b[0;1;39msys-kernel-tracing.mount\u001b[0m - Kernel Trace File System.", "", "[\u001b[0;32m  OK  \u001b[0m] Finished \u001b[0;1;39mkeyboard-setup.service\u001b[0m - Set the console keyboard layout.", "", "[\u001b[0;32m  OK  \u001b[0m] Finished \u001b[0;1;39mmodprobe@configfs.service\u001b[0m - Load Kernel Module configfs.", "", "[\u001b[0;32m  OK  \u001b[0m] Finished \u001b[0;1;39mmodprobe@dm_mod.service\u001b[0m - Load Kernel Module dm_mod.", "", "[\u001b[0;32m  OK  \u001b[0m] Finished \u001b[0;1;39mmodprobe@drm.service\u001b[0m - Load Kernel Module drm.", "", "[\u001b[0;32m  OK  \u001b[0m] Finished \u001b[0;1;39mmodprobe@efi_pstore.service\u001b[0m - Load Kernel Module efi_pstore.", "", "[\u001b[0;32m  OK  \u001b[0m] Finished \u001b[0;1;39mmodprobe@fuse.service\u001b[0m - Load Kernel Module fuse.", "", "[\u001b[0;32m  OK  \u001b[0m] Finished \u001b[0;1;39mmodprobe@loop.service\u001b[0m - Load Kernel Module loop.", "", "[\u001b[0;32m  OK  \u001b[0m] Finished \u001b[0;1;39msystemd-fsck-root.service\u001b[0m - File System Check on Root Device.", "", "[\u001b[0;32m  OK  \u001b[0m] Finished \u001b[0;1;39msystemd-modules-load.service\u001b[0m - Load Kernel Modules.", "", "[\u001b[0;32m  OK  \u001b[0m] Finished \u001b[0;1;39msystemd-tmpfiles-setup-de\u2026\u001b[0mic Device Nodes in /dev gracefully.", "", "[\u001b[0;32m  OK  \u001b[0m] Started \u001b[0;1;39msystemd-fsckd.service\u001b[0m - Fi\u2026stem Check Daemon to report status.", "", "Starting \u001b[0;1;39msystemd-remount-fs.servic\u2026\u001b[0munt Root and Kernel File Systems...", "", "Starting \u001b[0;1;39msystemd-sysctl.service\u001b[0m - Apply Kernel Variables...", "", "[\u001b[0;32m  OK  \u001b[0m] Finished \u001b[0;1;39msystemd-udev-trigger.service\u001b[0m - Coldplug All udev Devices.", "", "[\u001b[0;32m  OK  \u001b[0m] Finished \u001b[0;1;39msystemd-sysctl.service\u001b[0m - Apply Kernel Variables.", "", "[   16.380901] EXT4-fs (vda1): re-mounted c8107c30-aa3b-40eb-bd2a-416a91df85e7 r/w. Quota mode: none.", "[\u001b[0;32m  OK  \u001b[0m] Finished \u001b[0;1;39msystemd-remount-fs.servic\u2026\u001b[0mmount Root and Kernel File Systems.", "", "Starting \u001b[0;1;39msystemd-journal-flush.ser\u2026\u001b[0msh Journal to Persistent Storage...", "", "Starting \u001b[0;1;39msystemd-random-seed.service\u001b[0m - Load/Save OS Random[   16.409284] systemd-journald[132]: Received client request to flush runtime journal.", "Seed...", "", "Starting \u001b[0;1;39msystemd-sysusers.service\u001b[0m - Create System Users...", "", "[\u001b[0;32m  OK  \u001b[0m] Finished \u001b[0;1;39msystemd-random-seed.service\u001b[0m - Load/Save OS Random Seed.", "", "[\u001b[0;32m  OK  \u001b[0m] Finished \u001b[0;1;39msystemd-sysusers.service\u001b[[   16.437432] systemd-journald[132]: /var/log/journal/26d7b7c94826499bb6e00a5f602ee679/system.journal: Journal file uses a different sequence number ID, rotating.", "0m - Create Syst[   16.443041] systemd-journald[132]: Rotating system journal.", "em Users.", "", "Starting \u001b[0;1;39msystemd-tmpfiles-setup-de\u2026\u001b[0meate Static Device Nodes in /dev...", "", "[\u001b[0;32m  OK  \u001b[0m] Finished \u001b[0;1;39msystemd-tmpfiles-setup-de\u2026\u001b[0mCreate Static Device Nodes in /dev.", "", "[\u001b[0;32m  OK  \u001b[0m] Reached target \u001b[0;1;39mlocal-fs-pre.target\u001b[0m\u2026Preparation for Local File Systems.", "", "Starting \u001b[0;1;39msystemd-udevd.service\u001b[0m - R\u2026ager for Device Events and Files...", "", "[\u001b[0;32m  OK  \u001b[0m] Finished \u001b[0;1;39msystemd-journal-flush.ser\u2026\u001b[0mlush Journal to Persistent Storage.", "", "[\u001b[0;32m  OK  \u001b[0m] Started \u001b[0;1;39msystemd-udevd.service\u001b[0m - Ru\u2026anager for Device Events and Files.", "", "Starting \u001b[0;1;39msystemd-networkd.service\u001b[0m - Network Configuration...", "", "[\u001b[0;32m  OK  \u001b[0m] Found device \u001b[0;1;39mdev-ttyS0.device\u001b[0m - /dev/ttyS0.", "", "[   16.645077] virtio_net virtio1 ens3: renamed from eth0", "[\u001b[0;32m  OK  \u001b[0m] Listening on \u001b[0;1;39msystemd-rfkill.socket\u001b[0m\u2026ll Switch Status /dev/rfkill Watch.", "", "[\u001b[0;32m  OK  \u001b[0m] Found device \u001b[0;1;39mdev-disk-by\\x2dlabel-\u2026T.device\u001b[0m - /dev/disk/by-label/BOOT.", "", "[\u001b[0;32m  OK  \u001b[0m] Found device \u001b[0;1;39mdev-disk-by\\x2dlabel-\u2026I.device\u001b[0m - /dev/disk/by-label/UEFI.", "", "Starting \u001b[0;1;39msystemd-fsck@dev-disk-by\\\u2026\u001b[0mCheck on /dev/disk/by-label/BOOT...", "", "[\u001b[0;32m  OK  \u001b[0m] Started \u001b[0;1;39msystemd-networkd.service\u001b[0m - Network Configuration.", "", "[\u001b[0;32m  OK  \u001b[0m] Finished \u001b[0;1;39msystemd-fsck@dev-disk-by\\\u2026\u001b[0mm Check on /dev/disk/by-label/BOOT.", "", "Mounting \u001b[0;1;39mboot.mount\u001b[0m - /boot...", "", "[   16.771737] EXT4-fs (vda16): mounted filesystem 7164fb69-891e-447e-91ac-9486a0886759 r/w with ordered data mode. Quota mode: none.", "[\u001b[0;32m  OK  \u001b[0m] Mounted \u001b[0;1;39mboot.mount\u001b[0m - /boot.", "", "Mounting \u001b[0;1;39mboot-efi.mount\u001b[0m - /boot/efi...", "", "[   16.788996] FAT-fs (vda15): Volume was not properly unmounted. Some data may be corrupt. Please run fsck.", "[\u001b[0;32m  OK  \u001b[0m] Mounted \u001b[0;1;39mboot-efi.mount\u001b[0m - /boot/efi.", "", "[\u001b[0;32m  OK  \u001b[0m] Reached target \u001b[0;1;39mlocal-fs.target\u001b[0m - Local File Systems.", "", "[\u001b[0;32m  OK  \u001b[0m] Listening on \u001b[0;1;39msystemd-sysext.socket\u001b[0m\u2026tension Image Management (Varlink).", "", "Starting \u001b[0;1;39mconsole-setup.service\u001b[0m - Set console font and keymap...", "", "Starting \u001b[0;1;39mldconfig.service\u001b[0m - Rebuild Dynamic Linker Cache...", "", "Starting \u001b[0;1;39msystemd-binfmt.service\u001b[0m - Set Up Additional Binary Formats...", "", "Starting \u001b[0;1;39msystemd-tmpfiles-setup.se\u2026\u001b[0me Volatile Files and Directories...", "", "[\u001b[0;32m  OK  \u001b[0m] Finished \u001b[0;1;39mconsole-setup.service\u001b[0m - Set console font and keymap.", "", "Mounting \u001b[0;1;39mproc-sys-fs-binfmt_misc.m\u2026\u001b[0mcutable File Formats File System...", "", "[\u001b[0;32m  OK  \u001b[0m] Mounted \u001b[0;1;39mproc-sys-fs-binfmt_misc.mo\u2026\u001b[0mxecutable File Formats File System.", "", "[\u001b[0;32m  OK  \u001b[0m] Finished \u001b[0;1;39msystemd-binfmt.service\u001b[0m - Set Up Additional Binary Formats.", "", "[   16.868908] systemd-tmpfile (257) used greatest stack depth: 12872 bytes left", "[\u001b[0;32m  OK  \u001b[0m] Finished \u001b[0;1;39msystemd-tmpfiles-setup.se\u2026\u001b[0mate Volatile Files and Directories.", "", "Starting \u001b[0;1;39msystemd-journal-catalog-u\u2026ervice\u001b[0m - Rebuild Journal Catalog...", "", "Starting \u001b[0;1;39msystemd-resolved.service\u001b[0m - Network Name Resolution...", "", "Starting \u001b[0;1;39msystemd-timesyncd.service\u001b[0m - Network Time Synchronization...", "", "Starting \u001b[0;1;39msystemd-update-utmp.servi\u2026\u001b[0mord System Boot/Shutdown in UTMP...", "", "[\u001b[0;32m  OK  \u001b[0m] Finished \u001b[0;1;39mldconfig.service\u001b[0m - Rebuild Dynamic Linker Cache.", "", "[\u001b[0;32m  OK  \u001b[0m] Finished \u001b[0;1;39msystemd-update-utmp.servi\u2026\u001b[0mecord System Boot/Shutdown in UTMP.", "", "[\u001b[0;32m  OK  \u001b[0m] Finished \u001b[0;1;39msystemd-journal-catalog-u\u2026.service\u001b[0m - Rebuild Journal Catalog.", "", "Starting \u001b[0;1;39msystemd-update-done.service\u001b[0m - Update is Completed...", "", "[\u001b[0;32m  OK  \u001b[0m] Finished \u001b[0;1;39msystemd-update-done.service\u001b[0m - Update is Completed.", "", "[\u001b[0;32m  OK  \u001b[0m] Started \u001b[0;1;39msystemd-timesyncd.service\u001b[0m - Network Time Synchronization.", "", "[\u001b[0;32m  OK  \u001b[0m] Reached target \u001b[0;1;39mtime-set.target\u001b[0m - System Time Set.", "", "[\u001b[0;32m  OK  \u001b[0m] Started \u001b[0;1;39msystemd-resolved.service\u001b[0m - Network Name Resolution.", "", "[\u001b[0;32m  OK  \u001b[0m] Reached target \u001b[0;1;39mnetwork.target\u001b[0m - Network.", "", "[\u001b[0;32m  OK  \u001b[0m] Reached target \u001b[0;1;39mnss-lookup.target\u001b[0m - Host and Network Name Lookups.", "", "[\u001b[0;32m  OK  \u001b[0m] Reached target \u001b[0;1;39msysinit.target\u001b[0m - System Initialization.", "", "[\u001b[0;32m  OK  \u001b[0m] Started \u001b[0;1;39mapt-daily.timer\u001b[0m - Daily apt download activities.", "", "[\u001b[0;32m  OK  \u001b[0m] Started \u001b[0;1;39mapt-daily-upgrade.timer\u001b[0m - \u2026y apt upgrade and clean activities.", "", "[\u001b[0;32m  OK  \u001b[0m] Started \u001b[0;1;39mdpkg-db-backup.timer\u001b[0m - Daily dpkg database backup timer.", "", "[\u001b[0;32m  OK  \u001b[0m] Started \u001b[0;1;39me2scrub_all.timer\u001b[0m - Period\u2026Metadata Check for All Filesystems.", "", "[\u001b[0;32m  OK  \u001b[0m] Started \u001b[0;1;39mfstrim.timer\u001b[0m - Discard unused filesystem blocks once a week.", "", "[\u001b[0;32m  OK  \u001b[0m] Started \u001b[0;1;39mmotd-news.timer\u001b[0m - Message of the Day.", "", "[\u001b[0;32m  OK  \u001b[0m] Started \u001b[0;1;39mphpsessionclean.timer\u001b[0m - Clean PHP session files every 30 mins.", "", "[\u001b[0;32m  OK  \u001b[0m] Started \u001b[0;1;39msystemd-tmpfiles-clean.tim\u2026\u001b[0my Cleanup of Temporary Directories.", "", "[\u001b[0;32m  OK  \u001b[0m] Reached target \u001b[0;1;39mpaths.target\u001b[0m - Path Units.", "", "[\u001b[0;32m  OK  \u001b[0m] Reached target \u001b[0;1;39mtimers.target\u001b[0m - Timer Units.", "", "[\u001b[0;32m  OK  \u001b[0m] Listening on \u001b[0;1;39mdbus.socket\u001b[0m - D-Bus System Message Bus Socket.", "", "Starting \u001b[0;1;39mlxd-installer.socket\u001b[0m - He\u2026er to install lxd snap on demand...", "", "Starting \u001b[0;1;39msnapd.socket\u001b[0m - Socket activation for snappy daemon...", "", "[\u001b[0;32m  OK  \u001b[0m] Listening on \u001b[0;1;39mssh.socket\u001b[0m - OpenBSD Secure Shell server socket.", "", "[\u001b[0;32m  OK  \u001b[0m] Listening on \u001b[0;1;39mlxd-installer.socket\u001b[0m \u2026lper to install lxd snap on demand.", "", "[\u001b[0;32m  OK  \u001b[0m] Listening on \u001b[0;1;39msnapd.socket\u001b[0m - Socket activation for snappy daemon.", "", "[\u001b[0;32m  OK  \u001b[0m] Reached target \u001b[0;1;39msockets.target\u001b[0m - Socket Units.", "", "[\u001b[0;32m  OK  \u001b[0m] Reached target \u001b[0;1;39mbasic.target\u001b[0m - Basic System.", "", "Starting \u001b[0;1;39mapport.service\u001b[0m - automatic crash report generation...", "", "Starting \u001b[0;1;39mdbus.service\u001b[0m - D-Bus System Message Bus...", "", "Starting \u001b[0;1;39me2scrub_reap.service\u001b[0m - Re\u2026ne ext4 Metadata Check Snapshots...", "", "Starting \u001b[0;1;39mgrub-common.service\u001b[0m - Record successful boot for GRUB...", "", "Starting \u001b[0;1;39mphpsessionclean.service\u001b[0m - Clean php session files...", "", "[\u001b[0;32m  OK  \u001b[0m] Reached target \u001b[0;1;39mgetty-pre.target\u001b[0m - Preparation for Logins.", "", "Starting \u001b[0;1;39msnapd.seeded.service\u001b[0m - Wait until snapd is fully seeded...", "", "Starting \u001b[0;1;39msnapd.service\u001b[0m - Snap Daemon...", "", "Starting \u001b[0;1;39msystemd-logind.service\u001b[0m - User Login Management...", "", "Starting \u001b[0;1;39msystemd-user-sessions.service\u001b[0m - Permit User Sessions...", "", "[\u001b[0;32m  OK  \u001b[0m] Finished \u001b[0;1;39me2scrub_reap.service\u001b[0m - Re\u2026line ext4 Metadata Check Snapshots.", "", "[\u001b[0;32m  OK  \u001b[0m] Started \u001b[0;1;39mdbus.service\u001b[0m - D-Bus System Message Bus.", "", "[\u001b[0;32m  OK  \u001b[0m] Finished \u001b[0;1;39msystemd-user-sessions.service\u001b[0m - Permit User Sessions.", "", "[\u001b[0;32m  OK  \u001b[0m] Started \u001b[0;1;39mserial-getty@ttyS0.service\u001b[0m - Serial Getty on ttyS0.", "", "Starting \u001b[0;1;39msetvtrgb.service\u001b[0m - Set console scheme...", "", "[\u001b[0;32m  OK  \u001b[0m] Finished \u001b[0;1;39msetvtrgb.service\u001b[0m - Set console scheme.", "", "[\u001b[0;32m  OK  \u001b[0m] Started \u001b[0;1;39msystemd-logind.service\u001b[0m - User Login Management.", "", "[\u001b[0;32m  OK  \u001b[0m] Created slice \u001b[0;1;39msystem-getty.slice\u001b[0m - Slice /system/getty.", "", "[\u001b[0;32m  OK  \u001b[0m] Started \u001b[0;1;39mgetty@tty1.service\u001b[0m - Getty on tty1.", "", "[\u001b[0;32m  OK  \u001b[0m] Reached target \u001b[0;1;39mgetty.target\u001b[0m - Login Prompts.", "", "[\u001b[0;32m  OK  \u001b[0m] Started \u001b[0;1;39munattended-upgrades.service\u001b[0m - Unattended Upgrades Shutdown.", "", "[\u001b[0;32m  OK  \u001b[0m] Finished \u001b[0;1;39mgrub-common.service\u001b[0m - Record successful boot for GRUB.", "", "Starting \u001b[0;1;39mgrub-initrd-fallback.service\u001b[0m - GRUB failed boot detection...", "", "[\u001b[0;32m  OK  \u001b[0m] Finished \u001b[0;1;39mgrub-initrd-fallback.service\u001b[0m - GRUB failed boot detection.", "", "[\u001b[0;32m  OK  \u001b[0m] Finished \u001b[0;1;39mphpsessionclean.service\u001b[0m - Clean php session files.", "", "[   17.643848] loop0: detected capacity change from 0 to 8", "[\u001b[0;32m  OK  \u001b[0m] Started \u001b[0;1;39msnapd.service\u001b[0m - Snap Daemon.", "", "[\u001b[0;32m  OK  \u001b[0m] Finished \u001b[0;1;39mapport.service\u001b[0m - automatic crash report generation.", "", "Starting \u001b[0;1;39msystemd-timedated.service\u001b[0m - Time & Date Service...", "", "[\u001b[0;32m  OK  \u001b[0m] Started \u001b[0;1;39msystemd-timedated.service\u001b[0m - Time & Date Service.", "", "[\u001b[0;32m  OK  \u001b[0m] Finished \u001b[0;1;39msnapd.seeded.service\u001b[0m - Wait until snapd is fully seeded.", "", "[\u001b[0;32m  OK  \u001b[0m] Reached target \u001b[0;1;39mmulti-user.target\u001b[0m - Multi-User System.", "", "[\u001b[0;32m  OK  \u001b[0m] Reached target \u001b[0;1;39mgraphical.target\u001b[0m - Graphical Interface.", "", "Starting \u001b[0;1;39msystemd-update-utmp-runle\u2026\u001b[0m- Record Runlevel Change in UTMP...", "", "[\u001b[0;32m  OK  \u001b[0m] Finished \u001b[0;1;39msystemd-update-utmp-runle\u2026e\u001b[0m - Record Runlevel Change in UTMP.", "", "", "", "Ubuntu 24.04.2 LTS ubuntu-testing ttyS0", "", "ubuntu-testing login: root (automatic login)", "", "", "Welcome to Ubuntu 24.04.2 LTS (GNU/Linux 6.8.0 x86_64)", "", "* Documentation:  https://help.ubuntu.com", "* Management:     https://landscape.canonical.com", "* Support:        https://ubuntu.com/pro", "", "This system has been minimized by removing packages and content that are", "not required on a system that users do not log into.", "", "To restore this content, you can run the 'unminimize' command.", "[   18.167083] MICROWAVE FRAMEWORK TESTER", "[   18.170684] [TAG: RUNNING INKSCAPE-BENCH]", "[   18.172216] Starting inkscape-bench...", "[   20.961213] (udev-worker) (218) used greatest stack depth: 12696 bytes left", "[  206.348625] Latest saved result: 2025-05-16-2226", "[  206.538332]", "[  206.619148] 2025-05-16-2226", "[  206.619148] KVM QEMU testing on Ubuntu 24.04 via the Phoronix Test Suite.", "[  206.619148]", "[  206.619148]", "[  206.619148] 2025-05-16 22:26:", "[  206.619148]", "[  206.619148] \tProcessor: QEMU Virtual 2.5+ (4 Cores), Motherboard: QEMU Ubuntu 25.04 PC (i440FX + PIIX 1996) (1.16.3-debian-1.16.3-2 BIOS), Chipset: Intel 440FX 82441FX PMC, Memory: 1 x 8 GB RAM QEMU, Disk: 24GB, Network: Red Hat Virtio device", "[  206.619148]", "[  206.619148] \tOS: Ubuntu 24.04, Kernel: 6.8.0-59-generic (x86_64), Compiler: GCC 13.3.0, File-System: ext4, System Layer: KVM QEMU", "[  206.619148]", "[  206.637006]", "[  208.914241] [TAG: INKSCAPE-BENCH COMPLETE]", "[  208.915779] MICROWAVE FRAMEWORK TESTER", "\u001b[?2004hroot@ubuntu-testing:~# \u001b[?2004l", "Stoppin[\u001b[0;32m  OK  \u001b[0m] Removed slice \u001b[0;1;39msystem-modprobe.slice\u001b[0m - Slice /system/modprobe.", "", "[\u001b[0;32m  OK  \u001b[0m] Stopped target \u001b[0;1;39mgraphical.target\u001b[0m - Graphical Interface.", "", "[\u001b[0;32m  OK  \u001b[0m] Stopped target \u001b[0;1;39mmulti-user.target\u001b[0m - Multi-User System.", "", "[\u001b[0;32m  OK  \u001b[0m] Stopped target \u001b[0;1;39mgetty.target\u001b[0m - Login Prompts.", "", "[\u001b[0;32m  OK  \u001b[0m] Stopped target \u001b[0;1;39mnss-lookup.target\u001b[0m - Host and Network Name Lookups.", "", "[\u001b[0;32m  OK  \u001b[0m] Stopped target \u001b[0;1;39mtimers.target\u001b[0m - Timer Units.", "", "[\u001b[0;32m  OK  \u001b[0m] Stopped \u001b[0;1;39mapt-daily-upgrade.timer\u001b[0m - \u2026y apt upgrade and clean activities.", "", "[\u001b[0;32m  OK  \u001b[0m] Stopped \u001b[0;1;39mapt-daily.timer\u001b[0m - Daily apt download activities.", "", "[\u001b[0;32m  OK  \u001b[0m] Stopped \u001b[0;1;39mdpkg-db-backup.timer\u001b[0m - Daily dpkg database backup timer.", "", "[\u001b[0;32m  OK  \u001b[0m] Stopped \u001b[0;1;39me2scrub_all.timer\u001b[0m - Period\u2026Metadata Check for All Filesystems.", "", "[\u001b[0;32m  OK  \u001b[0m] Stopped \u001b[0;1;39mfstrim.timer\u001b[0m - Discard unused filesystem blocks once a week.", "", "[\u001b[0;32m  OK  \u001b[0m] Stopped \u001b[0;1;39mmotd-news.timer\u001b[0m - Message of the Day.", "", "[\u001b[0;32m  OK  \u001b[0m] Stopped \u001b[0;1;39mphpsessionclean.timer\u001b[0m - Clean PHP session files every 30 mins.", "", "[\u001b[0;32m  OK  \u001b[0m] Stopped \u001b[0;1;39msystemd-tmpfiles-clean.tim\u2026\u001b[0my Cleanup of Temporary Directories.", "", "[\u001b[0;32m  OK  \u001b[0m] Stopped target \u001b[0;1;39mtime-set.target\u001b[0m - System Time Set.", "", "[\u001b[0;32m  OK  \u001b[0m] Closed \u001b[0;1;39msystemd-rfkill.socket\u001b[0m - Loa\u2026ll Switch Status /dev/rfkill Watch.", "", "Stopping \u001b[0;1;39mapport.service\u001b[0m - automatic crash report generation...", "", "Stopping \u001b[0;1;39mgetty@tty1.service\u001b[0m - Getty on tty1...", "", "Stopping \u001b[0;1;39mserial-getty@ttyS0.service\u001b[0m - Serial Getty on ttyS0...", "", "[\u001b[0;32m  OK  \u001b[0m] Stopped \u001b[0;1;39msnapd.seeded.service\u001b[0m - Wait until snapd is fully seeded.", "", "Stopping \u001b[0;1;39msystemd-random-seed.service\u001b[0m - Load/Save OS Random Seed...", "", "[\u001b[0;32m  OK  \u001b[0m] Stopped \u001b[0;1;39mserial-getty@ttyS0.service\u001b[0m - Serial Getty on ttyS0.", "", "[\u001b[0;32m  OK  \u001b[0m] Stopped \u001b[0;1;39mgetty@tty1.service\u001b[0m - Getty on tty1.", "", "[\u001b[0;32m  OK  \u001b[0m] Stopped \u001b[0;1;39msession-1.scope\u001b[0m - Session 1 of User root.", "", "[\u001b[0;32m  OK  \u001b[0m] Removed slice \u001b[0;1;39msystem-getty.slice\u001b[0m - Slice /system/getty.", "", "[\u001b[0;32m  OK  \u001b[0m] Removed slice \u001b[0;1;39msystem-serial\\x2dget\u2026slice\u001b[0m - Slice /system/serial-getty.", "", "[\u001b[0;32m  OK  \u001b[0m] Stopped target \u001b[0;1;39mgetty-pre.target\u001b[0m - Preparation for Logins.", "", "Stopping \u001b[0;1;39msystemd-logind.service\u001b[0m - User Login Management...", "", "Stopping \u001b[0;1;39msystemd-user-sessions.service\u001b[0m - Permit User Sessions...", "", "Stopping \u001b[0;1;39muser@0.service\u001b[0m - User Manager for UID 0...", "", "[\u001b[0;32m  OK  \u001b[0m] Stopped \u001b[0;1;39msystemd-random-seed.service\u001b[0m - Load/Save OS Random Seed.", "", "[\u001b[0;32m  OK  \u001b[0m] Stopped \u001b[0;1;39msystemd-user-sessions.service\u001b[0m - Permit User Sessions.", "", "[\u001b[0;32m  OK  \u001b[0m] Stopped target \u001b[0;1;39mnetwork.target\u001b[0m - Network.", "", "Stopping \u001b[0;1;39msystemd-networkd.service\u001b[0m - Network Configuration...", "", "[\u001b[0;32m  OK  \u001b[0m] Stopped \u001b[0;1;39msystemd-networkd.service\u001b[0m - Network Configuration.", "", "[\u001b[0;32m  OK  \u001b[0m] Stopped \u001b[0;1;39msystemd-logind.service\u001b[0m - User Login Management.", "", "[\u001b[0;32m  OK  \u001b[0m] Stopped \u001b[0;1;39muser@0.service\u001b[0m - User Manager for UID 0.", "", "Stopping \u001b[0;1;39muser-runtime-dir@0.servic\u2026\u001b[0mer Runtime Directory /run/user/0...", "", "[\u001b[0;32m  OK  \u001b[0m] Unmounted \u001b[0;1;39mrun-user-0.mount\u001b[0m - /run/user/0.", "", "[\u001b[0;32m  OK  \u001b[0m] Stopped \u001b[0;1;39muser-runtime-dir@0.service\u001b[0m\u2026User Runtime Directory /run/user/0.", "", "[\u001b[0;32m  OK  \u001b[0m] Removed slice \u001b[0;1;39muser-0.slice\u001b[0m - User Slice of UID 0.", "", "[\u001b[0;32m  OK  \u001b[0m] Stopped \u001b[0;1;39mapport.service\u001b[0m - automatic crash report generation.", "", "[\u001b[0;32m  OK  \u001b[0m] Stopped target \u001b[0;1;39mbasic.target\u001b[0m - Basic System.", "", "[\u001b[0;32m  OK  \u001b[0m] Stopped target \u001b[0;1;39mpaths.target\u001b[0m - Path Units.", "", "[\u001b[0;32m  OK  \u001b[0m] Stopped target \u001b[0;1;39mremote-fs.target\u001b[0m - Remote File Systems.", "", "[\u001b[0;32m  OK  \u001b[0m] Stopped target \u001b[0;1;39mslices.target\u001b[0m - Slice Units.", "", "[\u001b[0;32m  OK  \u001b[0m] Removed slice \u001b[0;1;39muser.slice\u001b[0m - User and Session Slice.", "", "[\u001b[0;32m  OK  \u001b[0m] Stopped target \u001b[0;1;39msockets.target\u001b[0m - Socket Units.", "", "[\u001b[0;32m  OK  \u001b[0m] Closed \u001b[0;1;39mlxd-installer.socket\u001b[0m - Helper to install lxd snap on demand.", "", "[\u001b[0;32m  OK  \u001b[0m] Closed \u001b[0;1;39msnapd.socket\u001b[0m - Socket activation for snappy daemon.", "", "[\u001b[0;32m  OK  \u001b[0m] Closed \u001b[0;1;39mssh.socket\u001b[0m - OpenBSD Secure Shell server socket.", "", "[\u001b[0;32m  OK  \u001b[0m] Stopped target \u001b[0;1;39msysinit.target\u001b[0m - System Initialization.", "", "[\u001b[0;32m  OK  \u001b[0m] Stopped target \u001b[0;1;39mcryptsetup.target\u001b[0m - Local Encrypted Volumes.", "", "[\u001b[0;32m  OK  \u001b[0m] Stopped \u001b[0;1;39msystemd-ask-password-conso\u2026\u001b[0mequests to Console Directory Watch.", "", "[\u001b[0;32m  OK  \u001b[0m] Stopped \u001b[0;1;39msystemd-ask-password-wall.\u2026\u001b[0md Requests to Wall Directory Watch.", "", "[\u001b[0;32m  OK  \u001b[0m] Stopped target \u001b[0;1;39mintegritysetup.targ\u2026\u001b[0m Local Integrity Protected Volumes.", "", "[\u001b[0;32m  OK  \u001b[0m] Stopped target \u001b[0;1;39mswap.target\u001b[0m - Swaps.", "", "[\u001b[0;32m  OK  \u001b[0m] Stopped target \u001b[0;1;39mveritysetup.target\u001b[0m - Local Verity Protected Volumes.", "", "[\u001b[0;32m  OK  \u001b[0m] Closed \u001b[0;1;39msystemd-networkd.socket\u001b[0m - Network Service Netlink Socket.", "", "Stopping \u001b[0;1;39msystemd-binfmt.service\u001b[0m - Set Up Additional Binary Formats...", "", "Stopping \u001b[0;1;39msystemd-resolved.service\u001b[0m - Network Name Resolution...", "", "Stopping \u001b[0;1;39msystemd-timesyncd.service\u001b[0m - Network Time Synchronization...", "", "[\u001b[0;32m  OK  \u001b[0m] Stopped \u001b[0;1;39msystemd-update-done.service\u001b[0m - Update is Completed.", "", "[\u001b[0;32m  OK  \u001b[0m] Stopped \u001b[0;1;39mldconfig.service\u001b[0m - Rebuild Dynamic Linker Cache.", "", "[\u001b[0;32m  OK  \u001b[0m] Stopped \u001b[0;1;39msystemd-journal-catalog-up\u2026.service\u001b[0m - Rebuild Journal Catalog.", "", "Stopping \u001b[0;1;39msystemd-update-utmp.servi\u2026\u001b[0mord System Boot/Shutdown in UTMP...", "", "[\u001b[0;32m  OK  \u001b[0m] Stopped \u001b[0;1;39msystemd-resolved.service\u001b[0m - Network Name Resolution.", "", "[\u001b[0;32m  OK  \u001b[0m] Stopped \u001b[0;1;39msystemd-timesyncd.service\u001b[0m - Network Time Synchronization.", "", "[\u001b[0;32m  OK  \u001b[0m] Stopped \u001b[0;1;39msystemd-binfmt.service\u001b[0m - Set Up Additional Binary Formats.", "", "[\u001b[0;32m  OK  \u001b[0m] Unset automount \u001b[0;1;39mproc-sys-fs-binfmt\u2026\u001b[0mormats File System Automount Point.", "", "[\u001b[0;32m  OK  \u001b[0m] Stopped \u001b[0;1;39msystemd-sysctl.service\u001b[0m - Apply Kernel Variables.", "", "[\u001b[0;32m  OK  \u001b[0m] Stopped \u001b[0;1;39msystemd-modules-load.service\u001b[0m - Load Kernel Modules.", "", "[\u001b[0;32m  OK  \u001b[0m] Stopped \u001b[0;1;39msystemd-update-utmp.servic\u2026\u001b[0mecord System Boot/Shutdown in UTMP.", "", "[\u001b[0;32m  OK  \u001b[0m] Stopped \u001b[0;1;39msystemd-tmpfiles-setup.ser\u2026\u001b[0mate Volatile Files and Directories.", "", "[\u001b[0;32m  OK  \u001b[0m] Stopped target \u001b[0;1;39mlocal-fs.target\u001b[0m - Local File Systems.", "", "[\u001b[0;32m  OK  \u001b[0m] Stopped target \u001b[0;1;39msnapd.mounts.target\u001b[0m - Mounted snaps.", "", "[\u001b[0;32m  OK  \u001b[0m] Stopped target \u001b[0;1;39msnapd.mounts-pre.target\u001b[0m - Mounting snaps.", "", "Unmounting \u001b[0;1;39mboot-efi.mount\u001b[0m - /boot/efi...", "", "[\u001b[0;32m  OK  \u001b[0m] Unmounted \u001b[0;1;39mboot-efi.mount\u001b[0m - /boot/efi.", "", "Unmounting \u001b[0;1;39mboot.mount\u001b[0m - /boot...", "", "[  209.451840] EXT4-fs (vda16): unmounting filesystem 7164fb69-891e-447e-91ac-9486a0886759.", "[\u001b[0;32m  OK  \u001b[0m] Unmounted \u001b[0;1;39mboot.mount\u001b[0m - /boot.", "", "[\u001b[0;32m  OK  \u001b[0m] Reached target \u001b[0;1;39mumount.target\u001b[0m - Unmount All Filesystems.", "", "[\u001b[0;32m  OK  \u001b[0m] Stopped \u001b[0;1;39msystemd-fsck@dev-disk-by\\x\u2026\u001b[0mm Check on /dev/disk/by-label/BOOT.", "", "[\u001b[0;32m  OK  \u001b[0m] Removed slice \u001b[0;1;39msystem-systemd\\x2dfs\u2026slice\u001b[0m - Slice /system/systemd-fsck.", "", "[\u001b[0;32m  OK  \u001b[0m] Stopped target \u001b[0;1;39mlocal-fs-pre.target\u001b[0m\u2026Preparation for Local File Systems.", "", "[\u001b[0;32m  OK  \u001b[0m] Stopped \u001b[0;1;39msystemd-tmpfiles-setup-dev\u2026\u001b[0mCreate Static Device Nodes in /dev.", "", "[\u001b[0;32m  OK  \u001b[0m] Stopped \u001b[0;1;39msystemd-sysusers.service\u001b[0m - Create System Users.", "", "[\u001b[0;32m  OK  \u001b[0m] Stopped \u001b[0;1;39msystemd-remount-fs.service\u001b[0m\u2026mount Root and Kernel File Systems.", "", "[\u001b[0;32m  OK  \u001b[0m] Stopped \u001b[0;1;39msystemd-fsck-root.service\u001b[0m - File System Check on Root Device.", "", "[\u001b[0;32m  OK  \u001b[0m] Stopped \u001b[0;1;39msystemd-tmpfiles-setup-dev\u2026\u001b[0mic Device Nodes in /dev gracefully.", "", "[\u001b[0;32m  OK  \u001b[0m] Reached target \u001b[0;1;39mshutdown.target\u001b[0m - System Shutdown.", "", "[\u001b[0;32m  OK  \u001b[0m] Reached target \u001b[0;1;39mfinal.target\u001b[0m - Late Shutdown Services.", "", "[\u001b[0;32m  OK  \u001b[0m] Finished \u001b[0;1;39msystemd-poweroff.service\u001b[0m - System Power Off.", "", "[\u001b[0;32m  OK  \u001b[0m] Reached target \u001b[0;1;39mpoweroff.target\u001b[0m - System Power Off.", "", "[  209.545026] systemd-shutdown[1]: Syncing filesystems and block devices.", "[  209.557805] systemd-shutdown[1]: Sending SIGTERM to remaining processes...", "[  209.562859] systemd-journald[132]: Received SIGTERM from PID 1 (systemd-shutdow).", "[  209.573614] systemd-shutdown[1]: Sending SIGKILL to remaining processes...", "[  209.579389] systemd-shutdown[1]: Unmounting file systems.", "[  209.582340] (sd-remount)[7191]: Remounting '/' read-only with options 'discard,errors=remount-ro,commit=30'.", "[  209.598346] EXT4-fs (vda1): re-mounted c8107c30-aa3b-40eb-bd2a-416a91df85e7 ro. Quota mode: none.", "[  209.605808] systemd-shutdown[1]: All filesystems unmounted.", "[  209.607815] systemd-shutdown[1]: Deactivating swaps.", "[  209.609621] systemd-shutdown[1]: All swaps deactivated.", "[  209.611449] systemd-shutdown[1]: Detaching loop devices.", "[  209.614415] systemd-shutdown[1]: All loop devices detached.", "[  209.616434] systemd-shutdown[1]: Stopping MD devices.", "[  209.618336] systemd-shutdown[1]: All MD devices stopped.", "[  209.620263] systemd-shutdown[1]: Detaching DM devices.", "[  209.622162] systemd-shutdown[1]: All DM devices detached.", "[  209.624091] systemd-shutdown[1]: All filesystems, swaps, loop devices, MD devices and DM devices detached.", "[  209.627870] systemd-shutdown[1]: Syncing filesystems and block devices.", "[  209.630174] systemd-shutdown[1]: Powering off.", "[  209.633601] ACPI: PM: Preparing to enter system sleep state S5", "[  209.635838] reboot: Power down", "Aux log file:", "", "", "Phoronix Test Suite v10.8.4", "System Information", "", "", "PROCESSOR:              Intel Xeon", "Core Count:           8", "Extensions:           SSE 4.2", "+ AVX512_VNNI", "+ AVX512CD", "+ AVX2", "+ AVX", "+ RDRAND", "+ FSGSBASE", "Cache Size:           16 MB", "Microcode:            0xffffffff", "Core Family:          Cascade Lake", "", "GRAPHICS:", "", "MOTHERBOARD:            QEMU Ubuntu 25.04 PC", "BIOS Version:         1.16.3-debian-1.16.3-2", "Chipset:              Intel 440FX 82441FX PMC", "Network:              Red Hat Virtio device", "", "MEMORY:                 1 x 8 GB RAM QEMU", "", "DISK:                   24GB", "File-System:          ext4", "Mount Options:        commit=30 discard errors=remount-ro relatime rw", "Disk Details:         Block Size: 4096", "", "OPERATING SYSTEM:       Ubuntu 24.04", "Kernel:               6.8.0 (x86_64)", "Compiler:             GCC 13.3.0", "System Layer:         KVM", "Security:             gather_data_sampling: Not affected", "+ itlb_multihit: Not affected", "+ l1tf: Not affected", "+ mds: Not affected", "+ meltdown: Not affected", "+ mmio_stale_data: Vulnerable: Clear buffers attempted no microcode; SMT Host state unknown", "+ retbleed: Vulnerable", "+ spec_rstack_overflow: Not affected", "+ spec_store_bypass: Mitigation of SSB disabled via prctl", "+ spectre_v1: Vulnerable: __user pointer sanitization and usercopy barriers only; no swapgs barriers", "+ spectre_v2: Vulnerable IBPB: disabled STIBP: disabled PBRSB-eIBRS: Vulnerable", "+ srbds: Not affected", "+ tsx_async_abort: Vulnerable: Clear buffers attempted no microcode; SMT Host state unknown", "", "", "[8192] strlen(): Passing null to parameter #1 ($string) of type string is deprecated in pts_test_run_manager:594", "", "Inkscape:", "system/inkscape-1.0.1 [Operation: SVG Files To PNG]", "Test 1 of 1", "Estimated Trial Run Count:    3", "Estimated Time To Completion: 2 Minutes [13:10 UTC]", "Started Run 1 @ 13:08:26", "Started Run 2 @ 13:09:04", "Started Run 3 @ 13:09:40", "Started Run 4 @ 13:10:17 *", "Started Run 5 @ 13:10:53 *", "", "Operation: SVG Files To PNG:", "34.194", "32.395", "32.488", "32.375", "32.403", "", "Average: 32.771 Seconds", "Deviation: 2.43%", "Samples: 5", "", "", "[TAG: AUX INKSCAPE-BENCH RESULTS]", "", "2025-05-16-2226", "KVM QEMU testing on Ubuntu 24.04 via the Phoronix Test Suite.", "", "", "2025-05-16 22:26:", "", "Processor: QEMU Virtual 2.5+ (4 Cores), Motherboard: QEMU Ubuntu 25.04 PC (i440FX + PIIX 1996) (1.16.3-debian-1.16.3-2 BIOS), Chipset: Intel 440FX 82441FX PMC, Memory: 1 x 8 GB RAM QEMU, Disk: 24GB, Network: Red Hat Virtio device", "", "OS: Ubuntu 24.04, Kernel: 6.8.0-59-generic (x86_64), Compiler: GCC 13.3.0, File-System: ext4, System Layer: KVM QEMU", "", "", "[TAG: AUX INKSCAPE-BENCH RESULTS END]"], "metadata": {"test_marker": "MICROWAVE FRAMEWORK TESTER"}}