{"lines": ["IMAGE_PATH: /home/denzelgfarmer/KernelSecurityBenchmarks/Microwave/.working/test_lmbench_init_on_free_alloc-linux.img", "KERNEL_PATH: /home/denzelgfarmer/KernelSecurityBenchmarks/Microwave/.working/temp/linux/install/boot/vmlinuz-6.8.0", "LOG_PATH: /home/denzelgfarmer/KernelSecurityBenchmarks/Microwave/microwave2/runners/aux_logfile.txt", "KERNEL_ARGS: console=ttyS0,115200 earlyprintk=serial,ttyS0,115200 ignore_loglevel root=/dev/vda1 nospectre_bhb nospectre_v1 spectre_v2=off spectre_v2_user=off retbleed=off pti=off spec_rstack_overflow=off", "+ '[' -z /home/denzelgfarmer/KernelSecurityBenchmarks/Microwave/.working/test_lmbench_init_on_free_alloc-linux.img ']'", "+ '[' -z /home/denzelgfarmer/KernelSecurityBenchmarks/Microwave/.working/temp/linux/install/boot/vmlinuz-6.8.0 ']'", "+ CORESET=2,3,4,5", "+ echo 'Booting image /home/denzelgfarmer/KernelSecurityBenchmarks/Microwave/.working/test_lmbench_init_on_free_alloc-linux.img (with kernel at /home/denzelgfarmer/KernelSecurityBenchmarks/Microwave/.working/temp/linux/install/boot/vmlinuz-6.8.0)...'", "Booting image /home/denzelgfarmer/KernelSecurityBenchmarks/Microwave/.working/test_lmbench_init_on_free_alloc-linux.img (with kernel at /home/denzelgfarmer/KernelSecurityBenchmarks/Microwave/.working/temp/linux/install/boot/vmlinuz-6.8.0)...", "+ taskset -c 2,3,4,5 qemu-system-x86_64 -enable-kvm -nodefaults -nographic -m 8192 -mem-prealloc -cpu host -smp 8,sockets=1,cores=8,threads=1 -kernel /home/denzelgfarmer/KernelSecurityBenchmarks/Microwave/.working/temp/linux/install/boot/vmlinuz-6.8.0 -append 'console=ttyS0,115200 earlyprintk=serial,ttyS0,115200 ignore_loglevel root=/dev/vda1 nospectre_bhb nospectre_v1 spectre_v2=off spectre_v2_user=off retbleed=off pti=off spec_rstack_overflow=off' -device virtio-blk-pci,drive=hd0 -blockdev driver=file,node-name=hd_file,filename=/home/denzelgfarmer/KernelSecurityBenchmarks/Microwave/.working/test_lmbench_init_on_free_alloc-linux.img -blockdev driver=qcow2,node-name=hd0,file=hd_file -device virtio-net-pci,netdev=net1 -netdev user,id=net1,hostfwd=tcp::2223-:22 -serial stdio -s -chardev file,id=log0,path=/home/denzelgfarmer/KernelSecurityBenchmarks/Microwave/microwave2/runners/aux_logfile.txt -device virtio-serial-pci,id=virtio-serial0 -device virtserialport,chardev=log0,name=host-port,bus=virtio-serial0.0", "\u001bc\u001b[?7l\u001b[2J\u001b[0mSeaBIOS (version 1.16.3-debian-1.16.3-2)", "", "", "iPXE (https://ipxe.org) 00:03.0 C000 PCI2.10 PnP PMM+BEFCACB0+BEF0ACB0 C000", "Press Ctrl-B to configure iPXE (PCI 00:03.0)...", "", "", "", "Booting from ROM..\u001bc\u001b[?7l\u001b[2JNo EFI environment detected.", "early console in extract_kernel", "input_data: 0x000000000295e2b9", "input_len: 0x0000000000b09667", "output: 0x0000000001000000", "output_len: 0x0000000002423224", "kernel_total_size: 0x0000000002230000", "needed_size: 0x0000000002600000", "trampoline_32bit: 0x0000000000000000", "Physical KASLR using RDRAND RDTSC...", "Virtual KASLR using RDRAND RDTSC...", "", "Decompressing Linux... Parsing ELF... Performing relocations... done.", "Booting the kernel (entry_offset: 0x0000000000000000).", "[    0.000000] Linux version 6.8.0 (denzelgfarmer@microwave-lmbench) (gcc (Ubuntu 14.2.0-19ubuntu2) 14.2.0, GNU ld (GNU Binutils for Ubuntu) 2.44) #1 SMP PREEMPT_DYNAMIC Wed May 14 09:19:35 UTC 2025", "[    0.000000] Command line: console=ttyS0,115200 earlyprintk=serial,ttyS0,115200 ignore_loglevel root=/dev/vda1 nospectre_bhb nospectre_v1 spectre_v2=off spectre_v2_user=off retbleed=off pti=off spec_rstack_overflow=off", "[    0.000000] BIOS-provided physical RAM map:", "[    0.000000] BIOS-e820: [mem 0x0000000000000000-0x000000000009fbff] usable", "[    0.000000] BIOS-e820: [mem 0x000000000009fc00-0x000000000009ffff] reserved", "[    0.000000] BIOS-e820: [mem 0x00000000000f0000-0x00000000000fffff] reserved", "[    0.000000] BIOS-e820: [mem 0x0000000000100000-0x00000000bffdcfff] usable", "[    0.000000] BIOS-e820: [mem 0x00000000bffdd000-0x00000000bfffffff] reserved", "[    0.000000] BIOS-e820: [mem 0x00000000feffc000-0x00000000feffffff] reserved", "[    0.000000] BIOS-e820: [mem 0x00000000fffc0000-0x00000000ffffffff] reserved", "[    0.000000] BIOS-e820: [mem 0x0000000100000000-0x000000023fffffff] usable", "[    0.000000] printk: legacy bootconsole [earlyser0] enabled", "[    0.000000] printk: debug: ignoring loglevel setting.", "[    0.000000] NX (Execute Disable) protection: active", "[    0.000000] APIC: Static calls initialized", "[    0.000000] SMBIOS 2.8 present.", "[    0.000000] DMI: QEMU Ubuntu 25.04 PC (i440FX + PIIX, 1996), BIOS 1.16.3-debian-1.16.3-2 04/01/2014", "[    0.000000] Hypervisor detected: KVM", "[    0.000000] kvm-clock: Using msrs 4b564d01 and 4b564d00", "[    0.000002] kvm-clock: using sched offset of 2313840557 cycles", "[    0.003494] clocksource: kvm-clock: mask: 0xffffffffffffffff max_cycles: 0x1cd42e4dffb, max_idle_ns: 881590591483 ns", "[    0.014400] tsc: Detected 2800.246 MHz processor", "[    0.018237] e820: update [mem 0x00000000-0x00000fff] usable ==> reserved", "[    0.022720] e820: remove [mem 0x000a0000-0x000fffff] usable", "[    0.026440] last_pfn = 0x240000 max_arch_pfn = 0x400000000", "[    0.030503] MTRR map: 4 entries (3 fixed + 1 variable; max 19), built from 8 variable MTRRs", "[    0.036114] x86/PAT: Configuration [0-7]: WB  WC  UC- UC  WB  WP  UC- WT", "Memory KASLR using RDRAND RDTSC...", "[    0.043237] last_pfn = 0xbffdd max_arch_pfn = 0x400000000", "[    0.052725] found SMP MP-table at [mem 0x000f5470-0x000f547f]", "[    0.056608] Using GB pages for direct mapping", "[    0.059585] ACPI: Early table checksum verification disabled", "[    0.063355] ACPI: RSDP 0x00000000000F5270 000014 (v00 BOCHS )", "[    0.067258] ACPI: RSDT 0x00000000BFFE2565 000034 (v01 BOCHS  BXPC     00000001 BXPC 00000001)", "[    0.073044] ACPI: FACP 0x00000000BFFE23E1 000074 (v01 BOCHS  BXPC     00000001 BXPC 00000001)", "[    0.078858] ACPI: DSDT 0x00000000BFFE0040 0023A1 (v01 BOCHS  BXPC     00000001 BXPC 00000001)", "[    0.084807] ACPI: FACS 0x00000000BFFE0000 000040", "[    0.087984] ACPI: APIC 0x00000000BFFE2455 0000B0 (v03 BOCHS  BXPC     00000001 BXPC 00000001)", "[    0.093743] ACPI: HPET 0x00000000BFFE2505 000038 (v01 BOCHS  BXPC     00000001 BXPC 00000001)", "[    0.099469] ACPI: WAET 0x00000000BFFE253D 000028 (v01 BOCHS  BXPC     00000001 BXPC 00000001)", "[    0.105265] ACPI: Reserving FACP table memory at [mem 0xbffe23e1-0xbffe2454]", "[    0.109995] ACPI: Reserving DSDT table memory at [mem 0xbffe0040-0xbffe23e0]", "[    0.114783] ACPI: Reserving FACS table memory at [mem 0xbffe0000-0xbffe003f]", "[    0.119549] ACPI: Reserving APIC table memory at [mem 0xbffe2455-0xbffe2504]", "[    0.124295] ACPI: Reserving HPET table memory at [mem 0xbffe2505-0xbffe253c]", "[    0.129082] ACPI: Reserving WAET table memory at [mem 0xbffe253d-0xbffe2564]", "[    0.135580] No NUMA configuration found", "[    0.138170] Faking a node at [mem 0x0000000000000000-0x000000023fffffff]", "[    0.142648] NODE_DATA(0) allocated [mem 0x23fffc000-0x23fffffff]", "[    0.147094] Zone ranges:", "[    0.148857]   DMA      [mem 0x0000000000001000-0x0000000000ffffff]", "[    0.153089]   DMA32    [mem 0x0000000001000000-0x00000000ffffffff]", "[    0.157287]   Normal   [mem 0x0000000100000000-0x000000023fffffff]", "[    0.161409] Movable zone start for each node", "[    0.164266] Early memory node ranges", "[    0.166662]   node   0: [mem 0x0000000000001000-0x000000000009efff]", "[    0.170853]   node   0: [mem 0x0000000000100000-0x00000000bffdcfff]", "[    0.175092]   node   0: [mem 0x0000000100000000-0x000000023fffffff]", "[    0.179342] Initmem setup node 0 [mem 0x0000000000001000-0x000000023fffffff]", "[    0.184106] On node 0, zone DMA: 1 pages in unavailable ranges", "[    0.188050] On node 0, zone DMA: 97 pages in unavailable ranges", "[    0.621243] On node 0, zone Normal: 35 pages in unavailable ranges", "[    0.628004] ACPI: PM-Timer IO Port: 0x608", "[    0.630660] ACPI: LAPIC_NMI (acpi_id[0xff] dfl dfl lint[0x1])", "[    0.634675] IOAPIC[0]: apic_id 0, version 17, address 0xfec00000, GSI 0-23", "[    0.639283] ACPI: INT_SRC_OVR (bus 0 bus_irq 0 global_irq 2 dfl dfl)", "[    0.643482] ACPI: INT_SRC_OVR (bus 0 bus_irq 5 global_irq 5 high level)", "[    0.647892] ACPI: INT_SRC_OVR (bus 0 bus_irq 9 global_irq 9 high level)", "[    0.652272] ACPI: INT_SRC_OVR (bus 0 bus_irq 10 global_irq 10 high level)", "[    0.656758] ACPI: INT_SRC_OVR (bus 0 bus_irq 11 global_irq 11 high level)", "[    0.661262] ACPI: Using ACPI (MADT) for SMP configuration information", "[    0.665564] ACPI: HPET id: 0x8086a201 base: 0xfed00000", "[    0.668997] TSC deadline timer available", "[    0.671588] smpboot: Allowing 8 CPUs, 0 hotplug CPUs", "[    0.674930] kvm-guest: APIC: eoi() replaced with kvm_guest_apic_eoi_write()", "[    0.679605] kvm-guest: KVM setup pv remote TLB flush", "[    0.682938] kvm-guest: setup PV sched yield", "[    0.685717] PM: hibernation: Registered nosave memory: [mem 0x00000000-0x00000fff]", "[    0.690802] PM: hibernation: Registered nosave memory: [mem 0x0009f000-0x0009ffff]", "[    0.695830] PM: hibernation: Registered nosave memory: [mem 0x000a0000-0x000effff]", "[    0.700857] PM: hibernation: Registered nosave memory: [mem 0x000f0000-0x000fffff]", "[    0.705896] PM: hibernation: Registered nosave memory: [mem 0xbffdd000-0xbfffffff]", "[    0.710951] PM: hibernation: Registered nosave memory: [mem 0xc0000000-0xfeffbfff]", "[    0.716006] PM: hibernation: Registered nosave memory: [mem 0xfeffc000-0xfeffffff]", "[    0.721061] PM: hibernation: Registered nosave memory: [mem 0xff000000-0xfffbffff]", "[    0.726115] PM: hibernation: Registered nosave memory: [mem 0xfffc0000-0xffffffff]", "[    0.731133] [mem 0xc0000000-0xfeffbfff] available for PCI devices", "[    0.735191] Booting paravirtualized kernel on KVM", "[    0.738358] clocksource: refined-jiffies: mask: 0xffffffff max_cycles: 0xffffffff, max_idle_ns: 1910969940391419 ns", "[    0.750744] setup_percpu: NR_CPUS:64 nr_cpumask_bits:8 nr_cpu_ids:8 nr_node_ids:1", "[    0.764208] percpu: Embedded 55 pages/cpu s184552 r8192 d32536 u262144", "[    0.768580] pcpu-alloc: s184552 r8192 d32536 u262144 alloc=1*2097152", "[    0.772798] pcpu-alloc: [0] 0 1 2 3 4 5 6 7", "[    0.775755] Kernel command line: console=ttyS0,115200 earlyprintk=serial,ttyS0,115200 ignore_loglevel root=/dev/vda1 nospectre_bhb nospectre_v1 spectre_v2=off spectre_v2_user=off retbleed=off pti=off spec_rstack_overflow=off", "[    0.789111] Unknown kernel command line parameters \"nospectre_bhb spectre_v2=off spectre_v2_user=off pti=off\", will be passed to user space.", "[    0.797590] random: crng init done", "[    0.824480] Dentry cache hash table entries: 1048576 (order: 11, 8388608 bytes, linear)", "[    0.838333] Inode-cache hash table entries: 524288 (order: 10, 4194304 bytes, linear)", "[    0.844055] Fallback order for Node 0: 0", "[    0.844062] Built 1 zonelists, mobility grouping on.  Total pages: 2064093", "[    0.850153] Policy zone: Normal", "[    0.851929] mem auto-init: stack:all(zero), heap alloc:on, heap free:on", "[    0.855640] mem auto-init: clearing system memory may take some time...", "[    0.859368] software IO TLB: area num 8.", "[   13.293706] Memory: 8140748K/8388076K available (16384K kernel code, 2735K rwdata, 5400K rodata, 1416K init, 2664K bss, 247068K reserved, 0K cma-reserved)", "[   13.301664] SLUB: HWalign=64, Order=0-3, MinObjects=0, CPUs=8, Nodes=1", "Poking KASLR using RDRAND RDTSC...", "[   13.308353] Dynamic Preempt: voluntary", "[   13.310557] rcu: Preemptible hierarchical RCU implementation.", "[   13.313844] rcu: \tRCU event tracing is enabled.", "[   13.316392] rcu: \tRCU restricting CPUs from NR_CPUS=64 to nr_cpu_ids=8.", "[   13.320163] \tTrampoline variant of Tasks RCU enabled.", "[   13.323036] rcu: RCU calculated value of scheduler-enlistment delay is 100 jiffies.", "[   13.327388] rcu: Adjusting geometry for rcu_fanout_leaf=16, nr_cpu_ids=8", "[   13.332669] NR_IRQS: 4352, nr_irqs: 488, preallocated irqs: 16", "[   13.336372] rcu: srcu_init: Setting srcu_struct sizes based on contention.", "[   13.340675] Console: colour *CGA 80x25", "[   13.342964] printk: legacy console [ttyS0] enabled", "[   13.342964] printk: legacy console [ttyS0] enabled", "[   13.348440] printk: legacy bootconsole [earlyser0] disabled", "[   13.348440] printk: legacy bootconsole [earlyser0] disabled", "[   13.354846] ACPI: Core revision 20230628", "[   13.357681] clocksource: hpet: mask: 0xffffffff max_cycles: 0xffffffff, max_idle_ns: 19112604467 ns", "[   13.363462] APIC: Switch to symmetric I/O mode setup", "[   13.366525] kvm-guest: APIC: send_IPI_mask() replaced with kvm_send_ipi_mask()", "[   13.370834] kvm-guest: APIC: send_IPI_mask_allbutself() replaced with kvm_send_ipi_mask_allbutself()", "[   13.376170] kvm-guest: setup PV IPIs", "[   13.385021] ..TIMER: vector=0x30 apic1=0 pin1=2 apic2=-1 pin2=-1", "[   13.388725] clocksource: tsc-early: mask: 0xffffffffffffffff max_cycles: 0x285d298e329, max_idle_ns: 440795345114 ns", "[   13.395059] Calibrating delay loop (skipped) preset value.. 5600.49 BogoMIPS (lpj=2800246)", "[   13.398097] x86/cpu: User Mode Instruction Prevention (UMIP) activated", "[   13.399736] Last level iTLB entries: 4KB 0, 2MB 0, 4MB 0", "[   13.401056] Last level dTLB entries: 4KB 0, 2MB 0, 4MB 0, 1GB 0", "[   13.402086] Spectre V1 : Vulnerable: __user pointer sanitization and usercopy barriers only; no swapgs barriers", "[   13.403058] Spectre V2 : off selected on command line.", "[   13.404056] Spectre V2 : User space: Vulnerable", "[   13.405057] Speculative Store Bypass: Mitigation: Speculative Store Bypass disabled via prctl", "[   13.406087] TAA: Vulnerable: Clear CPU buffers attempted, no microcode", "[   13.407056] MMIO Stale Data: Vulnerable: Clear CPU buffers attempted, no microcode", "[   13.408213] x86/fpu: Supporting XSAVE feature 0x001: 'x87 floating point registers'", "[   13.409056] x86/fpu: Supporting XSAVE feature 0x002: 'SSE registers'", "[   13.410056] x86/fpu: Supporting XSAVE feature 0x004: 'AVX registers'", "[   13.411055] x86/fpu: Supporting XSAVE feature 0x020: 'AVX-512 opmask'", "[   13.412055] x86/fpu: Supporting XSAVE feature 0x040: 'AVX-512 Hi256'", "[   13.413055] x86/fpu: Supporting XSAVE feature 0x080: 'AVX-512 ZMM_Hi256'", "[   13.415055] x86/fpu: xstate_offset[2]:  576, xstate_sizes[2]:  256", "[   13.416055] x86/fpu: xstate_offset[5]:  832, xstate_sizes[5]:   64", "[   13.417056] x86/fpu: xstate_offset[6]:  896, xstate_sizes[6]:  512", "[   13.418056] x86/fpu: xstate_offset[7]: 1408, xstate_sizes[7]: 1024", "[   13.419056] x86/fpu: Enabled xstate features 0xe7, context size is 2432 bytes, using 'compacted' format.", "[   13.424333] Freeing SMP alternatives memory: 48K", "[   13.425057] pid_max: default: 32768 minimum: 301", "[   13.426083] LSM: initializing lsm=capability,selinux,integrity", "[   13.427059] SELinux:  Initializing.", "[   13.428086] Mount-cache hash table entries: 16384 (order: 5, 131072 bytes, linear)", "[   13.429056] Mountpoint-cache hash table entries: 16384 (order: 5, 131072 bytes, linear)", "[   13.430526] smpboot: CPU0: Intel(R) Xeon(R) CPU @ 2.80GHz (family: 0x6, model: 0x55, stepping: 0x7)", "[   13.431193] RCU Tasks: Setting shift to 3 and lim to 1 rcu_task_cb_adjust=1.", "[   13.432098] Performance Events: unsupported p6 CPU model 85 no PMU driver, software events only.", "[   13.433230] signal: max sigframe size: 3632", "[   13.434131] rcu: Hierarchical SRCU implementation.", "[   13.435066] rcu: \tMax phase no-delay instances is 400.", "[   13.436243] smp: Bringing up secondary CPUs ...", "[   13.437261] smpboot: x86: Booting SMP configuration:", "[   13.438067] .... node  #0, CPUs:      #1 #2 #3 #4 #5 #6 #7", "[   13.464497] smp: Brought up 1 node, 8 CPUs", "[   13.466072] smpboot: Max logical packages: 1", "[   13.467068] smpboot: Total of 8 processors activated (44803.93 BogoMIPS)", "[   13.478124] devtmpfs: initialized", "[   13.479448] clocksource: jiffies: mask: 0xffffffff max_cycles: 0xffffffff, max_idle_ns: 1911260446275000 ns", "[   13.480070] futex hash table entries: 2048 (order: 5, 131072 bytes, linear)", "[   13.481520] PM: RTC time: 07:58:03, date: 2025-05-17", "[   13.482727] NET: Registered PF_NETLINK/PF_ROUTE protocol family", "[   13.483197] audit: initializing netlink subsys (disabled)", "[   13.484144] audit: type=2000 audit(1747468683.822:1): state=initialized audit_enabled=0 res=1", "[   13.484154] thermal_sys: Registered thermal governor 'step_wise'", "[   13.485067] thermal_sys: Registered thermal governor 'user_space'", "[   13.486095] cpuidle: using governor menu", "[   13.489019] PCI: Using configuration type 1 for base access", "[   13.489205] kprobes: kprobe jump-optimization is enabled. All kprobes are optimized if possible.", "[   13.491165] HugeTLB: registered 2.00 MiB page size, pre-allocated 0 pages", "[   13.492067] HugeTLB: 28 KiB vmemmap can be freed for a 2.00 MiB page", "[   13.493182] ACPI: Added _OSI(Module Device)", "[   13.494067] ACPI: Added _OSI(Processor Device)", "[   13.495065] ACPI: Added _OSI(3.0 _SCP Extensions)", "[   13.496066] ACPI: Added _OSI(Processor Aggregator Device)", "[   13.497616] ACPI: 1 ACPI AML tables successfully acquired and loaded", "[   13.503103] ACPI: _OSC evaluation for CPUs failed, trying _PDC", "[   13.504159] ACPI: Interpreter enabled", "[   13.505079] ACPI: PM: (supports S0 S3 S4 S5)", "[   13.506065] ACPI: Using IOAPIC for interrupt routing", "[   13.507091] PCI: Using host bridge windows from ACPI; if necessary, use \"pci=nocrs\" and report a bug", "[   13.508068] PCI: Using E820 reservations for host bridge windows", "[   13.509213] ACPI: Enabled 2 GPEs in block 00 to 0F", "[   13.512835] ACPI: PCI Root Bridge [PCI0] (domain 0000 [bus 00-ff])", "[   13.513071] acpi PNP0A03:00: _OSC: OS supports [ASPM ClockPM Segments MSI HPX-Type3]", "[   13.514066] acpi PNP0A03:00: _OSC: not requesting OS control; OS requires [ExtendedConfig ASPM ClockPM MSI]", "[   13.515078] acpi PNP0A03:00: fail to add MMCONFIG information, can't access extended configuration space under this bridge", "[   13.516177] PCI host bridge to bus 0000:00", "[   13.517065] pci_bus 0000:00: root bus resource [io  0x0000-0x0cf7 window]", "[   13.518070] pci_bus 0000:00: root bus resource [io  0x0d00-0xffff window]", "[   13.519064] pci_bus 0000:00: root bus resource [mem 0x000a0000-0x000bffff window]", "[   13.520065] pci_bus 0000:00: root bus resource [mem 0xc0000000-0xfebfffff window]", "[   13.521065] pci_bus 0000:00: root bus resource [mem 0x380000000000-0x38007fffffff window]", "[   13.522066] pci_bus 0000:00: root bus resource [bus 00-ff]", "[   13.523248] pci 0000:00:00.0: [8086:1237] type 00 class 0x060000 conventional PCI endpoint", "[   13.526046] pci 0000:00:01.0: [8086:7000] type 00 class 0x060100 conventional PCI endpoint", "[   13.528802] pci 0000:00:01.1: [8086:7010] type 00 class 0x010180 conventional PCI endpoint", "[   13.533066] pci 0000:00:01.1: BAR 4 [io  0xc0e0-0xc0ef]", "[   13.535696] pci 0000:00:01.1: BAR 0 [io  0x01f0-0x01f7]: legacy IDE quirk", "[   13.536067] pci 0000:00:01.1: BAR 1 [io  0x03f6]: legacy IDE quirk", "[   13.537065] pci 0000:00:01.1: BAR 2 [io  0x0170-0x0177]: legacy IDE quirk", "[   13.538065] pci 0000:00:01.1: BAR 3 [io  0x0376]: legacy IDE quirk", "[   13.539720] pci 0000:00:01.3: [8086:7113] type 00 class 0x068000 conventional PCI endpoint", "[   13.542322] pci 0000:00:01.3: quirk: [io  0x0600-0x063f] claimed by PIIX4 ACPI", "[   13.543105] pci 0000:00:01.3: quirk: [io  0x0700-0x070f] claimed by PIIX4 SMB", "[   13.545529] pci 0000:00:02.0: [1af4:1001] type 00 class 0x010000 conventional PCI endpoint", "[   13.548067] pci 0000:00:02.0: BAR 0 [io  0xc000-0xc07f]", "[   13.550995] pci 0000:00:02.0: BAR 1 [mem 0xfeb80000-0xfeb80fff]", "[   13.557067] pci 0000:00:02.0: BAR 4 [mem 0x380000000000-0x380000003fff 64bit pref]", "[   13.564260] pci 0000:00:03.0: [1af4:1000] type 00 class 0x020000 conventional PCI endpoint", "[   13.566066] pci 0000:00:03.0: BAR 0 [io  0xc0c0-0xc0df]", "[   13.568066] pci 0000:00:03.0: BAR 1 [mem 0xfeb81000-0xfeb81fff]", "[   13.573066] pci 0000:00:03.0: BAR 4 [mem 0x380000004000-0x380000007fff 64bit pref]", "[   13.575066] pci 0000:00:03.0: ROM [mem 0xfeb00000-0xfeb7ffff pref]", "[   13.579961] pci 0000:00:04.0: [1af4:1003] type 00 class 0x078000 conventional PCI endpoint", "[   13.581066] pci 0000:00:04.0: BAR 0 [io  0xc080-0xc0bf]", "[   13.583066] pci 0000:00:04.0: BAR 1 [mem 0xfeb82000-0xfeb82fff]", "[   13.587068] pci 0000:00:04.0: BAR 4 [mem 0x380000008000-0x38000000bfff 64bit pref]", "[   13.593374] ACPI: PCI: Interrupt link LNKA configured for IRQ 10", "[   13.594309] ACPI: PCI: Interrupt link LNKB configured for IRQ 10", "[   13.595301] ACPI: PCI: Interrupt link LNKC configured for IRQ 11", "[   13.596311] ACPI: PCI: Interrupt link LNKD configured for IRQ 11", "[   13.597192] ACPI: PCI: Interrupt link LNKS configured for IRQ 9", "[   13.598840] iommu: Default domain type: Translated", "[   13.599065] iommu: DMA domain TLB invalidation policy: lazy mode", "[   13.600147] SCSI subsystem initialized", "[   13.601121] libata version 3.00 loaded.", "[   13.602101] ACPI: bus type USB registered", "[   13.603083] usbcore: registered new interface driver usbfs", "[   13.604075] usbcore: registered new interface driver hub", "[   13.605079] usbcore: registered new device driver usb", "[   13.606096] pps_core: LinuxPPS API ver. 1 registered", "[   13.607065] pps_core: Software ver. 5.3.6 - Copyright 2005-2007 Rodolfo Giometti <giometti@linux.it>", "[   13.608087] PTP clock support registered", "[   13.609130] Advanced Linux Sound Architecture Driver Initialized.", "[   13.610236] NetLabel: Initializing", "[   13.611067] NetLabel:  domain hash size = 128", "[   13.612065] NetLabel:  protocols = UNLABELED CIPSOv4 CALIPSO", "[   13.613102] NetLabel:  unlabeled traffic allowed by default", "[   13.614123] PCI: Using ACPI for IRQ routing", "[   13.615067] PCI: pci_cache_line_size set to 64 bytes", "[   13.616634] e820: reserve RAM buffer [mem 0x0009fc00-0x0009ffff]", "[   13.617066] e820: reserve RAM buffer [mem 0xbffdd000-0xbfffffff]", "[   13.618119] vgaarb: loaded", "[   13.619161] hpet0: at MMIO 0xfed00000, IRQs 2, 8, 0", "[   13.620066] hpet0: 3 comparators, 64-bit 100.000000 MHz counter", "[   13.635132] clocksource: Switched to clocksource kvm-clock", "[   13.638879] VFS: Disk quotas dquot_6.6.0", "[   13.640962] VFS: Dquot-cache hash table entries: 512 (order 0, 4096 bytes)", "[   13.644509] pnp: PnP ACPI init", "[   13.646243] pnp 00:02: [dma 2]", "[   13.648279] pnp: PnP ACPI: found 5 devices", "[   13.668843] clocksource: acpi_pm: mask: 0xffffff max_cycles: 0xffffff, max_idle_ns: 2085701024 ns", "[   13.673447] NET: Registered PF_INET protocol family", "[   13.675990] IP idents hash table entries: 131072 (order: 8, 1048576 bytes, linear)", "[   13.681273] tcp_listen_portaddr_hash hash table entries: 4096 (order: 4, 65536 bytes, linear)", "[   13.685485] Table-perturb hash table entries: 65536 (order: 6, 262144 bytes, linear)", "[   13.689396] TCP established hash table entries: 65536 (order: 7, 524288 bytes, linear)", "[   13.693376] TCP bind hash table entries: 65536 (order: 9, 2097152 bytes, linear)", "[   13.697358] TCP: Hash tables configured (established 65536 bind 65536)", "[   13.700608] UDP hash table entries: 4096 (order: 5, 131072 bytes, linear)", "[   13.704000] UDP-Lite hash table entries: 4096 (order: 5, 131072 bytes, linear)", "[   13.707632] NET: Registered PF_UNIX/PF_LOCAL protocol family", "[   13.711395] RPC: Registered named UNIX socket transport module.", "[   13.714358] RPC: Registered udp transport module.", "[   13.716769] RPC: Registered tcp transport module.", "[   13.719148] RPC: Registered tcp-with-tls transport module.", "[   13.721983] RPC: Registered tcp NFSv4.1 backchannel transport module.", "[   13.726011] pci_bus 0000:00: resource 4 [io  0x0000-0x0cf7 window]", "[   13.729113] pci_bus 0000:00: resource 5 [io  0x0d00-0xffff window]", "[   13.732203] pci_bus 0000:00: resource 6 [mem 0x000a0000-0x000bffff window]", "[   13.735716] pci_bus 0000:00: resource 7 [mem 0xc0000000-0xfebfffff window]", "[   13.739111] pci_bus 0000:00: resource 8 [mem 0x380000000000-0x38007fffffff window]", "[   13.742879] pci 0000:00:01.0: PIIX3: Enabling Passive Release", "[   13.745792] pci 0000:00:00.0: Limiting direct PCI/PCI transfers", "[   13.749114] PCI: CLS 0 bytes, default 64", "[   13.751155] PCI-DMA: Using software bounce buffering for IO (SWIOTLB)", "[   13.754424] software IO TLB: mapped [mem 0x00000000bbfdd000-0x00000000bffdd000] (64MB)", "[   13.760163] RAPL PMU: API unit is 2^-32 Joules, 0 fixed counters, 10737418240 ms ovfl timer", "[   13.764370] clocksource: tsc: mask: 0xffffffffffffffff max_cycles: 0x285d298e329, max_idle_ns: 440795345114 ns", "[   13.775075] Initialise system trusted keyrings", "[   13.778173] workingset: timestamp_bits=56 max_order=21 bucket_order=0", "[   13.782329] NFS: Registering the id_resolver key type", "[   13.785236] Key type id_resolver registered", "[   13.787760] Key type id_legacy registered", "[   13.790357] 9p: Installing v9fs 9p2000 file system support", "[   13.805995] Key type asymmetric registered", "[   13.808380] Asymmetric key parser 'x509' registered", "[   13.811238] Block layer SCSI generic (bsg) driver version 0.4 loaded (major 251)", "[   13.815394] io scheduler mq-deadline registered", "[   13.817963] io scheduler kyber registered", "[   13.822149] input: Power Button as /devices/LNXSYSTM:00/LNXPWRBN:00/input/input0", "[   13.826552] ACPI: button: Power Button [PWRF]", "[   13.830408] ACPI: \\_SB_.LNKB: Enabled at IRQ 10", "[   13.837820] ACPI: \\_SB_.LNKC: Enabled at IRQ 11", "[   13.845278] ACPI: \\_SB_.LNKD: Enabled at IRQ 11", "[   13.852319] Serial: 8250/16550 driver, 4 ports, IRQ sharing enabled", "[   13.856397] 00:03: ttyS0 at I/O 0x3f8 (irq = 4, base_baud = 115200) is a 16550A", "[   13.897864] Non-volatile memory driver v1.3", "[   13.900275] Linux agpgart interface v0.103", "[   13.902779] ACPI: bus type drm_connector registered", "[   13.910281] loop: module loaded", "[   13.912710] virtio_blk virtio0: 8/0/0 default/read/poll queues", "[   13.924260] virtio_blk virtio0: [vda] 52428800 512-byte logical blocks (26.8 GB/25.0 GiB)", "[   13.932000]  vda: vda1 vda14 vda15 vda16", "[   13.935261] ata_piix 0000:00:01.1: version 2.13", "[   13.939893] scsi host0: ata_piix", "[   13.942327] scsi host1: ata_piix", "[   13.944232] ata1: PATA max MWDMA2 cmd 0x1f0 ctl 0x3f6 bmdma 0xc0e0 irq 14 lpm-pol 0", "[   13.948495] ata2: PATA max MWDMA2 cmd 0x170 ctl 0x376 bmdma 0xc0e8 irq 15 lpm-pol 0", "[   13.957758] e100: Intel(R) PRO/100 Network Driver", "[   13.960182] e100: Copyright(c) 1999-2006 Intel Corporation", "[   13.962980] e1000: Intel(R) PRO/1000 Network Driver", "[   13.965445] e1000: Copyright (c) 1999-2006 Intel Corporation.", "[   13.968403] e1000e: Intel(R) PRO/1000 Network Driver", "[   13.970940] e1000e: Copyright(c) 1999 - 2015 Intel Corporation.", "[   13.973953] sky2: driver version 1.30", "[   13.976273] usbcore: registered new interface driver usblp", "[   13.979145] usbcore: registered new interface driver usb-storage", "[   13.982273] i8042: PNP: PS/2 Controller [PNP0303:KBD,PNP0f13:MOU] at 0x60,0x64 irq 1,12", "[   13.988881] serio: i8042 KBD port at 0x60,0x64 irq 1", "[   13.991493] serio: i8042 AUX port at 0x60,0x64 irq 12", "[   13.994502] rtc_cmos 00:04: RTC can wake from S4", "[   13.999313] input: AT Translated Set 2 keyboard as /devices/platform/i8042/serio0/input/input1", "[   14.004210] rtc_cmos 00:04: registered as rtc0", "[   14.007261] rtc_cmos 00:04: alarms up to one day, y3k, 242 bytes nvram, hpet irqs", "[   14.012430] device-mapper: ioctl: 4.48.0-ioctl (2023-03-01) initialised: dm-devel@redhat.com", "[   14.017256] intel_pstate: CPU model not supported", "[   14.019999] hid: raw HID events driver (C) Jiri Kosina", "[   14.023105] usbcore: registered new interface driver usbhid", "[   14.026229] usbhid: USB HID core driver", "[   14.029410] Initializing XFRM netlink socket", "[   14.031867] NET: Registered PF_INET6 protocol family", "[   14.035513] Segment Routing with IPv6", "[   14.037646] In-situ OAM (IOAM) with IPv6", "[   14.039939] sit: IPv6, IPv4 and MPLS over IPv4 tunneling driver", "[   14.043395] NET: Registered PF_PACKET protocol family", "[   14.046291] 9pnet: Installing 9P2000 support", "[   14.048850] Key type dns_resolver registered", "[   14.054372] IPI shorthand broadcast: enabled", "[   14.058750] sched_clock: Marking stable (14010022528, 47790776)->(14561579287, -503765983)", "[   14.064115] registered taskstats version 1", "[   14.066434] Loading compiled-in X.509 certificates", "[   14.071074] PM:   Magic number: 9:454:976", "[   14.073456] printk: legacy console [netcon0] enabled", "[   14.076328] netconsole: network logging started", "[   14.078988] cfg80211: Loading compiled-in X.509 certificates for regulatory database", "[   14.083710] kworker/u16:3 (86) used greatest stack depth: 13984 bytes left", "[   14.086421] Loaded X.509 cert 'sforshee: 00b28ddf47aef9cea7'", "[   14.091005] Loaded X.509 cert 'wens: 61c038651aabdcf94bd0ac7ff06c7248db18c600'", "[   14.095056] platform regulatory.0: Direct firmware load for regulatory.db failed with error -2", "[   14.098961] ALSA device list:", "[   14.099877] cfg80211: failed to load regulatory.db", "[   14.101744]   No soundcards found.", "[   14.641710] input: ImExPS/2 Generic Explorer Mouse as /devices/platform/i8042/serio1/input/input3", "[   14.645277] md: Waiting for all devices to be available before autodetect", "[   14.647690] md: If you don't use raid, use raid=noautodetect", "[   14.649726] md: Autodetecting RAID arrays.", "[   14.651245] md: autorun ...", "[   14.652315] md: ... autorun DONE.", "[   14.661145] EXT4-fs (vda1): mounted filesystem c8107c30-aa3b-40eb-bd2a-416a91df85e7 ro with ordered data mode. Quota mode: none.", "[   14.665142] VFS: Mounted root (ext4 filesystem) readonly on device 253:1.", "[   14.669766] devtmpfs: mounted", "[   14.671750] Freeing unused kernel image (initmem) memory: 1416K", "[   14.673820] Write protecting the kernel read-only data: 22528k", "[   14.676825] Freeing unused kernel image (rodata/data gap) memory: 744K", "[   14.689434] x86/mm: Checked W+X mappings: passed, no W+X pages found.", "[   14.691692] Run /sbin/init as init process", "[   14.693156]   with arguments:", "[   14.694296]     /sbin/init", "[   14.695305]     nospectre_bhb", "[   14.696456]   with environment:", "[   14.697624]     HOME=/", "[   14.698556]     TERM=linux", "[   14.699571]     spectre_v2=off", "[   14.700722]     spectre_v2_user=off", "[   14.702045]     pti=off", "SELinux:  Could not open policy file <= /etc/selinux/targeted/policy/policy.33:  No such file or directory", "[   14.930096] systemd[1]: systemd 255.4-1ubuntu8.6 running in system mode (+PAM +AUDIT +SELINUX +APPARMOR +IMA +SMACK +SECCOMP +GCRYPT -GNUTLS +OPENSSL +ACL +BLKID +CURL +ELFUTILS +FIDO2 +IDN2 -IDN +IPTC +KMOD +LIBCRYPTSETUP +LIBFDISK +PCRE2 -PWQUALITY +P11KIT +QRENCODE +TPM2 +BZIP2 +LZ4 +XZ +ZLIB +ZSTD -BPF_FRAMEWORK -XKBCOMMON +UTMP +SYSVINIT default-hierarchy=unified)", "[   14.941189] systemd[1]: Detected virtualization kvm.", "[   14.943072] systemd[1]: Detected architecture x86-64.", "", "Welcome to \u001b[1mUbuntu 24.04.2 LTS\u001b[0m!", "", "", "[   14.951955] systemd[1]: Hostname set to <ubuntu-testing>.", "[   14.977717] snapd-env-gener (95) used greatest stack depth: 13168 bytes left", "[   15.044300] netplan (99) used greatest stack depth: 13112 bytes left", "[   15.105939] cloud-init-gene (98) used greatest stack depth: 12968 bytes left", "[   15.260886] systemd[1]: Queued start job for default target graphical.target.", "[   15.275456] systemd[1]: Created slice system-modprobe.slice - Slice /system/modprobe.", "[\u001b[0;32m  OK  \u001b[0m] Created slice \u001b[0;1;39msystem-modprobe.slice\u001b[0m - Slice /system/modprobe.", "", "[   15.282241] systemd[1]: Created slice system-serial\\x2dgetty.slice - Slice /system/serial-getty.", "[\u001b[0;32m  OK  \u001b[0m] Created slice \u001b[0;1;39msystem-serial\\x2dget\u2026slice\u001b[0m - Slice /system/serial-getty.", "", "[   15.289350] systemd[1]: Created slice system-systemd\\x2dfsck.slice - Slice /system/systemd-fsck.", "[\u001b[0;32m  OK  \u001b[0m] Created slice \u001b[0;1;39msystem-systemd\\x2dfs\u2026slice\u001b[0m - Slice /system/systemd-fsck.", "", "[   15.296324] systemd[1]: Created slice user.slice - User and Session Slice.", "[\u001b[0;32m  OK  \u001b[0m] Created slice \u001b[0;1;39muser.slice\u001b[0m - User and Session Slice.", "", "[   15.301899] systemd[1]: Started systemd-ask-password-console.path - Dispatch Password Requests to Console Directory Watch.", "[\u001b[0;32m  OK  \u001b[0m] Started \u001b[0;1;39msystemd-ask-password-conso\u2026\u001b[0mequests to Console Directory Watch.", "", "[   15.309353] systemd[1]: Started systemd-ask-password-wall.path - Forward Password Requests to Wall Directory Watch.", "[\u001b[0;32m  OK  \u001b[0m] Started \u001b[0;1;39msystemd-ask-password-wall.\u2026\u001b[0md Requests to Wall Directory Watch.", "", "[   15.316908] systemd[1]: Set up automount proc-sys-fs-binfmt_misc.automount - Arbitrary Executable File Formats File System Automount Point.", "[\u001b[0;32m  OK  \u001b[0m] Set up automount \u001b[0;1;39mproc-sys-fs-binfm\u2026\u001b[0mormats File System Automount Point.", "", "[   15.324909] systemd[1]: Expecting device dev-disk-by\\x2dlabel-BOOT.device - /dev/disk/by-label/BOOT...", "Expecting device \u001b[0;1;39mdev-disk-by\\x2dla\u2026device\u001b[0m - /dev/disk/by-label/BOOT...", "", "[   15.331526] systemd[1]: Expecting device dev-disk-by\\x2dlabel-UEFI.device - /dev/disk/by-label/UEFI...", "Expecting device \u001b[0;1;39mdev-disk-by\\x2dla\u2026device\u001b[0m - /dev/disk/by-label/UEFI...", "", "[   15.338107] systemd[1]: Expecting device dev-ttyS0.device - /dev/ttyS0...", "Expecting device \u001b[0;1;39mdev-ttyS0.device\u001b[0m - /dev/ttyS0...", "", "[   15.343063] systemd[1]: Reached target cryptsetup.target - Local Encrypted Volumes.", "[\u001b[0;32m  OK  \u001b[0m] Reached target \u001b[0;1;39mcryptsetup.target\u001b[0m - Local Encrypted Volumes.", "", "[   15.348966] systemd[1]: Reached target integritysetup.target - Local Integrity Protected Volumes.", "[\u001b[0;32m  OK  \u001b[0m] Reached target \u001b[0;1;39mintegritysetup.targ\u2026\u001b[0m Local Integrity Protected Volumes.", "", "[   15.355744] systemd[1]: Reached target remote-fs.target - Remote File Systems.", "[\u001b[0;32m  OK  \u001b[0m] Reached target \u001b[0;1;39mremote-fs.target\u001b[0m - Remote File Systems.", "", "[   15.361336] systemd[1]: Reached target slices.target - Slice Units.", "[\u001b[0;32m  OK  \u001b[0m] Reached target \u001b[0;1;39mslices.target\u001b[0m - Slice Units.", "", "[   15.366259] systemd[1]: Reached target snapd.mounts-pre.target - Mounting snaps.", "[\u001b[0;32m  OK  \u001b[0m] Reached target \u001b[0;1;39msnapd.mounts-pre.target\u001b[0m - Mounting snaps.", "", "[   15.372030] systemd[1]: Reached target snapd.mounts.target - Mounted snaps.", "[\u001b[0;32m  OK  \u001b[0m] Reached target \u001b[0;1;39msnapd.mounts.target\u001b[0m - Mounted snaps.", "", "[   15.377586] systemd[1]: Reached target swap.target - Swaps.", "[\u001b[0;32m  OK  \u001b[0m] Reached target \u001b[0;1;39mswap.target\u001b[0m - Swaps.", "", "[   15.382045] systemd[1]: Reached target veritysetup.target - Local Verity Protected Volumes.", "[\u001b[0;32m  OK  \u001b[0m] Reached target \u001b[0;1;39mveritysetup.target\u001b[0m - Local Verity Protected Volumes.", "", "[   15.388641] systemd[1]: Listening on systemd-fsckd.socket - fsck to fsckd communication Socket.", "[\u001b[0;32m  OK  \u001b[0m] Listening on \u001b[0;1;39msystemd-fsckd.socket\u001b[0m \u2026fsck to fsckd communication Socket.", "", "[   15.395469] systemd[1]: Listening on systemd-initctl.socket - initctl Compatibility Named Pipe.", "[\u001b[0;32m  OK  \u001b[0m] Listening on \u001b[0;1;39msystemd-initctl.socke\u2026\u001b[0m- initctl Compatibility Named Pipe.", "", "[   15.402446] systemd[1]: Listening on systemd-journald-dev-log.socket - Journal Socket (/dev/log).", "[\u001b[0;32m  OK  \u001b[0m] Listening on \u001b[0;1;39msystemd-journald-dev-\u2026socket\u001b[0m - Journal Socket (/dev/log).", "", "[   15.409472] systemd[1]: Listening on systemd-journald.socket - Journal Socket.", "[\u001b[0;32m  OK  \u001b[0m] Listening on \u001b[0;1;39msystemd-journald.socket\u001b[0m - Journal Socket.", "", "[   15.415337] systemd[1]: Listening on systemd-networkd.socket - Network Service Netlink Socket.", "[\u001b[0;32m  OK  \u001b[0m] Listening on \u001b[0;1;39msystemd-networkd.socket\u001b[0m - Network Service Netlink Socket.", "", "[   15.422066] systemd[1]: systemd-pcrextend.socket - TPM2 PCR Extension (Varlink) was skipped because of an unmet condition check (ConditionSecurity=measured-uki).", "[   15.427469] systemd[1]: Listening on systemd-udevd-control.socket - udev Control Socket.", "[\u001b[0;32m  OK  \u001b[0m] Listening on \u001b[0;1;39msystemd-udevd-control.socket\u001b[0m - udev Control Socket.", "", "[   15.433994] systemd[1]: Listening on systemd-udevd-kernel.socket - udev Kernel Socket.", "[\u001b[0;32m  OK  \u001b[0m] Listening on \u001b[0;1;39msystemd-udevd-kernel.socket\u001b[0m - udev Kernel Socket.", "", "[   15.449959] systemd[1]: Mounting dev-hugepages.mount - Huge Pages File System...", "Mounting \u001b[0;1;39mdev-hugepages.mount\u001b[0m - Huge Pages File System...", "", "[   15.456740] systemd[1]: Mounting dev-mqueue.mount - POSIX Message Queue File System...", "Mounting \u001b[0;1;39mdev-mqueue.mount\u001b[0m - POSIX Message
[   15.461418] systemd[1]: Mounting sys-kernel-debug.mount - Kernel Debug File System...", "Queue File System...", "", "Mounting \u001b[0;1;39msys-kernel-debug.mount\u001b[0m - Kernel Debug File System...", "", "[   15.468647] systemd[1]: Mounting sys-kernel-tracing.mount - Kernel Trace File System...", "Mounting \u001b[0;1;39msys-kernel-tracing.mo[   15.472864] systemd[1]: systemd-journald.service: unit configures an IP firewall, but the local system does not support BPF/cgroup firewalling.", "unt\u001b[0m - Kernel[   15.477493] systemd[1]: systemd-journald.service: (This warning is only shown for the first unit using IP firewalling.)", "Trace File System...", "", "[   15.482657] systemd[1]: Starting systemd-journald.service - Journal Service...", "Starting \u001b[0;1;39msystemd-journald.service\u001b[0m - Journa[   15.487413] systemd[1]: Starting keyboard-setup.service - Set the console keyboard layout...", "l Service...", "", "Starting \u001b[0;1;39mkeyboard-setup.servic[   15.492595] systemd[1]: kmod-static-nodes.service - Create List of Static Device Nodes was skipped because of an unmet condition check (ConditionFileNotEmpty=/lib/modules/6.8.0/modules.devname).", "e\u001b[0m - Set the console keyboard layout...", "", "[   15.500163] systemd[1]: Starting modprobe@configfs.service - Load Kernel Module configfs...", "Starting \u001b[0;1;39mmodprobe@configfs.service\u001b[0m - Load Kernel Module configfs...", "", "[   15.508529] systemd[1]: Starting modprobe@dm_mod.service - Load Kernel Module dm_mod...", "Starting \u001b[0;1;39mmodprobe@dm_mod.service\u001b[0m - Load Kernel Module dm_mod...", "", "[   15.516920] systemd[1]: Starting modprobe@drm.service - Load Kernel Module drm...", "Starting \u001b[0;1;39mmodprobe@drm.service\u001b[0m - Load Kernel Module drm...", "", "[   15.525435] systemd[1]: Starting modprobe@efi_pstore.service - Load Kernel Module efi_pstore...", "Starting \u001b[0;1;39mmodprobe@efi_pstore.servi\u2026\u001b[0m - Load Kernel Module efi_pstore...", "", "[   15.536900] systemd[1]: Starting modprobe@fuse.service - Load Kernel Module fuse...", "Starting \u001b[0;1;39mmodprobe@fuse.service\u001b[0m - Load Kernel Module fuse...", "", "[   15.546640] systemd[1]: Starting modprobe@loop.service - Load Kernel Module loop...", "Starting \u001b[0;1;39mmodprobe@loop.service\u001b[0m - Load Kernel Module loop...", "", "[   15.552633] systemd[1]: netplan-ovs-cleanup.service - OpenVSwitch configuration for cleanup was skipped because of an unmet condition check (ConditionFileIsExecutable=/usr/bin/ovs-vsctl).", "[   15.561617] systemd[1]: Starting systemd-fsck-root.service - File System Check on Root Device...", "[   15.563582] systemd-journald[133]: Collecting audit messages is disabled.", "Starting \u001b[0;1;39msystemd-fsck-root.service\u001b[0m\u2026File System Check on Root Device...", "", "[   15.575585] systemd[1]: Starting systemd-modules-load.service - Load Kernel Modules...", "Starting \u001b[0;1;39msystemd-modules-load.service\u001b[0m - Lo[   15.583491] systemd[1]: systemd-pcrmachine.service - TPM2 PCR Machine ID Measurement was skipped because of an unmet condition check (ConditionSecurity=measured-uki).", "ad Kernel Modules...", "", "[   15.593300] systemd[1]: Starting systemd-tmpfiles-setup-dev-early.service - Create Static Device Nodes in /dev gracefully...", "Starting \u001b[0;1;39msystemd-tmpfiles-setup-de\u2026\u001b[0m Device Nodes in /dev gracefully...", "", "[   15.602165] systemd[1]: systemd-tpm2-setup-early.service - TPM2 SRK Setup (Early) was skipped because of an unmet condition check (ConditionSecurity=measured-uki).", "[   15.609826] systemd[1]: Starting systemd-udev-trigger.service - Coldplug All udev Devices...", "Starting \u001b[0;1;39msystemd-udev-trigger.service\u001b[0m - Coldplug All udev
[   15.615468] systemd[1]: Started systemd-journald.service - Journal Service.", "Devices...", "", "[\u001b[0;32m  OK  \u001b[0m] Started \u001b[0;1;39msystemd-journald.service\u001b[0m - Journal Service.", "", "[\u001b[0;32m  OK  \u001b[0m] Mounted \u001b[0;1;39mdev-hugepages.mount\u001b[0m - Huge Pages File System.", "", "[\u001b[0;32m  OK  \u001b[0m] Mounted \u001b[0;1;39mdev-mqueue.mount\u001b[0m - POSIX Message Queue File System.", "", "[\u001b[0;32m  OK  \u001b[0m] Mounted \u001b[0;1;39msys-kernel-debug.mount\u001b[0m - Kernel Debug File System.", "", "[\u001b[0;32m  OK  \u001b[0m] Mounted \u001b[0;1;39msys-kernel-tracing.mount\u001b[0m - Kernel Trace File System.", "", "[\u001b[0;32m  OK  \u001b[0m] Finished \u001b[0;1;39mkeyboard-setup.service\u001b[0m - Set the console keyboard layout.", "", "[\u001b[0;32m  OK  \u001b[0m] Finished \u001b[0;1;39mmodprobe@configfs.service\u001b[0m - Load Kernel Module configfs.", "", "[\u001b[0;32m  OK  \u001b[0m] Finished \u001b[0;1;39mmodprobe@dm_mod.service\u001b[0m - Load Kernel Module dm_mod.", "", "[\u001b[0;32m  OK  \u001b[0m] Finished \u001b[0;1;39mmodprobe@drm.service\u001b[0m - Load Kernel Module drm.", "", "[\u001b[0;32m  OK  \u001b[0m] Finished \u001b[0;1;39mmodprobe@efi_pstore.service\u001b[0m - Load Kernel Module efi_pstore.", "", "[\u001b[0;32m  OK  \u001b[0m] Finished \u001b[0;1;39mmodprobe@fuse.service\u001b[0m - Load Kernel Module fuse.", "", "[\u001b[0;32m  OK  \u001b[0m] Finished \u001b[0;1;39mmodprobe@loop.service\u001b[0m - Load Kernel Module loop.", "", "[\u001b[0;32m  OK  \u001b[0m] Finished \u001b[0;1;39msystemd-fsck-root.service\u001b[0m - File System Check on Root Device.", "", "[\u001b[0;32m  OK  \u001b[0m] Finished \u001b[0;1;39msystemd-modules-load.service\u001b[0m - Load Kernel Modules.", "", "[\u001b[0;32m  OK  \u001b[0m] Finished \u001b[0;1;39msystemd-tmpfiles-setup-de\u2026\u001b[0mic Device Nodes in /dev gracefully.", "", "[\u001b[0;32m  OK  \u001b[0m] Started \u001b[0;1;39msystemd-fsckd.service\u001b[0m - Fi\u2026stem Check Daemon to report status.", "", "Starting \u001b[0;1;39msystemd-remount-fs.servic\u2026\u001b[0munt Root and Kernel File Systems...", "", "Starting \u001b[0;1;39msystemd-sysctl.service\u001b[0m - Apply Kernel Variables...", "", "[\u001b[0;32m  OK  \u001b[0m] Finished \u001b[0;1;39msystemd-udev-trigger.service\u001b[0m - Coldplug All udev Devices.", "", "[\u001b[0;32m  OK  \u001b[0m] Finished \u001b[0;1;39msystemd-sysctl.service\u001b[0m - Apply Kernel Variables.", "", "[   15.762374] EXT4-fs (vda1): re-mounted c8107c30-aa3b-40eb-bd2a-416a91df85e7 r/w. Quota mode: none.", "[\u001b[0;32m  OK  \u001b[0m] Finished \u001b[0;1;39msystemd-remount-fs.servic\u2026\u001b[0mmount Root and Kernel File Systems.", "", "Starting \u001b[0;1;39msystemd-journal-flush.ser\u2026\u001b[0msh Journal to Persistent Storage...", "", "Starting \u001b[0;1;39msystemd-random-seed.service\u001b[0m - Load/Save OS Random Seed...", "", "[   15.788127] systemd-journald[133]: Received client request to flush runtime journal.", "Starting \u001b[0;1;39msystemd-sysusers.service\u001b[0m - Create System Users...", "", "[\u001b[0;32m  OK  \u001b[0m] Finished \u001b[0;1;39msystemd-random-seed.service\u001b[0m - Load/Save OS Random Seed.", "", "[\u001b[0;32m  OK  \u001b[0m] Finished \u001b[0;1;39msystemd-sysusers.service\u001b[0m - Create System Users.", "", "[   15.821236] systemd-journald[133]: /var/log/journal/26d7b7c94826499bb6e00a5f602ee679/system.journal: Journal file uses a different sequence number ID, rotating.", "[   15.826194] systemd-journald[133]: Rotating system journal.", "Starting \u001b[0;1;39msystemd-tmpfiles-setup-de\u2026\u001b[0meate Static Device Nodes in /dev...", "", "[\u001b[0;32m  OK  \u001b[0m] Finished \u001b[0;1;39msystemd-tmpfiles-setup-de\u2026\u001b[0mCreate Static Device Nodes in /dev.", "", "[\u001b[0;32m  OK  \u001b[0m] Reached target \u001b[0;1;39mlocal-fs-pre.target\u001b[0m\u2026Preparation for Local File Systems.", "", "Starting \u001b[0;1;39msystemd-udevd.service\u001b[0m - R\u2026ager for Device Events and Files...", "", "[\u001b[0;32m  OK  \u001b[0m] Finished \u001b[0;1;39msystemd-journal-flush.ser\u2026\u001b[0mlush Journal to Persistent Storage.", "", "[\u001b[0;32m  OK  \u001b[0m] Started \u001b[0;1;39msystemd-udevd.service\u001b[0m - Ru\u2026anager for Device Events and Files.", "", "Starting \u001b[0;1;39msystemd-networkd.service\u001b[0m - Network Configuration...", "", "[\u001b[0;32m  OK  \u001b[0m] Found device \u001b[0;1;39mdev-ttyS0.device\u001b[0m - /dev/ttyS0.", "", "[   16.042179] virtio_net virtio1 ens3: renamed from eth0", "[\u001b[0;32m  OK  \u001b[0m] Listening on \u001b[0;1;39msystemd-rfkill.socket\u001b[0m\u2026ll Switch Status /dev/rfkill Watch.", "", "[\u001b[0;32m  OK  \u001b[0m] Found device \u001b[0;1;39mdev-disk-by\\x2dlabel-\u2026I.device\u001b[0m - /dev/disk/by-label/UEFI.", "", "[\u001b[0;32m  OK  \u001b[0m] Found device \u001b[0;1;39mdev-disk-by\\x2dlabel-\u2026T.device\u001b[0m - /dev/disk/by-label/BOOT.", "", "Starting \u001b[0;1;39msystemd-fsck@dev-disk-by\\\u2026\u001b[0mCheck on /dev/disk/by-label/BOOT...", "", "[\u001b[0;32m  OK  \u001b[0m] Started \u001b[0;1;39msystemd-networkd.service\u001b[0m - Network Configuration.", "", "[\u001b[0;32m  OK  \u001b[0m] Finished \u001b[0;1;39msystemd-fsck@dev-disk-by\\\u2026\u001b[0mm Check on /dev/disk/by-label/BOOT.", "", "Mounting \u001b[0;1;39mboot.mount\u001b[0m - /boot...", "", "[   16.168319] EXT4-fs (vda16): mounted filesystem 7164fb69-891e-447e-91ac-9486a0886759 r/w with ordered data mode. Quota mode: none.", "[\u001b[0;32m  OK  \u001b[0m] Mounted \u001b[0;1;39mboot.mount\u001b[0m - /boot.", "", "Mounting \u001b[0;1;39mboot-efi.mount\u001b[0m - /boot/efi...", "", "[   16.187511] FAT-fs (vda15): Volume was not properly unmounted. Some data may be corrupt. Please run fsck.", "[\u001b[0;32m  OK  \u001b[0m] Mounted \u001b[0;1;39mboot-efi.mount\u001b[0m - /boot/efi.", "", "[\u001b[0;32m  OK  \u001b[0m] Reached target \u001b[0;1;39mlocal-fs.target\u001b[0m - Local File Systems.", "", "[\u001b[0;32m  OK  \u001b[0m] Listening on \u001b[0;1;39msystemd-sysext.socket\u001b[0m\u2026tension Image Management (Varlink).", "", "Starting \u001b[0;1;39mconsole-setup.service\u001b[0m - Set console font and keymap...", "", "Starting \u001b[0;1;39mldconfig.service\u001b[0m - Rebuild Dynamic Linker Cache...", "", "Starting \u001b[0;1;39msystemd-binfmt.service\u001b[0m - Set Up Additional Binary Formats...", "", "Starting \u001b[0;1;39msystemd-tmpfiles-setup.se\u2026\u001b[0me Volatile Files and Directories...", "", "[\u001b[0;32m  OK  \u001b[0m] Finished \u001b[0;1;39mconsole-setup.service\u001b[0m - Set console font and keymap.", "", "Mounting \u001b[0;1;39mproc-sys-fs-binfmt_misc.m\u2026\u001b[0mcutable File Formats File System...", "", "[\u001b[0;32m  OK  \u001b[0m] Mounted \u001b[0;1;39mproc-sys-fs-binfmt_misc.mo\u2026\u001b[0mxecutable File Formats File System.", "", "[\u001b[0;32m  OK  \u001b[0m] Finished \u001b[0;1;39msystemd-binfmt.service\u001b[0m - Set Up Additional Binary Formats.", "", "[\u001b[0;32m  OK  \u001b[0m] Finished \u001b[0;1;39msystemd-tmpfiles-setup.se\u2026\u001b[0mate Volatile Files and Directories.", "", "Starting \u001b[0;1;39msystemd-journal-catalog-u\u2026ervice\u001b[0m - Rebuild Journal Catalog...", "", "Starting \u001b[0;1;39msystemd-resolved.service\u001b[0m - Network Name Resolution...", "", "Starting \u001b[0;1;39msystemd-timesyncd.service\u001b[0m - Network Time Synchronization...", "", "Starting \u001b[0;1;39msystemd-update-utmp.servi\u2026\u001b[0mord System Boot/Shutdown in UTMP...", "", "[\u001b[0;32m  OK  \u001b[0m] Finished \u001b[0;1;39mldconfig.service\u001b[0m - Rebuild Dynamic Linker Cache.", "", "[\u001b[0;32m  OK  \u001b[0m] Finished \u001b[0;1;39msystemd-journal-catalog-u\u2026.service\u001b[0m - Rebuild Journal Catalog.", "", "[\u001b[0;32m  OK  \u001b[0m] Finished \u001b[0;1;39msystemd-update-utmp.servi\u2026\u001b[0mecord System Boot/Shutdown in UTMP.", "", "Starting \u001b[0;1;39msystemd-update-done.service\u001b[0m - Update is Completed...", "", "[\u001b[0;32m  OK  \u001b[0m] Finished \u001b[0;1;39msystemd-update-done.service\u001b[0m - Update is Completed.", "", "[\u001b[0;32m  OK  \u001b[0m] Started \u001b[0;1;39msystemd-timesyncd.service\u001b[0m - Network Time Synchronization.", "", "[\u001b[0;32m  OK  \u001b[0m] Reached target \u001b[0;1;39mtime-set.target\u001b[0m - System Time Set.", "", "[\u001b[0;32m  OK  \u001b[0m] Started \u001b[0;1;39msystemd-resolved.service\u001b[0m - Network Name Resolution.", "", "[\u001b[0;32m  OK  \u001b[0m] Reached target \u001b[0;1;39mnetwork.target\u001b[0m - Network.", "", "[\u001b[0;32m  OK  \u001b[0m] Reached target \u001b[0;1;39mnss-lookup.target\u001b[0m - Host and Network Name Lookups.", "", "[\u001b[0;32m  OK  \u001b[0m] Reached target \u001b[0;1;39msysinit.target\u001b[0m - System Initialization.", "", "[\u001b[0;32m  OK  \u001b[0m] Started \u001b[0;1;39mapt-daily.timer\u001b[0m - Daily apt download activities.", "", "[\u001b[0;32m  OK  \u001b[0m] Started \u001b[0;1;39mapt-daily-upgrade.timer\u001b[0m - \u2026y apt upgrade and clean activities.", "", "[\u001b[0;32m  OK  \u001b[0m] Started \u001b[0;1;39mdpkg-db-backup.timer\u001b[0m - Daily dpkg database backup timer.", "", "[\u001b[0;32m  OK  \u001b[0m] Started \u001b[0;1;39me2scrub_all.timer\u001b[0m - Period\u2026Metadata Check for All Filesystems.", "", "[\u001b[0;32m  OK  \u001b[0m] Started \u001b[0;1;39mfstrim.timer\u001b[0m - Discard unused filesystem blocks once a week.", "", "[\u001b[0;32m  OK  \u001b[0m] Started \u001b[0;1;39mmotd-news.timer\u001b[0m - Message of the Day.", "", "[\u001b[0;32m  OK  \u001b[0m] Started \u001b[0;1;39mphpsessionclean.timer\u001b[0m - Clean PHP session files every 30 mins.", "", "[\u001b[0;32m  OK  \u001b[0m] Started \u001b[0;1;39msystemd-tmpfiles-clean.tim\u2026\u001b[0my Cleanup of Temporary Directories.", "", "[\u001b[0;32m  OK  \u001b[0m] Reached target \u001b[0;1;39mpaths.target\u001b[0m - Path Units.", "", "[\u001b[0;32m  OK  \u001b[0m] Reached target \u001b[0;1;39mtimers.target\u001b[0m - Timer Units.", "", "[\u001b[0;32m  OK  \u001b[0m] Listening on \u001b[0;1;39mdbus.socket\u001b[0m - D-Bus System Message Bus Socket.", "", "Starting \u001b[0;1;39mlxd-installer.socket\u001b[0m - He\u2026er to install lxd snap on demand...", "", "Starting \u001b[0;1;39msnapd.socket\u001b[0m - Socket activation for snappy daemon...", "", "[\u001b[0;32m  OK  \u001b[0m] Listening on \u001b[0;1;39mssh.socket\u001b[0m - OpenBSD Secure Shell server socket.", "", "[\u001b[0;32m  OK  \u001b[0m] Listening on \u001b[0;1;39mlxd-installer.socket\u001b[0m \u2026lper to install lxd snap on demand.", "", "[\u001b[0;32m  OK  \u001b[0m] Listening on \u001b[0;1;39msnapd.socket\u001b[0m - Socket activation for snappy daemon.", "", "[\u001b[0;32m  OK  \u001b[0m] Reached target \u001b[0;1;39msockets.target\u001b[0m - Socket Units.", "", "[\u001b[0;32m  OK  \u001b[0m] Reached target \u001b[0;1;39mbasic.target\u001b[0m - Basic System.", "", "Starting \u001b[0;1;39mapport.service\u001b[0m - automatic crash report generation...", "", "Starting \u001b[0;1;39mdbus.service\u001b[0m - D-Bus System Message Bus...", "", "Starting \u001b[0;1;39me2scrub_reap.service\u001b[0m - Re\u2026ne ext4 Metadata Check Snapshots...", "", "Starting \u001b[0;1;39mgrub-common.service\u001b[0m - Record successful boot for GRUB...", "", "Starting \u001b[0;1;39mphpsessionclean.service\u001b[0m - Clean php session files...", "", "[\u001b[0;32m  OK  \u001b[0m] Reached target \u001b[0;1;39mgetty-pre.target\u001b[0m - Preparation for Logins.", "", "Starting \u001b[0;1;39msnapd.seeded.service\u001b[0m - Wait until snapd is fully seeded...", "", "Starting \u001b[0;1;39msnapd.service\u001b[0m - Snap Daemon...", "", "Starting \u001b[0;1;39msystemd-logind.service\u001b[0m - User Login Management...", "", "Starting \u001b[0;1;39msystemd-user-sessions.service\u001b[0m - Permit User Sessions...", "", "[\u001b[0;32m  OK  \u001b[0m] Finished \u001b[0;1;39msystemd-user-sessions.service\u001b[0m - Permit User Sessions.", "", "[\u001b[0;32m  OK  \u001b[[   17.234682] e2scrub_all (281) used greatest stack depth: 12912 bytes left", "0m] Started \u001b[0;1;39mdbus.service\u001b[0m - D-Bus System Message Bus.", "", "[\u001b[0;32m  OK  \u001b[0m] Finished \u001b[0;1;39me2scrub_reap.service\u001b[0m - Re\u2026line ext4 Metadata Check Snapshots.", "", "[\u001b[0;32m  OK  \u001b[0m] Started \u001b[0;1;39mserial-getty@ttyS0.service\u001b[0m - Serial Getty on ttyS0.", "", "Starting \u001b[0;1;39msetvtrgb.service\u001b[0m - Set console scheme...", "", "[\u001b[0;32m  OK  \u001b[0m] Finished \u001b[0;1;39msetvtrgb.service\u001b[0m - Set console scheme.", "", "[\u001b[0;32m  OK  \u001b[0m] Finished \u001b[0;1;39mgrub-common.service\u001b[0m - Record successful boot for GRUB.", "", "[\u001b[0;32m  OK  \u001b[0m] Started \u001b[0;1;39msystemd-logind.service\u001b[0m - User Login Management.", "", "[\u001b[0;32m  OK  \u001b[0m] Created slice \u001b[0;1;39msystem-getty.slice\u001b[0m - Slice /system/getty.", "", "[\u001b[0;32m  OK  \u001b[0m] Started \u001b[0;1;39mgetty@tty1.service\u001b[0m - Getty on tty1.", "", "[\u001b[0;32m  OK  \u001b[0m] Reached target \u001b[0;1;39mgetty.target\u001b[0m - Login Prompts.", "", "Starting \u001b[0;1;39mgrub-initrd-fallback.service\u001b[0m - GRUB failed boot detection...", "", "[\u001b[0;32m  OK  \u001b[0m] Started \u001b[0;1;39munattended-upgrades.service\u001b[0m - Unattended Upgrades Shutdown.", "", "[\u001b[0;32m  OK  \u001b[0m] Finished \u001b[0;1;39mgrub-initrd-fallback.service\u001b[0m - GRUB failed boot detection.", "", "[\u001b[0;32m  OK  \u001b[0m] Finished \u001b[0;1;39mphpsessionclean.service\u001b[0m - Clean php session files.", "", "[   17.694065] loop0: detected capacity change from 0 to 8", "[\u001b[0;32m  OK  \u001b[0m] Finished \u001b[0;1;39mapport.service\u001b[0m - automatic crash report generation.", "", "[\u001b[0;32m  OK  \u001b[0m] Started \u001b[0;1;39msnapd.service\u001b[0m - Snap Daemon.", "", "Starting \u001b[0;1;39msystemd-timedated.service\u001b[0m - Time & Date Service...", "", "[\u001b[0;32m  OK  \u001b[0m] Started \u001b[0;1;39msystemd-timedated.service\u001b[0m - Time & Date Service.", "", "[\u001b[0;32m  OK  \u001b[0m] Finished \u001b[0;1;39msnapd.seeded.service\u001b[0m - Wait until snapd is fully seeded.", "", "[\u001b[0;32m  OK  \u001b[0m] Reached target \u001b[0;1;39mmulti-user.target\u001b[0m - Multi-User System.", "", "[\u001b[0;32m  OK  \u001b[0m] Reached target \u001b[0;1;39mgraphical.target\u001b[0m - Graphical Interface.", "", "Starting \u001b[0;1;39msystemd-update-utmp-runle\u2026\u001b[0m- Record Runlevel Change in UTMP...", "", "[\u001b[0;32m  OK  \u001b[0m] Finished \u001b[0;1;39msystemd-update-utmp-runle\u2026e\u001b[0m - Record Runlevel Change in UTMP.", "", "", "", "Ubuntu 24.04.2 LTS ubuntu-testing ttyS0", "", "ubuntu-testing login: root (automatic login)", "", "", "Welcome to Ubuntu 24.04.2 LTS (GNU/Linux 6.8.0 x86_64)", "", "* Documentation:  https://help.ubuntu.com", "* Management:     https://landscape.canonical.com", "* Support:        https://ubuntu.com/pro", "", "This system has been minimized by removing packages and content that are", "not required on a system that users do not log into.", "", "To restore this content, you can run the 'unminimize' command.", "[   18.205279] MICROWAVE FRAMEWORK TESTER", "[   18.207922] [TAG: RUNNING LMBENCH]", "[   18.209277] === Deleting old results ===", "[   18.220995] total 28", "[   18.220995] -rw-r--r-- 1 root root   18 May 14 03:23 ubuntu-testing.0", "[   18.220995] -rw-r--r-- 1 root root 4779 May 14 07:08 ubuntu-testing.1", "[   18.220995] -rw-r--r-- 1 root root 6967 May 13 06:20 ubuntu-testing.2", "[   18.220995] -rw-r--r-- 1 root root 5172 May 13 06:29 ubuntu-testing.3", "[   18.239108] === Starting new benchmark ===", "[   18.240633] Tailing status file: /tempbench.txt", "tail: cannot open '/tempbench.txt' for reading: No such file or directory", "[   18.254003] cd src && make rerun", "[   18.260658] make[1]: Entering directory '/opt/lmbench/src'", "[   19.353282] gmake[2]: Entering directory '/opt/lmbench/src'", "[   19.355355] gmake[2]: Nothing to be done for 'all'.", "[   19.357095] gmake[2]: Leaving directory '/opt/lmbench/src'", "[   20.102447] gmake[2]: Entering directory '/opt/lmbench/src'", "[   20.104454] gmake[2]: Nothing to be done for 'opt'.", "[   20.106305] gmake[2]: Leaving directory '/opt/lmbench/src'", "[   23.663138] (udev-worker) (225) used greatest stack depth: 12736 bytes left", "[   99.587778] lat_rpc[1498]: segfault at ffffffe0 ip 00007f6496a49a07 sp 00007ffe8cb16de8 error 4 in libc.so.6[7f64968d6000+188000] likely on CPU 0 (core 0, socket 0)", "[   99.593009] Code: 44 00 00 0f bc c0 48 29 cf 48 8d 44 07 20 c3 0f 1f 40 00 0f bc c0 29 cf 8d 44 07 60 c3 66 0f 1f 44 00 00 48 89 f9 48 83 e7 e0 <62> f1 7d 20 74 07 c5 fb 93 c0 d3 e8 0f 84 ee fe ff ff 0f bc c0 c3", "[  159.835199] make[1]: Leaving directory '/opt/lmbench/src'", "[  159.840293]", "[  159.841104] === Benchmark complete; dumping results at /opt/lmbench/results/x86_64-linux-gnu/ubuntu-testing.0 to aux log ===", "[  159.854687] ============================================", "[  159.861821] Elapsed time: 142.159356734 seconds", "[  159.863512] [TAG: LMBENCH COMPLETE]", "[  159.865024] MICROWAVE FRAMEWORK TESTER", "\u001b[?2004hroot@ubuntu-testing:/opt/lmbench# \u001b[?2004l", "Stopping \u001b[0;1;39msession-1.scope\u001b[0m - Session 1 of User root...", "", "[\u001b[0;32m  OK  \u001b[0m] Removed slice \u001b[0;1;39msystem-modprobe.slice\u001b[0m - Slice /system/modprobe.", "", "[\u001b[0;32m  OK  \u001b[0m] Stopped target \u001b[0;1;39mgraphical.target\u001b[0m - Graphical Interface.", "", "[\u001b[0;32m  OK  \u001b[0m] Stopped target \u001b[0;1;39mmulti-user.target\u001b[0m - Multi-User System.", "", "[\u001b[0;32m  OK  \u001b[0m] Stopped target \u001b[0;1;39mgetty.target\u001b[0m - Login Prompts.", "", "[\u001b[0;32m  OK  \u001b[0m] Stopped target \u001b[0;1;39mnss-lookup.target\u001b[0m - Host and Network Name Lookups.", "", "[\u001b[0;32m  OK  \u001b[0m] Stopped target \u001b[0;1;39mtimers.target\u001b[0m - Timer Units.", "", "[\u001b[0;32m  OK  \u001b[0m] Stopped \u001b[0;1;39mapt-daily-upgrade.timer\u001b[0m - \u2026y apt upgrade and clean activities.", "", "[\u001b[0;32m  OK  \u001b[0m] Stopped \u001b[0;1;39mapt-daily.timer\u001b[0m - Daily apt download activities.", "", "[\u001b[0;32m  OK  \u001b[0m] Stopped \u001b[0;1;39mdpkg-db-backup.timer\u001b[0m - Daily dpkg database backup timer.", "", "[\u001b[0;32m  OK  \u001b[0m] Stopped \u001b[0;1;39me2scrub_all.timer\u001b[0m - Period\u2026Metadata Check for All Filesystems.", "", "[\u001b[0;32m  OK  \u001b[0m] Stopped \u001b[0;1;39mfstrim.timer\u001b[0m - Discard unused filesystem blocks once a week.", "", "[\u001b[0;32m  OK  \u001b[0m] Stopped \u001b[0;1;39mmotd-news.timer\u001b[0m - Message of the Day.", "", "[\u001b[0;32m  OK  \u001b[0m] Stopped \u001b[0;1;39mphpsessionclean.timer\u001b[0m - Clean PHP session files every 30 mins.", "", "[\u001b[0;32m  OK  \u001b[0m] Stopped \u001b[0;1;39msystemd-tmpfiles-clean.tim\u2026\u001b[0my Cleanup of Temporary Directories.", "", "[\u001b[0;32m  OK  \u001b[0m] Stopped target \u001b[0;1;39mtime-set.target\u001b[0m - System Time Set.", "", "[\u001b[0;32m  OK  \u001b[0m] Closed \u001b[0;1;39msystemd-rfkill.socket\u001b[0m - Loa\u2026ll Switch Status /dev/rfkill Watch.", "", "Stopping \u001b[0;1;39mapport.service\u001b[0m - automatic crash report generation...", "", "Stopping \u001b[0;1;39mgetty@tty1.service\u001b[0m - Getty on tty1...", "", "Stopping \u001b[0;1;39mserial-getty@ttyS0.service\u001b[0m - Serial Getty on ttyS0...", "", "[\u001b[0;32m  OK  \u001b[0m] Stopped \u001b[0;1;39msnapd.seeded.service\u001b[0m - Wait until snapd is fully seeded.", "", "Stopping \u001b[0;1;39msystemd-random-seed.service\u001b[0m - Load/Save OS Random Seed...", "", "[\u001b[0;32m  OK  \u001b[0m] Stopped \u001b[0;1;39mserial-getty@ttyS0.service\u001b[0m - Serial Getty on ttyS0.", "", "[\u001b[0;32m  OK  \u001b[0m] Stopped \u001b[0;1;39mgetty@tty1.service\u001b[0m - Getty on tty1.", "", "[\u001b[0;32m  OK  \u001b[0m] Stopped \u001b[0;1;39msession-1.scope\u001b[0m - Session 1 of User root.", "", "[\u001b[0;32m  OK  \u001b[0m] Removed slice \u001b[0;1;39msystem-getty.slice\u001b[0m - Slice /system/getty.", "", "[\u001b[0;32m  OK  \u001b[0m] Removed slice \u001b[0;1;39msystem-serial\\x2dget\u2026slice\u001b[0m - Slice /system/serial-getty.", "", "[\u001b[0;32m  OK  \u001b[0m] Stopped target \u001b[0;1;39mgetty-pre.target\u001b[0m - Preparation for Logins.", "", "Stopping \u001b[0;1;39msystemd-logind.service\u001b[0m - User Login Management...", "", "Stopping \u001b[0;1;39msystemd-user-sessions.service\u001b[0m - Permit User Sessions...", "", "Stopping \u001b[0;1;39muser@0.service\u001b[0m - User Manager for UID 0...", "", "[\u001b[0;32m  OK  \u001b[0m] Stopped \u001b[0;1;39msystemd-random-seed.service\u001b[0m - Load/Save OS Random Seed.", "", "[\u001b[0;32m  OK  \u001b[0m] Stopped \u001b[0;1;39msystemd-user-sessions.service\u001b[0m - Permit User Sessions.", "", "[\u001b[0;32m  OK  \u001b[0m] Stopped target \u001b[0;1;39mnetwork.target\u001b[0m - Network.", "", "Stopping \u001b[0;1;39msystemd-networkd.service\u001b[0m - Network Configuration...", "", "[\u001b[0;32m  OK  \u001b[0m] Stopped \u001b[0;1;39msystemd-networkd.service\u001b[0m - Network Configuration.", "", "[\u001b[0;32m  OK  \u001b[0m] Stopped \u001b[0;1;39muser@0.service\u001b[0m - User Manager for UID 0.", "", "[\u001b[0;32m  OK  \u001b[0m] Stopped \u001b[0;1;39mapport.service\u001b[0m - automatic crash report generation.", "", "[\u001b[0;32m  OK  \u001b[0m] Stopped \u001b[0;1;39msystemd-logind.service\u001b[0m - User Login Management.", "", "[\u001b[0;32m  OK  \u001b[0m] Stopped target \u001b[0;1;39mremote-fs.target\u001b[0m - Remote File Systems.", "", "Stopping \u001b[0;1;39muser-runtime-dir@0.servic\u2026\u001b[0mer Runtime Directory /run/user/0...", "", "[\u001b[0;32m  OK  \u001b[0m] Unmounted \u001b[0;1;39mrun-user-0.mount\u001b[0m - /run/user/0.", "", "[\u001b[0;32m  OK  \u001b[0m] Stopped \u001b[0;1;39muser-runtime-dir@0.service\u001b[0m\u2026User Runtime Directory /run/user/0.", "", "[\u001b[0;32m  OK  \u001b[0m] Removed slice \u001b[0;1;39muser-0.slice\u001b[0m - User Slice of UID 0.", "", "[\u001b[0;32m  OK  \u001b[0m] Stopped target \u001b[0;1;39mbasic.target\u001b[0m - Basic System.", "", "[\u001b[0;32m  OK  \u001b[0m] Stopped target \u001b[0;1;39mpaths.target\u001b[0m - Path Units.", "", "[\u001b[0;32m  OK  \u001b[0m] Stopped target \u001b[0;1;39mslices.target\u001b[0m - Slice Units.", "", "[\u001b[0;32m  OK  \u001b[0m] Removed slice \u001b[0;1;39muser.slice\u001b[0m - User and Session Slice.", "", "[\u001b[0;32m  OK  \u001b[0m] Stopped target \u001b[0;1;39msockets.target\u001b[0m - Socket Units.", "", "[\u001b[0;32m  OK  \u001b[0m] Closed \u001b[0;1;39mlxd-installer.socket\u001b[0m - Helper to install lxd snap on demand.", "", "[\u001b[0;32m  OK  \u001b[0m] Closed \u001b[0;1;39msnapd.socket\u001b[0m - Socket activation for snappy daemon.", "", "[\u001b[0;32m  OK  \u001b[0m] Closed \u001b[0;1;39mssh.socket\u001b[0m - OpenBSD Secure Shell server socket.", "", "[\u001b[0;32m  OK  \u001b[0m] Stopped target \u001b[0;1;39msysinit.target\u001b[0m - System Initialization.", "", "[\u001b[0;32m  OK  \u001b[0m] Stopped target \u001b[0;1;39mcryptsetup.target\u001b[0m - Local Encrypted Volumes.", "", "[\u001b[0;32m  OK  \u001b[0m] Stopped \u001b[0;1;39msystemd-ask-password-conso\u2026\u001b[0mequests to Console Directory Watch.", "", "[\u001b[0;32m  OK  \u001b[0m] Stopped \u001b[0;1;39msystemd-ask-password-wall.\u2026\u001b[0md Requests to Wall Directory Watch.", "", "[\u001b[0;32m  OK  \u001b[0m] Stopped target \u001b[0;1;39mintegritysetup.targ\u2026\u001b[0m Local Integrity Protected Volumes.", "", "[\u001b[0;32m  OK  \u001b[0m] Stopped target \u001b[0;1;39mswap.target\u001b[0m - Swaps.", "", "[\u001b[0;32m  OK  \u001b[0m] Stopped target \u001b[0;1;39mveritysetup.target\u001b[0m - Local Verity Protected Volumes.", "", "[\u001b[0;32m  OK  \u001b[0m] Closed \u001b[0;1;39msystemd-networkd.socket\u001b[0m - Network Service Netlink Socket.", "", "Stopping \u001b[0;1;39msystemd-binfmt.service\u001b[0m - Set Up Additional Binary Formats...", "", "Stopping \u001b[0;1;39msystemd-resolved.service\u001b[0m - Network Name Resolution...", "", "Stopping \u001b[0;1;39msystemd-timesyncd.service\u001b[0m - Network Time Synchronization...", "", "[\u001b[0;32m  OK  \u001b[0m] Stopped \u001b[0;1;39msystemd-update-done.service\u001b[0m - Update is Completed.", "", "[\u001b[0;32m  OK  \u001b[0m] Stopped \u001b[0;1;39mldconfig.service\u001b[0m - Rebuild Dynamic Linker Cache.", "", "[\u001b[0;32m  OK  \u001b[0m] Stopped \u001b[0;1;39msystemd-journal-catalog-up\u2026.service\u001b[0m - Rebuild Journal Catalog.", "", "Stopping \u001b[0;1;39msystemd-update-utmp.servi\u2026\u001b[0mord System Boot/Shutdown in UTMP...", "", "[\u001b[0;32m  OK  \u001b[0m] Stopped \u001b[0;1;39msystemd-resolved.service\u001b[0m - Network Name Resolution.", "", "[\u001b[0;32m  OK  \u001b[0m] Stopped \u001b[0;1;39msystemd-timesyncd.service\u001b[0m - Network Time Synchronization.", "", "[\u001b[0;32m  OK  \u001b[0m] Stopped \u001b[0;1;39msystemd-binfmt.service\u001b[0m - Set Up Additional Binary Formats.", "", "[\u001b[0;32m  OK  \u001b[0m] Unset automount \u001b[0;1;39mproc-sys-fs-binfmt\u2026\u001b[0mormats File System Automount Point.", "", "[\u001b[0;32m  OK  \u001b[0m] Stopped \u001b[0;1;39msystemd-sysctl.service\u001b[0m - Apply Kernel Variables.", "", "[\u001b[0;32m  OK  \u001b[0m] Stopped \u001b[0;1;39msystemd-modules-load.service\u001b[0m - Load Kernel Modules.", "", "[\u001b[0;32m  OK  \u001b[0m] Stopped \u001b[0;1;39msystemd-update-utmp.servic\u2026\u001b[0mecord System Boot/Shutdown in UTMP.", "", "[\u001b[0;32m  OK  \u001b[0m] Stopped \u001b[0;1;39msystemd-tmpfiles-setup.ser\u2026\u001b[0mate Volatile Files and Directories.", "", "[\u001b[0;32m  OK  \u001b[0m] Stopped target \u001b[0;1;39mlocal-fs.target\u001b[0m - Local File Systems.", "", "[\u001b[0;32m  OK  \u001b[0m] Stopped target \u001b[0;1;39msnapd.mounts.target\u001b[0m - Mounted snaps.", "", "[\u001b[0;32m  OK  \u001b[0m] Stopped target \u001b[0;1;39msnapd.mounts-pre.target\u001b[0m - Mounting snaps.", "", "Unmounting \u001b[0;1;39mboot-efi.mount\u001b[0m - /boot/efi...", "", "[\u001b[0;32m  OK  \u001b[0m] Unmounted \u001b[0;1;39mboot-efi.mount\u001b[0m - /boot/efi.", "", "Unmounting \u001b[0;1;39mboot.mount\u001b[0m - /boot...", "", "[  160.379830] EXT4-fs (vda16): unmounting filesystem 7164fb69-891e-447e-91ac-9486a0886759.", "[\u001b[0;32m  OK  \u001b[0m] Unmounted \u001b[0;1;39mboot.mount\u001b[0m - /boot.", "", "[\u001b[0;32m  OK  \u001b[0m] Reached target \u001b[0;1;39mumount.target\u001b[0m - Unmount All Filesystems.", "", "[\u001b[0;32m  OK  \u001b[0m] Stopped \u001b[0;1;39msystemd-fsck@dev-disk-by\\x\u2026\u001b[0mm Check on /dev/disk/by-label/BOOT.", "", "[\u001b[0;32m  OK  \u001b[0m] Removed slice \u001b[0;1;39msystem-systemd\\x2dfs\u2026slice\u001b[0m - Slice /system/systemd-fsck.", "", "[\u001b[0;32m  OK  \u001b[0m] Stopped target \u001b[0;1;39mlocal-fs-pre.target\u001b[0m\u2026Preparation for Local File Systems.", "", "[\u001b[0;32m  OK  \u001b[0m] Stopped \u001b[0;1;39msystemd-tmpfiles-setup-dev\u2026\u001b[0mCreate Static Device Nodes in /dev.", "", "[\u001b[0;32m  OK  \u001b[0m] Stopped \u001b[0;1;39msystemd-sysusers.service\u001b[0m - Create System Users.", "", "[\u001b[0;32m  OK  \u001b[0m] Stopped \u001b[0;1;39msystemd-remount-fs.service\u001b[0m\u2026mount Root and Kernel File Systems.", "", "[\u001b[0;32m  OK  \u001b[0m] Stopped \u001b[0;1;39msystemd-fsck-root.service\u001b[0m - File System Check on Root Device.", "", "[\u001b[0;32m  OK  \u001b[0m] Stopped \u001b[0;1;39msystemd-tmpfiles-setup-dev\u2026\u001b[0mic Device Nodes in /dev gracefully.", "", "[\u001b[0;32m  OK  \u001b[0m] Reached target \u001b[0;1;39mshutdown.target\u001b[0m - System Shutdown.", "", "[\u001b[0;32m  OK  \u001b[0m] Reached target \u001b[0;1;39mfinal.target\u001b[0m - Late Shutdown Services.", "", "[\u001b[0;32m  OK  \u001b[0m] Finished \u001b[0;1;39msystemd-poweroff.service\u001b[0m - System Power Off.", "", "[\u001b[0;32m  OK  \u001b[0m] Reached target \u001b[0;1;39mpoweroff.target\u001b[0m - System Power Off.", "", "[  160.468767] systemd-shutdown[1]: Syncing filesystems and block devices.", "[  160.483932] systemd-shutdown[1]: Sending SIGTERM to remaining processes...", "[  160.489051] systemd-journald[133]: Received SIGTERM from PID 1 (systemd-shutdow).", "[  160.500540] systemd-shutdown[1]: Sending SIGKILL to remaining processes...", "[  160.506889] systemd-shutdown[1]: Unmounting file systems.", "[  160.509886] (sd-remount)[3062]: Remounting '/' read-only with options 'discard,errors=remount-ro,commit=30'.", "[  160.528380] EXT4-fs (vda1): re-mounted c8107c30-aa3b-40eb-bd2a-416a91df85e7 ro. Quota mode: none.", "[  160.535433] systemd-shutdown[1]: All filesystems unmounted.", "[  160.537506] systemd-shutdown[1]: Deactivating swaps.", "[  160.539473] systemd-shutdown[1]: All swaps deactivated.", "[  160.541403] systemd-shutdown[1]: Detaching loop devices.", "[  160.544556] systemd-shutdown[1]: All loop devices detached.", "[  160.546607] systemd-shutdown[1]: Stopping MD devices.", "[  160.548555] systemd-shutdown[1]: All MD devices stopped.", "[  160.550494] systemd-shutdown[1]: Detaching DM devices.", "[  160.552497] systemd-shutdown[1]: All DM devices detached.", "[  160.554482] systemd-shutdown[1]: All filesystems, swaps, loop devices, MD devices and DM devices detached.", "[  160.558494] systemd-shutdown[1]: Syncing filesystems and block devices.", "[  160.560905] systemd-shutdown[1]: Powering off.", "[  160.564633] ACPI: PM: Preparing to enter system sleep state S5", "[  160.567107] reboot: Power down", "Aux log file:", "Using config in CONFIG.ubuntu-testing", "Tue May 13 07:58:10 UTC 2025", "Latency measurements", "Tue May 13 07:58:27 UTC 2025", "Local networking", "Tue May 13 07:59:30 UTC 2025", "Bandwidth measurements", "Tue May 13 08:00:25 UTC 2025", "Calculating context switch overhead", "Tue May 13 08:00:30 UTC 2025", "[TAG: AUX LMBENCH RESULTS]", "[lmbench3.0 results for Linux ubuntu-testing 6.8.0 #1 SMP PREEMPT_DYNAMIC Wed May 14 09:19:35 UTC 2025 x86_64 x86_64 x86_64 GNU/Linux]", "[LMBENCH_VER: ]", "[BENCHMARK_HARDWARE: NO]", "[BENCHMARK_OS: NO]", "[ALL: 512 1k 2k 4k 8k 16k 32k 64k 128k 256k 512k 1m 2m 4m 8m 16m 32m 64m 128m 256m 512m 1024m 2048m 4096m]", "[DISKS: ]", "[DISK_DESC: ]", "[ENOUGH: 5000]", "[FAST: ]", "[FASTMEM: NO]", "[FILE: /var/tmp/XXX]", "[FSDIR: /var/tmp]", "[HALF: 512 1k 2k 4k 8k 16k 32k 64k 128k 256k 512k 1m 2m 4m 8m 16m 32m 64m 128m 256m 512m 1024m 2048m]", "[INFO: INFO.ubuntu-testing]", "[LINE_SIZE: ]", "[LOOP_O: 0.00000000]", "[MB: 5557]", "[MHZ: 1690 MHz, 0.5917 nanosec clock]", "[MOTHERBOARD: ]", "[NETWORKS: ]", "[PROCESSORS: 8]", "[REMOTE: ]", "[SLOWFS: YES]", "[OS: x86_64-linux-gnu]", "[SYNC_MAX: 1]", "[LMBENCH_SCHED: DEFAULT]", "[TIMING_O: 0]", "[LMBENCH VERSION: lmbench-3alpha4]", "[USER: root]", "[HOSTNAME: ubuntu-testing]", "[NODENAME: ubuntu-testing]", "[SYSNAME: Linux]", "[PROCESSOR: x86_64]", "[MACHINE: x86_64]", "[RELEASE: 6.8.0]", "[VERSION: #1 SMP PREEMPT_DYNAMIC Wed May 14 09:19:35 UTC 2025]", "[Tue May 13 07:58:10 UTC 2025]", "[ 07:58:10 up 0 min, 1 user, load average: 0.08, 0.02, 0.01]", "[net: Kernel Interface table]", "Kernel: error fetching interface information: Device not found", "[net: Iface             MTU    RX-OK RX-ERR RX-DRP RX-OVR    TX-OK TX-ERR TX-DRP TX-OVR Flg]", "Iface: error fetching interface information: Device not found", "[net: ens3             1500        3      0      0 0            11      0      0      0 BMRU]", "[if: ens3: flags=4163<UP,BROADCAST,RUNNING,MULTICAST>  mtu 1500]", "[if: inet 10.0.2.15  netmask 255.255.255.0  broadcast 10.0.2.255]", "[if: inet6 fec0::5054:ff:fe12:3456  prefixlen 64  scopeid 0x40<site>]", "[if: inet6 fe80::5054:ff:fe12:3456  prefixlen 64  scopeid 0x20<link>]", "[if: ether 52:54:00:12:34:56  txqueuelen 1000  (Ethernet)]", "[if: RX packets 3  bytes 1290 (1.2 KB)]", "[if: RX errors 0  dropped 0  overruns 0  frame 0]", "[if: TX packets 11  bytes 1478 (1.4 KB)]", "[if: TX errors 0  dropped 0 overruns 0  carrier 0  collisions 0]", "[if: ]", "[net: lo              65536       80      0      0 0            80      0      0      0 LRU]", "[if: lo: flags=73<UP,LOOPBACK,RUNNING>  mtu 65536]", "[if: inet 127.0.0.1  netmask 255.0.0.0]", "[if: inet6 ::1  prefixlen 128  scopeid 0x10<host>]", "[if: loop  txqueuelen 1000  (Local Loopback)]", "[if: RX packets 80  bytes 5920 (5.9 KB)]", "[if: RX errors 0  dropped 0  overruns 0  frame 0]", "[if: TX packets 80  bytes 5920 (5.9 KB)]", "[if: TX errors 0  dropped 0 overruns 0  carrier 0  collisions 0]", "[if: ]", "[mount: /dev/vda1 on / type ext4 (rw,relatime,discard,errors=remount-ro,commit=30)]", "[mount: devtmpfs on /dev type devtmpfs (rw,relatime,size=4070528k,nr_inodes=1017632,mode=755)]", "[mount: proc on /proc type proc (rw,nosuid,nodev,noexec,relatime)]", "[mount: sysfs on /sys type sysfs (rw,nosuid,nodev,noexec,relatime)]", "[mount: selinuxfs on /sys/fs/selinux type selinuxfs (rw,nosuid,noexec,relatime)]", "[mount: tmpfs on /dev/shm type tmpfs (rw,nosuid,nodev)]", "[mount: devpts on /dev/pts type devpts (rw,nosuid,noexec,relatime,gid=5,mode=620,ptmxmode=000)]", "[mount: tmpfs on /run type tmpfs (rw,nosuid,nodev,size=1628644k,nr_inodes=819200,mode=755)]", "[mount: tmpfs on /run/lock type tmpfs (rw,nosuid,nodev,noexec,relatime,size=5120k)]", "[mount: cgroup2 on /sys/fs/cgroup type cgroup2 (rw,nosuid,nodev,noexec,relatime,nsdelegate,memory_recursiveprot)]", "[mount: systemd-1 on /proc/sys/fs/binfmt_misc type autofs (rw,relatime,fd=32,pgrp=1,timeout=0,minproto=5,maxproto=5,direct)]", "[mount: hugetlbfs on /dev/hugepages type hugetlbfs (rw,nosuid,nodev,relatime,pagesize=2M)]", "[mount: debugfs on /sys/kernel/debug type debugfs (rw,nosuid,nodev,noexec,relatime)]", "[mount: mqueue on /dev/mqueue type mqueue (rw,nosuid,nodev,noexec,relatime)]", "[mount: tracefs on /sys/kernel/tracing type tracefs (rw,nosuid,nodev,noexec,relatime)]", "[mount: /dev/vda16 on /boot type ext4 (rw,relatime)]", "[mount: /dev/vda15 on /boot/efi type vfat (rw,relatime,fmask=0077,dmask=0077,codepage=437,iocharset=iso8859-1,shortname=mixed,errors=remount-ro)]", "[mount: binfmt_misc on /proc/sys/fs/binfmt_misc type binfmt_misc (rw,nosuid,nodev,noexec,relatime)]", "[mount: tmpfs on /run/user/0 type tmpfs (rw,nosuid,nodev,relatime,size=814320k,nr_inodes=203580,mode=700)]", "Simple syscall: 0.2315 microseconds", "Simple read: 0.2973 microseconds", "Simple write: 0.2731 microseconds", "Simple stat: 0.9716 microseconds", "Simple fstat: 0.3311 microseconds", "Simple open/close: 1.4715 microseconds", "Select on 10 fd's: 0.4142 microseconds", "Select on 100 fd's: 1.1697 microseconds", "Select on 250 fd's: 2.4200 microseconds", "Select on 500 fd's: 4.5769 microseconds", "Select on 10 tcp fd's: 0.4408 microseconds", "Select on 100 tcp fd's: 2.5863 microseconds", "Select on 250 tcp fd's: 6.1242 microseconds", "Select on 500 tcp fd's: 12.6408 microseconds", "Pipe latency: 65.2491 microseconds", "AF_UNIX sock stream latency: 32.1047 microseconds", "Process fork+exit: 178.1000 microseconds", "Process fork+execve: 887.6667 microseconds", "Process fork+/bin/sh -c: 1853.7500 microseconds", "x: No such file or directory", "Usage: lat_udp -s serverhost", "OR [-S] [-m <message size>] [-P <parallelism>] [-W <warmup>] [-N <repetitions>] server", "NOTE: message size must be >= 4", "Usage: lat_tcp -s serverhost [-b <backlog>]", "OR [-m <message size>] [-P <parallelism>] [-W <warmup>] [-N <repetitions>] server", "OR -S server", "Usage: lat_connect -s serverhost [-b <backlog>]", "OR [-S] [-N <repetitions>] server", "unable to register (XACT_PROG, XACT_VERS, udp).", "Usage: bw_tcp -s serverhost [-b <backlog>]", "OR [-m <message size>] [-M <bytes to move>] [-P <parallelism>] [-W <warmup>] [-N <repetitions>] server", "OR -S serverhost", "Segmentation fault (core dumped)", "AF_UNIX sock stream bandwidth: 4791.17 MB/sec", "Pipe bandwidth: 785.02 MB/sec", "", "", "\"size=0k ovr=0.76", "2 29.28", "4 36.67", "8 58.69", "16 64.04", "24 60.82", "32 68.03", "64 72.53", "96 66.90", "", "\"size=4k ovr=0.90", "2 54.86", "4 45.50", "8 64.00", "16 67.58", "24 71.06", "32 73.49", "64 80.38", "96 69.81", "", "\"size=8k ovr=1.00", "2 54.82", "4 35.79", "8 61.21", "16 72.06", "24 72.26", "32 54.33", "64 68.54", "96 67.37", "", "\"size=16k ovr=1.25", "2 29.36", "4 46.43", "8 44.61", "16 66.82", "24 75.80", "32 65.61", "64 71.07", "96 69.47", "", "\"size=32k ovr=1.78", "2 33.97", "4 45.62", "8 66.01", "16 68.76", "24 69.87", "32 76.00", "64 74.78", "96 75.42", "", "\"size=64k ovr=2.87", "2 34.33", "4 32.83", "8 59.44", "16 59.77", "24 67.54", "32 72.43", "64 86.83", "96 77.44", "", "", "[Tue May 13 08:00:30 UTC 2025]", "[TAG: AUX LMBENCH RESULTS END]", "[TAG: AUX LMBENCH RESULTS BASE64]", "W2xtYmVuY2gzLjAgcmVzdWx0cyBmb3IgTGludXggdWJ1bnR1LXRlc3RpbmcgNi44LjAgIzEgU01QIFBSRUVNUFRfRFlOQU1JQyBXZWQgTWF5IDE0IDA5OjE5OjM1IFVUQyAyMDI1IHg4Nl82NCB4ODZfNjQgeDg2XzY0IEdOVS9MaW51eF0KW0xNQkVOQ0hfVkVSOiBdCltCRU5DSE1BUktfSEFSRFdBUkU6IE5PXQpbQkVOQ0hNQVJLX09TOiBOT10KW0FMTDogNTEyIDFrIDJrIDRrIDhrIDE2ayAzMmsgNjRrIDEyOGsgMjU2ayA1MTJrIDFtIDJtIDRtIDhtIDE2bSAzMm0gNjRtIDEyOG0gMjU2bSA1MTJtIDEwMjRtIDIwNDhtIDQwOTZtXQpbRElTS1M6IF0KW0RJU0tfREVTQzogXQpbRU5PVUdIOiA1MDAwXQpbRkFTVDogXQpbRkFTVE1FTTogTk9dCltGSUxFOiAvdmFyL3RtcC9YWFhdCltGU0RJUjogL3Zhci90bXBdCltIQUxGOiA1MTIgMWsgMmsgNGsgOGsgMTZrIDMyayA2NGsgMTI4ayAyNTZrIDUxMmsgMW0gMm0gNG0gOG0gMTZtIDMybSA2NG0gMTI4bSAyNTZtIDUxMm0gMTAyNG0gMjA0OG1dCltJTkZPOiBJTkZPLnVidW50dS10ZXN0aW5nXQpbTElORV9TSVpFOiBdCltMT09QX086IDAuMDAwMDAwMDBdCltNQjogNTU1N10KW01IWjogMTY5MCBNSHosIDAuNTkxNyBuYW5vc2VjIGNsb2NrXQpbTU9USEVSQk9BUkQ6IF0KW05FVFdPUktTOiBdCltQUk9DRVNTT1JTOiA4XQpbUkVNT1RFOiBdCltTTE9XRlM6IFlFU10KW09TOiB4ODZfNjQtbGludXgtZ251XQpbU1lOQ19NQVg6IDFdCltMTUJFTkNIX1NDSEVEOiBERUZBVUxUXQpbVElNSU5HX086IDBdCltMTUJFTkNIIFZFUlNJT046IGxtYmVuY2gtM2FscGhhNF0KW1VTRVI6IHJvb3RdCltIT1NUTkFNRTogdWJ1bnR1LXRlc3RpbmddCltOT0RFTkFNRTogdWJ1bnR1LXRlc3RpbmddCltTWVNOQU1FOiBMaW51eF0KW1BST0NFU1NPUjogeDg2XzY0XQpbTUFDSElORTogeDg2XzY0XQpbUkVMRUFTRTogNi44LjBdCltWRVJTSU9OOiAjMSBTTVAgUFJFRU1QVF9EWU5BTUlDIFdlZCBNYXkgMTQgMDk6MTk6MzUgVVRDIDIwMjVdCltTYXQgTWF5IDE3IDA3OjU4OjEwIFVUQyAyMDI1XQpbIDA3OjU4OjEwIHVwIDAgbWluLCAxIHVzZXIsIGxvYWQgYXZlcmFnZTogMC4wOCwgMC4wMiwgMC4wMV0KW25ldDogS2VybmVsIEludGVyZmFjZSB0YWJsZV0KS2VybmVsOiBlcnJvciBmZXRjaGluZyBpbnRlcmZhY2UgaW5mb3JtYXRpb246IERldmljZSBub3QgZm91bmQKW25ldDogSWZhY2UgICAgICAgICAgICAgTVRVICAgIFJYLU9LIFJYLUVSUiBSWC1EUlAgUlgtT1ZSICAgIFRYLU9LIFRYLUVSUiBUWC1EUlAgVFgtT1ZSIEZsZ10KSWZhY2U6IGVycm9yIGZldGNoaW5nIGludGVyZmFjZSBpbmZvcm1hdGlvbjogRGV2aWNlIG5vdCBmb3VuZApbbmV0OiBlbnMzICAgICAgICAgICAgIDE1MDAgICAgICAgIDMgICAgICAwICAgICAgMCAwICAgICAgICAgICAgMTEgICAgICAwICAgICAgMCAgICAgIDAgQk1SVV0KW2lmOiBlbnMzOiBmbGFncz00MTYzPFVQLEJST0FEQ0FTVCxSVU5OSU5HLE1VTFRJQ0FTVD4gIG10dSAxNTAwXQpbaWY6IGluZXQgMTAuMC4yLjE1ICBuZXRtYXNrIDI1NS4yNTUuMjU1LjAgIGJyb2FkY2FzdCAxMC4wLjIuMjU1XQpbaWY6IGluZXQ2IGZlYzA6OjUwNTQ6ZmY6ZmUxMjozNDU2ICBwcmVmaXhsZW4gNjQgIHNjb3BlaWQgMHg0MDxzaXRlPl0KW2lmOiBpbmV0NiBmZTgwOjo1MDU0OmZmOmZlMTI6MzQ1NiAgcHJlZml4bGVuIDY0ICBzY29wZWlkIDB4MjA8bGluaz5dCltpZjogZXRoZXIgNTI6NTQ6MDA6MTI6MzQ6NTYgIHR4cXVldWVsZW4gMTAwMCAgKEV0aGVybmV0KV0KW2lmOiBSWCBwYWNrZXRzIDMgIGJ5dGVzIDEyOTAgKDEuMiBLQildCltpZjogUlggZXJyb3JzIDAgIGRyb3BwZWQgMCAgb3ZlcnJ1bnMgMCAgZnJhbWUgMF0KW2lmOiBUWCBwYWNrZXRzIDExICBieXRlcyAxNDc4ICgxLjQgS0IpXQpbaWY6IFRYIGVycm9ycyAwICBkcm9wcGVkIDAgb3ZlcnJ1bnMgMCAgY2FycmllciAwICBjb2xsaXNpb25zIDBdCltpZjogXQpbbmV0OiBsbyAgICAgICAgICAgICAgNjU1MzYgICAgICAgODAgICAgICAwICAgICAgMCAwICAgICAgICAgICAgODAgICAgICAwICAgICAgMCAgICAgIDAgTFJVXQpbaWY6IGxvOiBmbGFncz03MzxVUCxMT09QQkFDSyxSVU5OSU5HPiAgbXR1IDY1NTM2XQpbaWY6IGluZXQgMTI3LjAuMC4xICBuZXRtYXNrIDI1NS4wLjAuMF0KW2lmOiBpbmV0NiA6OjEgIHByZWZpeGxlbiAxMjggIHNjb3BlaWQgMHgxMDxob3N0Pl0KW2lmOiBsb29wICB0eHF1ZXVlbGVuIDEwMDAgIChMb2NhbCBMb29wYmFjayldCltpZjogUlggcGFja2V0cyA4MCAgYnl0ZXMgNTkyMCAoNS45IEtCKV0KW2lmOiBSWCBlcnJvcnMgMCAgZHJvcHBlZCAwICBvdmVycnVucyAwICBmcmFtZSAwXQpbaWY6IFRYIHBhY2tldHMgODAgIGJ5dGVzIDU5MjAgKDUuOSBLQildCltpZjogVFggZXJyb3JzIDAgIGRyb3BwZWQgMCBvdmVycnVucyAwICBjYXJyaWVyIDAgIGNvbGxpc2lvbnMgMF0KW2lmOiBdClttb3VudDogL2Rldi92ZGExIG9uIC8gdHlwZSBleHQ0IChydyxyZWxhdGltZSxkaXNjYXJkLGVycm9ycz1yZW1vdW50LXJvLGNvbW1pdD0zMCldClttb3VudDogZGV2dG1wZnMgb24gL2RldiB0eXBlIGRldnRtcGZzIChydyxyZWxhdGltZSxzaXplPTQwNzA1MjhrLG5yX2lub2Rlcz0xMDE3NjMyLG1vZGU9NzU1KV0KW21vdW50OiBwcm9jIG9uIC9wcm9jIHR5cGUgcHJvYyAocncsbm9zdWlkLG5vZGV2LG5vZXhlYyxyZWxhdGltZSldClttb3VudDogc3lzZnMgb24gL3N5cyB0eXBlIHN5c2ZzIChydyxub3N1aWQsbm9kZXYsbm9leGVjLHJlbGF0aW1lKV0KW21vdW50OiBzZWxpbnV4ZnMgb24gL3N5cy9mcy9zZWxpbnV4IHR5cGUgc2VsaW51eGZzIChydyxub3N1aWQsbm9leGVjLHJlbGF0aW1lKV0KW21vdW50OiB0bXBmcyBvbiAvZGV2L3NobSB0eXBlIHRtcGZzIChydyxub3N1aWQsbm9kZXYpXQpbbW91bnQ6IGRldnB0cyBvbiAvZGV2L3B0cyB0eXBlIGRldnB0cyAocncsbm9zdWlkLG5vZXhlYyxyZWxhdGltZSxnaWQ9NSxtb2RlPTYyMCxwdG14bW9kZT0wMDApXQpbbW91bnQ6IHRtcGZzIG9uIC9ydW4gdHlwZSB0bXBmcyAocncsbm9zdWlkLG5vZGV2LHNpemU9MTYyODY0NGssbnJfaW5vZGVzPTgxOTIwMCxtb2RlPTc1NSldClttb3VudDogdG1wZnMgb24gL3J1bi9sb2NrIHR5cGUgdG1wZnMgKHJ3LG5vc3VpZCxub2Rldixub2V4ZWMscmVsYXRpbWUsc2l6ZT01MTIwayldClttb3VudDogY2dyb3VwMiBvbiAvc3lzL2ZzL2Nncm91cCB0eXBlIGNncm91cDIgKHJ3LG5vc3VpZCxub2Rldixub2V4ZWMscmVsYXRpbWUsbnNkZWxlZ2F0ZSxtZW1vcnlfcmVjdXJzaXZlcHJvdCldClttb3VudDogc3lzdGVtZC0xIG9uIC9wcm9jL3N5cy9mcy9iaW5mbXRfbWlzYyB0eXBlIGF1dG9mcyAocncscmVsYXRpbWUsZmQ9MzIscGdycD0xLHRpbWVvdXQ9MCxtaW5wcm90bz01LG1heHByb3RvPTUsZGlyZWN0KV0KW21vdW50OiBodWdldGxiZnMgb24gL2Rldi9odWdlcGFnZXMgdHlwZSBodWdldGxiZnMgKHJ3LG5vc3VpZCxub2RldixyZWxhdGltZSxwYWdlc2l6ZT0yTSldClttb3VudDogZGVidWdmcyBvbiAvc3lzL2tlcm5lbC9kZWJ1ZyB0eXBlIGRlYnVnZnMgKHJ3LG5vc3VpZCxub2Rldixub2V4ZWMscmVsYXRpbWUpXQpbbW91bnQ6IG1xdWV1ZSBvbiAvZGV2L21xdWV1ZSB0eXBlIG1xdWV1ZSAocncsbm9zdWlkLG5vZGV2LG5vZXhlYyxyZWxhdGltZSldClttb3VudDogdHJhY2VmcyBvbiAvc3lzL2tlcm5lbC90cmFjaW5nIHR5cGUgdHJhY2VmcyAocncsbm9zdWlkLG5vZGV2LG5vZXhlYyxyZWxhdGltZSldClttb3VudDogL2Rldi92ZGExNiBvbiAvYm9vdCB0eXBlIGV4dDQgKHJ3LHJlbGF0aW1lKV0KW21vdW50OiAvZGV2L3ZkYTE1IG9uIC9ib290L2VmaSB0eXBlIHZmYXQgKHJ3LHJlbGF0aW1lLGZtYXNrPTAwNzcsZG1hc2s9MDA3Nyxjb2RlcGFnZT00MzcsaW9jaGFyc2V0PWlzbzg4NTktMSxzaG9ydG5hbWU9bWl4ZWQsZXJyb3JzPXJlbW91bnQtcm8pXQpbbW91bnQ6IGJpbmZtdF9taXNjIG9uIC9wcm9jL3N5cy9mcy9iaW5mbXRfbWlzYyB0eXBlIGJpbmZtdF9taXNjIChydyxub3N1aWQsbm9kZXYsbm9leGVjLHJlbGF0aW1lKV0KW21vdW50OiB0bXBmcyBvbiAvcnVuL3VzZXIvMCB0eXBlIHRtcGZzIChydyxub3N1aWQsbm9kZXYscmVsYXRpbWUsc2l6ZT04MTQzMjBrLG5yX2lub2Rlcz0yMDM1ODAsbW9kZT03MDApXQpTaW1wbGUgc3lzY2FsbDogMC4yMzE1IG1pY3Jvc2Vjb25kcwpTaW1wbGUgcmVhZDogMC4yOTczIG1pY3Jvc2Vjb25kcwpTaW1wbGUgd3JpdGU6IDAuMjczMSBtaWNyb3NlY29uZHMKU2ltcGxlIHN0YXQ6IDAuOTcxNiBtaWNyb3NlY29uZHMKU2ltcGxlIGZzdGF0OiAwLjMzMTEgbWljcm9zZWNvbmRzClNpbXBsZSBvcGVuL2Nsb3NlOiAxLjQ3MTUgbWljcm9zZWNvbmRzClNlbGVjdCBvbiAxMCBmZCdzOiAwLjQxNDIgbWljcm9zZWNvbmRzClNlbGVjdCBvbiAxMDAgZmQnczogMS4xNjk3IG1pY3Jvc2Vjb25kcwpTZWxlY3Qgb24gMjUwIGZkJ3M6IDIuNDIwMCBtaWNyb3NlY29uZHMKU2VsZWN0IG9uIDUwMCBmZCdzOiA0LjU3NjkgbWljcm9zZWNvbmRzClNlbGVjdCBvbiAxMCB0Y3AgZmQnczogMC40NDA4IG1pY3Jvc2Vjb25kcwpTZWxlY3Qgb24gMTAwIHRjcCBmZCdzOiAyLjU4NjMgbWljcm9zZWNvbmRzClNlbGVjdCBvbiAyNTAgdGNwIGZkJ3M6IDYuMTI0MiBtaWNyb3NlY29uZHMKU2VsZWN0IG9uIDUwMCB0Y3AgZmQnczogMTIuNjQwOCBtaWNyb3NlY29uZHMKUGlwZSBsYXRlbmN5OiA2NS4yNDkxIG1pY3Jvc2Vjb25kcwpBRl9VTklYIHNvY2sgc3RyZWFtIGxhdGVuY3k6IDMyLjEwNDcgbWljcm9zZWNvbmRzClByb2Nlc3MgZm9yaytleGl0OiAxNzguMTAwMCBtaWNyb3NlY29uZHMKUHJvY2VzcyBmb3JrK2V4ZWN2ZTogODg3LjY2NjcgbWljcm9zZWNvbmRzClByb2Nlc3MgZm9yaysvYmluL3NoIC1jOiAxODUzLjc1MDAgbWljcm9zZWNvbmRzCng6IE5vIHN1Y2ggZmlsZSBvciBkaXJlY3RvcnkKVXNhZ2U6IGxhdF91ZHAgLXMgc2VydmVyaG9zdAogT1IgWy1TXSBbLW0gPG1lc3NhZ2Ugc2l6ZT5dIFstUCA8cGFyYWxsZWxpc20+XSBbLVcgPHdhcm11cD5dIFstTiA8cmVwZXRpdGlvbnM+XSBzZXJ2ZXIKIE5PVEU6IG1lc3NhZ2Ugc2l6ZSBtdXN0IGJlID49IDQKVXNhZ2U6IGxhdF90Y3AgLXMgc2VydmVyaG9zdCBbLWIgPGJhY2tsb2c+XQogT1IgWy1tIDxtZXNzYWdlIHNpemU+XSBbLVAgPHBhcmFsbGVsaXNtPl0gWy1XIDx3YXJtdXA+XSBbLU4gPHJlcGV0aXRpb25zPl0gc2VydmVyCiBPUiAtUyBzZXJ2ZXIKVXNhZ2U6IGxhdF9jb25uZWN0IC1zIHNlcnZlcmhvc3QgWy1iIDxiYWNrbG9nPl0KIE9SIFstU10gWy1OIDxyZXBldGl0aW9ucz5dIHNlcnZlcgp1bmFibGUgdG8gcmVnaXN0ZXIgKFhBQ1RfUFJPRywgWEFDVF9WRVJTLCB1ZHApLgpVc2FnZTogYndfdGNwIC1zIHNlcnZlcmhvc3QgWy1iIDxiYWNrbG9nPl0KIE9SIFstbSA8bWVzc2FnZSBzaXplPl0gWy1NIDxieXRlcyB0byBtb3ZlPl0gWy1QIDxwYXJhbGxlbGlzbT5dIFstVyA8d2FybXVwPl0gWy1OIDxyZXBldGl0aW9ucz5dIHNlcnZlcgogT1IgLVMgc2VydmVyaG9zdApTZWdtZW50YXRpb24gZmF1bHQgKGNvcmUgZHVtcGVkKQpBRl9VTklYIHNvY2sgc3RyZWFtIGJhbmR3aWR0aDogNDc5MS4xNyBNQi9zZWMKUGlwZSBiYW5kd2lkdGg6IDc4NS4wMiBNQi9zZWMKCgoic2l6ZT0wayBvdnI9MC43NgoyIDI5LjI4CjQgMzYuNjcKOCA1OC42OQoxNiA2NC4wNAoyNCA2MC44MgozMiA2OC4wMwo2NCA3Mi41Mwo5NiA2Ni45MAoKInNpemU9NGsgb3ZyPTAuOTAKMiA1NC44Ngo0IDQ1LjUwCjggNjQuMDAKMTYgNjcuNTgKMjQgNzEuMDYKMzIgNzMuNDkKNjQgODAuMzgKOTYgNjkuODEKCiJzaXplPThrIG92cj0xLjAwCjIgNTQuODIKNCAzNS43OQo4IDYxLjIxCjE2IDcyLjA2CjI0IDcyLjI2CjMyIDU0LjMzCjY0IDY4LjU0Cjk2IDY3LjM3Cgoic2l6ZT0xNmsgb3ZyPTEuMjUKMiAyOS4zNgo0IDQ2LjQzCjggNDQuNjEKMTYgNjYuODIKMjQgNzUuODAKMzIgNjUuNjEKNjQgNzEuMDcKOTYgNjkuNDcKCiJzaXplPTMyayBvdnI9MS43OAoyIDMzLjk3CjQgNDUuNjIKOCA2Ni4wMQoxNiA2OC43NgoyNCA2OS44NwozMiA3Ni4wMAo2NCA3NC43OAo5NiA3NS40MgoKInNpemU9NjRrIG92cj0yLjg3CjIgMzQuMzMKNCAzMi44Mwo4IDU5LjQ0CjE2IDU5Ljc3CjI0IDY3LjU0CjMyIDcyLjQzCjY0IDg2LjgzCjk2IDc3LjQ0CgoKW1NhdCBNYXkgMTcgMDg6MDA6MzAgVVRDIDIwMjVdCg==[TAG: AUX LMBENCH RESULTS BASE64 END]"], "metadata": {"test_marker": "MICROWAVE FRAMEWORK TESTER"}}