{"lines": ["IMAGE_PATH: /home/denzelgfarmer/KernelSecurityBenchmarks/Microwave/.working/test_lmbench_all_mit_off-linux.img", "KERNEL_PATH: /home/denzelgfarmer/KernelSecurityBenchmarks/Microwave/.working/temp/linux/install/boot/vmlinuz-6.8.0", "LOG_PATH: /home/denzelgfarmer/KernelSecurityBenchmarks/Microwave/microwave2/runners/aux_logfile.txt", "KERNEL_ARGS: console=ttyS0,115200 earlyprintk=serial,ttyS0,115200 ignore_loglevel root=/dev/vda1 mitigations=off", "+ '[' -z /home/denzelgfarmer/KernelSecurityBenchmarks/Microwave/.working/test_lmbench_all_mit_off-linux.img ']'", "+ '[' -z /home/denzelgfarmer/KernelSecurityBenchmarks/Microwave/.working/temp/linux/install/boot/vmlinuz-6.8.0 ']'", "+ CORESET=2,3,4,5", "+ echo 'Booting image /home/denzelgfarmer/KernelSecurityBenchmarks/Microwave/.working/test_lmbench_all_mit_off-linux.img (with kernel at /home/denzelgfarmer/KernelSecurityBenchmarks/Microwave/.working/temp/linux/install/boot/vmlinuz-6.8.0)...'", "Booting image /home/denzelgfarmer/KernelSecurityBenchmarks/Microwave/.working/test_lmbench_all_mit_off-linux.img (with kernel at /home/denzelgfarmer/KernelSecurityBenchmarks/Microwave/.working/temp/linux/install/boot/vmlinuz-6.8.0)...", "+ taskset -c 2,3,4,5 qemu-system-x86_64 -enable-kvm -nodefaults -nographic -m 8192 -mem-prealloc -cpu host -smp 8,sockets=1,cores=8,threads=1 -kernel /home/denzelgfarmer/KernelSecurityBenchmarks/Microwave/.working/temp/linux/install/boot/vmlinuz-6.8.0 -append 'console=ttyS0,115200 earlyprintk=serial,ttyS0,115200 ignore_loglevel root=/dev/vda1 mitigations=off' -device virtio-blk-pci,drive=hd0 -blockdev driver=file,node-name=hd_file,filename=/home/denzelgfarmer/KernelSecurityBenchmarks/Microwave/.working/test_lmbench_all_mit_off-linux.img -blockdev driver=qcow2,node-name=hd0,file=hd_file -device virtio-net-pci,netdev=net1 -netdev user,id=net1,hostfwd=tcp::2223-:22 -serial stdio -s -chardev file,id=log0,path=/home/denzelgfarmer/KernelSecurityBenchmarks/Microwave/microwave2/runners/aux_logfile.txt -device virtio-serial-pci,id=virtio-serial0 -device virtserialport,chardev=log0,name=host-port,bus=virtio-serial0.0", "\u001bc\u001b[?7l\u001b[2J\u001b[0mSeaBIOS (version 1.16.3-debian-1.16.3-2)", "", "", "iPXE (https://ipxe.org) 00:03.0 C000 PCI2.10 PnP PMM+BEFCACB0+BEF0ACB0 C000", "Press Ctrl-B to configure iPXE (PCI 00:03.0)...", "", "", "", "Booting from ROM..\u001bc\u001b[?7l\u001b[2JNo EFI environment detected.", "early console in extract_kernel", "input_data: 0x000000000295e2b9", "input_len: 0x0000000000b09541", "output: 0x0000000001000000", "output_len: 0x0000000002423224", "kernel_total_size: 0x0000000002230000", "needed_size: 0x0000000002600000", "trampoline_32bit: 0x0000000000000000", "Physical KASLR using RDRAND RDTSC...", "Virtual KASLR using RDRAND RDTSC...", "", "Decompressing Linux... Parsing ELF... Performing relocations... done.", "Booting the kernel (entry_offset: 0x0000000000000000).", "[    0.000000] Linux version 6.8.0 (denzelgfarmer@micro-lmbench-stressng) (gcc (Ubuntu 14.2.0-19ubuntu2) 14.2.0, GNU ld (GNU Binutils for Ubuntu) 2.44) #2 SMP PREEMPT_DYNAMIC Tue May 13 08:06:15 UTC 2025", "[    0.000000] Command line: console=ttyS0,115200 earlyprintk=serial,ttyS0,115200 ignore_loglevel root=/dev/vda1 mitigations=off", "[    0.000000] BIOS-provided physical RAM map:", "[    0.000000] BIOS-e820: [mem 0x0000000000000000-0x000000000009fbff] usable", "[    0.000000] BIOS-e820: [mem 0x000000000009fc00-0x000000000009ffff] reserved", "[    0.000000] BIOS-e820: [mem 0x00000000000f0000-0x00000000000fffff] reserved", "[    0.000000] BIOS-e820: [mem 0x0000000000100000-0x00000000bffdcfff] usable", "[    0.000000] BIOS-e820: [mem 0x00000000bffdd000-0x00000000bfffffff] reserved", "[    0.000000] BIOS-e820: [mem 0x00000000feffc000-0x00000000feffffff] reserved", "[    0.000000] BIOS-e820: [mem 0x00000000fffc0000-0x00000000ffffffff] reserved", "[    0.000000] BIOS-e820: [mem 0x0000000100000000-0x000000023fffffff] usable", "[    0.000000] printk: legacy bootconsole [earlyser0] enabled", "[    0.000000] printk: debug: ignoring loglevel setting.", "[    0.000000] NX (Execute Disable) protection: active", "[    0.000000] APIC: Static calls initialized", "[    0.000000] SMBIOS 2.8 present.", "[    0.000000] DMI: QEMU Ubuntu 25.04 PC (i440FX + PIIX, 1996), BIOS 1.16.3-debian-1.16.3-2 04/01/2014", "[    0.000000] Hypervisor detected: KVM", "[    0.000000] kvm-clock: Using msrs 4b564d01 and 4b564d00", "[    0.000002] kvm-clock: using sched offset of 1841375694 cycles", "[    0.003477] clocksource: kvm-clock: mask: 0xffffffffffffffff max_cycles: 0x1cd42e4dffb, max_idle_ns: 881590591483 ns", "[    0.014400] tsc: Detected 2800.272 MHz processor", "[    0.018178] e820: update [mem 0x00000000-0x00000fff] usable ==> reserved", "[    0.022665] e820: remove [mem 0x000a0000-0x000fffff] usable", "[    0.026391] last_pfn = 0x240000 max_arch_pfn = 0x400000000", "[    0.030391] MTRR map: 4 entries (3 fixed + 1 variable; max 19), built from 8 variable MTRRs", "[    0.035963] x86/PAT: Configuration [0-7]: WB  WC  UC- UC  WB  WP  UC- WT", "Memory KASLR using RDRAND RDTSC...", "[    0.043080] last_pfn = 0xbffdd max_arch_pfn = 0x400000000", "[    0.052546] found SMP MP-table at [mem 0x000f5470-0x000f547f]", "[    0.056397] Using GB pages for direct mapping", "[    0.059489] ACPI: Early table checksum verification disabled", "[    0.063288] ACPI: RSDP 0x00000000000F5270 000014 (v00 BOCHS )", "[    0.067157] ACPI: RSDT 0x00000000BFFE2565 000034 (v01 BOCHS  BXPC     00000001 BXPC 00000001)", "[    0.072838] ACPI: FACP 0x00000000BFFE23E1 000074 (v01 BOCHS  BXPC     00000001 BXPC 00000001)", "[    0.078526] ACPI: DSDT 0x00000000BFFE0040 0023A1 (v01 BOCHS  BXPC     00000001 BXPC 00000001)", "[    0.084209] ACPI: FACS 0x00000000BFFE0000 000040", "[    0.087287] ACPI: APIC 0x00000000BFFE2455 0000B0 (v03 BOCHS  BXPC     00000001 BXPC 00000001)", "[    0.092990] ACPI: HPET 0x00000000BFFE2505 000038 (v01 BOCHS  BXPC     00000001 BXPC 00000001)", "[    0.098669] ACPI: WAET 0x00000000BFFE253D 000028 (v01 BOCHS  BXPC     00000001 BXPC 00000001)", "[    0.104358] ACPI: Reserving FACP table memory at [mem 0xbffe23e1-0xbffe2454]", "[    0.109085] ACPI: Reserving DSDT table memory at [mem 0xbffe0040-0xbffe23e0]", "[    0.113785] ACPI: Reserving FACS table memory at [mem 0xbffe0000-0xbffe003f]", "[    0.118487] ACPI: Reserving APIC table memory at [mem 0xbffe2455-0xbffe2504]", "[    0.123182] ACPI: Reserving HPET table memory at [mem 0xbffe2505-0xbffe253c]", "[    0.127874] ACPI: Reserving WAET table memory at [mem 0xbffe253d-0xbffe2564]", "[    0.134315] No NUMA configuration found", "[    0.136872] Faking a node at [mem 0x0000000000000000-0x000000023fffffff]", "[    0.141321] NODE_DATA(0) allocated [mem 0x23fffa000-0x23fffdfff]", "[    0.145335] Zone ranges:", "[    0.147012]   DMA      [mem 0x0000000000001000-0x0000000000ffffff]", "[    0.151154]   DMA32    [mem 0x0000000001000000-0x00000000ffffffff]", "[    0.155270]   Normal   [mem 0x0000000100000000-0x000000023fffffff]", "[    0.159375] Movable zone start for each node", "[    0.162201] Early memory node ranges", "[    0.164577]   node   0: [mem 0x0000000000001000-0x000000000009efff]", "[    0.168782]   node   0: [mem 0x0000000000100000-0x00000000bffdcfff]", "[    0.172963]   node   0: [mem 0x0000000100000000-0x000000023fffffff]", "[    0.177121] Initmem setup node 0 [mem 0x0000000000001000-0x000000023fffffff]", "[    0.181836] On node 0, zone DMA: 1 pages in unavailable ranges", "[    0.185792] On node 0, zone DMA: 97 pages in unavailable ranges", "[    0.205267] On node 0, zone Normal: 35 pages in unavailable ranges", "[    0.212067] ACPI: PM-Timer IO Port: 0x608", "[    0.214779] ACPI: LAPIC_NMI (acpi_id[0xff] dfl dfl lint[0x1])", "[    0.218792] IOAPIC[0]: apic_id 0, version 17, address 0xfec00000, GSI 0-23", "[    0.223432] ACPI: INT_SRC_OVR (bus 0 bus_irq 0 global_irq 2 dfl dfl)", "[    0.227695] ACPI: INT_SRC_OVR (bus 0 bus_irq 5 global_irq 5 high level)", "[    0.232090] ACPI: INT_SRC_OVR (bus 0 bus_irq 9 global_irq 9 high level)", "[    0.236496] ACPI: INT_SRC_OVR (bus 0 bus_irq 10 global_irq 10 high level)", "[    0.241000] ACPI: INT_SRC_OVR (bus 0 bus_irq 11 global_irq 11 high level)", "[    0.245529] ACPI: Using ACPI (MADT) for SMP configuration information", "[    0.249829] ACPI: HPET id: 0x8086a201 base: 0xfed00000", "[    0.253250] TSC deadline timer available", "[    0.255863] smpboot: Allowing 8 CPUs, 0 hotplug CPUs", "[    0.259216] kvm-guest: APIC: eoi() replaced with kvm_guest_apic_eoi_write()", "[    0.263917] kvm-guest: KVM setup pv remote TLB flush", "[    0.267301] kvm-guest: setup PV sched yield", "[    0.270092] PM: hibernation: Registered nosave memory: [mem 0x00000000-0x00000fff]", "[    0.275168] PM: hibernation: Registered nosave memory: [mem 0x0009f000-0x0009ffff]", "[    0.280219] PM: hibernation: Registered nosave memory: [mem 0x000a0000-0x000effff]", "[    0.285246] PM: hibernation: Registered nosave memory: [mem 0x000f0000-0x000fffff]", "[    0.290303] PM: hibernation: Registered nosave memory: [mem 0xbffdd000-0xbfffffff]", "[    0.295356] PM: hibernation: Registered nosave memory: [mem 0xc0000000-0xfeffbfff]", "[    0.300396] PM: hibernation: Registered nosave memory: [mem 0xfeffc000-0xfeffffff]", "[    0.305445] PM: hibernation: Registered nosave memory: [mem 0xff000000-0xfffbffff]", "[    0.310511] PM: hibernation: Registered nosave memory: [mem 0xfffc0000-0xffffffff]", "[    0.315559] [mem 0xc0000000-0xfeffbfff] available for PCI devices", "[    0.319591] Booting paravirtualized kernel on KVM", "[    0.322722] clocksource: refined-jiffies: mask: 0xffffffff max_cycles: 0xffffffff, max_idle_ns: 1910969940391419 ns", "[    0.335041] setup_percpu: NR_CPUS:64 nr_cpumask_bits:8 nr_cpu_ids:8 nr_node_ids:1", "[    0.340462] percpu: Embedded 55 pages/cpu s184552 r8192 d32536 u262144", "[    0.344840] pcpu-alloc: s184552 r8192 d32536 u262144 alloc=1*2097152", "[    0.349099] pcpu-alloc: [0] 0 1 2 3 4 5 6 7", "[    0.352125] Kernel command line: console=ttyS0,115200 earlyprintk=serial,ttyS0,115200 ignore_loglevel root=/dev/vda1 mitigations=off", "[    0.360131] random: crng init done", "[    0.363336] Dentry cache hash table entries: 1048576 (order: 11, 8388608 bytes, linear)", "[    0.369219] Inode-cache hash table entries: 524288 (order: 10, 4194304 bytes, linear)", "[    0.374689] Fallback order for Node 0: 0", "[    0.374695] Built 1 zonelists, mobility grouping on.  Total pages: 2064093", "[    0.380886] Policy zone: Normal", "[    0.382649] mem auto-init: stack:all(zero), heap alloc:off, heap free:off", "[    0.386474] software IO TLB: area num 8.", "[    0.416801] Memory: 8140736K/8388076K available (16384K kernel code, 2735K rwdata, 5400K rodata, 1416K init, 2664K bss, 247080K reserved, 0K cma-reserved)", "[    0.424758] SLUB: HWalign=64, Order=0-3, MinObjects=0, CPUs=8, Nodes=1", "Poking KASLR using RDRAND RDTSC...", "[    0.431822] Dynamic Preempt: voluntary", "[    0.434039] rcu: Preemptible hierarchical RCU implementation.", "[    0.437254] rcu: \tRCU event tracing is enabled.", "[    0.439798] rcu: \tRCU restricting CPUs from NR_CPUS=64 to nr_cpu_ids=8.", "[    0.443612] \tTrampoline variant of Tasks RCU enabled.", "[    0.446476] rcu: RCU calculated value of scheduler-enlistment delay is 100 jiffies.", "[    0.450837] rcu: Adjusting geometry for rcu_fanout_leaf=16, nr_cpu_ids=8", "[    0.456061] NR_IRQS: 4352, nr_irqs: 488, preallocated irqs: 16", "[    0.459719] rcu: srcu_init: Setting srcu_struct sizes based on contention.", "[    0.464070] Console: colour *CGA 80x25", "[    0.466347] printk: legacy console [ttyS0] enabled", "[    0.466347] printk: legacy console [ttyS0] enabled", "[    0.471820] printk: legacy bootconsole [earlyser0] disabled", "[    0.471820] printk: legacy bootconsole [earlyser0] disabled", "[    0.478196] ACPI: Core revision 20230628", "[    0.481019] clocksource: hpet: mask: 0xffffffff max_cycles: 0xffffffff, max_idle_ns: 19112604467 ns", "[    0.486734] APIC: Switch to symmetric I/O mode setup", "[    0.489801] kvm-guest: APIC: send_IPI_mask() replaced with kvm_send_ipi_mask()", "[    0.494109] kvm-guest: APIC: send_IPI_mask_allbutself() replaced with kvm_send_ipi_mask_allbutself()", "[    0.499449] kvm-guest: setup PV IPIs", "[    0.508318] ..TIMER: vector=0x30 apic1=0 pin1=2 apic2=-1 pin2=-1", "[    0.512009] clocksource: tsc-early: mask: 0xffffffffffffffff max_cycles: 0x285d41d1c0f, max_idle_ns: 440795337668 ns", "[    0.518273] Calibrating delay loop (skipped) preset value.. 5600.54 BogoMIPS (lpj=2800272)", "[    0.520908] x86/cpu: User Mode Instruction Prevention (UMIP) activated", "[    0.522656] Last level iTLB entries: 4KB 0, 2MB 0, 4MB 0", "[    0.523270] Last level dTLB entries: 4KB 0, 2MB 0, 4MB 0, 1GB 0", "[    0.524301] Spectre V2 : User space: Vulnerable", "[    0.525270] Speculative Store Bypass: Vulnerable", "[    0.527356] x86/fpu: Supporting XSAVE feature 0x001: 'x87 floating point registers'", "[    0.528270] x86/fpu: Supporting XSAVE feature 0x002: 'SSE registers'", "[    0.529270] x86/fpu: Supporting XSAVE feature 0x004: 'AVX registers'", "[    0.530270] x86/fpu: Supporting XSAVE feature 0x020: 'AVX-512 opmask'", "[    0.531271] x86/fpu: Supporting XSAVE feature 0x040: 'AVX-512 Hi256'", "[    0.532270] x86/fpu: Supporting XSAVE feature 0x080: 'AVX-512 ZMM_Hi256'", "[    0.533271] x86/fpu: xstate_offset[2]:  576, xstate_sizes[2]:  256", "[    0.534271] x86/fpu: xstate_offset[5]:  832, xstate_sizes[5]:   64", "[    0.535271] x86/fpu: xstate_offset[6]:  896, xstate_sizes[6]:  512", "[    0.536270] x86/fpu: xstate_offset[7]: 1408, xstate_sizes[7]: 1024", "[    0.537270] x86/fpu: Enabled xstate features 0xe7, context size is 2432 bytes, using 'compacted' format.", "[    0.542620] Freeing SMP alternatives memory: 48K", "[    0.543273] pid_max: default: 32768 minimum: 301", "[    0.544293] LSM: initializing lsm=capability,selinux,integrity", "[    0.545273] SELinux:  Initializing.", "[    0.546317] Mount-cache hash table entries: 16384 (order: 5, 131072 bytes, linear)", "[    0.548292] Mountpoint-cache hash table entries: 16384 (order: 5, 131072 bytes, linear)", "[    0.549743] smpboot: CPU0: Intel(R) Xeon(R) CPU @ 2.80GHz (family: 0x6, model: 0x55, stepping: 0x7)", "[    0.550411] RCU Tasks: Setting shift to 3 and lim to 1 rcu_task_cb_adjust=1.", "[    0.551296] Performance Events: unsupported p6 CPU model 85 no PMU driver, software events only.", "[    0.552431] signal: max sigframe size: 3632", "[    0.553332] rcu: Hierarchical SRCU implementation.", "[    0.554279] rcu: \tMax phase no-delay instances is 400.", "[    0.555468] smp: Bringing up secondary CPUs ...", "[    0.556474] smpboot: x86: Booting SMP configuration:", "[    0.557281] .... node  #0, CPUs:      #1 #2 #3 #4 #5 #6 #7", "[    0.588311] smp: Brought up 1 node, 8 CPUs", "[    0.590279] smpboot: Max logical packages: 1", "[    0.591279] smpboot: Total of 8 processors activated (44804.35 BogoMIPS)", "[    0.597350] devtmpfs: initialized", "[    0.598608] clocksource: jiffies: mask: 0xffffffff max_cycles: 0xffffffff, max_idle_ns: 1911260446275000 ns", "[    0.599284] futex hash table entries: 2048 (order: 5, 131072 bytes, linear)", "[    0.600668] PM: RTC time: 08:07:58, date: 2025-05-17", "[    0.601864] NET: Registered PF_NETLINK/PF_ROUTE protocol family", "[    0.602357] audit: initializing netlink subsys (disabled)", "[    0.603330] audit: type=2000 audit(1747469278.919:1): state=initialized audit_enabled=0 res=1", "[    0.603360] thermal_sys: Registered thermal governor 'step_wise'", "[    0.604280] thermal_sys: Registered thermal governor 'user_space'", "[    0.605299] cpuidle: using governor menu", "[    0.608081] PCI: Using configuration type 1 for base access", "[    0.608368] kprobes: kprobe jump-optimization is enabled. All kprobes are optimized if possible.", "[    0.610702] HugeTLB: registered 2.00 MiB page size, pre-allocated 0 pages", "[    0.611281] HugeTLB: 28 KiB vmemmap can be freed for a 2.00 MiB page", "[    0.612358] ACPI: Added _OSI(Module Device)", "[    0.613281] ACPI: Added _OSI(Processor Device)", "[    0.614279] ACPI: Added _OSI(3.0 _SCP Extensions)", "[    0.615297] ACPI: Added _OSI(Processor Aggregator Device)", "[    0.616768] ACPI: 1 ACPI AML tables successfully acquired and loaded", "[    0.622541] ACPI: _OSC evaluation for CPUs failed, trying _PDC", "[    0.623369] ACPI: Interpreter enabled", "[    0.624291] ACPI: PM: (supports S0 S3 S4 S5)", "[    0.625279] ACPI: Using IOAPIC for interrupt routing", "[    0.626299] PCI: Using host bridge windows from ACPI; if necessary, use \"pci=nocrs\" and report a bug", "[    0.627281] PCI: Using E820 reservations for host bridge windows", "[    0.628421] ACPI: Enabled 2 GPEs in block 00 to 0F", "[    0.631929] ACPI: PCI Root Bridge [PCI0] (domain 0000 [bus 00-ff])", "[    0.632285] acpi PNP0A03:00: _OSC: OS supports [ASPM ClockPM Segments MSI HPX-Type3]", "[    0.633281] acpi PNP0A03:00: _OSC: not requesting OS control; OS requires [ExtendedConfig ASPM ClockPM MSI]", "[    0.634291] acpi PNP0A03:00: fail to add MMCONFIG information, can't access extended configuration space under this bridge", "[    0.635382] PCI host bridge to bus 0000:00", "[    0.636280] pci_bus 0000:00: root bus resource [io  0x0000-0x0cf7 window]", "[    0.637281] pci_bus 0000:00: root bus resource [io  0x0d00-0xffff window]", "[    0.638281] pci_bus 0000:00: root bus resource [mem 0x000a0000-0x000bffff window]", "[    0.639280] pci_bus 0000:00: root bus resource [mem 0xc0000000-0xfebfffff window]", "[    0.640279] pci_bus 0000:00: root bus resource [mem 0x380000000000-0x38007fffffff window]", "[    0.641280] pci_bus 0000:00: root bus resource [bus 00-ff]", "[    0.642485] pci 0000:00:00.0: [8086:1237] type 00 class 0x060000 conventional PCI endpoint", "[    0.645203] pci 0000:00:01.0: [8086:7000] type 00 class 0x060100 conventional PCI endpoint", "[    0.648010] pci 0000:00:01.1: [8086:7010] type 00 class 0x010180 conventional PCI endpoint", "[    0.652036] pci 0000:00:01.1: BAR 4 [io  0xc0e0-0xc0ef]", "[    0.653880] pci 0000:00:01.1: BAR 0 [io  0x01f0-0x01f7]: legacy IDE quirk", "[    0.654282] pci 0000:00:01.1: BAR 1 [io  0x03f6]: legacy IDE quirk", "[    0.655280] pci 0000:00:01.1: BAR 2 [io  0x0170-0x0177]: legacy IDE quirk", "[    0.656279] pci 0000:00:01.1: BAR 3 [io  0x0376]: legacy IDE quirk", "[    0.657909] pci 0000:00:01.3: [8086:7113] type 00 class 0x068000 conventional PCI endpoint", "[    0.660494] pci 0000:00:01.3: quirk: [io  0x0600-0x063f] claimed by PIIX4 ACPI", "[    0.661319] pci 0000:00:01.3: quirk: [io  0x0700-0x070f] claimed by PIIX4 SMB", "[    0.663759] pci 0000:00:02.0: [1af4:1001] type 00 class 0x010000 conventional PCI endpoint", "[    0.666281] pci 0000:00:02.0: BAR 0 [io  0xc000-0xc07f]", "[    0.669209] pci 0000:00:02.0: BAR 1 [mem 0xfeb80000-0xfeb80fff]", "[    0.675282] pci 0000:00:02.0: BAR 4 [mem 0x380000000000-0x380000003fff 64bit pref]", "[    0.682436] pci 0000:00:03.0: [1af4:1000] type 00 class 0x020000 conventional PCI endpoint", "[    0.684720] pci 0000:00:03.0: BAR 0 [io  0xc0c0-0xc0df]", "[    0.686281] pci 0000:00:03.0: BAR 1 [mem 0xfeb81000-0xfeb81fff]", "[    0.691282] pci 0000:00:03.0: BAR 4 [mem 0x380000004000-0x380000007fff 64bit pref]", "[    0.693282] pci 0000:00:03.0: ROM [mem 0xfeb00000-0xfeb7ffff pref]", "[    0.698280] pci 0000:00:04.0: [1af4:1003] type 00 class 0x078000 conventional PCI endpoint", "[    0.700281] pci 0000:00:04.0: BAR 0 [io  0xc080-0xc0bf]", "[    0.702281] pci 0000:00:04.0: BAR 1 [mem 0xfeb82000-0xfeb82fff]", "[    0.706282] pci 0000:00:04.0: BAR 4 [mem 0x380000008000-0x38000000bfff 64bit pref]", "[    0.712458] ACPI: PCI: Interrupt link LNKA configured for IRQ 10", "[    0.713514] ACPI: PCI: Interrupt link LNKB configured for IRQ 10", "[    0.714501] ACPI: PCI: Interrupt link LNKC configured for IRQ 11", "[    0.715493] ACPI: PCI: Interrupt link LNKD configured for IRQ 11", "[    0.716402] ACPI: PCI: Interrupt link LNKS configured for IRQ 9", "[    0.717960] iommu: Default domain type: Translated", "[    0.718279] iommu: DMA domain TLB invalidation policy: lazy mode", "[    0.719351] SCSI subsystem initialized", "[    0.720327] libata version 3.00 loaded.", "[    0.721308] ACPI: bus type USB registered", "[    0.722294] usbcore: registered new interface driver usbfs", "[    0.723287] usbcore: registered new interface driver hub", "[    0.724292] usbcore: registered new device driver usb", "[    0.725299] pps_core: LinuxPPS API ver. 1 registered", "[    0.726278] pps_core: Software ver. 5.3.6 - Copyright 2005-2007 Rodolfo Giometti <giometti@linux.it>", "[    0.727284] PTP clock support registered", "[    0.728332] Advanced Linux Sound Architecture Driver Initialized.", "[    0.729415] NetLabel: Initializing", "[    0.730279] NetLabel:  domain hash size = 128", "[    0.731297] NetLabel:  protocols = UNLABELED CIPSOv4 CALIPSO", "[    0.732298] NetLabel:  unlabeled traffic allowed by default", "[    0.733322] PCI: Using ACPI for IRQ routing", "[    0.734281] PCI: pci_cache_line_size set to 64 bytes", "[    0.735831] e820: reserve RAM buffer [mem 0x0009fc00-0x0009ffff]", "[    0.736279] e820: reserve RAM buffer [mem 0xbffdd000-0xbfffffff]", "[    0.737326] vgaarb: loaded", "[    0.738351] hpet0: at MMIO 0xfed00000, IRQs 2, 8, 0", "[    0.739278] hpet0: 3 comparators, 64-bit 100.000000 MHz counter", "[    0.759414] clocksource: Switched to clocksource kvm-clock", "[    0.762698] VFS: Disk quotas dquot_6.6.0", "[    0.764957] VFS: Dquot-cache hash table entries: 512 (order 0, 4096 bytes)", "[    0.768927] pnp: PnP ACPI init", "[    0.770793] pnp 00:02: [dma 2]", "[    0.772871] pnp: PnP ACPI: found 5 devices", "[    0.790878] clocksource: acpi_pm: mask: 0xffffff max_cycles: 0xffffff, max_idle_ns: 2085701024 ns", "[    0.795943] NET: Registered PF_INET protocol family", "[    0.798898] IP idents hash table entries: 131072 (order: 8, 1048576 bytes, linear)", "[    0.804493] tcp_listen_portaddr_hash hash table entries: 4096 (order: 4, 65536 bytes, linear)", "[    0.809304] Table-perturb hash table entries: 65536 (order: 6, 262144 bytes, linear)", "[    0.813588] TCP established hash table entries: 65536 (order: 7, 524288 bytes, linear)", "[    0.817991] TCP bind hash table entries: 65536 (order: 9, 2097152 bytes, linear)", "[    0.822363] TCP: Hash tables configured (established 65536 bind 65536)", "[    0.826016] UDP hash table entries: 4096 (order: 5, 131072 bytes, linear)", "[    0.829739] UDP-Lite hash table entries: 4096 (order: 5, 131072 bytes, linear)", "[    0.833723] NET: Registered PF_UNIX/PF_LOCAL protocol family", "[    0.837767] RPC: Registered named UNIX socket transport module.", "[    0.841051] RPC: Registered udp transport module.", "[    0.843689] RPC: Registered tcp transport module.", "[    0.846282] RPC: Registered tcp-with-tls transport module.", "[    0.849323] RPC: Registered tcp NFSv4.1 backchannel transport module.", "[    0.853556] pci_bus 0000:00: resource 4 [io  0x0000-0x0cf7 window]", "[    0.856955] pci_bus 0000:00: resource 5 [io  0x0d00-0xffff window]", "[    0.860369] pci_bus 0000:00: resource 6 [mem 0x000a0000-0x000bffff window]", "[    0.864167] pci_bus 0000:00: resource 7 [mem 0xc0000000-0xfebfffff window]", "[    0.867901] pci_bus 0000:00: resource 8 [mem 0x380000000000-0x38007fffffff window]", "[    0.872096] pci 0000:00:01.0: PIIX3: Enabling Passive Release", "[    0.875302] pci 0000:00:00.0: Limiting direct PCI/PCI transfers", "[    0.878876] PCI: CLS 0 bytes, default 64", "[    0.881086] PCI-DMA: Using software bounce buffering for IO (SWIOTLB)", "[    0.884591] software IO TLB: mapped [mem 0x00000000bbfdd000-0x00000000bffdd000] (64MB)", "[    0.890227] RAPL PMU: API unit is 2^-32 Joules, 0 fixed counters, 10737418240 ms ovfl timer", "[    0.894781] clocksource: tsc: mask: 0xffffffffffffffff max_cycles: 0x285d41d1c0f, max_idle_ns: 440795337668 ns", "[    0.905100] Initialise system trusted keyrings", "[    0.907998] workingset: timestamp_bits=56 max_order=21 bucket_order=0", "[    0.912052] NFS: Registering the id_resolver key type", "[    0.914949] Key type id_resolver registered", "[    0.917311] Key type id_legacy registered", "[    0.919790] 9p: Installing v9fs 9p2000 file system support", "[    0.935019] Key type asymmetric registered", "[    0.937360] Asymmetric key parser 'x509' registered", "[    0.940108] Block layer SCSI generic (bsg) driver version 0.4 loaded (major 251)", "[    0.944268] io scheduler mq-deadline registered", "[    0.946804] io scheduler kyber registered", "[    0.950556] input: Power Button as /devices/LNXSYSTM:00/LNXPWRBN:00/input/input0", "[    0.954806] ACPI: button: Power Button [PWRF]", "[    0.958515] ACPI: \\_SB_.LNKB: Enabled at IRQ 10", "[    0.965960] ACPI: \\_SB_.LNKC: Enabled at IRQ 11", "[    0.973092] ACPI: \\_SB_.LNKD: Enabled at IRQ 11", "[    0.979857] Serial: 8250/16550 driver, 4 ports, IRQ sharing enabled", "[    0.983820] 00:03: ttyS0 at I/O 0x3f8 (irq = 4, base_baud = 115200) is a 16550A", "[    1.025538] Non-volatile memory driver v1.3", "[    1.027957] Linux agpgart interface v0.103", "[    1.030459] ACPI: bus type drm_connector registered", "[    1.038050] loop: module loaded", "[    1.040237] virtio_blk virtio0: 8/0/0 default/read/poll queues", "[    1.051359] virtio_blk virtio0: [vda] 52428800 512-byte logical blocks (26.8 GB/25.0 GiB)", "[    1.058719]  vda: vda1 vda14 vda15 vda16", "[    1.061848] ata_piix 0000:00:01.1: version 2.13", "[    1.066315] scsi host0: ata_piix", "[    1.068820] scsi host1: ata_piix", "[    1.070756] ata1: PATA max MWDMA2 cmd 0x1f0 ctl 0x3f6 bmdma 0xc0e0 irq 14 lpm-pol 0", "[    1.074946] ata2: PATA max MWDMA2 cmd 0x170 ctl 0x376 bmdma 0xc0e8 irq 15 lpm-pol 0", "[    1.083872] e100: Intel(R) PRO/100 Network Driver", "[    1.086512] e100: Copyright(c) 1999-2006 Intel Corporation", "[    1.089539] e1000: Intel(R) PRO/1000 Network Driver", "[    1.092411] e1000: Copyright (c) 1999-2006 Intel Corporation.", "[    1.095667] e1000e: Intel(R) PRO/1000 Network Driver", "[    1.098415] e1000e: Copyright(c) 1999 - 2015 Intel Corporation.", "[    1.101798] sky2: driver version 1.30", "[    1.104278] usbcore: registered new interface driver usblp", "[    1.107352] usbcore: registered new interface driver usb-storage", "[    1.110667] i8042: PNP: PS/2 Controller [PNP0303:KBD,PNP0f13:MOU] at 0x60,0x64 irq 1,12", "[    1.117557] serio: i8042 KBD port at 0x60,0x64 irq 1", "[    1.120351] serio: i8042 AUX port at 0x60,0x64 irq 12", "[    1.123680] rtc_cmos 00:04: RTC can wake from S4", "[    1.128886] input: AT Translated Set 2 keyboard as /devices/platform/i8042/serio0/input/input1", "[    1.134359] rtc_cmos 00:04: registered as rtc0", "[    1.137339] rtc_cmos 00:04: alarms up to one day, y3k, 242 bytes nvram, hpet irqs", "[    1.142341] device-mapper: ioctl: 4.48.0-ioctl (2023-03-01) initialised: dm-devel@redhat.com", "[    1.147212] intel_pstate: CPU model not supported", "[    1.149997] hid: raw HID events driver (C) Jiri Kosina", "[    1.153085] usbcore: registered new interface driver usbhid", "[    1.156302] usbhid: USB HID core driver", "[    1.161030] Initializing XFRM netlink socket", "[    1.163568] NET: Registered PF_INET6 protocol family", "[    1.167729] Segment Routing with IPv6", "[    1.169921] In-situ OAM (IOAM) with IPv6", "[    1.172343] sit: IPv6, IPv4 and MPLS over IPv4 tunneling driver", "[    1.175918] NET: Registered PF_PACKET protocol family", "[    1.179007] 9pnet: Installing 9P2000 support", "[    1.181762] Key type dns_resolver registered", "[    1.187280] IPI shorthand broadcast: enabled", "[    1.191473] sched_clock: Marking stable (1143019403, 47624202)->(1544244012, -353600407)", "[    1.196580] registered taskstats version 1", "[    1.198910] Loading compiled-in X.509 certificates", "[    1.203337] PM:   Magic number: 9:183:119", "[    1.205672] printk: legacy console [netcon0] enabled", "[    1.208454] netconsole: network logging started", "[    1.211090] cfg80211: Loading compiled-in X.509 certificates for regulatory database", "[    1.215791] kworker/u16:2 (85) used greatest stack depth: 13984 bytes left", "[    1.216909] Loaded X.509 cert 'sforshee: 00b28ddf47aef9cea7'", "[    1.222616] Loaded X.509 cert 'wens: 61c038651aabdcf94bd0ac7ff06c7248db18c600'", "[    1.226531] platform regulatory.0: Direct firmware load for regulatory.db failed with error -2", "[    1.229781] ALSA device list:", "[    1.230898] cfg80211: failed to load regulatory.db", "[    1.232428]   No soundcards found.", "[    1.812668] input: ImExPS/2 Generic Explorer Mouse as /devices/platform/i8042/serio1/input/input3", "[    1.816592] md: Waiting for all devices to be available before autodetect", "[    1.819031] md: If you don't use raid, use raid=noautodetect", "[    1.821057] md: Autodetecting RAID arrays.", "[    1.822556] md: autorun ...", "[    1.823593] md: ... autorun DONE.", "[    1.826980] EXT4-fs (vda1): mounted filesystem c8107c30-aa3b-40eb-bd2a-416a91df85e7 ro with ordered data mode. Quota mode: none.", "[    1.830930] VFS: Mounted root (ext4 filesystem) readonly on device 253:1.", "[    1.833542] devtmpfs: mounted", "[    1.836811] Freeing unused kernel image (initmem) memory: 1416K", "[    1.838887] Write protecting the kernel read-only data: 22528k", "[    1.841782] Freeing unused kernel image (rodata/data gap) memory: 744K", "[    1.854380] x86/mm: Checked W+X mappings: passed, no W+X pages found.", "[    1.856647] Run /sbin/init as init process", "[    1.858162]   with arguments:", "[    1.859272]     /sbin/init", "[    1.860296]   with environment:", "[    1.861460]     HOME=/", "[    1.862374]     TERM=linux", "SELinux:  Could not open policy file <= /etc/selinux/targeted/policy/policy.33:  No such file or directory", "[    2.109361] systemd[1]: systemd 255.4-1ubuntu8.6 running in system mode (+PAM +AUDIT +SELINUX +APPARMOR +IMA +SMACK +SECCOMP +GCRYPT -GNUTLS +OPENSSL +ACL +BLKID +CURL +ELFUTILS +FIDO2 +IDN2 -IDN +IPTC +KMOD +LIBCRYPTSETUP +LIBFDISK +PCRE2 -PWQUALITY +P11KIT +QRENCODE +TPM2 +BZIP2 +LZ4 +XZ +ZLIB +ZSTD -BPF_FRAMEWORK -XKBCOMMON +UTMP +SYSVINIT default-hierarchy=unified)", "[    2.120253] systemd[1]: Detected virtualization kvm.", "[    2.122081] systemd[1]: Detected architecture x86-64.", "", "Welcome to \u001b[1mUbuntu 24.04.2 LTS\u001b[0m!", "", "", "[    2.130277] systemd[1]: Hostname set to <ubuntu-testing>.", "[    2.153017] snapd-env-gener (93) used greatest stack depth: 13112 bytes left", "[    2.268431] cloud-init-gene (96) used greatest stack depth: 12968 bytes left", "[    2.430552] systemd[1]: Queued start job for default target graphical.target.", "[    2.441250] systemd[1]: Created slice system-modprobe.slice - Slice /system/modprobe.", "[\u001b[0;32m  OK  \u001b[0m] Created slice \u001b[0;1;39msystem-modprobe.slice\u001b[0m - Slice /system/modprobe.", "", "[    2.447470] systemd[1]: Created slice system-serial\\x2dgetty.slice - Slice /system/serial-getty.", "[\u001b[0;32m  OK  \u001b[0m] Created slice \u001b[0;1;39msystem-serial\\x2dget\u2026slice\u001b[0m - Slice /system/serial-getty.", "", "[    2.454359] systemd[1]: Created slice system-systemd\\x2dfsck.slice - Slice /system/systemd-fsck.", "[\u001b[0;32m  OK  \u001b[0m] Created slice \u001b[0;1;39msystem-systemd\\x2dfs\u2026slice\u001b[0m - Slice /system/systemd-fsck.", "", "[    2.460902] systemd[1]: Created slice user.slice - User and Session Slice.", "[\u001b[0;32m  OK  \u001b[0m] Created slice \u001b[0;1;39muser.slice\u001b[0m - User and Session Slice.", "", "[    2.466229] systemd[1]: Started systemd-ask-password-console.path - Dispatch Password Requests to Console Directory Watch.", "[\u001b[0;32m  OK  \u001b[0m] Started \u001b[0;1;39msystemd-ask-password-conso\u2026\u001b[0mequests to Console Directory Watch.", "", "[    2.473510] systemd[1]: Started systemd-ask-password-wall.path - Forward Password Requests to Wall Directory Watch.", "[\u001b[0;32m  OK  \u001b[0m] Started \u001b[0;1;39msystemd-ask-password-wall.\u2026\u001b[0md Requests to Wall Directory Watch.", "", "[    2.480856] systemd[1]: Set up automount proc-sys-fs-binfmt_misc.automount - Arbitrary Executable File Formats File System Automount Point.", "[\u001b[0;32m  OK  \u001b[0m] Set up automount \u001b[0;1;39mproc-sys-fs-binfm\u2026\u001b[0mormats File System Automount Point.", "", "[    2.488378] systemd[1]: Expecting device dev-disk-by\\x2dlabel-BOOT.device - /dev/disk/by-label/BOOT...", "Expecting device \u001b[0;1;39mdev-disk-by\\x2dla\u2026device\u001b[0m - /dev/disk/by-label/BOOT...", "", "[    2.494666] systemd[1]: Expecting device dev-disk-by\\x2dlabel-UEFI.device - /dev/disk/by-label/UEFI...", "Expecting device \u001b[0;1;39mdev-disk-by\\x2dla\u2026device\u001b[0m - /dev/disk/by-label/UEFI...", "", "[    2.500775] systemd[1]: Expecting device dev-ttyS0.device - /dev/ttyS0...", "Expecting device \u001b[0;1;39mdev-ttyS0.device\u001b[0m - /dev/ttyS0...", "", "[    2.505515] systemd[1]: Reached target cryptsetup.target - Local Encrypted Volumes.", "[\u001b[0;32m  OK  \u001b[0m] Reached target \u001b[0;1;39mcryptsetup.target\u001b[0m - Local Encrypted Volumes.", "", "[    2.510971] systemd[1]: Reached target integritysetup.target - Local Integrity Protected Volumes.", "[\u001b[0;32m  OK  \u001b[0m] Reached target \u001b[0;1;39mintegritysetup.targ\u2026\u001b[0m Local Integrity Protected Volumes.", "", "[    2.517243] systemd[1]: Reached target remote-fs.target - Remote File Systems.", "[\u001b[0;32m  OK  \u001b[0m] Reached target \u001b[0;1;39mremote-fs.target\u001b[0m - Remote File Systems.", "", "[    2.522792] systemd[1]: Reached target slices.target - Slice Units.", "[\u001b[0;32m  OK  \u001b[0m] Reached target \u001b[0;1;39mslices.target\u001b[0m - Slice Units.", "", "[    2.527695] systemd[1]: Reached target snapd.mounts-pre.target - Mounting snaps.", "[\u001b[0;32m  OK  \u001b[0m] Reached target \u001b[0;1;39msnapd.mounts-pre.target\u001b[0m - Mounting snaps.", "", "[    2.746185] systemd[1]: Reached target snapd.mounts.target - Mounted snaps.", "[\u001b[0;32m  OK  \u001b[0m] Reached target \u001b[0;1;39msnapd.mounts.target\u001b[0m - Mounted snaps.", "", "[    2.751786] systemd[1]: Reached target swap.target - Swaps.", "[\u001b[0;32m  OK  \u001b[0m] Reached target \u001b[0;1;39mswap.target\u001b[0m - Swaps.", "", "[    2.756216] systemd[1]: Reached target veritysetup.target - Local Verity Protected Volumes.", "[\u001b[0;32m  OK  \u001b[0m] Reached target \u001b[0;1;39mveritysetup.target\u001b[0m - Local Verity Protected Volumes.", "", "[    2.762931] systemd[1]: Listening on systemd-fsckd.socket - fsck to fsckd communication Socket.", "[\u001b[0;32m  OK  \u001b[0m] Listening on \u001b[0;1;39msystemd-fsckd.socket\u001b[0m \u2026fsck to fsckd communication Socket.", "", "[    2.769611] systemd[1]: Listening on systemd-initctl.socket - initctl Compatibility Named Pipe.", "[\u001b[0;32m  OK  \u001b[0m] Listening on \u001b[0;1;39msystemd-initctl.socke\u2026\u001b[0m- initctl Compatibility Named Pipe.", "", "[    2.776315] systemd[1]: Listening on systemd-journald-dev-log.socket - Journal Socket (/dev/log).", "[\u001b[0;32m  OK  \u001b[0m] Listening on \u001b[0;1;39msystemd-journald-dev-\u2026socket\u001b[0m - Journal Socket (/dev/log).", "", "[    2.782922] systemd[1]: Listening on systemd-journald.socket - Journal Socket.", "[\u001b[0;32m  OK  \u001b[0m] Listening on \u001b[0;1;39msystemd-journald.socket\u001b[0m - Journal Socket.", "", "[    2.788448] systemd[1]: Listening on systemd-networkd.socket - Network Service Netlink Socket.", "[\u001b[0;32m  OK  \u001b[0m] Listening on \u001b[0;1;39msystemd-networkd.socket\u001b[0m - Network Service Netlink Socket.", "", "[    2.794674] systemd[1]: systemd-pcrextend.socket - TPM2 PCR Extension (Varlink) was skipped because of an unmet condition check (ConditionSecurity=measured-uki).", "[    2.799552] systemd[1]: Listening on systemd-udevd-control.socket - udev Control Socket.", "[\u001b[0;32m  OK  \u001b[0m] Listening on \u001b[0;1;39msystemd-udevd-control.socket\u001b[0m - udev Control Socket.", "", "[    2.805476] systemd[1]: Listening on systemd-udevd-kernel.socket - udev Kernel Socket.", "[\u001b[0;32m  OK  \u001b[0m] Listening on \u001b[0;1;39msystemd-udevd-kernel.socket\u001b[0m - udev Kernel Socket.", "", "[    2.820775] systemd[1]: Mounting dev-hugepages.mount - Huge Pages File System...", "Mounting \u001b[0;1;39mdev-hugepages.mount\u001b[0m - Huge Pages File System...", "", "[    2.826793] systemd[1]: Mounting dev-mqueue.mount - POSIX Message Queue File System...", "Mounting \u001b[0;1;39mdev-mqueue.mount\u001b[0m - POSIX Message Queue File System...", "", "[    2.833220] systemd[1]: Mounting sys-kernel-debug.mount - Kernel Debug File System...", "Mounting \u001b[0;1;39msys-kernel-debug.mount\u001b[0m - Kernel Debug File System...", "", "[    2.839379] systemd[1]: Mounting sys-kernel-tracing.mount - Kernel Trace File System...", "Mounting \u001b[0;1;39msys-kernel-tracing.mount\u001b[0m - Kernel Trace File System...", "", "[    2.847001] systemd[1]: systemd-journald.service: unit configures an IP firewall, but the local system does not support BPF/cgroup firewalling.", "[    2.851433] systemd[1]: systemd-journald.service: (This warning is only shown for the first unit using IP firewalling.)", "[    2.856079] systemd[1]: Starting systemd-journald.service - Journal Service...", "Starting \u001b[0;1;39msystemd-journald.service\u001b[0m - Journal Service...", "", "[    2.862608] systemd[1]: Starting keyboard-setup.service - Set the console keyboard layout...", "Starting \u001b[0;1;39mkeyboard-setup.service\u001b[0m - Set the console keyboard layout...", "", "[    2.869064] systemd[1]: kmod-static-nodes.service - Create List of Static Device Nodes was skipped because of an unmet condition check (ConditionFileNotEmpty=/lib/modules/6.8.0/modules.devname).", "[    2.876188] systemd[1]: Starting modprobe@configfs.service - Load Kernel Module configfs...", "Starting \u001b[0;1;39mmodprobe@configfs.service\u001b[0m - Load Kernel Module configfs...", "", "[    2.883822] systemd[1]: Starting modprobe@dm_mod.service - Load Kernel Module dm_mod...", "Starting \u001b[0;1;39mmodprobe@dm_mod.service\u001b[0m - Load Kernel Module dm_mod...", "", "[    2.893013] systemd[1]: Starting modprobe@drm.service - Load Kernel Module drm...", "Starting \u001b[0;1;39mmodprobe@drm.service\u001b[0m - Load Kernel Module drm...", "", "[    2.905470] systemd[1]: Starting modprobe@efi_pstore.service - Load Kernel Module efi_pstore...", "Starting \u001b[0;1;39mmodprobe@efi_pstore.servi\u2026\u001b[0m - Load Kernel Module efi_pstore...", "", "[    2.915746] systemd[1]: Starting modprobe@fuse.service - Load Kernel Module fuse...", "Starting \u001b[0;1;39mmodprobe@fuse.service\u001b[0m - Load Kernel Module fuse...", "", "[    2.925719] systemd[1]: Starting modprobe@loop.service - Load Kernel Module loop...", "Starting \u001b[0;1;39mmodprobe@loop.service\u001b[0m - Load Kernel Module loop...", "", "[    2.931779] systemd[1]: netplan-ovs-cleanup.service - OpenVSwitch configuration for cleanup was skipped because of an unmet condition check (ConditionFileIsExecutable=/usr/bin/ovs-vsctl).", "[    2.939400] systemd-journald[132]: Collecting audit messages is disabled.", "[    2.941228] systemd[1]: Starting systemd-fsck-root.service - File System Check on Root Device...", "Starting \u001b[0;1;39msystemd-fsck-root.service\u001b[0m\u2026File System Check on Root Device...", "", "[    2.951936] systemd[1]: Starting systemd-modules-load.service - Load Kernel Modules...", "[    2.955040] systemd[1]: systemd-pcrmachine.service - TPM2 PCR Machine ID Measurement was skipped because of an unmet condition check (ConditionSecurity=measured-uki).", "Starting \u001b[0;1;39msystemd-modules-load.service\u001b[0m - Lo[    2.962846] systemd[1]: Starting systemd-tmpfiles-setup-dev-early.service - Create Static Device Nodes in /dev gracefully...", "ad Kernel Modules...", "", "[    2.969223] systemd[1]: systemd-tpm2-setup-early.service - TPM2 SRK Setup (Early) was skipped because of an unmet condition check (ConditionSecurity=measured-uki).", "Starting \u001b[0;1;39msyste[    2.976271] systemd[1]: Starting systemd-udev-trigger.service - Coldplug All udev Devices...", "md-tmpfiles-setup-de\u2026\u001b[0m Device Nodes in /dev gracefully...", "", "[    2.983060] systemd[1]: Started systemd-journald.service - Journal Service.", "", "Starting \u001b[0;1;39msystemd-udev-trigger.service\u001b[0m - Coldplug All udev Devices...", "", "[\u001b[0;32m  OK  \u001b[0m] Started \u001b[0;1;39msystemd-journald.service\u001b[0m - Journal Service.", "", "[\u001b[0;32m  OK  \u001b[0m] Mounted \u001b[0;1;39mdev-hugepages.mount\u001b[0m - Huge Pages File System.", "", "[\u001b[0;32m  OK  \u001b[0m] Mounted \u001b[0;1;39mdev-mqueue.mount\u001b[0m - POSIX Message Queue File System.", "", "[\u001b[0;32m  OK  \u001b[0m] Mounted \u001b[0;1;39msys-kernel-debug.mount\u001b[0m - Kernel Debug File System.", "", "[\u001b[0;32m  OK  \u001b[0m] Mounted \u001b[0;1;39msys-kernel-tracing.mount\u001b[0m - Kernel Trace File System.", "", "[\u001b[0;32m  OK  \u001b[0m] Finished \u001b[0;1;39mmodprobe@configfs.service\u001b[0m - Load Kernel Module configfs.", "", "[\u001b[0;32m  OK  \u001b[0m] Finished \u001b[0;1;39mmodprobe@dm_mod.service\u001b[0m - Load Kernel Module dm_mod.", "", "[\u001b[0;32m  OK  \u001b[0m] Finished \u001b[0;1;39mmodprobe@drm.service\u001b[0m - Load Kernel Module drm.", "", "[\u001b[0;32m  OK  \u001b[0m] Finished \u001b[0;1;39mmodprobe@efi_pstore.service\u001b[0m - Load Kernel Module efi_pstore.", "", "[\u001b[0;32m  OK  \u001b[0m] Finished \u001b[0;1;39mmodprobe@fuse.service\u001b[0m - Load Kernel Module fuse.", "", "[\u001b[0;32m  OK  \u001b[0m] Finished \u001b[0;1;39mmodprobe@loop.service\u001b[0m - Load Kernel Module loop.", "", "[\u001b[0;32m  OK  \u001b[0m] Finished \u001b[0;1;39msystemd-fsck-root.service\u001b[0m - File System Check on Root Device.", "", "[\u001b[0;32m  OK  \u001b[0m] Finished \u001b[0;1;39mkeyboard-setup.service\u001b[0m - Set the console keyboard layout.", "", "[\u001b[0;32m  OK  \u001b[0m] Finished \u001b[0;1;39msystemd-modules-load.service\u001b[0m - Load Kernel Modules.", "", "[\u001b[0;32m  OK  \u001b[0m] Finished \u001b[0;1;39msystemd-tmpfiles-setup-de\u2026\u001b[0mic Device Nodes in /dev gracefully.", "", "[\u001b[0;32m  OK  \u001b[0m] Finished \u001b[0;1;39msystemd-udev-trigger.service\u001b[0m - Coldplug All udev Devices.", "", "[\u001b[0;32m  OK  \u001b[0m] Started \u001b[0;1;39msystemd-fsckd.service\u001b[0m - Fi\u2026stem Check Daemon to report status.", "", "Starting \u001b[0;1;39msystemd-remount-fs.servic\u2026\u001b[0munt Root and Kernel File Systems...", "", "Starting \u001b[0;1;39msystemd-sysctl.service\u001b[0m - Apply Kernel Variables...", "", "[\u001b[0;32m  OK  \u001b[0m] Finished \u001b[0;1;39msystemd-sysctl.service\u001b[0m - Apply Kernel Variables.", "", "[    3.132221] EXT4-fs (vda1): re-mounted c8107c30-aa3b-40eb-bd2a-416a91df85e7 r/w. Quota mode: none.", "[\u001b[0;32m  OK  \u001b[0m] Finished \u001b[0;1;39msystemd-remount-fs.servic\u2026\u001b[0mmount Root and Kernel File Systems.", "", "Starting \u001b[0;1;39msystemd-journal-flush.ser\u2026\u001b[0msh Journal to Persistent Storage...", "", "Starting \u001b[0;1;39msystemd-random-seed.s[    3.157839] systemd-journald[132]: Received client request to flush runtime journal.", "ervice\u001b[0m - Load/Save OS Random Seed...", "", "Starting \u001b[0;1;39msystemd-sysusers.service\u001b[0m - Create System Users...", "", "[\u001b[0;32m  OK  \u001b[0m] Finished \u001b[0;1;39msystemd-random-seed.service\u001b[0m - Load/Save OS Random Seed.", "", "[\u001b[0;32m  OK  \u001b[0m] Finished \u001b[0;1;39msystemd-sysusers.service\u001b[0m - Create System Users.", "", "[    3.188356] systemd-journald[132]: /var/log/journal/26d7b7c94826499bb6e00a5f602ee679/system.journal: Journal file uses a different sequence number ID, rotating.", "[    3.192759] systemd-journald[132]: Rotating system journal.", "Starting \u001b[0;1;39msystemd-tmpfiles-setup-de\u2026\u001b[0meate Static Device Nodes in /dev...", "", "[\u001b[0;32m  OK  \u001b[0m] Finished \u001b[0;1;39msystemd-tmpfiles-setup-de\u2026\u001b[0mCreate Static Device Nodes in /dev.", "", "[\u001b[0;32m  OK  \u001b[0m] Reached target \u001b[0;1;39mlocal-fs-pre.target\u001b[0m\u2026Preparation for Local File Systems.", "", "Starting \u001b[0;1;39msystemd-udevd.service\u001b[0m - R\u2026ager for Device Events and Files...", "", "[\u001b[0;32m  OK  \u001b[0m] Finished \u001b[0;1;39msystemd-journal-flush.ser\u2026\u001b[0mlush Journal to Persistent Storage.", "", "[\u001b[0;32m  OK  \u001b[0m] Started \u001b[0;1;39msystemd-udevd.service\u001b[0m - Ru\u2026anager for Device Events and Files.", "", "Starting \u001b[0;1;39msystemd-networkd.service\u001b[0m - Network Configuration...", "", "[\u001b[0;32m  OK  \u001b[0m] Found device \u001b[0;1;39mdev-ttyS0.device\u001b[0m - /dev/ttyS0.", "", "[\u001b[0;32m  OK  \u001b[0m] Listening on \u001b[0;1;39msystemd-rfkill.socket\u001b[0m\u2026ll Switch Status /dev/rfkill Watch.", "", "[    3.418463] virtio_net virtio1 ens3: renamed from eth0", "[\u001b[0;32m  OK  \u001b[0m] Found device \u001b[0;1;39mdev-disk-by\\x2dlabel-\u2026T.device\u001b[0m - /dev/disk/by-label/BOOT.", "", "[\u001b[0;32m  OK  \u001b[0m] Found device \u001b[0;1;39mdev-disk-by\\x2dlabel-\u2026I.device\u001b[0m - /dev/disk/by-label/UEFI.", "", "Starting \u001b[0;1;39msystemd-fsck@dev-disk-by\\\u2026\u001b[0mCheck on /dev/disk/by-label/BOOT...", "", "[\u001b[0;32m  OK  \u001b[0m] Started \u001b[0;1;39msystemd-networkd.service\u001b[0m - Network Configuration.", "", "[\u001b[0;32m  OK  \u001b[0m] Finished \u001b[0;1;39msystemd-fsck@dev-disk-by\\\u2026\u001b[0mm Check on /dev/disk/by-label/BOOT.", "", "Mounting \u001b[0;1;39mboot.mount\u001b[0m - /boot...", "", "[    3.520283] EXT4-fs (vda16): mounted filesystem 7164fb69-891e-447e-91ac-9486a0886759 r/w with ordered data mode. Quota mode: none.", "[\u001b[0;32m  OK  \u001b[0m] Mounted \u001b[0;1;39mboot.mount\u001b[0m - /boot.", "", "Mounting \u001b[0;1;39mboot-efi.mount\u001b[0m - /boot/efi...", "", "[    3.537235] FAT-fs (vda15): Volume was not properly unmounted. Some data may be corrupt. Please run fsck.", "[\u001b[0;32m  OK  \u001b[0m] Mounted \u001b[0;1;39mboot-efi.mount\u001b[0m - /boot/efi.", "", "[\u001b[0;32m  OK  \u001b[0m] Reached target \u001b[0;1;39mlocal-fs.target\u001b[0m - Local File Systems.", "", "[\u001b[0;32m  OK  \u001b[0m] Listening on \u001b[0;1;39msystemd-sysext.socket\u001b[0m\u2026tension Image Management (Varlink).", "", "Starting \u001b[0;1;39mconsole-setup.service\u001b[0m - Set console font and keymap...", "", "Starting \u001b[0;1;39mldconfig.service\u001b[0m - Rebuild Dynamic Linker Cache...", "", "Starting \u001b[0;1;39msystemd-binfmt.service\u001b[0m - Set Up Additional Binary Formats...", "", "Starting \u001b[0;1;39msystemd-tmpfiles-setup.se\u2026\u001b[0me Volatile Files and Directories...", "", "[\u001b[0;32m  OK  \u001b[0m] Finished \u001b[0;1;39mconsole-setup.service\u001b[0m - Set console font and keymap.", "", "Mounting \u001b[0;1;39mproc-sys-fs-binfmt_misc.m\u2026\u001b[0mcutable File Formats File System...", "", "[\u001b[0;32m  OK  \u001b[0m] Mounted \u001b[0;1;39mproc-sys-fs-binfmt_misc.mo\u2026\u001b[0mxecutable File Formats File System.", "", "[\u001b[0;32m  OK  \u001b[0m] Finished \u001b[0;1;39msystemd-bi[    3.598928] systemd-tmpfile (257) used greatest stack depth: 12952 bytes left", "nfmt.service\u001b[0m - Set Up Additional Binary Formats.", "", "[\u001b[0;32m  OK  \u001b[0m] Finished \u001b[0;1;39msystemd-tmpfiles-setup.se\u2026\u001b[0mate Volatile Files and Directories.", "", "Starting \u001b[0;1;39msystemd-journal-catalog-u\u2026ervice\u001b[0m - Rebuild Journal Catalog...", "", "Starting \u001b[0;1;39msystemd-resolved.service\u001b[0m - Network Name Resolution...", "", "Starting \u001b[0;1;39msystemd-timesyncd.service\u001b[0m - Network Time Synchronization...", "", "Starting \u001b[0;1;39msystemd-update-utmp.servi\u2026\u001b[0mord System Boot/Shutdown in UTMP...", "", "[\u001b[0;32m  OK  \u001b[0m] Finished \u001b[0;1;39mldconfig.service\u001b[0m - Rebuild Dynamic Linker Cache.", "", "[\u001b[0;32m  OK  \u001b[0m] Finished \u001b[0;1;39msystemd-update-utmp.servi\u2026\u001b[0mecord System Boot/Shutdown in UTMP.", "", "[\u001b[0;32m  OK  \u001b[0m] Finished \u001b[0;1;39msystemd-journal-catalog-u\u2026.service\u001b[0m - Rebuild Journal Catalog.", "", "Starting \u001b[0;1;39msystemd-update-done.service\u001b[0m - Update is Completed...", "", "[\u001b[0;32m  OK  \u001b[0m] Finished \u001b[0;1;39msystemd-update-done.service\u001b[0m - Update is Completed.", "", "[\u001b[0;32m  OK  \u001b[0m] Started \u001b[0;1;39msystemd-timesyncd.service\u001b[0m - Network Time Synchronization.", "", "[\u001b[0;32m  OK  \u001b[0m] Reached target \u001b[0;1;39mtime-set.target\u001b[0m - System Time Set.", "", "[\u001b[0;32m  OK  \u001b[0m] Started \u001b[0;1;39msystemd-resolved.service\u001b[0m - Network Name Resolution.", "", "[\u001b[0;32m  OK  \u001b[0m] Reached target \u001b[0;1;39mnetwork.target\u001b[0m - Network.", "", "[\u001b[0;32m  OK  \u001b[0m] Reached target \u001b[0;1;39mnss-lookup.target\u001b[0m - Host and Network Name Lookups.", "", "[\u001b[0;32m  OK  \u001b[0m] Reached target \u001b[0;1;39msysinit.target\u001b[0m - System Initialization.", "", "[\u001b[0;32m  OK  \u001b[0m] Started \u001b[0;1;39mapt-daily.timer\u001b[0m - Daily apt download activities.", "", "[\u001b[0;32m  OK  \u001b[0m] Started \u001b[0;1;39mapt-daily-upgrade.timer\u001b[0m - \u2026y apt upgrade and clean activities.", "", "[\u001b[0;32m  OK  \u001b[0m] Started \u001b[0;1;39mdpkg-db-backup.timer\u001b[0m - Daily dpkg database backup timer.", "", "[\u001b[0;32m  OK  \u001b[0m] Started \u001b[0;1;39me2scrub_all.timer\u001b[0m - Period\u2026Metadata Check for All Filesystems.", "", "[\u001b[0;32m  OK  \u001b[0m] Started \u001b[0;1;39mfstrim.timer\u001b[0m - Discard unused filesystem blocks once a week.", "", "[\u001b[0;32m  OK  \u001b[0m] Started \u001b[0;1;39mmotd-news.timer\u001b[0m - Message of the Day.", "", "[\u001b[0;32m  OK  \u001b[0m] Started \u001b[0;1;39mphpsessionclean.timer\u001b[0m - Clean PHP session files every 30 mins.", "", "[\u001b[0;32m  OK  \u001b[0m] Started \u001b[0;1;39msystemd-tmpfiles-clean.tim\u2026\u001b[0my Cleanup of Temporary Directories.", "", "[\u001b[0;32m  OK  \u001b[0m] Reached target \u001b[0;1;39mpaths.target\u001b[0m - Path Units.", "", "[\u001b[0;32m  OK  \u001b[0m] Reached target \u001b[0;1;39mtimers.target\u001b[0m - Timer Units.", "", "[\u001b[0;32m  OK  \u001b[0m] Listening on \u001b[0;1;39mdbus.socket\u001b[0m - D-Bus System Message Bus Socket.", "", "Starting \u001b[0;1;39mlxd-installer.socket\u001b[0m - He\u2026er to install lxd snap on demand...", "", "Starting \u001b[0;1;39msnapd.socket\u001b[0m - Socket activation for snappy daemon...", "", "[\u001b[0;32m  OK  \u001b[0m] Listening on \u001b[0;1;39mssh.socket\u001b[0m - OpenBSD Secure Shell server socket.", "", "[\u001b[0;32m  OK  \u001b[0m] Listening on \u001b[0;1;39mlxd-installer.socket\u001b[0m \u2026lper to install lxd snap on demand.", "", "[\u001b[0;32m  OK  \u001b[0m] Listening on \u001b[0;1;39msnapd.socket\u001b[0m - Socket activation for snappy daemon.", "", "[\u001b[0;32m  OK  \u001b[0m] Reached target \u001b[0;1;39msockets.target\u001b[0m - Socket Units.", "", "[\u001b[0;32m  OK  \u001b[0m] Reached target \u001b[0;1;39mbasic.target\u001b[0m - Basic System.", "", "Starting \u001b[0;1;39mapport.service\u001b[0m - automatic crash report generation...", "", "Starting \u001b[0;1;39mdbus.service\u001b[0m - D-Bus System Message Bus...", "", "Starting \u001b[0;1;39me2scrub_reap.service\u001b[0m - Re\u2026ne ext4 Metadata Check Snapshots...", "", "Starting \u001b[0;1;39mgrub-common.service\u001b[0m - Record successful boot for GRUB...", "", "Starting \u001b[0;1;39mphpsessionclean.service\u001b[0m - Clean php session files...", "", "[\u001b[0;32m  OK  \u001b[0m] Reached target \u001b[0;1;39mgetty-pre.target\u001b[0m - Preparation for Logins.", "", "Starting \u001b[0;1;39msnapd.seeded.service\u001b[0m - Wait until snapd is fully seeded...", "", "Starting \u001b[0;1;39msnapd.service\u001b[0m - Snap Daemon...", "", "[    3.929001] e2scrub_all (281) used greatest stack depth: 12632 bytes left", "Starting \u001b[0;1;39msystemd-logind.service\u001b[0m - User Login Management...", "", "Starting \u001b[0;1;39msystemd-user-sessions.service\u001b[0m - Permit User Sessions...", "", "[\u001b[0;32m  OK  \u001b[0m] Started \u001b[0;1;39mdbus.service\u001b[0m - D-Bus System Message Bus.", "", "[\u001b[0;32m  OK  \u001b[0m] Finished \u001b[0;1;39me2scrub_reap.service\u001b[0m - Re\u2026line ext4 Metadata Check Snapshots.", "", "[\u001b[0;32m  OK  \u001b[0m] Finished \u001b[0;1;39msystemd-user-sessions.service\u001b[0m - Permit User Sessions.", "", "[\u001b[0;32m  OK  \u001b[0m] Started \u001b[0;1;39mserial-getty@ttyS0.service\u001b[0m - Serial Getty on ttyS0.", "", "Starting \u001b[0;1;39msetvtrgb.service\u001b[0m - Set console scheme...", "", "[\u001b[0;32m  OK  \u001b[0m] Finished \u001b[0;1;39msetvtrgb.service\u001b[0m - Set console scheme.", "", "[\u001b[0;32m  OK  \u001b[0m] Created slice \u001b[0;1;39msystem-getty.slice\u001b[0m - Slice /system/getty.", "", "[\u001b[0;32m  OK  \u001b[0m] Started \u001b[0;1;39mgetty@tty1.service\u001b[0m - Getty on tty1.", "", "[\u001b[0;32m  OK  \u001b[0m] Reached target \u001b[0;1;39mgetty.target\u001b[0m - Login Prompts.", "", "[\u001b[0;32m  OK  \u001b[0m] Finished \u001b[0;1;39mgrub-common.service\u001b[0m - Record successful boot for GRUB.", "", "Starting \u001b[0;1;39mgrub-initrd-fallback.service\u001b[0m - GRUB failed boot detection...", "", "[\u001b[0;32m  OK  \u001b[0m] Started \u001b[0;1;39msystemd-logind.service\u001b[0m - User Login Management.", "", "[\u001b[0;32m  OK  \u001b[0m] Started \u001b[0;1;39munattended-upgrades.service\u001b[0m - Unattended Upgrades Shutdown.", "", "[\u001b[0;32m  OK  \u001b[0m] Finished \u001b[0;1;39mgrub-initrd-fallback.service\u001b[0m - GRUB failed boot detection.", "", "[\u001b[0;32m  OK  \u001b[0m] Finished \u001b[0;1;39mphpsessionclean.service\u001b[0m - Clean php session files.", "", "[    4.382712] loop0: detected capacity change from 0 to 8", "[\u001b[0;32m  OK  \u001b[0m] Started \u001b[0;1;39msnapd.service\u001b[0m - Snap Daemon.", "", "[\u001b[0;32m  OK  \u001b[0m] Finished \u001b[0;1;39mapport.service\u001b[0m - automatic crash report generation.", "", "Starting \u001b[0;1;39msystemd-timedated.service\u001b[0m - Time & Date Service...", "", "[\u001b[0;32m  OK  \u001b[0m] Started \u001b[0;1;39msystemd-timedated.service\u001b[0m - Time & Date Service.", "", "[\u001b[0;32m  OK  \u001b[0m] Finished \u001b[0;1;39msnapd.seeded.service\u001b[0m - Wait until snapd is fully seeded.", "", "[\u001b[0;32m  OK  \u001b[0m] Reached target \u001b[0;1;39mmulti-user.target\u001b[0m - Multi-User System.", "", "[\u001b[0;32m  OK  \u001b[0m] Reached target \u001b[0;1;39mgraphical.target\u001b[0m - Graphical Interface.", "", "Starting \u001b[0;1;39msystemd-update-utmp-runle\u2026\u001b[0m- Record Runlevel Change in UTMP...", "", "[\u001b[0;32m  OK  \u001b[0m] Finished \u001b[0;1;39msystemd-update-utmp-runle\u2026e\u001b[0m - Record Runlevel Change in UTMP.", "", "", "", "Ubuntu 24.04.2 LTS ubuntu-testing ttyS0", "", "ubuntu-testing login: root (automatic login)", "", "", "Welcome to Ubuntu 24.04.2 LTS (GNU/Linux 6.8.0 x86_64)", "", "* Documentation:  https://help.ubuntu.com", "* Management:     https://landscape.canonical.com", "* Support:        https://ubuntu.com/pro", "", "This system has been minimized by removing packages and content that are", "not required on a system that users do not log into.", "", "To restore this content, you can run the 'unminimize' command.", "[    4.892358] MICROWAVE FRAMEWORK TESTER", "[    4.894238] [TAG: RUNNING STRESSNG-BENCH]", "[    4.896008] Starting stressng-bench...", "[  554.489312] sched: RT throttling activated", "[  588.515213] sched: RT throttling activated", "[  622.564821] sched: RT throttling activated", "[  656.654974] sched: RT throttling activated", "[  690.689043] sched: RT throttling activated", "[  724.739458] sched: RT throttling activated", "[ 1318.935737] hrtimer: interrupt took 3903566 ns", "[ 1343.312919] hrtimer: interrupt took 290172 ns", "[ 1377.113310] hrtimer: interrupt took 275738 ns", "[ 2439.902807] sched: RT throttling activated", "[ 2482.603748] hrtimer: interrupt took 3282822 ns", "[ 2510.127667] hrtimer: interrupt took 4000126 ns", "[ 2911.486867] hrtimer: interrupt took 6083183 ns", "[ 2954.462613] hrtimer: interrupt took 2644008 ns", "[ 2973.443294] Latest saved result: 2025-05-16-2226", "[ 2973.661646]", "[ 2973.739875] 2025-05-16-2226", "[ 2973.739875] KVM QEMU testing on Ubuntu 24.04 via the Phoronix Test Suite.", "[ 2973.739875]", "[ 2973.739875]", "[ 2973.739875] 2025-05-16 22:26:", "[ 2973.739875]", "[ 2973.739875] \tProcessor: QEMU Virtual 2.5+ (4 Cores), Motherboard: QEMU Ubuntu 25.04 PC (i440FX + PIIX 1996) (1.16.3-debian-1.16.3-2 BIOS), Chipset: Intel 440FX 82441FX PMC, Memory: 1 x 8 GB RAM QEMU, Disk: 24GB, Network: Red Hat Virtio device", "[ 2973.739875]", "[ 2973.739875] \tOS: Ubuntu 24.04, Kernel: 6.8.0-59-generic (x86_64), Compiler: GCC 13.3.0, File-System: ext4, System Layer: KVM QEMU", "[ 2973.739875]", "[ 2973.757227]", "[ 2976.065817] [TAG: STRESSNG-BENCH COMPLETE]", "[ 2976.067490] MICROWAVE FRAMEWORK TESTER", "\u001b[?2004hroot@ubuntu-testing:~# \u001b[?2004l", "Stopping \u001b[0;1;39msession-1.scope\u001b[0m - Session 1 of User root...", "", "[\u001b[0;32m  OK  \u001b[0m] Removed slice \u001b[0;1;39msystem-modprobe.slice\u001b[0m - Slice /system/modprobe.", "", "[\u001b[0;32m  OK  \u001b[0m] Stopped target \u001b[0;1;39mgraphical.target\u001b[0m - Graphical Interface.", "", "[\u001b[0;32m  OK  \u001b[0m] Stopped target \u001b[0;1;39mmulti-user.target\u001b[0m - Multi-User System.", "", "[\u001b[0;32m  OK  \u001b[0m] Stopped target \u001b[0;1;39mgetty.target\u001b[0m - Login Prompts.", "", "[\u001b[0;32m  OK  \u001b[0m] Stopped target \u001b[0;1;39mnss-lookup.target\u001b[0m - Host and Network Name Lookups.", "", "[\u001b[0;32m  OK  \u001b[0m] Stopped target \u001b[0;1;39mtimers.target\u001b[0m - Timer Units.", "", "[\u001b[0;32m  OK  \u001b[0m] Stopped \u001b[0;1;39mapt-daily-upgrade.timer\u001b[0m - \u2026y apt upgrade and clean activities.", "", "[\u001b[0;32m  OK  \u001b[0m] Stopped \u001b[0;1;39mapt-daily.timer\u001b[0m - Daily apt download activities.", "", "[\u001b[0;32m  OK  \u001b[0m] Stopped \u001b[0;1;39mdpkg-db-backup.timer\u001b[0m - Daily dpkg database backup timer.", "", "[\u001b[0;32m  OK  \u001b[0m] Stopped \u001b[0;1;39me2scrub_all.timer\u001b[0m - Period\u2026Metadata Check for All Filesystems.", "", "[\u001b[0;32m  OK  \u001b[0m] Stopped \u001b[0;1;39mfstrim.timer\u001b[0m - Discard unused filesystem blocks once a week.", "", "[\u001b[0;32m  OK  \u001b[0m] Stopped \u001b[0;1;39mmotd-news.timer\u001b[0m - Message of the Day.", "", "[\u001b[0;32m  OK  \u001b[0m] Stopped \u001b[0;1;39mphpsessionclean.timer\u001b[0m - Clean PHP session files every 30 mins.", "", "[\u001b[0;32m  OK  \u001b[0m] Stopped \u001b[0;1;39msystemd-tmpfiles-clean.tim\u2026\u001b[0my Cleanup of Temporary Directories.", "", "[\u001b[0;32m  OK  \u001b[0m] Stopped target \u001b[0;1;39mtime-set.target\u001b[0m - System Time Set.", "", "[\u001b[0;32m  OK  \u001b[0m] Closed \u001b[0;1;39msystemd-rfkill.socket\u001b[0m - Loa\u2026ll Switch Status /dev/rfkill Watch.", "", "Stopping \u001b[0;1;39mapport.service\u001b[0m - automatic crash report generation...", "", "Stopping \u001b[0;1;39mgetty@tty1.service\u001b[0m - Getty on tty1...", "", "Stopping \u001b[0;1;39mserial-getty@ttyS0.service\u001b[0m - Serial Getty on ttyS0...", "", "[\u001b[0;32m  OK  \u001b[0m] Stopped \u001b[0;1;39msnapd.seeded.service\u001b[0m - Wait until snapd is fully seeded.", "", "Stopping \u001b[0;1;39msystemd-random-seed.service\u001b[0m - Load/Save OS Random Seed...", "", "[\u001b[0;32m  OK  \u001b[0m] Stopped \u001b[0;1;39mserial-getty@ttyS0.service\u001b[0m - Serial Getty on ttyS0.", "", "[\u001b[0;32m  OK  \u001b[0m] Stopped \u001b[0;1;39mgetty@tty1.service\u001b[0m - Getty on tty1.", "", "[\u001b[0;32m  OK  \u001b[0m] Stopped \u001b[0;1;39msystemd-random-seed.service\u001b[0m - Load/Save OS Random Seed.", "", "[\u001b[0;32m  OK  \u001b[0m] Stopped \u001b[0;1;39msession-1.scope\u001b[0m - Session 1 of User root.", "", "[\u001b[0;32m  OK  \u001b[0m] Removed slice \u001b[0;1;39msystem-getty.slice\u001b[0m - Slice /system/getty.", "", "[\u001b[0;32m  OK  \u001b[0m] Removed slice \u001b[0;1;39msystem-serial\\x2dget\u2026slice\u001b[0m - Slice /system/serial-getty.", "", "[\u001b[0;32m  OK  \u001b[0m] Stopped target \u001b[0;1;39mgetty-pre.target\u001b[0m - Preparation for Logins.", "", "Stopping \u001b[0;1;39msystemd-logind.service\u001b[0m - User Login Management...", "", "Stopping \u001b[0;1;39msystemd-user-sessions.service\u001b[0m - Permit User Sessions...", "", "Stopping \u001b[0;1;39muser@0.service\u001b[0m - User Manager for UID 0...", "", "[\u001b[0;32m  OK  \u001b[0m] Stopped \u001b[0;1;39msystemd-user-sessions.service\u001b[0m - Permit User Sessions.", "", "[\u001b[0;32m  OK  \u001b[0m] Stopped target \u001b[0;1;39mnetwork.target\u001b[0m - Network.", "", "Stopping \u001b[0;1;39msystemd-networkd.service\u001b[0m - Network Configuration...", "", "[\u001b[0;32m  OK  \u001b[0m] Stopped \u001b[0;1;39msystemd-networkd.service\u001b[0m - Network Configuration.", "", "[\u001b[0;32m  OK  \u001b[0m] Stopped \u001b[0;1;39muser@0.service\u001b[0m - User Manager for UID 0.", "", "[\u001b[0;32m  OK  \u001b[0m] Stopped \u001b[0;1;39mapport.service\u001b[0m - automatic crash report generation.", "", "[\u001b[0;32m  OK  \u001b[0m] Stopped \u001b[0;1;39msystemd-logind.service\u001b[0m - User Login Management.", "", "[\u001b[0;32m  OK  \u001b[0m] Stopped target \u001b[0;1;39mremote-fs.target\u001b[0m - Remote File Systems.", "", "Stopping \u001b[0;1;39muser-runtime-dir@0.servic\u2026\u001b[0mer Runtime Directory /run/user/0...", "", "[\u001b[0;32m  OK  \u001b[0m] Unmounted \u001b[0;1;39mrun-user-0.mount\u001b[0m - /run/user/0.", "", "[\u001b[0;32m  OK  \u001b[0m] Stopped \u001b[0;1;39muser-runtime-dir@0.service\u001b[0m\u2026User Runtime Directory /run/user/0.", "", "[\u001b[0;32m  OK  \u001b[0m] Removed slice \u001b[0;1;39muser-0.slice\u001b[0m - User Slice of UID 0.", "", "[\u001b[0;32m  OK  \u001b[0m] Stopped target \u001b[0;1;39mbasic.target\u001b[0m - Basic System.", "", "[\u001b[0;32m  OK  \u001b[0m] Stopped target \u001b[0;1;39mpaths.target\u001b[0m - Path Units.", "", "[\u001b[0;32m  OK  \u001b[0m] Stopped target \u001b[0;1;39mslices.target\u001b[0m - Slice Units.", "", "[\u001b[0;32m  OK  \u001b[0m] Removed slice \u001b[0;1;39muser.slice\u001b[0m - User and Session Slice.", "", "[\u001b[0;32m  OK  \u001b[0m] Stopped target \u001b[0;1;39msockets.target\u001b[0m - Socket Units.", "", "[\u001b[0;32m  OK  \u001b[0m] Closed \u001b[0;1;39mlxd-installer.socket\u001b[0m - Helper to install lxd snap on demand.", "", "[\u001b[0;32m  OK  \u001b[0m] Closed \u001b[0;1;39msnapd.socket\u001b[0m - Socket activation for snappy daemon.", "", "[\u001b[0;32m  OK  \u001b[0m] Closed \u001b[0;1;39mssh.socket\u001b[0m - OpenBSD Secure Shell server socket.", "", "[\u001b[0;32m  OK  \u001b[0m] Stopped target \u001b[0;1;39msysinit.target\u001b[0m - System Initialization.", "", "[\u001b[0;32m  OK  \u001b[0m] Stopped target \u001b[0;1;39mcryptsetup.target\u001b[0m - Local Encrypted Volumes.", "", "[\u001b[0;32m  OK  \u001b[0m] Stopped \u001b[0;1;39msystemd-ask-password-conso\u2026\u001b[0mequests to Console Directory Watch.", "", "[\u001b[0;32m  OK  \u001b[0m] Stopped \u001b[0;1;39msystemd-ask-password-wall.\u2026\u001b[0md Requests to Wall Directory Watch.", "", "[\u001b[0;32m  OK  \u001b[0m] Stopped target \u001b[0;1;39mintegritysetup.targ\u2026\u001b[0m Local Integrity Protected Volumes.", "", "[\u001b[0;32m  OK  \u001b[0m] Stopped target \u001b[0;1;39mswap.target\u001b[0m - Swaps.", "", "[\u001b[0;32m  OK  \u001b[0m] Stopped target \u001b[0;1;39mveritysetup.target\u001b[0m - Local Verity Protected Volumes.", "", "[\u001b[0;32m  OK  \u001b[0m] Closed \u001b[0;1;39msystemd-networkd.socket\u001b[0m - Network Service Netlink Socket.", "", "Stopping \u001b[0;1;39msystemd-binfmt.service\u001b[0m - Set Up Additional Binary Formats...", "", "Stopping \u001b[0;1;39msystemd-resolved.service\u001b[0m - Network Name Resolution...", "", "Stopping \u001b[0;1;39msystemd-timesyncd.service\u001b[0m - Network Time Synchronization...", "", "[\u001b[0;32m  OK  \u001b[0m] Stopped \u001b[0;1;39msystemd-update-done.service\u001b[0m - Update is Completed.", "", "[\u001b[0;32m  OK  \u001b[0m] Stopped \u001b[0;1;39mldconfig.service\u001b[0m - Rebuild Dynamic Linker Cache.", "", "[\u001b[0;32m  OK  \u001b[0m] Stopped \u001b[0;1;39msystemd-journal-catalog-up\u2026.service\u001b[0m - Rebuild Journal Catalog.", "", "Stopping \u001b[0;1;39msystemd-update-utmp.servi\u2026\u001b[0mord System Boot/Shutdown in UTMP...", "", "[\u001b[0;32m  OK  \u001b[0m] Stopped \u001b[0;1;39msystemd-resolved.service\u001b[0m - Network Name Resolution.", "", "[\u001b[0;32m  OK  \u001b[0m] Stopped \u001b[0;1;39msystemd-timesyncd.service\u001b[0m - Network Time Synchronization.", "", "[\u001b[0;32m  OK  \u001b[0m] Stopped \u001b[0;1;39msystemd-binfmt.service\u001b[0m - Set Up Additional Binary Formats.", "", "[\u001b[0;32m  OK  \u001b[0m] Unset automount \u001b[0;1;39mproc-sys-fs-binfmt\u2026\u001b[0mormats File System Automount Point.", "", "[\u001b[0;32m  OK  \u001b[0m] Stopped \u001b[0;1;39msystemd-sysctl.service\u001b[0m - Apply Kernel Variables.", "", "[\u001b[0;32m  OK  \u001b[0m] Stopped \u001b[0;1;39msystemd-modules-load.service\u001b[0m - Load Kernel Modules.", "", "[\u001b[0;32m  OK  \u001b[0m] Stopped \u001b[0;1;39msystemd-update-utmp.servic\u2026\u001b[0mecord System Boot/Shutdown in UTMP.", "", "[\u001b[0;32m  OK  \u001b[0m] Stopped \u001b[0;1;39msystemd-tmpfiles-setup.ser\u2026\u001b[0mate Volatile Files and Directories.", "", "[\u001b[0;32m  OK  \u001b[0m] Stopped target \u001b[0;1;39mlocal-fs.target\u001b[0m - Local File Systems.", "", "[\u001b[0;32m  OK  \u001b[0m] Stopped target \u001b[0;1;39msnapd.mounts.target\u001b[0m - Mounted snaps.", "", "[\u001b[0;32m  OK  \u001b[0m] Stopped target \u001b[0;1;39msnapd.mounts-pre.target\u001b[0m - Mounting snaps.", "", "Unmounting \u001b[0;1;39mboot-efi.mount\u001b[0m - /boot/efi...", "", "[\u001b[0;32m  OK  \u001b[0m] Unmounted \u001b[0;1;39mboot-efi.mount\u001b[0m - /boot/efi.", "", "Unmounting \u001b[0;1;39mboot.mount\u001b[0m - /boot...", "", "[ 2976.552752] EXT4-fs (vda16): unmounting filesystem 7164fb69-891e-447e-91ac-9486a0886759.", "[\u001b[0;32m  OK  \u001b[0m] Unmounted \u001b[0;1;39mboot.mount\u001b[0m - /boot.", "", "[\u001b[0;32m  OK  \u001b[0m] Reached target \u001b[0;1;39mumount.target\u001b[0m - Unmount All Filesystems.", "", "[\u001b[0;32m  OK  \u001b[0m] Stopped \u001b[0;1;39msystemd-fsck@dev-disk-by\\x\u2026\u001b[0mm Check on /dev/disk/by-label/BOOT.", "", "[\u001b[0;32m  OK  \u001b[0m] Removed slice \u001b[0;1;39msystem-systemd\\x2dfs\u2026slice\u001b[0m - Slice /system/systemd-fsck.", "", "[\u001b[0;32m  OK  \u001b[0m] Stopped target \u001b[0;1;39mlocal-fs-pre.target\u001b[0m\u2026Preparation for Local File Systems.", "", "[\u001b[0;32m  OK  \u001b[0m] Stopped \u001b[0;1;39msystemd-tmpfiles-setup-dev\u2026\u001b[0mCreate Static Device Nodes in /dev.", "", "[\u001b[0;32m  OK  \u001b[0m] Stopped \u001b[0;1;39msystemd-sysusers.service\u001b[0m - Create System Users.", "", "[\u001b[0;32m  OK  \u001b[0m] Stopped \u001b[0;1;39msystemd-remount-fs.service\u001b[0m\u2026mount Root and Kernel File Systems.", "", "[\u001b[0;32m  OK  \u001b[0m] Stopped \u001b[0;1;39msystemd-fsck-root.service\u001b[0m - File System Check on Root Device.", "", "[\u001b[0;32m  OK  \u001b[0m] Stopped \u001b[0;1;39msystemd-tmpfiles-setup-dev\u2026\u001b[0mic Device Nodes in /dev gracefully.", "", "[\u001b[0;32m  OK  \u001b[0m] Reached target \u001b[0;1;39mshutdown.target\u001b[0m - System Shutdown.", "", "[\u001b[0;32m  OK  \u001b[0m] Reached target \u001b[0;1;39mfinal.target\u001b[0m - Late Shutdown Services.", "", "[\u001b[0;32m  OK  \u001b[0m] Finished \u001b[0;1;39msystemd-poweroff.service\u001b[0m - System Power Off.", "", "[\u001b[0;32m  OK  \u001b[0m] Reached target \u001b[0;1;39mpoweroff.target\u001b[0m - System Power Off.", "", "[ 2976.640801] systemd-shutdown[1]: Syncing filesystems and block devices.", "[ 2976.654578] systemd-shutdown[1]: Sending SIGTERM to remaining processes...", "[ 2976.658989] systemd-journald[132]: Received SIGTERM from PID 1 (systemd-shutdow).", "[ 2976.670338] systemd-shutdown[1]: Sending SIGKILL to remaining processes...", "[ 2976.676414] systemd-shutdown[1]: Unmounting file systems.", "[ 2976.679064] (sd-remount)[2294832]: Remounting '/' read-only with options 'discard,errors=remount-ro,commit=30'.", "[ 2976.696194] EXT4-fs (vda1): re-mounted c8107c30-aa3b-40eb-bd2a-416a91df85e7 ro. Quota mode: none.", "[ 2976.709639] systemd-shutdown[1]: All filesystems unmounted.", "[ 2976.711593] systemd-shutdown[1]: Deactivating swaps.", "[ 2976.713390] systemd-shutdown[1]: All swaps deactivated.", "[ 2976.715209] systemd-shutdown[1]: Detaching loop devices.", "[ 2976.717798] systemd-shutdown[1]: All loop devices detached.", "[ 2976.719767] systemd-shutdown[1]: Stopping MD devices.", "[ 2976.721587] systemd-shutdown[1]: All MD devices stopped.", "[ 2976.723492] systemd-shutdown[1]: Detaching DM devices.", "[ 2976.725325] systemd-shutdown[1]: All DM devices detached.", "[ 2976.727189] systemd-shutdown[1]: All filesystems, swaps, loop devices, MD devices and DM devices detached.", "[ 2976.730928] systemd-shutdown[1]: Syncing filesystems and block devices.", "[ 2976.733242] systemd-shutdown[1]: Powering off.", "[ 2976.736475] ACPI: PM: Preparing to enter system sleep state S5", "[ 2976.738725] reboot: Power down", "Aux log file:", "", "", "", "Stress-NG 0.18.09:", "pts/stress-ng-1.13.0", "System Test Configuration", "1:  CPU Stress", "2:  Crypto", "3:  Memory Copying", "4:  Glibc Qsort Data Sorting", "5:  Glibc C String Functions", "6:  Vector Math", "7:  Matrix Math", "8:  Forking", "9:  System V Message Passing", "10: Semaphores", "11: Socket Activity", "12: Context Switching", "13: Atomic", "14: CPU Cache", "15: Malloc", "16: MEMFD", "17: MMAP", "18: NUMA", "19: x86_64 RdRand", "20: SENDFILE", "21: IO_uring", "22: Futex", "23: Mutex", "24: Function Call", "25: Poll", "26: Hash", "27: Pthread", "28: Zlib", "29: Floating Point", "30: Fused Multiply-Add", "31: Pipe", "32: Matrix 3D Math", "33: AVL Tree", "34: Vector Floating Point", "35: Vector Shuffle", "36: Wide Vector Math", "37: Cloning", "38: AVX-512 VNNI", "39: Mixed Scheduler", "40: Exponential Math", "41: Fractal Generator", "42: Logarithmic Math", "43: Power Math", "44: Trigonometric Math", "45: Jpeg Compression", "46: Bitonic Integer Sort", "47: Radix String Sort", "48: POSIX Regular Expressions", "49: Integer Math", "50: Integer Bit Operations", "51: Bessel Math Operations", "52: Hyperbolic Trigonometric Math", "53: Test All Options", "** Multiple items can be selected, delimit by a comma. **", "", "", "Phoronix Test Suite v10.8.4", "System Information", "", "", "PROCESSOR:              Intel Xeon", "Core Count:           8", "Extensions:           SSE 4.2", "+ AVX512_VNNI", "+ AVX512CD", "+ AVX2", "+ AVX", "+ RDRAND", "+ FSGSBASE", "Cache Size:           16 MB", "Microcode:            0xffffffff", "Core Family:          Cascade Lake", "", "GRAPHICS:", "", "MOTHERBOARD:            QEMU Ubuntu 25.04 PC", "BIOS Version:         1.16.3-debian-1.16.3-2", "Chipset:              Intel 440FX 82441FX PMC", "Network:              Red Hat Virtio device", "", "MEMORY:                 1 x 8 GB RAM QEMU", "", "DISK:                   24GB", "File-System:          ext4", "Mount Options:        commit=30 discard errors=remount-ro relatime rw", "Disk Details:         Block Size: 4096", "", "OPERATING SYSTEM:       Ubuntu 24.04", "Kernel:               6.8.0 (x86_64)", "Compiler:             GCC 13.3.0", "System Layer:         KVM", "Security:             gather_data_sampling: Not affected", "+ itlb_multihit: Not affected", "+ l1tf: Not affected", "+ mds: Not affected", "+ meltdown: Not affected", "+ mmio_stale_data: Vulnerable", "+ retbleed: Vulnerable", "+ spec_rstack_overflow: Not affected", "+ spec_store_bypass: Vulnerable", "+ spectre_v1: Vulnerable: __user pointer sanitization and usercopy barriers only; no swapgs barriers", "+ spectre_v2: Vulnerable IBPB: disabled STIBP: disabled PBRSB-eIBRS: Vulnerable", "+ srbds: Not affected", "+ tsx_async_abort: Vulnerable", "", "", "[8192] strlen(): Passing null to parameter #1 ($string) of type string is deprecated in pts_test_run_manager:594", "", "Stress-NG 0.18.09:", "pts/stress-ng-1.13.0 [Test: MMAP]", "Test 1 of 23", "Estimated Trial Run Count:    3", "Estimated Test Run-Time:      2 Minutes", "Estimated Time To Completion: 36 Minutes [08:43 UTC]", "Started Run 1 @ 08:08:07", "Started Run 2 @ 08:08:42", "Started Run 3 @ 08:09:16", "", "Test: MMAP:", "69.47", "70.44", "72.06", "", "Average: 70.66 Bogo Ops/s", "Deviation: 1.85%", "", "Stress-NG 0.18.09:", "pts/stress-ng-1.13.0 [Test: Pipe]", "Test 2 of 23", "Estimated Trial Run Count:    3", "Estimated Test Run-Time:      2 Minutes", "Estimated Time To Completion: 35 Minutes [08:44 UTC]", "Started Run 1 @ 08:09:56", "Started Run 2 @ 08:10:30", "Started Run 3 @ 08:11:04", "", "Test: Pipe:", "2076266.04", "2102565.51", "2104887.95", "", "Average: 2094573.17 Bogo Ops/s", "Deviation: 0.76%", "", "Stress-NG 0.18.09:", "pts/stress-ng-1.13.0 [Test: Zlib]", "Test 3 of 23", "Estimated Trial Run Count:    3", "Estimated Test Run-Time:      2 Minutes", "Estimated Time To Completion: 33 Minutes [08:44 UTC]", "Started Run 1 @ 08:11:44", "Started Run 2 @ 08:12:18", "Started Run 3 @ 08:12:53", "", "Test: Zlib:", "217.29", "216.59", "216.92", "", "Average: 216.93 Bogo Ops/s", "Deviation: 0.16%", "", "Stress-NG 0.18.09:", "pts/stress-ng-1.13.0 [Test: Futex]", "Test 4 of 23", "Estimated Trial Run Count:    3", "Estimated Test Run-Time:      2 Minutes", "Estimated Time To Completion: 32 Minutes [08:44 UTC]", "Started Run 1 @ 08:13:33", "Started Run 2 @ 08:14:07", "Started Run 3 @ 08:14:41", "", "Test: Futex:", "98655.07", "98060.35", "96173.69", "", "Average: 97629.70 Bogo Ops/s", "Deviation: 1.33%", "", "Stress-NG 0.18.09:", "pts/stress-ng-1.13.0 [Test: MEMFD]", "Test 5 of 23", "Estimated Trial Run Count:    3", "Estimated Test Run-Time:      2 Minutes", "Estimated Time To Completion: 30 Minutes [08:44 UTC]", "Started Run 1 @ 08:15:21", "Started Run 2 @ 08:15:56", "Started Run 3 @ 08:16:30", "", "Test: MEMFD:", "151.31", "152.54", "152.33", "", "Average: 152.06 Bogo Ops/s", "Deviation: 0.43%", "", "Stress-NG 0.18.09:", "pts/stress-ng-1.13.0 [Test: Mutex]", "Test 6 of 23", "Estimated Trial Run Count:    3", "Estimated Test Run-Time:      2 Minutes", "Estimated Time To Completion: 28 Minutes [08:45 UTC]", "Started Run 1 @ 08:17:10", "Started Run 2 @ 08:17:44", "Started Run 3 @ 08:18:18", "Started Run 4 @ 08:18:52 *", "Started Run 5 @ 08:19:26 *", "Started Run 6 @ 08:20:00 *", "", "Test: Mutex:", "942979.11", "892846.49", "942458.94", "960892.22", "948114.44", "939025.46", "", "Average: 937719.44 Bogo Ops/s", "Deviation: 2.48%", "Samples: 6", "", "Stress-NG 0.18.09:", "pts/stress-ng-1.13.0 [Test: Atomic]", "Test 7 of 23", "Estimated Trial Run Count:    3", "Estimated Test Run-Time:      2 Minutes", "Estimated Time To Completion: 27 Minutes [08:46 UTC]", "Started Run 1 @ 08:20:40", "Started Run 2 @ 08:21:14", "Started Run 3 @ 08:21:48", "", "Test: Atomic:", "238.12", "242.33", "237.12", "", "Average: 239.19 Bogo Ops/s", "Deviation: 1.16%", "", "Stress-NG 0.18.09:", "pts/stress-ng-1.13.0 [Test: Crypto]", "Test 8 of 23", "Estimated Trial Run Count:    3", "Estimated Test Run-Time:      2 Minutes", "Estimated Time To Completion: 25 Minutes [08:47 UTC]", "Started Run 1 @ 08:22:29", "Started Run 2 @ 08:23:03", "Started Run 3 @ 08:23:37", "", "Test: Crypto:", "30410810.55", "29806040.89", "29665186.05", "", "Average: 29960679.16 Bogo Ops/s", "Deviation: 1.32%", "", "Stress-NG 0.18.09:", "pts/stress-ng-1.13.0 [Test: Malloc]", "Test 9 of 23", "Estimated Trial Run Count:    3", "Estimated Test Run-Time:      2 Minutes", "Estimated Time To Completion: 24 Minutes [08:47 UTC]", "Started Run 1 @ 08:24:17", "Started Run 2 @ 08:24:51", "Started Run 3 @ 08:25:25", "", "Test: Malloc:", "8708641.08", "8504464", "8437778.5", "", "Average: 8550294.53 Bogo Ops/s", "Deviation: 1.65%", "", "Stress-NG 0.18.09:", "pts/stress-ng-1.13.0 [Test: Cloning]", "Test 10 of 23", "Estimated Trial Run Count:    3", "Estimated Test Run-Time:      2 Minutes", "Estimated Time To Completion: 22 Minutes [08:47 UTC]", "Started Run 1 @ 08:26:05", "Started Run 2 @ 08:26:39", "Started Run 3 @ 08:27:14", "", "Test: Cloning:", "449.69", "451.29", "443.23", "", "Average: 448.07 Bogo Ops/s", "Deviation: 0.95%", "", "Stress-NG 0.18.09:", "pts/stress-ng-1.13.0 [Test: Forking]", "Test 11 of 23", "Estimated Trial Run Count:    3", "Estimated Test Run-Time:      2 Minutes", "Estimated Time To Completion: 21 Minutes [08:48 UTC]", "Started Run 1 @ 08:27:54", "Started Run 2 @ 08:28:28", "Started Run 3 @ 08:29:02", "", "Test: Forking:", "1667.15", "1631.89", "1592.71", "", "Average: 1630.58 Bogo Ops/s", "Deviation: 2.28%", "", "Stress-NG 0.18.09:", "pts/stress-ng-1.13.0 [Test: Pthread]", "Test 12 of 23", "Estimated Trial Run Count:    3", "Estimated Test Run-Time:      2 Minutes", "Estimated Time To Completion: 19 Minutes [08:48 UTC]", "Started Run 1 @ 08:29:42", "Started Run 2 @ 08:30:17", "Started Run 3 @ 08:30:51", "", "Test: Pthread:", "23396.3", "23171.47", "22933", "", "Average: 23166.92 Bogo Ops/s", "Deviation: 1.00%", "", "Stress-NG 0.18.09:", "pts/stress-ng-1.13.0 [Test: IO_uring]", "Test 13 of 23", "Estimated Trial Run Count:    3", "Estimated Test Run-Time:      2 Minutes", "Estimated Time To Completion: 18 Minutes [08:48 UTC]", "Started Run 1 @ 08:31:31", "Started Run 2 @ 08:32:05", "Started Run 3 @ 08:32:40", "", "Test: IO_uring:", "14044.4", "14051.77", "14064.74", "", "Average: 14053.64 Bogo Ops/s", "Deviation: 0.07%", "", "Stress-NG 0.18.09:", "pts/stress-ng-1.13.0 [Test: SENDFILE]", "Test 14 of 23", "Estimated Trial Run Count:    3", "Estimated Test Run-Time:      2 Minutes", "Estimated Time To Completion: 16 Minutes [08:48 UTC]", "Started Run 1 @ 08:33:20", "Started Run 2 @ 08:33:54", "Started Run 3 @ 08:34:28", "", "Test: SENDFILE:", "69792.85", "69699.18", "69752.87", "", "Average: 69748.30 Bogo Ops/s", "Deviation: 0.07%", "", "Stress-NG 0.18.09:", "pts/stress-ng-1.13.0 [Test: CPU Cache]", "Test 15 of 23", "Estimated Trial Run Count:    3", "Estimated Test Run-Time:      2 Minutes", "Estimated Time To Completion: 14 Minutes [08:49 UTC]", "Started Run 1 @ 08:35:08", "Started Run 2 @ 08:35:42", "Started Run 3 @ 08:36:16", "Started Run 4 @ 08:36:50 *", "Started Run 5 @ 08:37:24 *", "Started Run 6 @ 08:37:58 *", "Started Run 7 @ 08:38:32 *", "Started Run 8 @ 08:39:06 *", "Started Run 9 @ 08:39:40 *", "Started Run 10 @ 08:40:14 *", "Started Run 11 @ 08:40:48 *", "Started Run 12 @ 08:41:22 *", "", "Test: CPU Cache:", "1053123.6", "966179.28", "997916.8", "1188610.89", "1149205.66", "1127637.96", "1042345.58", "1128929.75", "1075615.92", "1050577.7", "970940.52", "1001475.76", "", "Average: 1062713.29 Bogo Ops/s", "Deviation: 6.86%", "Samples: 12", "", "Stress-NG 0.18.09:", "pts/stress-ng-1.13.0 [Test: Semaphores]", "Test 16 of 23", "Estimated Trial Run Count:    3", "Estimated Test Run-Time:      2 Minutes", "Estimated Time To Completion: 13 Minutes [08:54 UTC]", "Started Run 1 @ 08:42:02", "Started Run 2 @ 08:42:37", "Started Run 3 @ 08:43:11", "Started Run 4 @ 08:43:45 *", "Started Run 5 @ 08:44:19 *", "", "Test: Semaphores:", "15309378.18", "15069257.74", "14466476.22", "14477819.37", "14765286.69", "", "Average: 14817643.64 Bogo Ops/s", "Deviation: 2.49%", "Samples: 5", "", "Stress-NG 0.18.09:", "pts/stress-ng-1.13.0 [Test: x86_64 RdRand]", "Test 17 of 23", "Estimated Trial Run Count:    3", "Estimated Test Run-Time:      2 Minutes", "Estimated Time To Completion: 11 Minutes [08:55 UTC]", "Started Run 1 @ 08:44:59", "Started Run 2 @ 08:45:33", "Started Run 3 @ 08:46:07", "", "Test: x86_64 RdRand:", "110291.57", "110364.31", "110475.47", "", "Average: 110377.12 Bogo Ops/s", "Deviation: 0.08%", "", "Stress-NG 0.18.09:", "pts/stress-ng-1.13.0 [Test: Memory Copying]", "Test 18 of 23", "Estimated Trial Run Count:    3", "Estimated Test Run-Time:      2 Minutes", "Estimated Time To Completion: 10 Minutes [08:56 UTC]", "Started Run 1 @ 08:46:47", "Started Run 2 @ 08:47:21", "Started Run 3 @ 08:47:55", "", "Test: Memory Copying:", "809.22", "808.95", "808.66", "", "Average: 808.94 Bogo Ops/s", "Deviation: 0.03%", "", "Stress-NG 0.18.09:", "pts/stress-ng-1.13.0 [Test: Mixed Scheduler]", "Test 19 of 23", "Estimated Trial Run Count:    3", "Estimated Test Run-Time:      2 Minutes", "Estimated Time To Completion: 8 Minutes [08:56 UTC]", "Started Run 1 @ 08:48:35", "Started Run 2 @ 08:49:10", "Started Run 3 @ 08:49:44", "", "Test: Mixed Scheduler:", "2217.89", "2159.91", "2148.83", "", "Average: 2175.54 Bogo Ops/s", "Deviation: 1.70%", "", "Stress-NG 0.18.09:", "pts/stress-ng-1.13.0 [Test: Socket Activity]", "Test 20 of 23", "Estimated Trial Run Count:    3", "Estimated Test Run-Time:      2 Minutes", "Estimated Time To Completion: 7 Minutes [08:56 UTC]", "Started Run 1 @ 08:50:25", "Started Run 2 @ 08:50:59", "Started Run 3 @ 08:51:33", "", "Test: Socket Activity:", "1823.85", "1830.14", "1811.45", "", "Average: 1821.81 Bogo Ops/s", "Deviation: 0.52%", "", "Stress-NG 0.18.09:", "pts/stress-ng-1.13.0 [Test: Context Switching]", "Test 21 of 23", "Estimated Trial Run Count:    3", "Estimated Test Run-Time:      2 Minutes", "Estimated Time To Completion: 5 Minutes [08:56 UTC]", "Started Run 1 @ 08:52:13", "Started Run 2 @ 08:52:47", "Started Run 3 @ 08:53:21", "", "Test: Context Switching:", "1465661.21", "1457156.12", "1477965.85", "", "Average: 1466927.73 Bogo Ops/s", "Deviation: 0.71%", "", "Stress-NG 0.18.09:", "pts/stress-ng-1.13.0 [Test: Glibc Qsort Data Sorting]", "Test 22 of 23", "Estimated Trial Run Count:    3", "Estimated Test Run-Time:      2 Minutes", "Estimated Time To Completion: 4 Minutes [08:57 UTC]", "Started Run 1 @ 08:54:01", "Started Run 2 @ 08:54:35", "Started Run 3 @ 08:55:09", "", "Test: Glibc Qsort Data Sorting:", "62.4", "62.47", "62.6", "", "Average: 62.49 Bogo Ops/s", "Deviation: 0.16%", "", "Stress-NG 0.18.09:", "pts/stress-ng-1.13.0 [Test: System V Message Passing]", "Test 23 of 23", "Estimated Trial Run Count:    3", "Estimated Time To Completion: 2 Minutes [08:57 UTC]", "Started Run 1 @ 08:55:49", "Started Run 2 @ 08:56:23", "Started Run 3 @ 08:56:57", "", "Test: System V Message Passing:", "3766324.41", "3767157.46", "3695636.94", "", "Average: 3743039.60 Bogo Ops/s", "Deviation: 1.10%", "", "", "[TAG: AUX STRESSNG-BENCH RESULTS]", "", "2025-05-16-2226", "KVM QEMU testing on Ubuntu 24.04 via the Phoronix Test Suite.", "", "", "2025-05-16 22:26:", "", "Processor: QEMU Virtual 2.5+ (4 Cores), Motherboard: QEMU Ubuntu 25.04 PC (i440FX + PIIX 1996) (1.16.3-debian-1.16.3-2 BIOS), Chipset: Intel 440FX 82441FX PMC, Memory: 1 x 8 GB RAM QEMU, Disk: 24GB, Network: Red Hat Virtio device", "", "OS: Ubuntu 24.04, Kernel: 6.8.0-59-generic (x86_64), Compiler: GCC 13.3.0, File-System: ext4, System Layer: KVM QEMU", "", "", "[TAG: AUX STRESSNG-BENCH RESULTS END]"], "metadata": {"test_marker": "MICROWAVE FRAMEWORK TESTER"}}