{"lines": ["IMAGE_PATH: /home/denzelgfarmer/KernelSecurityBenchmarks/Microwave/.working/test_lmbench_kernel_address_sanitizer-linux.img", "KERNEL_PATH: /home/denzelgfarmer/KernelSecurityBenchmarks/Microwave/.working/temp/linux/install/boot/vmlinuz-6.8.0", "LOG_PATH: /home/denzelgfarmer/KernelSecurityBenchmarks/Microwave/microwave2/runners/aux_logfile.txt", "KERNEL_ARGS: console=ttyS0,115200 earlyprintk=serial,ttyS0,115200 ignore_loglevel root=/dev/vda1 nospectre_bhb nospectre_v1 spectre_v2=off spectre_v2_user=off retbleed=off pti=off spec_rstack_overflow=off", "+ '[' -z /home/denzelgfarmer/KernelSecurityBenchmarks/Microwave/.working/test_lmbench_kernel_address_sanitizer-linux.img ']'", "+ '[' -z /home/denzelgfarmer/KernelSecurityBenchmarks/Microwave/.working/temp/linux/install/boot/vmlinuz-6.8.0 ']'", "+ CORESET=2,3,4,5", "+ echo 'Booting image /home/denzelgfarmer/KernelSecurityBenchmarks/Microwave/.working/test_lmbench_kernel_address_sanitizer-linux.img (with kernel at /home/denzelgfarmer/KernelSecurityBenchmarks/Microwave/.working/temp/linux/install/boot/vmlinuz-6.8.0)...'", "Booting image /home/denzelgfarmer/KernelSecurityBenchmarks/Microwave/.working/test_lmbench_kernel_address_sanitizer-linux.img (with kernel at /home/denzelgfarmer/KernelSecurityBenchmarks/Microwave/.working/temp/linux/install/boot/vmlinuz-6.8.0)...", "+ taskset -c 2,3,4,5 qemu-system-x86_64 -enable-kvm -nodefaults -nographic -m 8192 -mem-prealloc -cpu host -smp 8,sockets=1,cores=8,threads=1 -kernel /home/denzelgfarmer/KernelSecurityBenchmarks/Microwave/.working/temp/linux/install/boot/vmlinuz-6.8.0 -append 'console=ttyS0,115200 earlyprintk=serial,ttyS0,115200 ignore_loglevel root=/dev/vda1 nospectre_bhb nospectre_v1 spectre_v2=off spectre_v2_user=off retbleed=off pti=off spec_rstack_overflow=off' -device virtio-blk-pci,drive=hd0 -blockdev driver=file,node-name=hd_file,filename=/home/denzelgfarmer/KernelSecurityBenchmarks/Microwave/.working/test_lmbench_kernel_address_sanitizer-linux.img -blockdev driver=qcow2,node-name=hd0,file=hd_file -device virtio-net-pci,netdev=net1 -netdev user,id=net1,hostfwd=tcp::2223-:22 -serial stdio -s -chardev file,id=log0,path=/home/denzelgfarmer/KernelSecurityBenchmarks/Microwave/microwave2/runners/aux_logfile.txt -device virtio-serial-pci,id=virtio-serial0 -device virtserialport,chardev=log0,name=host-port,bus=virtio-serial0.0", "\u001bc\u001b[?7l\u001b[2J\u001b[0mSeaBIOS (version 1.16.3-debian-1.16.3-2)", "", "", "iPXE (https://ipxe.org) 00:03.0 C000 PCI2.10 PnP PMM+BEFCACB0+BEF0ACB0 C000", "Press Ctrl-B to configure iPXE (PCI 00:03.0)...", "", "", "", "Booting from ROM..\u001bc\u001b[?7l\u001b[2JNo EFI environment detected.", "early console in extract_kernel", "input_data: 0x0000000004a942b9", "input_len: 0x00000000017f6084", "output: 0x0000000001000000", "output_len: 0x00000000052177a4", "kernel_total_size: 0x0000000004e30000", "needed_size: 0x0000000005400000", "trampoline_32bit: 0x0000000000000000", "Physical KASLR using RDRAND RDTSC...", "Virtual KASLR using RDRAND RDTSC...", "", "Decompressing Linux... Parsing ELF... Performing relocations... done.", "Booting the kernel (entry_offset: 0x0000000000000000).", "[    0.000000] Linux version 6.8.0 (denzelgfarmer@microwave-lmbench) (gcc (Ubuntu 14.2.0-19ubuntu2) 14.2.0, GNU ld (GNU Binutils for Ubuntu) 2.44) #1 SMP PREEMPT_DYNAMIC Wed May 14 08:59:31 UTC 2025", "[    0.000000] Command line: console=ttyS0,115200 earlyprintk=serial,ttyS0,115200 ignore_loglevel root=/dev/vda1 nospectre_bhb nospectre_v1 spectre_v2=off spectre_v2_user=off retbleed=off pti=off spec_rstack_overflow=off", "[    0.000000] BIOS-provided physical RAM map:", "[    0.000000] BIOS-e820: [mem 0x0000000000000000-0x000000000009fbff] usable", "[    0.000000] BIOS-e820: [mem 0x000000000009fc00-0x000000000009ffff] reserved", "[    0.000000] BIOS-e820: [mem 0x00000000000f0000-0x00000000000fffff] reserved", "[    0.000000] BIOS-e820: [mem 0x0000000000100000-0x00000000bffdcfff] usable", "[    0.000000] BIOS-e820: [mem 0x00000000bffdd000-0x00000000bfffffff] reserved", "[    0.000000] BIOS-e820: [mem 0x00000000feffc000-0x00000000feffffff] reserved", "[    0.000000] BIOS-e820: [mem 0x00000000fffc0000-0x00000000ffffffff] reserved", "[    0.000000] BIOS-e820: [mem 0x0000000100000000-0x000000023fffffff] usable", "[    0.000000] printk: legacy bootconsole [earlyser0] enabled", "[    0.000000] printk: debug: ignoring loglevel setting.", "[    0.000000] NX (Execute Disable) protection: active", "[    0.000000] APIC: Static calls initialized", "[    0.000000] SMBIOS 2.8 present.", "[    0.000000] DMI: QEMU Ubuntu 25.04 PC (i440FX + PIIX, 1996), BIOS 1.16.3-debian-1.16.3-2 04/01/2014", "[    0.000000] Hypervisor detected: KVM", "[    0.000000] kvm-clock: Using msrs 4b564d01 and 4b564d00", "[    0.000003] kvm-clock: using sched offset of 3045838913 cycles", "[    0.003484] clocksource: kvm-clock: mask: 0xffffffffffffffff max_cycles: 0x1cd42e4dffb, max_idle_ns: 881590591483 ns", "[    0.014407] tsc: Detected 2800.246 MHz processor", "[    0.018369] e820: update [mem 0x00000000-0x00000fff] usable ==> reserved", "[    0.022871] e820: remove [mem 0x000a0000-0x000fffff] usable", "[    0.026595] last_pfn = 0x240000 max_arch_pfn = 0x400000000", "[    0.030618] MTRR map: 4 entries (3 fixed + 1 variable; max 19), built from 8 variable MTRRs", "[    0.036225] x86/PAT: Configuration [0-7]: WB  WC  UC- UC  WB  WP  UC- WT", "[    0.041308] last_pfn = 0xbffdd max_arch_pfn = 0x400000000", "[    0.052065] found SMP MP-table at [mem 0x000f5470-0x000f547f]", "[    0.055934] Using GB pages for direct mapping", "[    0.059413] ACPI: Early table checksum verification disabled", "[    0.063261] ACPI: RSDP 0x00000000000F5270 000014 (v00 BOCHS )", "[    0.067167] ACPI: RSDT 0x00000000BFFE2565 000034 (v01 BOCHS  BXPC     00000001 BXPC 00000001)", "[    0.072924] ACPI: FACP 0x00000000BFFE23E1 000074 (v01 BOCHS  BXPC     00000001 BXPC 00000001)", "[    0.078652] ACPI: DSDT 0x00000000BFFE0040 0023A1 (v01 BOCHS  BXPC     00000001 BXPC 00000001)", "[    0.084365] ACPI: FACS 0x00000000BFFE0000 000040", "[    0.087471] ACPI: APIC 0x00000000BFFE2455 0000B0 (v03 BOCHS  BXPC     00000001 BXPC 00000001)", "[    0.093321] ACPI: HPET 0x00000000BFFE2505 000038 (v01 BOCHS  BXPC     00000001 BXPC 00000001)", "[    0.099067] ACPI: WAET 0x00000000BFFE253D 000028 (v01 BOCHS  BXPC     00000001 BXPC 00000001)", "[    0.104802] ACPI: Reserving FACP table memory at [mem 0xbffe23e1-0xbffe2454]", "[    0.109528] ACPI: Reserving DSDT table memory at [mem 0xbffe0040-0xbffe23e0]", "[    0.114263] ACPI: Reserving FACS table memory at [mem 0xbffe0000-0xbffe003f]", "[    0.119005] ACPI: Reserving APIC table memory at [mem 0xbffe2455-0xbffe2504]", "[    0.123770] ACPI: Reserving HPET table memory at [mem 0xbffe2505-0xbffe253c]", "[    0.128486] ACPI: Reserving WAET table memory at [mem 0xbffe253d-0xbffe2564]", "[    0.135141] No NUMA configuration found", "[    0.137693] Faking a node at [mem 0x0000000000000000-0x000000023fffffff]", "[    0.142186] NODE_DATA(0) allocated [mem 0x23fffa000-0x23fffdfff]", "[    0.146213] Zone ranges:", "[    0.147910]   DMA      [mem 0x0000000000001000-0x0000000000ffffff]", "[    0.152042]   DMA32    [mem 0x0000000001000000-0x00000000ffffffff]", "[    0.156179]   Normal   [mem 0x0000000100000000-0x000000023fffffff]", "[    0.160318] Movable zone start for each node", "[    0.163176] Early memory node ranges", "[    0.165558]   node   0: [mem 0x0000000000001000-0x000000000009efff]", "[    0.169778]   node   0: [mem 0x0000000000100000-0x00000000bffdcfff]", "[    0.173973]   node   0: [mem 0x0000000100000000-0x000000023fffffff]", "[    0.178171] Initmem setup node 0 [mem 0x0000000000001000-0x000000023fffffff]", "[    0.182995] On node 0, zone DMA: 1 pages in unavailable ranges", "[    0.187055] On node 0, zone DMA: 97 pages in unavailable ranges", "[    0.531224] On node 0, zone Normal: 35 pages in unavailable ranges", "[    3.693067] kasan: KernelAddressSanitizer initialized", "[    3.699044] ACPI: PM-Timer IO Port: 0x608", "[    3.701737] ACPI: LAPIC_NMI (acpi_id[0xff] dfl dfl lint[0x1])", "[    3.705680] IOAPIC[0]: apic_id 0, version 17, address 0xfec00000, GSI 0-23", "[    3.710270] ACPI: INT_SRC_OVR (bus 0 bus_irq 0 global_irq 2 dfl dfl)", "[    3.714520] ACPI: INT_SRC_OVR (bus 0 bus_irq 5 global_irq 5 high level)", "[    3.718885] ACPI: INT_SRC_OVR (bus 0 bus_irq 9 global_irq 9 high level)", "[    3.723262] ACPI: INT_SRC_OVR (bus 0 bus_irq 10 global_irq 10 high level)", "[    3.727776] ACPI: INT_SRC_OVR (bus 0 bus_irq 11 global_irq 11 high level)", "[    3.732286] ACPI: Using ACPI (MADT) for SMP configuration information", "[    3.736572] ACPI: HPET id: 0x8086a201 base: 0xfed00000", "[    3.739994] TSC deadline timer available", "[    3.742607] smpboot: Allowing 8 CPUs, 0 hotplug CPUs", "[    3.745965] kvm-guest: APIC: eoi() replaced with kvm_guest_apic_eoi_write()", "[    3.750651] kvm-guest: KVM setup pv remote TLB flush", "[    3.753949] kvm-guest: setup PV sched yield", "[    3.756775] PM: hibernation: Registered nosave memory: [mem 0x00000000-0x00000fff]", "[    3.761861] PM: hibernation: Registered nosave memory: [mem 0x0009f000-0x0009ffff]", "[    3.766938] PM: hibernation: Registered nosave memory: [mem 0x000a0000-0x000effff]", "[    3.771964] PM: hibernation: Registered nosave memory: [mem 0x000f0000-0x000fffff]", "[    3.777028] PM: hibernation: Registered nosave memory: [mem 0xbffdd000-0xbfffffff]", "[    3.782113] PM: hibernation: Registered nosave memory: [mem 0xc0000000-0xfeffbfff]", "[    3.787146] PM: hibernation: Registered nosave memory: [mem 0xfeffc000-0xfeffffff]", "[    3.792186] PM: hibernation: Registered nosave memory: [mem 0xff000000-0xfffbffff]", "[    3.797215] PM: hibernation: Registered nosave memory: [mem 0xfffc0000-0xffffffff]", "[    3.802214] [mem 0xc0000000-0xfeffbfff] available for PCI devices", "[    3.806260] Booting paravirtualized kernel on KVM", "[    3.809379] clocksource: refined-jiffies: mask: 0xffffffff max_cycles: 0xffffffff, max_idle_ns: 1910969940391419 ns", "[    3.834115] setup_percpu: NR_CPUS:64 nr_cpumask_bits:8 nr_cpu_ids:8 nr_node_ids:1", "[    3.855901] percpu: Embedded 67 pages/cpu s234152 r8192 d32088 u524288", "[    3.860387] pcpu-alloc: s234152 r8192 d32088 u524288 alloc=1*2097152", "[    3.864595] pcpu-alloc: [0] 0 1 2 3 [0] 4 5 6 7", "[    3.867816] Kernel command line: console=ttyS0,115200 earlyprintk=serial,ttyS0,115200 ignore_loglevel root=/dev/vda1 nospectre_bhb nospectre_v1 spectre_v2=off spectre_v2_user=off retbleed=off pti=off spec_rstack_overflow=off", "[    3.881313] Unknown kernel command line parameters \"nospectre_bhb spectre_v2=off spectre_v2_user=off pti=off\", will be passed to user space.", "[    3.889791] random: crng init done", "[    3.924985] Dentry cache hash table entries: 1048576 (order: 11, 8388608 bytes, linear)", "[    3.946809] Inode-cache hash table entries: 524288 (order: 10, 4194304 bytes, linear)", "[    3.952962] Fallback order for Node 0: 0", "[    3.952972] Built 1 zonelists, mobility grouping on.  Total pages: 2064093", "[    3.959178] Policy zone: Normal", "[    3.960965] mem auto-init: stack:all(zero), heap alloc:off, heap free:off", "[    3.964829] stackdepot: allocating hash table via alloc_large_system_hash", "[    3.968702] stackdepot hash table entries: 1048576 (order: 12, 16777216 bytes, linear)", "[    4.038064] software IO TLB: area num 8.", "[    4.361697] Memory: 7019920K/8388076K available (49152K kernel code, 8085K rwdata, 9344K rodata, 2184K init, 2008K bss, 1367900K reserved, 0K cma-reserved)", "[    4.369922] SLUB: HWalign=64, Order=0-3, MinObjects=0, CPUs=8, Nodes=1", "Poking KASLR using RDRAND RDTSC...", "[    4.377774] Dynamic Preempt: voluntary", "[    4.380197] rcu: Preemptible hierarchical RCU implementation.", "[    4.383490] rcu: \tRCU event tracing is enabled.", "[    4.386052] rcu: \tRCU restricting CPUs from NR_CPUS=64 to nr_cpu_ids=8.", "[    4.389810] \tTrampoline variant of Tasks RCU enabled.", "[    4.392677] rcu: RCU calculated value of scheduler-enlistment delay is 100 jiffies.", "[    4.396996] rcu: Adjusting geometry for rcu_fanout_leaf=16, nr_cpu_ids=8", "[    4.413325] NR_IRQS: 4352, nr_irqs: 488, preallocated irqs: 16", "[    4.417167] rcu: srcu_init: Setting srcu_struct sizes based on contention.", "[    4.421612] Console: colour *CGA 80x25", "[    4.423905] printk: legacy console [ttyS0] enabled", "[    4.423905] printk: legacy console [ttyS0] enabled", "[    4.429467] printk: legacy bootconsole [earlyser0] disabled", "[    4.429467] printk: legacy bootconsole [earlyser0] disabled", "[    4.435901] ACPI: Core revision 20230628", "[    4.438900] clocksource: hpet: mask: 0xffffffff max_cycles: 0xffffffff, max_idle_ns: 19112604467 ns", "[    4.444648] APIC: Switch to symmetric I/O mode setup", "[    4.447697] kvm-guest: APIC: send_IPI_mask() replaced with kvm_send_ipi_mask()", "[    4.451920] kvm-guest: APIC: send_IPI_mask_allbutself() replaced with kvm_send_ipi_mask_allbutself()", "[    4.457271] kvm-guest: setup PV IPIs", "[    4.466315] ..TIMER: vector=0x30 apic1=0 pin1=2 apic2=-1 pin2=-1", "[    4.470051] clocksource: tsc-early: mask: 0xffffffffffffffff max_cycles: 0x285d298e329, max_idle_ns: 440795345114 ns", "[    4.476330] Calibrating delay loop (skipped) preset value.. 5600.49 BogoMIPS (lpj=2800246)", "[    4.479369] x86/cpu: User Mode Instruction Prevention (UMIP) activated", "[    4.481489] Last level iTLB entries: 4KB 0, 2MB 0, 4MB 0", "[    4.482325] Last level dTLB entries: 4KB 0, 2MB 0, 4MB 0, 1GB 0", "[    4.483359] Spectre V1 : Vulnerable: __user pointer sanitization and usercopy barriers only; no swapgs barriers", "[    4.485328] Spectre V2 : off selected on command line.", "[    4.486326] Spectre V2 : User space: Vulnerable", "[    4.487327] Speculative Store Bypass: Mitigation: Speculative Store Bypass disabled via prctl", "[    4.488375] TAA: Vulnerable: Clear CPU buffers attempted, no microcode", "[    4.489327] MMIO Stale Data: Vulnerable: Clear CPU buffers attempted, no microcode", "[    4.490510] x86/fpu: Supporting XSAVE feature 0x001: 'x87 floating point registers'", "[    4.491326] x86/fpu: Supporting XSAVE feature 0x002: 'SSE registers'", "[    4.492326] x86/fpu: Supporting XSAVE feature 0x004: 'AVX registers'", "[    4.493326] x86/fpu: Supporting XSAVE feature 0x020: 'AVX-512 opmask'", "[    4.494327] x86/fpu: Supporting XSAVE feature 0x040: 'AVX-512 Hi256'", "[    4.495325] x86/fpu: Supporting XSAVE feature 0x080: 'AVX-512 ZMM_Hi256'", "[    4.496326] x86/fpu: xstate_offset[2]:  576, xstate_sizes[2]:  256", "[    4.497325] x86/fpu: xstate_offset[5]:  832, xstate_sizes[5]:   64", "[    4.498325] x86/fpu: xstate_offset[6]:  896, xstate_sizes[6]:  512", "[    4.499327] x86/fpu: xstate_offset[7]: 1408, xstate_sizes[7]: 1024", "[    4.500326] x86/fpu: Enabled xstate features 0xe7, context size is 2432 bytes, using 'compacted' format.", "[    4.506536] Freeing SMP alternatives memory: 48K", "[    4.507326] pid_max: default: 32768 minimum: 301", "[    4.508447] LSM: initializing lsm=capability,selinux,integrity", "[    4.509354] SELinux:  Initializing.", "[    4.511360] Mount-cache hash table entries: 16384 (order: 5, 131072 bytes, linear)", "[    4.512351] Mountpoint-cache hash table entries: 16384 (order: 5, 131072 bytes, linear)", "[    4.515168] smpboot: CPU0: Intel(R) Xeon(R) CPU @ 2.80GHz (family: 0x6, model: 0x55, stepping: 0x7)", "[    4.515783] RCU Tasks: Setting shift to 3 and lim to 1 rcu_task_cb_adjust=1.", "[    4.516395] Performance Events: unsupported p6 CPU model 85 no PMU driver, software events only.", "[    4.517493] signal: max sigframe size: 3632", "[    4.518447] rcu: Hierarchical SRCU implementation.", "[    4.519334] rcu: \tMax phase no-delay instances is 400.", "[    4.521205] smp: Bringing up secondary CPUs ...", "[    4.521792] smpboot: x86: Booting SMP configuration:", "[    4.522339] .... node  #0, CPUs:      #1 #2 #3 #4 #5 #6 #7", "[    4.556795] smp: Brought up 1 node, 8 CPUs", "[    4.558335] smpboot: Max logical packages: 1", "[    4.559334] smpboot: Total of 8 processors activated (44803.93 BogoMIPS)", "[    4.570534] devtmpfs: initialized", "[    4.575644] clocksource: jiffies: mask: 0xffffffff max_cycles: 0xffffffff, max_idle_ns: 1911260446275000 ns", "[    4.576348] futex hash table entries: 2048 (order: 5, 131072 bytes, linear)", "[    4.578002] PM: RTC time: 13:08:55, date: 2025-05-17", "[    4.579055] NET: Registered PF_NETLINK/PF_ROUTE protocol family", "[    4.579910] audit: initializing netlink subsys (disabled)", "[    4.580447] audit: type=2000 audit(1747487335.222:1): state=initialized audit_enabled=0 res=1", "[    4.580881] thermal_sys: Registered thermal governor 'step_wise'", "[    4.581338] thermal_sys: Registered thermal governor 'user_space'", "[    4.582386] cpuidle: using governor menu", "[    4.585527] PCI: Using configuration type 1 for base access", "[    4.586582] kprobes: kprobe jump-optimization is enabled. All kprobes are optimized if possible.", "[    4.589592] HugeTLB: registered 2.00 MiB page size, pre-allocated 0 pages", "[    4.590334] HugeTLB: 28 KiB vmemmap can be freed for a 2.00 MiB page", "[    4.592344] ACPI: Added _OSI(Module Device)", "[    4.593337] ACPI: Added _OSI(Processor Device)", "[    4.594336] ACPI: Added _OSI(3.0 _SCP Extensions)", "[    4.595335] ACPI: Added _OSI(Processor Aggregator Device)", "[    4.618209] ACPI: 1 ACPI AML tables successfully acquired and loaded", "[    4.621653] ACPI: _OSC evaluation for CPUs failed, trying _PDC", "[    4.624346] ACPI: Interpreter enabled", "[    4.625443] ACPI: PM: (supports S0 S3 S4 S5)", "[    4.626335] ACPI: Using IOAPIC for interrupt routing", "[    4.627427] PCI: Using host bridge windows from ACPI; if necessary, use \"pci=nocrs\" and report a bug", "[    4.628355] PCI: Using E820 reservations for host bridge windows", "[    4.630466] ACPI: Enabled 2 GPEs in block 00 to 0F", "[    4.668476] ACPI: PCI Root Bridge [PCI0] (domain 0000 [bus 00-ff])", "[    4.669367] acpi PNP0A03:00: _OSC: OS supports [ASPM ClockPM Segments MSI HPX-Type3]", "[    4.670336] acpi PNP0A03:00: _OSC: not requesting OS control; OS requires [ExtendedConfig ASPM ClockPM MSI]", "[    4.671493] acpi PNP0A03:00: fail to add MMCONFIG information, can't access extended configuration space under this bridge", "[    4.672881] PCI host bridge to bus 0000:00", "[    4.673346] pci_bus 0000:00: root bus resource [io  0x0000-0x0cf7 window]", "[    4.674344] pci_bus 0000:00: root bus resource [io  0x0d00-0xffff window]", "[    4.675342] pci_bus 0000:00: root bus resource [mem 0x000a0000-0x000bffff window]", "[    4.676346] pci_bus 0000:00: root bus resource [mem 0xc0000000-0xfebfffff window]", "[    4.677343] pci_bus 0000:00: root bus resource [mem 0x380000000000-0x38007fffffff window]", "[    4.678344] pci_bus 0000:00: root bus resource [bus 00-ff]", "[    4.679649] pci 0000:00:00.0: [8086:1237] type 00 class 0x060000 conventional PCI endpoint", "[    4.683106] pci 0000:00:01.0: [8086:7000] type 00 class 0x060100 conventional PCI endpoint", "[    4.686870] pci 0000:00:01.1: [8086:7010] type 00 class 0x010180 conventional PCI endpoint", "[    4.691145] pci 0000:00:01.1: BAR 4 [io  0xc0e0-0xc0ef]", "[    4.693336] pci 0000:00:01.1: BAR 0 [io  0x01f0-0x01f7]: legacy IDE quirk", "[    4.694336] pci 0000:00:01.1: BAR 1 [io  0x03f6]: legacy IDE quirk", "[    4.695337] pci 0000:00:01.1: BAR 2 [io  0x0170-0x0177]: legacy IDE quirk", "[    4.696357] pci 0000:00:01.1: BAR 3 [io  0x0376]: legacy IDE quirk", "[    4.698783] pci 0000:00:01.3: [8086:7113] type 00 class 0x068000 conventional PCI endpoint", "[    4.701716] pci 0000:00:01.3: quirk: [io  0x0600-0x063f] claimed by PIIX4 ACPI", "[    4.702378] pci 0000:00:01.3: quirk: [io  0x0700-0x070f] claimed by PIIX4 SMB", "[    4.705521] pci 0000:00:02.0: [1af4:1001] type 00 class 0x010000 conventional PCI endpoint", "[    4.708336] pci 0000:00:02.0: BAR 0 [io  0xc000-0xc07f]", "[    4.711314] pci 0000:00:02.0: BAR 1 [mem 0xfeb80000-0xfeb80fff]", "[    4.717337] pci 0000:00:02.0: BAR 4 [mem 0x380000000000-0x380000003fff 64bit pref]", "[    4.736524] pci 0000:00:03.0: [1af4:1000] type 00 class 0x020000 conventional PCI endpoint", "[    4.738773] pci 0000:00:03.0: BAR 0 [io  0xc0c0-0xc0df]", "[    4.740336] pci 0000:00:03.0: BAR 1 [mem 0xfeb81000-0xfeb81fff]", "[    4.745095] pci 0000:00:03.0: BAR 4 [mem 0x380000004000-0x380000007fff 64bit pref]", "[    4.746336] pci 0000:00:03.0: ROM [mem 0xfeb00000-0xfeb7ffff pref]", "[    4.763007] pci 0000:00:04.0: [1af4:1003] type 00 class 0x078000 conventional PCI endpoint", "[    4.764860] pci 0000:00:04.0: BAR 0 [io  0xc080-0xc0bf]", "[    4.766336] pci 0000:00:04.0: BAR 1 [mem 0xfeb82000-0xfeb82fff]", "[    4.770337] pci 0000:00:04.0: BAR 4 [mem 0x380000008000-0x38000000bfff 64bit pref]", "[    4.791239] ACPI: PCI: Interrupt link LNKA configured for IRQ 10", "[    4.792630] ACPI: PCI: Interrupt link LNKB configured for IRQ 10", "[    4.794638] ACPI: PCI: Interrupt link LNKC configured for IRQ 11", "[    4.796603] ACPI: PCI: Interrupt link LNKD configured for IRQ 11", "[    4.797931] ACPI: PCI: Interrupt link LNKS configured for IRQ 9", "[    4.805039] iommu: Default domain type: Translated", "[    4.805335] iommu: DMA domain TLB invalidation policy: lazy mode", "[    4.806954] SCSI subsystem initialized", "[    4.807418] libata version 3.00 loaded.", "[    4.808628] ACPI: bus type USB registered", "[    4.809490] usbcore: registered new interface driver usbfs", "[    4.810397] usbcore: registered new interface driver hub", "[    4.811401] usbcore: registered new device driver usb", "[    4.812488] pps_core: LinuxPPS API ver. 1 registered", "[    4.813334] pps_core: Software ver. 5.3.6 - Copyright 2005-2007 Rodolfo Giometti <giometti@linux.it>", "[    4.814369] PTP clock support registered", "[    4.815576] Advanced Linux Sound Architecture Driver Initialized.", "[    4.817309] NetLabel: Initializing", "[    4.817335] NetLabel:  domain hash size = 128", "[    4.818334] NetLabel:  protocols = UNLABELED CIPSOv4 CALIPSO", "[    4.819457] NetLabel:  unlabeled traffic allowed by default", "[    4.820466] PCI: Using ACPI for IRQ routing", "[    4.821338] PCI: pci_cache_line_size set to 64 bytes", "[    4.822909] e820: reserve RAM buffer [mem 0x0009fc00-0x0009ffff]", "[    4.823349] e820: reserve RAM buffer [mem 0xbffdd000-0xbfffffff]", "[    4.824470] vgaarb: loaded", "[    4.825552] hpet0: at MMIO 0xfed00000, IRQs 2, 8, 0", "[    4.826334] hpet0: 3 comparators, 64-bit 100.000000 MHz counter", "[    4.847785] clocksource: Switched to clocksource kvm-clock", "[    4.855649] VFS: Disk quotas dquot_6.6.0", "[    4.858042] VFS: Dquot-cache hash table entries: 512 (order 0, 4096 bytes)", "[    4.862530] pnp: PnP ACPI init", "[    4.864920] pnp 00:02: [dma 2]", "[    4.869384] pnp: PnP ACPI: found 5 devices", "[    4.897115] clocksource: acpi_pm: mask: 0xffffff max_cycles: 0xffffff, max_idle_ns: 2085701024 ns", "[    4.902641] NET: Registered PF_INET protocol family", "[    4.905884] IP idents hash table entries: 131072 (order: 8, 1048576 bytes, linear)", "[    4.913410] tcp_listen_portaddr_hash hash table entries: 4096 (order: 4, 65536 bytes, linear)", "[    4.918420] Table-perturb hash table entries: 65536 (order: 6, 262144 bytes, linear)", "[    4.922958] TCP established hash table entries: 65536 (order: 7, 524288 bytes, linear)", "[    4.927722] TCP bind hash table entries: 65536 (order: 9, 2097152 bytes, linear)", "[    4.932421] TCP: Hash tables configured (established 65536 bind 65536)", "[    4.936510] UDP hash table entries: 4096 (order: 5, 131072 bytes, linear)", "[    4.940469] UDP-Lite hash table entries: 4096 (order: 5, 131072 bytes, linear)", "[    4.944932] NET: Registered PF_UNIX/PF_LOCAL protocol family", "[    4.949667] RPC: Registered named UNIX socket transport module.", "[    4.953122] RPC: Registered udp transport module.", "[    4.955862] RPC: Registered tcp transport module.", "[    4.958617] RPC: Registered tcp-with-tls transport module.", "[    4.961821] RPC: Registered tcp NFSv4.1 backchannel transport module.", "[    4.967051] pci_bus 0000:00: resource 4 [io  0x0000-0x0cf7 window]", "[    4.970674] pci_bus 0000:00: resource 5 [io  0x0d00-0xffff window]", "[    4.974279] pci_bus 0000:00: resource 6 [mem 0x000a0000-0x000bffff window]", "[    4.978274] pci_bus 0000:00: resource 7 [mem 0xc0000000-0xfebfffff window]", "[    4.982263] pci_bus 0000:00: resource 8 [mem 0x380000000000-0x38007fffffff window]", "[    4.986872] pci 0000:00:01.0: PIIX3: Enabling Passive Release", "[    4.990324] pci 0000:00:00.0: Limiting direct PCI/PCI transfers", "[    4.994034] PCI: CLS 0 bytes, default 64", "[    4.996382] PCI-DMA: Using software bounce buffering for IO (SWIOTLB)", "[    5.000163] software IO TLB: mapped [mem 0x00000000bbfdd000-0x00000000bffdd000] (64MB)", "[    5.005996] RAPL PMU: API unit is 2^-32 Joules, 0 fixed counters, 10737418240 ms ovfl timer", "[    5.010905] clocksource: tsc: mask: 0xffffffffffffffff max_cycles: 0x285d298e329, max_idle_ns: 440795345114 ns", "[    5.025913] Initialise system trusted keyrings", "[    5.028896] workingset: timestamp_bits=56 max_order=21 bucket_order=0", "[    5.033949] NFS: Registering the id_resolver key type", "[    5.036782] Key type id_resolver registered", "[    5.039161] Key type id_legacy registered", "[    5.041843] 9p: Installing v9fs 9p2000 file system support", "[    5.065184] Key type asymmetric registered", "[    5.067627] Asymmetric key parser 'x509' registered", "[    5.070412] Block layer SCSI generic (bsg) driver version 0.4 loaded (major 251)", "[    5.074510] io scheduler mq-deadline registered", "[    5.076985] io scheduler kyber registered", "[    5.081304] input: Power Button as /devices/LNXSYSTM:00/LNXPWRBN:00/input/input0", "[    5.085891] ACPI: button: Power Button [PWRF]", "[    5.109439] ACPI: \\_SB_.LNKB: Enabled at IRQ 10", "[    5.135386] ACPI: \\_SB_.LNKC: Enabled at IRQ 11", "[    5.161376] ACPI: \\_SB_.LNKD: Enabled at IRQ 11", "[    5.168705] Serial: 8250/16550 driver, 4 ports, IRQ sharing enabled", "[    5.172922] 00:03: ttyS0 at I/O 0x3f8 (irq = 4, base_baud = 115200) is a 16550A", "[    5.216484] Non-volatile memory driver v1.3", "[    5.219031] Linux agpgart interface v0.103", "[    5.221630] ACPI: bus type drm_connector registered", "[    5.238591] loop: module loaded", "[    5.240899] virtio_blk virtio0: 8/0/0 default/read/poll queues", "[    5.253867] virtio_blk virtio0: [vda] 52428800 512-byte logical blocks (26.8 GB/25.0 GiB)", "[    5.263640]  vda: vda1 vda14 vda15 vda16", "[    5.268602] ata_piix 0000:00:01.1: version 2.13", "[    5.274998] scsi host0: ata_piix", "[    5.278127] scsi host1: ata_piix", "[    5.280307] ata1: PATA max MWDMA2 cmd 0x1f0 ctl 0x3f6 bmdma 0xc0e0 irq 14 lpm-pol 0", "[    5.284537] ata2: PATA max MWDMA2 cmd 0x170 ctl 0x376 bmdma 0xc0e8 irq 15 lpm-pol 0", "[    5.295716] e100: Intel(R) PRO/100 Network Driver", "[    5.298370] e100: Copyright(c) 1999-2006 Intel Corporation", "[    5.301683] e1000: Intel(R) PRO/1000 Network Driver", "[    5.304354] e1000: Copyright (c) 1999-2006 Intel Corporation.", "[    5.307558] e1000e: Intel(R) PRO/1000 Network Driver", "[    5.310311] e1000e: Copyright(c) 1999 - 2015 Intel Corporation.", "[    5.313583] sky2: driver version 1.30", "[    5.316593] usbcore: registered new interface driver usblp", "[    5.319668] usbcore: registered new interface driver usb-storage", "[    5.323069] i8042: PNP: PS/2 Controller [PNP0303:KBD,PNP0f13:MOU] at 0x60,0x64 irq 1,12", "[    5.330278] serio: i8042 KBD port at 0x60,0x64 irq 1", "[    5.333043] serio: i8042 AUX port at 0x60,0x64 irq 12", "[    5.336813] rtc_cmos 00:04: RTC can wake from S4", "[    5.342107] input: AT Translated Set 2 keyboard as /devices/platform/i8042/serio0/input/input1", "[    5.348517] rtc_cmos 00:04: registered as rtc0", "[    5.351512] rtc_cmos 00:04: alarms up to one day, y3k, 242 bytes nvram, hpet irqs", "[    5.356931] device-mapper: ioctl: 4.48.0-ioctl (2023-03-01) initialised: dm-devel@redhat.com", "[    5.361757] intel_pstate: CPU model not supported", "[    5.364453] hid: raw HID events driver (C) Jiri Kosina", "[    5.367930] usbcore: registered new interface driver usbhid", "[    5.371030] usbhid: USB HID core driver", "[    5.375749] Initializing XFRM netlink socket", "[    5.378361] NET: Registered PF_INET6 protocol family", "[    5.382882] Segment Routing with IPv6", "[    5.385047] In-situ OAM (IOAM) with IPv6", "[    5.387416] sit: IPv6, IPv4 and MPLS over IPv4 tunneling driver", "[    5.391372] NET: Registered PF_PACKET protocol family", "[    5.394331] 9pnet: Installing 9P2000 support", "[    5.396784] Key type dns_resolver registered", "[    5.403051] IPI shorthand broadcast: enabled", "[    5.426036] sched_clock: Marking stable (5376015811, 49228646)->(5845254439, -420009982)", "[    5.431597] registered taskstats version 1", "[    5.433952] Loading compiled-in X.509 certificates", "[    5.453908] PM:   Magic number: 9:713:129", "[    5.456187] nvmem cmos_nvram0: hash matches", "[    5.458570] event_source kprobe: hash matches", "[    5.461016] acpi device:04: hash matches", "[    5.463288] printk: legacy console [netcon0] enabled", "[    5.466101] netconsole: network logging started", "[    5.469072] cfg80211: Loading compiled-in X.509 certificates for regulatory database", "[    5.473947] kworker/u16:1 (85) used greatest stack depth: 28552 bytes left", "[    5.475554] Loaded X.509 cert 'sforshee: 00b28ddf47aef9cea7'", "[    5.481385] Loaded X.509 cert 'wens: 61c038651aabdcf94bd0ac7ff06c7248db18c600'", "[    5.485598] platform regulatory.0: Direct firmware load for regulatory.db failed with error -2", "[    5.488304] ALSA device list:", "[    5.490325] cfg80211: failed to load regulatory.db", "[    5.495118]   No soundcards found.", "[    5.981996] input: ImExPS/2 Generic Explorer Mouse as /devices/platform/i8042/serio1/input/input3", "[    5.985968] md: Waiting for all devices to be available before autodetect", "[    5.988417] md: If you don't use raid, use raid=noautodetect", "[    5.990505] md: Autodetecting RAID arrays.", "[    5.992024] md: autorun ...", "[    5.993087] md: ... autorun DONE.", "[    6.001377] EXT4-fs (vda1): mounted filesystem c8107c30-aa3b-40eb-bd2a-416a91df85e7 ro with ordered data mode. Quota mode: none.", "[    6.005482] VFS: Mounted root (ext4 filesystem) readonly on device 253:1.", "[    6.008434] devtmpfs: mounted", "[    6.010734] Freeing unused kernel image (initmem) memory: 2184K", "[    6.012887] Write protecting the kernel read-only data: 59392k", "[    6.016047] Freeing unused kernel image (rodata/data gap) memory: 896K", "[    6.041780] x86/mm: Checked W+X mappings: passed, no W+X pages found.", "[    6.044074] Run /sbin/init as init process", "[    6.045607]   with arguments:", "[    6.046785]     /sbin/init", "[    6.047837]     nospectre_bhb", "[    6.048975]   with environment:", "[    6.050215]     HOME=/", "[    6.051116]     TERM=linux", "[    6.052141]     spectre_v2=off", "[    6.053325]     spectre_v2_user=off", "[    6.054611]     pti=off", "SELinux:  Could not open policy file <= /etc/selinux/targeted/policy/policy.33:  No such file or directory", "[    6.305003] systemd[1]: systemd 255.4-1ubuntu8.6 running in system mode (+PAM +AUDIT +SELINUX +APPARMOR +IMA +SMACK +SECCOMP +GCRYPT -GNUTLS +OPENSSL +ACL +BLKID +CURL +ELFUTILS +FIDO2 +IDN2 -IDN +IPTC +KMOD +LIBCRYPTSETUP +LIBFDISK +PCRE2 -PWQUALITY +P11KIT +QRENCODE +TPM2 +BZIP2 +LZ4 +XZ +ZLIB +ZSTD -BPF_FRAMEWORK -XKBCOMMON +UTMP +SYSVINIT default-hierarchy=unified)", "[    6.316191] systemd[1]: Detected virtualization kvm.", "[    6.318112] systemd[1]: Detected architecture x86-64.", "", "Welcome to \u001b[1mUbuntu 24.04.2 LTS\u001b[0m!", "", "", "[    6.333197] systemd[1]: Hostname set to <ubuntu-testing>.", "[    6.370484] snapd-env-gener (96) used greatest stack depth: 26760 bytes left", "[    6.470574] sshd-socket-gen (102) used greatest stack depth: 26552 bytes left", "[    6.553527] cloud-init-gene (99) used greatest stack depth: 25536 bytes left", "[    6.746387] systemd[1]: Queued start job for default target graphical.target.", "[    6.759885] systemd[1]: Created slice system-modprobe.slice - Slice /system/modprobe.", "[\u001b[0;32m  OK  \u001b[0m] Created slice \u001b[0;1;39msystem-modprobe.slice\u001b[0m - Slice /system/modprobe.", "", "[    6.766972] systemd[1]: Created slice system-serial\\x2dgetty.slice - Slice /system/serial-getty.", "[\u001b[0;32m  OK  \u001b[0m] Created slice \u001b[0;1;39msystem-serial\\x2dget\u2026slice\u001b[0m - Slice /system/serial-getty.", "", "[    6.774550] systemd[1]: Created slice system-systemd\\x2dfsck.slice - Slice /system/systemd-fsck.", "[\u001b[0;32m  OK  \u001b[0m] Created slice \u001b[0;1;39msystem-systemd\\x2dfs\u2026slice\u001b[0m - Slice /system/systemd-fsck.", "", "[    6.781934] systemd[1]: Created slice user.slice - User and Session Slice.", "[\u001b[0;32m  OK  \u001b[0m] Created slice \u001b[0;1;39muser.slice\u001b[0m - User and Session Slice.", "", "[    6.787719] systemd[1]: Started systemd-ask-password-console.path - Dispatch Password Requests to Console Directory Watch.", "[\u001b[0;32m  OK  \u001b[0m] Started \u001b[0;1;39msystemd-ask-password-conso\u2026\u001b[0mequests to Console Directory Watch.", "", "[    6.795844] systemd[1]: Started systemd-ask-password-wall.path - Forward Password Requests to Wall Directory Watch.", "[\u001b[0;32m  OK  \u001b[0m] Started \u001b[0;1;39msystemd-ask-password-wall.\u2026\u001b[0md Requests to Wall Directory Watch.", "", "[    6.803765] systemd[1]: Set up automount proc-sys-fs-binfmt_misc.automount - Arbitrary Executable File Formats File System Automount Point.", "[\u001b[0;32m  OK  \u001b[0m] Set up automount \u001b[0;1;39mproc-sys-fs-binfm\u2026\u001b[0mormats File System Automount Point.", "", "[    6.811915] systemd[1]: Expecting device dev-disk-by\\x2dlabel-BOOT.device - /dev/disk/by-label/BOOT...", "Expecting device \u001b[0;1;39mdev-disk-by\\x2dla\u2026device\u001b[0m - /dev/disk/by-label/BOOT...", "", "[    6.818671] systemd[1]: Expecting device dev-disk-by\\x2dlabel-UEFI.device - /dev/disk/by-label/UEFI...", "Expecting device \u001b[0;1;39mdev-disk-by\\x2dla\u2026device\u001b[0m - /dev/disk/by-label/UEFI...", "", "[    6.825318] systemd[1]: Expecting device dev-ttyS0.device - /dev/ttyS0...", "Expecting device \u001b[0;1;39mdev-ttyS0.device\u001b[0m - /dev/ttyS0...", "", "[    6.830420] systemd[1]: Reached target cryptsetup.target - Local Encrypted Volumes.", "[\u001b[0;32m  OK  \u001b[0m] Reached target \u001b[0;1;39mcryptsetup.target\u001b[0m - Local Encrypted Volumes.", "", "[    6.836382] systemd[1]: Reached target integritysetup.target - Local Integrity Protected Volumes.", "[\u001b[0;32m  OK  \u001b[0m] Reached target \u001b[0;1;39mintegritysetup.targ\u2026\u001b[0m Local Integrity Protected Volumes.", "", "[    6.843296] systemd[1]: Reached target remote-fs.target - Remote File Systems.", "[\u001b[0;32m  OK  \u001b[0m] Reached target \u001b[0;1;39mremote-fs.target\u001b[0m - Remote File Systems.", "", "[    6.849176] systemd[1]: Reached target slices.target - Slice Units.", "[\u001b[0;32m  OK  \u001b[0m] Reached target \u001b[0;1;39mslices.target\u001b[0m - Slice Units.", "", "[    6.854652] systemd[1]: Reached target snapd.mounts-pre.target - Mounting snaps.", "[\u001b[0;32m  OK  \u001b[0m] Reached target \u001b[0;1;39msnapd.mounts-pre.target\u001b[0m - Mounting snaps.", "", "[    6.860694] systemd[1]: Reached target snapd.mounts.target - Mounted snaps.", "[\u001b[0;32m  OK  \u001b[0m] Reached target \u001b[0;1;39msnapd.mounts.target\u001b[0m - Mounted snaps.", "", "[    6.866426] systemd[1]: Reached target swap.target - Swaps.", "[\u001b[0;32m  OK  \u001b[0m] Reached target \u001b[0;1;39mswap.target\u001b[0m - Swaps.", "", "[    6.871130] systemd[1]: Reached target veritysetup.target - Local Verity Protected Volumes.", "[\u001b[0;32m  OK  \u001b[0m] Reached target \u001b[0;1;39mveritysetup.target\u001b[0m - Local Verity Protected Volumes.", "", "[    6.878156] systemd[1]: Listening on systemd-fsckd.socket - fsck to fsckd communication Socket.", "[\u001b[0;32m  OK  \u001b[0m] Listening on \u001b[0;1;39msystemd-fsckd.socket\u001b[0m \u2026fsck to fsckd communication Socket.", "", "[    6.885312] systemd[1]: Listening on systemd-initctl.socket - initctl Compatibility Named Pipe.", "[\u001b[0;32m  OK  \u001b[0m] Listening on \u001b[0;1;39msystemd-initctl.socke\u2026\u001b[0m- initctl Compatibility Named Pipe.", "", "[    6.892739] systemd[1]: Listening on systemd-journald-dev-log.socket - Journal Socket (/dev/log).", "[\u001b[0;32m  OK  \u001b[0m] Listening on \u001b[0;1;39msystemd-journald-dev-\u2026socket\u001b[0m - Journal Socket (/dev/log).", "", "[    6.900337] systemd[1]: Listening on systemd-journald.socket - Journal Socket.", "[\u001b[0;32m  OK  \u001b[0m] Listening on \u001b[0;1;39msystemd-journald.socket\u001b[0m - Journal Socket.", "", "[    6.906575] systemd[1]: Listening on systemd-networkd.socket - Network Service Netlink Socket.", "[\u001b[0;32m  OK  \u001b[0m] Listening on \u001b[0;1;39msystemd-networkd.socket\u001b[0m - Network Service Netlink Socket.", "", "[    6.913338] systemd[1]: systemd-pcrextend.socket - TPM2 PCR Extension (Varlink) was skipped because of an unmet condition check (ConditionSecurity=measured-uki).", "[    6.919173] systemd[1]: Listening on systemd-udevd-control.socket - udev Control Socket.", "[\u001b[0;32m  OK  \u001b[0m] Listening on \u001b[0;1;39msystemd-udevd-control.socket\u001b[0m - udev Control Socket.", "", "[    6.925883] systemd[1]: Listening on systemd-udevd-kernel.socket - udev Kernel Socket.", "[\u001b[0;32m  OK  \u001b[0m] Listening on \u001b[0;1;39msystemd-udevd-kernel.socket\u001b[0m - udev Kernel Socket.", "", "[    6.945503] systemd[1]: Mounting dev-hugepages.mount - Huge Pages File System...", "Mounting \u001b[0;1;39mdev-hugepages.mount\u001b[0m - Huge Pages File System...", "", "[    6.953320] systemd[1]: Mounting dev-mqueue.mount - POSIX Message Queue File System...", "Mounting \u001b[0;1;39mdev-mqueue.mount\u001b[0m - POSIX Message Queue File System...", "", "[    6.961347] systemd[1]: Mounting sys-kernel-debug.mount - Kernel Debug File System...", "Mounting \u001b[0;1;39msys-kernel-debug.mount\u001b[0m - Kernel Debug File System...", "", "[    6.969627] systemd[1]: Mounting sys-kernel-tracing.mount - Kernel Trace File System...", "Mounting \u001b[0;1;39msys-kernel-tracing.mount\u001b[0m - Kernel Trace File System...", "", "[    6.978354] systemd[1]: systemd-journald.service: unit configures an IP firewall, but the local system does not support BPF/cgroup firewalling.", "[    6.982610] systemd[1]: systemd-journald.service: (This warning is only shown for the first unit using IP firewalling.)", "[    6.987825] systemd[1]: Starting systemd-journald.service - Journal Service...", "Starting \u001b[0;1;39msystemd-journald.service\u001b[0m - Journal Service...", "", "[    6.995117] systemd[1]: Starting keyboard-setup.service - Set the console keyboard layout...", "Starting \u001b[0;1;39mkeyboard-setup.service\u001b[0m - Set the console keyboard layout...", "", "[    7.001170] systemd[1]: kmod-static-nodes.service - Create List of Static Device Nodes was skipped because of an unmet condition check (ConditionFileNotEmpty=/lib/modules/6.8.0/modules.devname).", "[    7.008654] systemd[1]: Starting modprobe@configfs.service - Load Kernel Module configfs...", "Starting \u001b[0;1;39mmodprobe@configfs.service\u001b[0m - Load Kernel Module configfs...", "", "[    7.017680] systemd[1]: Starting modprobe@dm_mod.service - Load Kernel Module dm_mod...", "Starting \u001b[0;1;39mmodprobe@dm_mod.service\u001b[0m - Load Kernel Module dm_mod...", "", "[    7.031988] systemd[1]: Starting modprobe@drm.service - Load Kernel Module drm...", "Starting \u001b[0;1;39mmodprobe@drm.service\u001b[0m - Load Kernel Module drm...", "", "[    7.042517] systemd[1]: Starting modprobe@efi_pstore.service - Load Kernel Module efi_pstore...", "Starting \u001b[0;1;39mmodprobe@efi_pstore.servi\u2026\u001b[0m - Load Kernel Module efi_pstore...", "", "[    7.064001] systemd[1]: Starting modprobe@fuse.service - Load Kernel Module fuse...", "Starting \u001b[0;1;39mmodprobe@fuse.service\u001b[0m - Load Kernel Module fuse...", "", "[    7.079515] systemd[1]: Starting modprobe@loop.service - Load Kernel Module loop...", "Starting \u001b[0;1;39mmodprobe@loop.service\u001b[0m - Load Kernel Module loop...", "", "[    7.086104] systemd[1]: netplan-ovs-cleanup.service - OpenVSwitch configuration for cleanup was skipped because of an unmet condition check (ConditionFileIsExecutable=/usr/bin/ovs-vsctl).", "[    7.097655] systemd[1]: Starting systemd-fsck-root.service - File System Check on Root Device...", "Starting \u001b[0;1;39msystemd-fsck-root.service\u001b[0m\u2026File System Check on Root Device...", "", "[    7.110135] systemd-journald[132]: Collecting audit messages is disabled.", "[    7.111866] systemd[1]: Starting systemd-modules-load.service - Load Kernel Modules...", "Starting \u001b[0;1;39msystemd-modules-load.service\u001b[0m - Load Kernel Modules...", "", "[    7.121335] systemd[1]: systemd-pcrmachine.service - TPM2 PCR Machine ID Measurement was skipped because of an unmet condition check (ConditionSecurity=measured-uki).", "[    7.132416] systemd[1]: Starting systemd-tmpfiles-setup-dev-early.service - Create Static Device Nodes in /dev gracefully...", "Starting \u001b[0;1;39msystemd-tmpfiles-setup-de\u2026\u001b[0m Device Nodes in /dev gracefully...", "", "[    7.142393] systemd[1]: systemd-tpm2-setup-early.service - TPM2 SRK Setup (Early) was skipped because of an unmet condition check (ConditionSecurity=measured-uki).", "[    7.150506] systemd[1]: Starting systemd-udev-trigger.service - Coldplug All udev Devices...", "Starting \u001b[0;1;39msystemd-udev-trigger.service\u001b[0m - Coldplug All udev Devices...", "", "[    7.160429] systemd[1]: Mounted dev-hugepages.mount - Huge Pages File System.", "[\u001b[0;32m  OK  \u001b[0m] Mounted \u001b[0;1;39mdev-hugepages.mount\u001b[0m - H[    7.167488] systemd[1]: Started systemd-journald.service - Journal Service.", "uge Pages File System.", "", "[\u001b[0;32m  OK  \u001b[0m] Started \u001b[0;1;39msystemd-journald.service\u001b[0m - Journal Service.", "", "[\u001b[0;32m  OK  \u001b[0m] Mounted \u001b[0;1;39mdev-mqueue.mount\u001b[0m - POSIX Message Queue File System.", "", "[\u001b[0;32m  OK  \u001b[0m] Mounted \u001b[0;1;39msys-kernel-debug.mount\u001b[0m - Kernel Debug File System.", "", "[\u001b[0;32m  OK  \u001b[0m] Mounted \u001b[0;1;39msys-kernel-tracing.mount\u001b[0m - Kernel Trace File System.", "", "[\u001b[0;32m  OK  \u001b[0m] Finished \u001b[0;1;39mkeyboard-setup.service\u001b[0m - Set the console keyboard layout.", "", "[\u001b[0;32m  OK  \u001b[0m] Finished \u001b[0;1;39mmodprobe@configfs.service\u001b[0m - Load Kernel Module configfs.", "", "[\u001b[0;32m  OK  \u001b[0m] Finished \u001b[0;1;39mmodprobe@dm_mod.service\u001b[0m - Load Kernel Module dm_mod.", "", "[\u001b[0;32m  OK  \u001b[0m] Finished \u001b[0;1;39mmodprobe@drm.service\u001b[0m - Load Kernel Module drm.", "", "[\u001b[0;32m  OK  \u001b[0m] Finished \u001b[0;1;39mmodprobe@efi_pstore.service\u001b[0m - Load Kernel Module efi_pstore.", "", "[\u001b[0;32m  OK  \u001b[0m] Finished \u001b[0;1;39mmodprobe@fuse.service\u001b[0m - Load Kernel Module fuse.", "", "[\u001b[0;32m  OK  \u001b[0m] Finished \u001b[0;1;39mmodprobe@loop.service\u001b[0m - Load Kernel Module loop.", "", "[\u001b[0;32m  OK  \u001b[0m] Finished \u001b[0;1;39msystemd-fsck-root.service\u001b[0m - File System Check on Root Device.", "", "[\u001b[0;32m  OK  \u001b[0m] Finished \u001b[0;1;39msystemd-modules-load.service\u001b[0m - Load Kernel Modules.", "", "[\u001b[0;32m  OK  \u001b[0m] Finished \u001b[0;1;39msystemd-tmpfiles-setup-de\u2026\u001b[0mic Device Nodes in /dev gracefully.", "", "[\u001b[0;32m  OK  \u001b[0m] Started \u001b[0;1;39msystemd-fsckd.service\u001b[0m - Fi\u2026stem Check Daemon to report status.", "", "Starting \u001b[0;1;39msystemd-remount-fs.servic\u2026\u001b[0munt Root and Kernel File Systems...", "", "Starting \u001b[0;1;39msystemd-sysctl.service\u001b[0m - Apply Kernel Variables...", "", "[\u001b[0;32m  OK  \u001b[0m] Finished \u001b[0;1;39msystemd-sysctl.service\u001b[0m - Apply Kernel Variables.", "", "[    7.359530] EXT4-fs (vda1): re-mounted c8107c30-aa3b-40eb-bd2a-416a91df85e7 r/w. Quota mode: none.", "[\u001b[0;32m  OK  \u001b[0m] Finished \u001b[0;1;39msystemd-remount-fs.servic\u2026\u001b[0mmount Root and Kernel File Systems.", "", "Starting \u001b[0;1;39msystemd-journal-flush.ser\u2026\u001b[0msh Journal to Persistent Storage...", "", "Starting \u001b[0;1;39msystemd-random-seed.service\u001b[0m - Load/Save OS Random Seed...", "", "[    7.403523] systemd-journald[132]: Received client request to flush runtime journal.", "Starting \u001b[0;1;39msystemd-sysusers.service\u001b[0m - Create System Users...", "", "[\u001b[0;32m  OK  \u001b[0m] Finished \u001b[0;1;39msystemd-random-seed.service\u001b[0m - Load/Save OS Random Seed.", "", "[\u001b[0;32m  OK  \u001b[0m] Finished \u001b[0;1;39msystemd-sysusers.service\u001b[0m - Create System Users.", "", "[    7.447354] systemd-journald[132]: /var/log/journal/26d7b7c94826499bb6e00a5f602ee679/system.journal: Journal file uses a different sequence number ID, rotating.", "[    7.452714] systemd-journald[132]: Rotating system journal.", "Starting \u001b[0;1;39msystemd-tmpfiles-setup-de\u2026\u001b[0meate Static Device Nodes in /dev...", "", "[\u001b[0;32m  OK  \u001b[0m] Finished \u001b[0;1;39msystemd-udev-trigger.service\u001b[0m - Coldplug All udev Devices.", "", "[\u001b[0;32m  OK  \u001b[0m] Finished \u001b[0;1;39msystemd-tmpfiles-setup-de\u2026\u001b[0mCreate Static Device Nodes in /dev.", "", "[\u001b[0;32m  OK  \u001b[0m] Reached target \u001b[0;1;39mlocal-fs-pre.target\u001b[0m\u2026Preparation for Local File Systems.", "", "Starting \u001b[0;1;39msystemd-udevd.service\u001b[0m - R\u2026ager for Device Events and Files...", "", "[\u001b[0;32m  OK  \u001b[0m] Finished \u001b[0;1;39msystemd-journal-flush.ser\u2026\u001b[0mlush Journal to Persistent Storage.", "", "[\u001b[0;32m  OK  \u001b[0m] Started \u001b[0;1;39msystemd-udevd.service\u001b[0m - Ru\u2026anager for Device Events and Files.", "", "Starting \u001b[0;1;39msystemd-networkd.service\u001b[0m - Network Configuration...", "", "[\u001b[0;32m  OK  \u001b[0m] Found device \u001b[0;1;39mdev-ttyS0.device\u001b[0m - /dev/ttyS0.", "", "[    7.773762] virtio_net virtio1 ens3: renamed from eth0", "[\u001b[0;32m  OK  \u001b[0m] Found device \u001b[0;1;39mdev-disk-by\\x2dlabel-\u2026T.device\u001b[0m - /dev/disk/by-label/BOOT.", "", "[\u001b[0;32m  OK  \u001b[0m] Found device \u001b[0;1;39mdev-disk-by\\x2dlabel-\u2026I.device\u001b[0m - /dev/disk/by-label/UEFI.", "", "Starting \u001b[0;1;39msystemd-fsck@dev-disk-by\\\u2026\u001b[0mCheck on /dev/disk/by-label/BOOT...", "", "[\u001b[0;32m  OK  \u001b[0m] Listening on \u001b[0;1;39msystemd-rfkill.socket\u001b[0m\u2026ll Switch Status /dev/rfkill Watch.", "", "[\u001b[0;32m  OK  \u001b[0m] Started \u001b[0;1;39msystemd-networkd.service\u001b[0m - Network Configuration.", "", "[\u001b[0;32m  OK  \u001b[0m] Finished \u001b[0;1;39msystemd-fsck@dev-disk-by\\\u2026\u001b[0mm Check on /dev/disk/by-label/BOOT.", "", "Mounting \u001b[0;1;39mboot.mount\u001b[0m - /boot...", "", "[    8.091837] EXT4-fs (vda16): mounted filesystem 7164fb69-891e-447e-91ac-9486a0886759 r/w with ordered data mode. Quota mode: none.", "[\u001b[0;32m  OK  \u001b[0m] Mounted \u001b[0;1;39mboot.mount\u001b[0m - /boot.", "", "Mounting \u001b[0;1;39mboot-efi.mount\u001b[0m - /boot/efi...", "", "[    8.125067] FAT-fs (vda15): Volume was not properly unmounted. Some data may be corrupt. Please run fsck.", "[\u001b[0;32m  OK  \u001b[0m] Mounted \u001b[0;1;39mboot-efi.mount\u001b[0m - /boot/efi.", "", "[\u001b[0;32m  OK  \u001b[0m] Reached target \u001b[0;1;39mlocal-fs.target\u001b[0m - Local File Systems.", "", "[\u001b[0;32m  OK  \u001b[0m] Listening on \u001b[0;1;39msystemd-sysext.socket\u001b[0m\u2026tension Image Management (Varlink).", "", "Starting \u001b[0;1;39mconsole-setup.service\u001b[0m - Set console font and keymap...", "", "Starting \u001b[0;1;39mldconfig.service\u001b[0m - Rebuild Dynamic Linker Cache...", "", "Starting \u001b[0;1;39msystemd-binfmt.service\u001b[0m - Set Up Additional Binary Formats...", "", "Starting \u001b[0;1;39msystemd-tmpfiles-setup.se\u2026\u001b[0me Volatile Files and Directories...", "", "[\u001b[0;32m  OK  \u001b[0m] Finished \u001b[0;1;39mconsole-setup.service\u001b[0m - Set console font and keymap.", "", "Mounting \u001b[0;1;39mproc-sys-fs-binfmt_misc.m\u2026\u001b[0mcutable File Formats File System...", "", "[\u001b[0;32m  OK  \u001b[0m] Mounted \u001b[0;1;39mproc-sys-fs-binfmt_misc.mo\u2026\u001b[0mxecutable File Formats File System.", "", "[\u001b[0;32m  OK  \u001b[0m] Finished \u001b[0;1;39msystemd-binfmt.service\u001b[0m - Set Up Additional Binary Formats.", "", "[    8.254837] systemd-tmpfile (258) used greatest stack depth: 25456 bytes left", "[\u001b[0;32m  OK  \u001b[0m] Finished \u001b[0;1;39msystemd-tmpfiles-setup.se\u2026\u001b[0mate Volatile Files and Directories.", "", "Starting \u001b[0;1;39msystemd-journal-catalog-u\u2026ervice\u001b[0m - Rebuild Journal Catalog...", "", "Starting \u001b[0;1;39msystemd-resolved.service\u001b[0m - Network Name Resolution...", "", "Starting \u001b[0;1;39msystemd-timesyncd.service\u001b[0m - Network Time Synchronization...", "", "Starting \u001b[0;1;39msystemd-update-utmp.servi\u2026\u001b[0mord System Boot/Shutdown in UTMP...", "", "[\u001b[0;32m  OK  \u001b[0m] Finished \u001b[0;1;39mldconfig.service\u001b[0m - Rebuild Dynamic Linker Cache.", "", "[\u001b[0;32m  OK  \u001b[0m] Finished \u001b[0;1;39msystemd-update-utmp.servi\u2026\u001b[0mecord System Boot/Shutdown in UTMP.", "", "[\u001b[0;32m  OK  \u001b[0m] Finished \u001b[0;1;39msystemd-journal-catalog-u\u2026.service\u001b[0m - Rebuild Journal Catalog.", "", "Starting \u001b[0;1;39msystemd-update-done.service\u001b[0m - Update is Completed...", "", "[\u001b[0;32m  OK  \u001b[0m] Started \u001b[0;1;39msystemd-timesyncd.service\u001b[0m - Network Time Synchronization.", "", "[\u001b[0;32m  OK  \u001b[0m] Finished \u001b[0;1;39msystemd-update-done.service\u001b[0m - Update is Completed.", "", "[\u001b[0;32m  OK  \u001b[0m] Reached target \u001b[0;1;39mtime-set.target\u001b[0m - System Time Set.", "", "[\u001b[0;32m  OK  \u001b[0m] Started \u001b[0;1;39msystemd-resolved.service\u001b[0m - Network Name Resolution.", "", "[\u001b[0;32m  OK  \u001b[0m] Reached target \u001b[0;1;39mnetwork.target\u001b[0m - Network.", "", "[\u001b[0;32m  OK  \u001b[0m] Reached target \u001b[0;1;39mnss-lookup.target\u001b[0m - Host and Network Name Lookups.", "", "[\u001b[0;32m  OK  \u001b[0m] Reached target \u001b[0;1;39msysinit.target\u001b[0m - System Initialization.", "", "[\u001b[0;32m  OK  \u001b[0m] Started \u001b[0;1;39mapt-daily.timer\u001b[0m - Daily apt download activities.", "", "[\u001b[0;32m  OK  \u001b[0m] Started \u001b[0;1;39mapt-daily-upgrade.timer\u001b[0m - \u2026y apt upgrade and clean activities.", "", "[\u001b[0;32m  OK  \u001b[0m] Started \u001b[0;1;39mdpkg-db-backup.timer\u001b[0m - Daily dpkg database backup timer.", "", "[\u001b[0;32m  OK  \u001b[0m] Started \u001b[0;1;39me2scrub_all.timer\u001b[0m - Period\u2026Metadata Check for All Filesystems.", "", "[\u001b[0;32m  OK  \u001b[0m] Started \u001b[0;1;39mfstrim.timer\u001b[0m - Discard unused filesystem blocks once a week.", "", "[\u001b[0;32m  OK  \u001b[0m] Started \u001b[0;1;39mmotd-news.timer\u001b[0m - Message of the Day.", "", "[\u001b[0;32m  OK  \u001b[0m] Started \u001b[0;1;39mphpsessionclean.timer\u001b[0m - Clean PHP session files every 30 mins.", "", "[\u001b[0;32m  OK  \u001b[0m] Started \u001b[0;1;39msystemd-tmpfiles-clean.tim\u2026\u001b[0my Cleanup of Temporary Directories.", "", "[\u001b[0;32m  OK  \u001b[0m] Reached target \u001b[0;1;39mpaths.target\u001b[0m - Path Units.", "", "[\u001b[0;32m  OK  \u001b[0m] Reached target \u001b[0;1;39mtimers.target\u001b[0m - Timer Units.", "", "[\u001b[0;32m  OK  \u001b[0m] Listening on \u001b[0;1;39mdbus.socket\u001b[0m - D-Bus System Message Bus Socket.", "", "Starting \u001b[0;1;39mlxd-installer.socket\u001b[0m - He\u2026er to install lxd snap on demand...", "", "Starting \u001b[0;1;39msnapd.socket\u001b[0m - Socket activation for snappy daemon...", "", "[\u001b[0;32m  OK  \u001b[0m] Listening on \u001b[0;1;39mssh.socket\u001b[0m - OpenBSD Secure Shell server socket.", "", "[\u001b[0;32m  OK  \u001b[0m] Listening on \u001b[0;1;39mlxd-installer.socket\u001b[0m \u2026lper to install lxd snap on demand.", "", "[\u001b[0;32m  OK  \u001b[0m] Listening on \u001b[0;1;39msnapd.socket\u001b[0m - Socket activation for snappy daemon.", "", "[\u001b[0;32m  OK  \u001b[0m] Reached target \u001b[0;1;39msockets.target\u001b[0m - Socket Units.", "", "[\u001b[0;32m  OK  \u001b[0m] Reached target \u001b[0;1;39mbasic.target\u001b[0m - Basic System.", "", "Starting \u001b[0;1;39mapport.service\u001b[0m - automatic crash report generation...", "", "Starting \u001b[0;1;39mdbus.service\u001b[0m - D-Bus System Message Bus...", "", "Starting \u001b[0;1;39me2scrub_reap.service\u001b[0m - Re\u2026ne ext4 Metadata Check Snapshots...", "", "Starting \u001b[0;1;39mgrub-common.service\u001b[0m - Record successful boot for GRUB...", "", "Starting \u001b[0;1;39mphpsessionclean.service\u001b[0m - Clean php session files...", "", "[\u001b[0;32m  OK  \u001b[0m] Reached target \u001b[0;1;39mgetty-pre.target\u001b[0m - Preparation for Logins.", "", "Starting \u001b[0;1;39msnapd.seeded.service\u001b[0m - Wait until snapd is fully seeded...", "", "Starting \u001b[0;1;39msnapd.service\u001b[0m - Snap Daemon...", "", "Starting \u001b[0;1;39msystemd-logind.service\u001b[0m - User Login Management...", "", "Starting \u001b[0;1;39msystemd-user-sessions.service\u001b[0m - Permit User Sessions...", "", "[\u001b[0;32m  OK  \u001b[0m] Started \u001b[0;1;39mdbus.service\u001b[0m - D-Bus System Message Bus.", "", "[\u001b[0;32m  OK  \u001b[0m] Finished \u001b[0;1;39me2scrub_reap.service\u001b[0m - Re\u2026line ext4 Metadata Check Snapshots.", "", "[\u001b[0;32m  OK  \u001b[0m] Finished \u001b[0;1;39msystemd-user-sessions.service\u001b[0m - Permit User Sessions.", "", "[\u001b[0;32m  OK  \u001b[0m] Started \u001b[0;1;39mserial-getty@ttyS0.service\u001b[0m - Serial Getty on ttyS0.", "", "Starting \u001b[0;1;39msetvtrgb.service\u001b[0m - Set console scheme...", "", "[\u001b[0;32m  OK  \u001b[0m] Finished \u001b[0;1;39msetvtrgb.service\u001b[0m - Set console scheme.", "", "[\u001b[0;32m  OK  \u001b[0m] Created slice \u001b[0;1;39msystem-getty.slice\u001b[0m - Slice /system/getty.", "", "[\u001b[0;32m  OK  \u001b[0m] Started \u001b[0;1;39mgetty@tty1.service\u001b[0m - Getty on tty1.", "", "[\u001b[0;32m  OK  \u001b[0m] Reached target \u001b[0;1;39mgetty.target\u001b[0m - Login Prompts.", "", "[\u001b[0;32m  OK  \u001b[0m] Finished \u001b[0;1;39mgrub-common.service\u001b[0m - Record successful boot for GRUB.", "", "Starting \u001b[0;1;39mgrub-initrd-fallback.service\u001b[0m - GRUB failed boot detection...", "", "[\u001b[0;32m  OK  \u001b[0m] Started \u001b[0;1;39msystemd-logind.service\u001b[0m - User Login Management.", "", "[\u001b[0;32m  OK  \u001b[0m] Started \u001b[0;1;39munattended-upgrades.service\u001b[0m - Unattended Upgrades Shutdown.", "", "[\u001b[0;32m  OK  \u001b[0m] Finished \u001b[0;1;39mgrub-initrd-fallback.service\u001b[0m - GRUB failed boot detection.", "", "[    9.380139] loop0: detected capacity change from 0 to 8", "[\u001b[0;32m  OK  \u001b[0m] Finished \u001b[0;1;39mphpsessionclean.service\u001b[0m - Clean php session files.", "", "Starting \u001b[0;1;39mphpsessionclean.service\u001b[0m - Clean php session files...", "", "[\u001b[0;32m  OK  \u001b[0m] Finished \u001b[0;1;39mapport.service\u001b[0m - automatic crash report generation.", "", "[\u001b[0;32m  OK  \u001b[0m] Finished \u001b[0;1;39mphpsessionclean.service\u001b[0m - Clean php session files.", "", "[\u001b[0;32m  OK  \u001b[0m] Started \u001b[0;1;39msnapd.service\u001b[0m - Snap Daemon.", "", "Starting \u001b[0;1;39msystemd-timedated.service\u001b[0m - Time & Date Service...", "", "[\u001b[0;32m  OK  \u001b[0m] Started \u001b[0;1;39msystemd-timedated.service\u001b[0m - Time & Date Service.", "", "[\u001b[0;32m  OK  \u001b[0m] Finished \u001b[0;1;39msnapd.seeded.service\u001b[0m - Wait until snapd is fully seeded.", "", "[\u001b[0;32m  OK  \u001b[0m] Reached target \u001b[0;1;39mmulti-user.target\u001b[0m - Multi-User System.", "", "[\u001b[0;32m  OK  \u001b[0m] Reached target \u001b[0;1;39mgraphical.target\u001b[0m - Graphical Interface.", "", "Starting \u001b[0;1;39msystemd-update-utmp-runle\u2026\u001b[0m- Record Runlevel Change in UTMP...", "", "[\u001b[0;32m  OK  \u001b[0m] Finished \u001b[0;1;39msystemd-update-utmp-runle\u2026e\u001b[0m - Record Runlevel Change in UTMP.", "", "", "", "Ubuntu 24.04.2 LTS ubuntu-testing ttyS0", "", "ubuntu-testing login: root (automatic login)", "", "", "Welcome to Ubuntu 24.04.2 LTS (GNU/Linux 6.8.0 x86_64)", "", "* Documentation:  https://help.ubuntu.com", "* Management:     https://landscape.canonical.com", "* Support:        https://ubuntu.com/pro", "", "This system has been minimized by removing packages and content that are", "not required on a system that users do not log into.", "", "To restore this content, you can run the 'unminimize' command.", "[   10.281102] MICROWAVE FRAMEWORK TESTER", "[   10.283187] [TAG: RUNNING SQLITE-BENCH]", "[   10.284929] Starting sqlite-bench...", "[  285.855745] php (494) used greatest stack depth: 25408 bytes left", "[  287.226457] Latest saved result: 2025-05-16-2226", "[  287.455065]", "[  287.545353] 2025-05-16-2226", "[  287.545353] KVM QEMU testing on Ubuntu 24.04 via the Phoronix Test Suite.", "[  287.545353]", "[  287.545353]", "[  287.545353] 2025-05-16 22:26:", "[  287.545353]", "[  287.545353] \tProcessor: QEMU Virtual 2.5+ (4 Cores), Motherboard: QEMU Ubuntu 25.04 PC (i440FX + PIIX 1996) (1.16.3-debian-1.16.3-2 BIOS), Chipset: Intel 440FX 82441FX PMC, Memory: 1 x 8 GB RAM QEMU, Disk: 24GB, Network: Red Hat Virtio device", "[  287.545353]", "[  287.545353] \tOS: Ubuntu 24.04, Kernel: 6.8.0-59-generic (x86_64), Compiler: GCC 13.3.0, File-System: ext4, System Layer: KVM QEMU", "[  287.545353]", "[  287.563244]", "sh: 1: kill: No such process", "", "sh: 1: kill: No such process", "", "[  289.880739] [TAG: SQLITE-BENCH COMPLETE]", "[  289.882438] MICROWAVE FRAMEWORK TESTER", "\u001b[?2004hroot@ubuntu-testing:~# \u001b[?2004l", "Stopping \u001b[0;1;39msession-1.scope\u001b[0m -[\u001b[0;32m  OK  \u001b[0m] Removed slice \u001b[0;1;39msystem-modprobe.slice\u001b[0m - Slice /system/modprobe.", "", "[\u001b[0;32m  OK  \u001b[0m] Stopped target \u001b[0;1;39mgraphical.target\u001b[0m - Graphical Interface.", "", "[\u001b[0;32m  OK  \u001b[0m] Stopped target \u001b[0;1;39mmulti-user.target\u001b[0m - Multi-User System.", "", "[\u001b[0;32m  OK  \u001b[0m] Stopped target \u001b[0;1;39mgetty.target\u001b[0m - Login Prompts.", "", "[\u001b[0;32m  OK  \u001b[0m] Stopped target \u001b[0;1;39mnss-lookup.target\u001b[0m - Host and Network Name Lookups.", "", "[\u001b[0;32m  OK  \u001b[0m] Stopped target \u001b[0;1;39mtimers.target\u001b[0m - Timer Units.", "", "[\u001b[0;32m  OK  \u001b[0m] Stopped \u001b[0;1;39mapt-daily-upgrade.timer\u001b[0m - \u2026y apt upgrade and clean activities.", "", "[\u001b[0;32m  OK  \u001b[0m] Stopped \u001b[0;1;39mapt-daily.timer\u001b[0m - Daily apt download activities.", "", "[\u001b[0;32m  OK  \u001b[0m] Stopped \u001b[0;1;39mdpkg-db-backup.timer\u001b[0m - Daily dpkg database backup timer.", "", "[\u001b[0;32m  OK  \u001b[0m] Stopped \u001b[0;1;39me2scrub_all.timer\u001b[0m - Period\u2026Metadata Check for All Filesystems.", "", "[\u001b[0;32m  OK  \u001b[0m] Stopped \u001b[0;1;39mfstrim.timer\u001b[0m - Discard unused filesystem blocks once a week.", "", "[\u001b[0;32m  OK  \u001b[0m] Stopped \u001b[0;1;39mmotd-news.timer\u001b[0m - Message of the Day.", "", "[\u001b[0;32m  OK  \u001b[0m] Stopped \u001b[0;1;39mphpsessionclean.timer\u001b[0m - Clean PHP session files every 30 mins.", "", "[\u001b[0;32m  OK  \u001b[0m] Stopped \u001b[0;1;39msystemd-tmpfiles-clean.tim\u2026\u001b[0my Cleanup of Temporary Directories.", "", "[\u001b[0;32m  OK  \u001b[0m] Stopped target \u001b[0;1;39mtime-set.target\u001b[0m - System Time Set.", "", "[\u001b[0;32m  OK  \u001b[0m] Closed \u001b[0;1;39msystemd-rfkill.socket\u001b[0m - Loa\u2026ll Switch Status /dev/rfkill Watch.", "", "Stopping \u001b[0;1;39mapport.service\u001b[0m - automatic crash report generation...", "", "Stopping \u001b[0;1;39mgetty@tty1.service\u001b[0m - Getty on tty1...", "", "Stopping \u001b[0;1;39mserial-getty@ttyS0.service\u001b[0m - Serial Getty on ttyS0...", "", "[\u001b[0;32m  OK  \u001b[0m] Stopped \u001b[0;1;39msnapd.seeded.service\u001b[0m - Wait until snapd is fully seeded.", "", "Stopping \u001b[0;1;39msystemd-random-seed.service\u001b[0m - Load/Save OS Random Seed...", "", "[\u001b[0;32m  OK  \u001b[0m] Stopped \u001b[0;1;39mserial-getty@ttyS0.service\u001b[0m - Serial Getty on ttyS0.", "", "[\u001b[0;32m  OK  \u001b[0m] Stopped \u001b[0;1;39mgetty@tty1.service\u001b[0m - Getty on tty1.", "", "[\u001b[0;32m  OK  \u001b[0m] Stopped \u001b[0;1;39msession-1.scope\u001b[0m - Session 1 of User root.", "", "[\u001b[0;32m  OK  \u001b[0m] Stopped \u001b[0;1;39msystemd-random-seed.service\u001b[0m - Load/Save OS Random Seed.", "", "[\u001b[0;32m  OK  \u001b[0m] Removed slice \u001b[0;1;39msystem-getty.slice\u001b[0m - Slice /system/getty.", "", "[\u001b[0;32m  OK  \u001b[0m] Removed slice \u001b[0;1;39msystem-serial\\x2dget\u2026slice\u001b[0m - Slice /system/serial-getty.", "", "[\u001b[0;32m  OK  \u001b[0m] Stopped target \u001b[0;1;39mgetty-pre.target\u001b[0m - Preparation for Logins.", "", "Stopping \u001b[0;1;39msystemd-logind.service\u001b[0m - User Login Management...", "", "Stopping \u001b[0;1;39msystemd-user-sessions.service\u001b[0m - Permit User Sessions...", "", "Stopping \u001b[0;1;39muser@0.service\u001b[0m - User Manager for UID 0...", "", "[\u001b[0;32m  OK  \u001b[0m] Stopped \u001b[0;1;39msystemd-user-sessions.service\u001b[0m - Permit User Sessions.", "", "[\u001b[0;32m  OK  \u001b[0m] Stopped target \u001b[0;1;39mnetwork.target\u001b[0m - Network.", "", "Stopping \u001b[0;1;39msystemd-networkd.service\u001b[0m - Network Configuration...", "", "[\u001b[0;32m  OK  \u001b[0m] Stopped \u001b[0;1;39msystemd-networkd.service\u001b[0m - Network Configuration.", "", "[\u001b[0;32m  OK  \u001b[0m] Stopped \u001b[0;1;39msystemd-logind.service\u001b[0m - User Login Management.", "", "[\u001b[0;32m  OK  \u001b[0m] Stopped \u001b[0;1;39mapport.service\u001b[0m - automatic crash report generation.", "", "[\u001b[0;32m  OK  \u001b[0m] Stopped target \u001b[0;1;39mremote-fs.target\u001b[0m - Remote File Systems.", "", "[\u001b[0;32m  OK  \u001b[0m] Stopped \u001b[0;1;39muser@0.service\u001b[0m - User Manager for UID 0.", "", "Stopping \u001b[0;1;39muser-runtime-dir@0.servic\u2026\u001b[0mer Runtime Directory /run/user/0...", "", "[\u001b[0;32m  OK  \u001b[0m] Unmounted \u001b[0;1;39mrun-user-0.mount\u001b[0m - /run/user/0.", "", "[\u001b[0;32m  OK  \u001b[0m] Stopped \u001b[0;1;39muser-runtime-dir@0.service\u001b[0m\u2026User Runtime Directory /run/user/0.", "", "[\u001b[0;32m  OK  \u001b[0m] Removed slice \u001b[0;1;39muser-0.slice\u001b[0m - User Slice of UID 0.", "", "[\u001b[0;32m  OK  \u001b[0m] Stopped target \u001b[0;1;39mbasic.target\u001b[0m - Basic System.", "", "[\u001b[0;32m  OK  \u001b[0m] Stopped target \u001b[0;1;39mpaths.target\u001b[0m - Path Units.", "", "[\u001b[0;32m  OK  \u001b[0m] Stopped target \u001b[0;1;39mslices.target\u001b[0m - Slice Units.", "", "[\u001b[0;32m  OK  \u001b[0m] Removed slice \u001b[0;1;39muser.slice\u001b[0m - User and Session Slice.", "", "[\u001b[0;32m  OK  \u001b[0m] Stopped target \u001b[0;1;39msockets.target\u001b[0m - Socket Units.", "", "[\u001b[0;32m  OK  \u001b[0m] Closed \u001b[0;1;39mlxd-installer.socket\u001b[0m - Helper to install lxd snap on demand.", "", "[\u001b[0;32m  OK  \u001b[0m] Closed \u001b[0;1;39msnapd.socket\u001b[0m - Socket activation for snappy daemon.", "", "[\u001b[0;32m  OK  \u001b[0m] Closed \u001b[0;1;39mssh.socket\u001b[0m - OpenBSD Secure Shell server socket.", "", "[\u001b[0;32m  OK  \u001b[0m] Stopped target \u001b[0;1;39msysinit.target\u001b[0m - System Initialization.", "", "[\u001b[0;32m  OK  \u001b[0m] Stopped target \u001b[0;1;39mcryptsetup.target\u001b[0m - Local Encrypted Volumes.", "", "[\u001b[0;32m  OK  \u001b[0m] Stopped \u001b[0;1;39msystemd-ask-password-conso\u2026\u001b[0mequests to Console Directory Watch.", "", "[\u001b[0;32m  OK  \u001b[0m] Stopped \u001b[0;1;39msystemd-ask-password-wall.\u2026\u001b[0md Requests to Wall Directory Watch.", "", "[\u001b[0;32m  OK  \u001b[0m] Stopped target \u001b[0;1;39mintegritysetup.targ\u2026\u001b[0m Local Integrity Protected Volumes.", "", "[\u001b[0;32m  OK  \u001b[0m] Stopped target \u001b[0;1;39mswap.target\u001b[0m - Swaps.", "", "[\u001b[0;32m  OK  \u001b[0m] Stopped target \u001b[0;1;39mveritysetup.target\u001b[0m - Local Verity Protected Volumes.", "", "[\u001b[0;32m  OK  \u001b[0m] Closed \u001b[0;1;39msystemd-networkd.socket\u001b[0m - Network Service Netlink Socket.", "", "Stopping \u001b[0;1;39msystemd-binfmt.service\u001b[0m - Set Up Additional Binary Formats...", "", "Stopping \u001b[0;1;39msystemd-resolved.service\u001b[0m - Network Name Resolution...", "", "Stopping \u001b[0;1;39msystemd-timesyncd.service\u001b[0m - Network Time Synchronization...", "", "[\u001b[0;32m  OK  \u001b[0m] Stopped \u001b[0;1;39msystemd-update-done.service\u001b[0m - Update is Completed.", "", "[\u001b[0;32m  OK  \u001b[0m] Stopped \u001b[0;1;39mldconfig.service\u001b[0m - Rebuild Dynamic Linker Cache.", "", "[\u001b[0;32m  OK  \u001b[0m] Stopped \u001b[0;1;39msystemd-journal-catalog-up\u2026.service\u001b[0m - Rebuild Journal Catalog.", "", "Stopping \u001b[0;1;39msystemd-update-utmp.servi\u2026\u001b[0mord System Boot/Shutdown in UTMP...", "", "[\u001b[0;32m  OK  \u001b[0m] Stopped \u001b[0;1;39msystemd-resolved.service\u001b[0m - Network Name Resolution.", "", "[\u001b[0;32m  OK  \u001b[0m] Stopped \u001b[0;1;39msystemd-timesyncd.service\u001b[0m - Network Time Synchronization.", "", "[\u001b[0;32m  OK  \u001b[0m] Stopped \u001b[0;1;39msystemd-binfmt.service\u001b[0m - Set Up Additional Binary Formats.", "", "[\u001b[0;32m  OK  \u001b[0m] Unset automount \u001b[0;1;39mproc-sys-fs-binfmt\u2026\u001b[0mormats File System Automount Point.", "", "[\u001b[0;32m  OK  \u001b[0m] Stopped \u001b[0;1;39msystemd-sysctl.service\u001b[0m - Apply Kernel Variables.", "", "[\u001b[0;32m  OK  \u001b[0m] Stopped \u001b[0;1;39msystemd-modules-load.service\u001b[0m - Load Kernel Modules.", "", "[\u001b[0;32m  OK  \u001b[0m] Stopped \u001b[0;1;39msystemd-update-utmp.servic\u2026\u001b[0mecord System Boot/Shutdown in UTMP.", "", "[\u001b[0;32m  OK  \u001b[0m] Stopped \u001b[0;1;39msystemd-tmpfiles-setup.ser\u2026\u001b[0mate Volatile Files and Directories.", "", "[\u001b[0;32m  OK  \u001b[0m] Stopped target \u001b[0;1;39mlocal-fs.target\u001b[0m - Local File Systems.", "", "[\u001b[0;32m  OK  \u001b[0m] Stopped target \u001b[0;1;39msnapd.mounts.target\u001b[0m - Mounted snaps.", "", "[\u001b[0;32m  OK  \u001b[0m] Stopped target \u001b[0;1;39msnapd.mounts-pre.target\u001b[0m - Mounting snaps.", "", "Unmounting \u001b[0;1;39mboot-efi.mount\u001b[0m - /boot/efi...", "", "[\u001b[0;32m  OK  \u001b[0m] Unmounted \u001b[0;1;39mboot-efi.mount\u001b[0m - /boot/efi.", "", "Unmounting \u001b[0;1;39mboot.mount\u001b[0m - /boot...", "", "[  290.521519] EXT4-fs (vda16): unmounting filesystem 7164fb69-891e-447e-91ac-9486a0886759.", "[\u001b[0;32m  OK  \u001b[0m] Unmounted \u001b[0;1;39mboot.mount\u001b[0m - /boot.", "", "[\u001b[0;32m  OK  \u001b[0m] Reached target \u001b[0;1;39mumount.target\u001b[0m - Unmount All Filesystems.", "", "[\u001b[0;32m  OK  \u001b[0m] Stopped \u001b[0;1;39msystemd-fsck@dev-disk-by\\x\u2026\u001b[0mm Check on /dev/disk/by-label/BOOT.", "", "[\u001b[0;32m  OK  \u001b[0m] Removed slice \u001b[0;1;39msystem-systemd\\x2dfs\u2026slice\u001b[0m - Slice /system/systemd-fsck.", "", "[\u001b[0;32m  OK  \u001b[0m] Stopped target \u001b[0;1;39mlocal-fs-pre.target\u001b[0m\u2026Preparation for Local File Systems.", "", "[\u001b[0;32m  OK  \u001b[0m] Stopped \u001b[0;1;39msystemd-tmpfiles-setup-dev\u2026\u001b[0mCreate Static Device Nodes in /dev.", "", "[\u001b[0;32m  OK  \u001b[0m] Stopped \u001b[0;1;39msystemd-sysusers.service\u001b[0m - Create System Users.", "", "[\u001b[0;32m  OK  \u001b[0m] Stopped \u001b[0;1;39msystemd-remount-fs.service\u001b[0m\u2026mount Root and Kernel File Systems.", "", "[\u001b[0;32m  OK  \u001b[0m] Stopped \u001b[0;1;39msystemd-fsck-root.service\u001b[0m - File System Check on Root Device.", "", "[\u001b[0;32m  OK  \u001b[0m] Stopped \u001b[0;1;39msystemd-tmpfiles-setup-dev\u2026\u001b[0mic Device Nodes in /dev gracefully.", "", "[\u001b[0;32m  OK  \u001b[0m] Reached target \u001b[0;1;39mshutdown.target\u001b[0m - System Shutdown.", "", "[\u001b[0;32m  OK  \u001b[0m] Reached target \u001b[0;1;39mfinal.target\u001b[0m - Late Shutdown Services.", "", "[\u001b[0;32m  OK  \u001b[0m] Finished \u001b[0;1;39msystemd-poweroff.service\u001b[0m - System Power Off.", "", "[\u001b[0;32m  OK  \u001b[0m] Reached target \u001b[0;1;39mpoweroff.target\u001b[0m - System Power Off.", "", "[  290.634934] systemd-shutdown[1]: Syncing filesystems and block devices.", "[  290.652412] systemd-shutdown[1]: Sending SIGTERM to remaining processes...", "[  290.666618] systemd-journald[132]: Received SIGTERM from PID 1 (systemd-shutdow).", "[  290.679243] systemd-shutdown[1]: Sending SIGKILL to remaining processes...", "[  290.694827] systemd-shutdown[1]: Unmounting file systems.", "[  290.698659] (sd-remount)[1255]: Remounting '/' read-only with options 'discard,errors=remount-ro,commit=30'.", "[  290.727085] EXT4-fs (vda1): re-mounted c8107c30-aa3b-40eb-bd2a-416a91df85e7 ro. Quota mode: none.", "[  290.787672] systemd-shutdown[1]: All filesystems unmounted.", "[  290.790160] systemd-shutdown[1]: Deactivating swaps.", "[  290.792095] systemd-shutdown[1]: All swaps deactivated.", "[  290.793944] systemd-shutdown[1]: Detaching loop devices.", "[  290.800999] systemd-shutdown[1]: All loop devices detached.", "[  290.803136] systemd-shutdown[1]: Stopping MD devices.", "[  290.805089] systemd-shutdown[1]: All MD devices stopped.", "[  290.807003] systemd-shutdown[1]: Detaching DM devices.", "[  290.808988] systemd-shutdown[1]: All DM devices detached.", "[  290.810953] systemd-shutdown[1]: All filesystems, swaps, loop devices, MD devices and DM devices detached.", "[  290.815942] systemd-shutdown[1]: Syncing filesystems and block devices.", "[  290.818352] systemd-shutdown[1]: Powering off.", "[  290.821948] ACPI: PM: Preparing to enter system sleep state S5", "[  290.824632] reboot: Power down", "Aux log file:", "", "", "", "SQLite 3.41.2:", "pts/sqlite-2.2.0", "Disk Test Configuration", "1: 1", "2: 2", "3: 4", "4: 8", "5: Test All Options", "** Multiple items can be selected, delimit by a comma. **", "", "", "Phoronix Test Suite v10.8.4", "System Information", "", "", "PROCESSOR:              Intel Xeon", "Core Count:           8", "Extensions:           SSE 4.2", "+ AVX512_VNNI", "+ AVX512CD", "+ AVX2", "+ AVX", "+ RDRAND", "+ FSGSBASE", "Cache Size:           16 MB", "Microcode:            0xffffffff", "Core Family:          Cascade Lake", "", "GRAPHICS:", "", "MOTHERBOARD:            QEMU Ubuntu 25.04 PC", "BIOS Version:         1.16.3-debian-1.16.3-2", "Chipset:              Intel 440FX 82441FX PMC", "Network:              Red Hat Virtio device", "", "MEMORY:                 1 x 8 GB RAM QEMU", "", "DISK:                   24GB", "File-System:          ext4", "Mount Options:        commit=30 discard errors=remount-ro relatime rw", "Disk Details:         Block Size: 4096", "", "OPERATING SYSTEM:       Ubuntu 24.04", "Kernel:               6.8.0 (x86_64)", "Compiler:             GCC 13.3.0", "System Layer:         KVM", "Security:             gather_data_sampling: Not affected", "+ itlb_multihit: Not affected", "+ l1tf: Not affected", "+ mds: Not affected", "+ meltdown: Not affected", "+ mmio_stale_data: Vulnerable: Clear buffers attempted no microcode; SMT Host state unknown", "+ retbleed: Vulnerable", "+ spec_rstack_overflow: Not affected", "+ spec_store_bypass: Mitigation of SSB disabled via prctl", "+ spectre_v1: Vulnerable: __user pointer sanitization and usercopy barriers only; no swapgs barriers", "+ spectre_v2: Vulnerable IBPB: disabled STIBP: disabled PBRSB-eIBRS: Vulnerable", "+ srbds: Not affected", "+ tsx_async_abort: Vulnerable: Clear buffers attempted no microcode; SMT Host state unknown", "", "", "[8192] strlen(): Passing null to parameter #1 ($string) of type string is deprecated in pts_test_run_manager:594", "", "SQLite 3.41.2:", "pts/sqlite-2.2.0 [Threads / Copies: 4]", "Test 1 of 1", "Estimated Trial Run Count:    3", "Estimated Time To Completion: 2 Minutes [13:10 UTC]", "Running Pre-Test Script @ 13:09:07", "Started Run 1 @ 13:09:09", "Running Interim Test Script @ 13:10:38", "Started Run 2 @ 13:10:40", "Running Interim Test Script @ 13:12:06", "Started Run 3 @ 13:12:08", "Running Post-Test Script @ 13:13:35", "", "Threads / Copies: 4:", "87.207", "84.52", "84.669", "", "Average: 85.465 Seconds", "Deviation: 1.77%", "", "", "[TAG: AUX SQLITE-BENCH RESULTS]", "", "2025-05-16-2226", "KVM QEMU testing on Ubuntu 24.04 via the Phoronix Test Suite.", "", "", "2025-05-16 22:26:", "", "Processor: QEMU Virtual 2.5+ (4 Cores), Motherboard: QEMU Ubuntu 25.04 PC (i440FX + PIIX 1996) (1.16.3-debian-1.16.3-2 BIOS), Chipset: Intel 440FX 82441FX PMC, Memory: 1 x 8 GB RAM QEMU, Disk: 24GB, Network: Red Hat Virtio device", "", "OS: Ubuntu 24.04, Kernel: 6.8.0-59-generic (x86_64), Compiler: GCC 13.3.0, File-System: ext4, System Layer: KVM QEMU", "", "", "[TAG: AUX SQLITE-BENCH RESULTS END]"], "metadata": {"test_marker": "MICROWAVE FRAMEWORK TESTER"}}