{"lines": ["IMAGE_PATH: /home/denzelgfarmer/KernelSecurityBenchmarks/Microwave/.working/test_lmbench_kernel_address_sanitizer-linux.img", "KERNEL_PATH: /home/denzelgfarmer/KernelSecurityBenchmarks/Microwave/.working/temp/linux/install/boot/vmlinuz-6.8.0", "LOG_PATH: /home/denzelgfarmer/KernelSecurityBenchmarks/Microwave/microwave2/runners/aux_logfile.txt", "KERNEL_ARGS: console=ttyS0,115200 earlyprintk=serial,ttyS0,115200 ignore_loglevel root=/dev/vda1 nospectre_bhb nospectre_v1 spectre_v2=off spectre_v2_user=off retbleed=off pti=off spec_rstack_overflow=off", "+ '[' -z /home/denzelgfarmer/KernelSecurityBenchmarks/Microwave/.working/test_lmbench_kernel_address_sanitizer-linux.img ']'", "+ '[' -z /home/denzelgfarmer/KernelSecurityBenchmarks/Microwave/.working/temp/linux/install/boot/vmlinuz-6.8.0 ']'", "+ CORESET=2,3,4,5", "+ echo 'Booting image /home/denzelgfarmer/KernelSecurityBenchmarks/Microwave/.working/test_lmbench_kernel_address_sanitizer-linux.img (with kernel at /home/denzelgfarmer/KernelSecurityBenchmarks/Microwave/.working/temp/linux/install/boot/vmlinuz-6.8.0)...'", "Booting image /home/denzelgfarmer/KernelSecurityBenchmarks/Microwave/.working/test_lmbench_kernel_address_sanitizer-linux.img (with kernel at /home/denzelgfarmer/KernelSecurityBenchmarks/Microwave/.working/temp/linux/install/boot/vmlinuz-6.8.0)...", "+ taskset -c 2,3,4,5 qemu-system-x86_64 -enable-kvm -nodefaults -nographic -m 8192 -mem-prealloc -cpu host -smp 8,sockets=1,cores=8,threads=1 -kernel /home/denzelgfarmer/KernelSecurityBenchmarks/Microwave/.working/temp/linux/install/boot/vmlinuz-6.8.0 -append 'console=ttyS0,115200 earlyprintk=serial,ttyS0,115200 ignore_loglevel root=/dev/vda1 nospectre_bhb nospectre_v1 spectre_v2=off spectre_v2_user=off retbleed=off pti=off spec_rstack_overflow=off' -device virtio-blk-pci,drive=hd0 -blockdev driver=file,node-name=hd_file,filename=/home/denzelgfarmer/KernelSecurityBenchmarks/Microwave/.working/test_lmbench_kernel_address_sanitizer-linux.img -blockdev driver=qcow2,node-name=hd0,file=hd_file -device virtio-net-pci,netdev=net1 -netdev user,id=net1,hostfwd=tcp::2223-:22 -serial stdio -s -chardev file,id=log0,path=/home/denzelgfarmer/KernelSecurityBenchmarks/Microwave/microwave2/runners/aux_logfile.txt -device virtio-serial-pci,id=virtio-serial0 -device virtserialport,chardev=log0,name=host-port,bus=virtio-serial0.0", "\u001bc\u001b[?7l\u001b[2J\u001b[0mSeaBIOS (version 1.16.3-debian-1.16.3-2)", "", "", "iPXE (https://ipxe.org) 00:03.0 C000 PCI2.10 PnP PMM+BEFCACB0+BEF0ACB0 C000", "Press Ctrl-B to configure iPXE (PCI 00:03.0)...", "", "", "", "Booting from ROM..\u001bc\u001b[?7l\u001b[2JNo EFI environment detected.", "early console in extract_kernel", "input_data: 0x0000000004a942b9", "input_len: 0x00000000017f6084", "output: 0x0000000001000000", "output_len: 0x00000000052177a4", "kernel_total_size: 0x0000000004e30000", "needed_size: 0x0000000005400000", "trampoline_32bit: 0x0000000000000000", "Physical KASLR using RDRAND RDTSC...", "Virtual KASLR using RDRAND RDTSC...", "", "Decompressing Linux... Parsing ELF... Performing relocations... done.", "Booting the kernel (entry_offset: 0x0000000000000000).", "[    0.000000] Linux version 6.8.0 (denzelgfarmer@microwave-lmbench) (gcc (Ubuntu 14.2.0-19ubuntu2) 14.2.0, GNU ld (GNU Binutils for Ubuntu) 2.44) #1 SMP PREEMPT_DYNAMIC Wed May 14 08:59:31 UTC 2025", "[    0.000000] Command line: console=ttyS0,115200 earlyprintk=serial,ttyS0,115200 ignore_loglevel root=/dev/vda1 nospectre_bhb nospectre_v1 spectre_v2=off spectre_v2_user=off retbleed=off pti=off spec_rstack_overflow=off", "[    0.000000] BIOS-provided physical RAM map:", "[    0.000000] BIOS-e820: [mem 0x0000000000000000-0x000000000009fbff] usable", "[    0.000000] BIOS-e820: [mem 0x000000000009fc00-0x000000000009ffff] reserved", "[    0.000000] BIOS-e820: [mem 0x00000000000f0000-0x00000000000fffff] reserved", "[    0.000000] BIOS-e820: [mem 0x0000000000100000-0x00000000bffdcfff] usable", "[    0.000000] BIOS-e820: [mem 0x00000000bffdd000-0x00000000bfffffff] reserved", "[    0.000000] BIOS-e820: [mem 0x00000000feffc000-0x00000000feffffff] reserved", "[    0.000000] BIOS-e820: [mem 0x00000000fffc0000-0x00000000ffffffff] reserved", "[    0.000000] BIOS-e820: [mem 0x0000000100000000-0x000000023fffffff] usable", "[    0.000000] printk: legacy bootconsole [earlyser0] enabled", "[    0.000000] printk: debug: ignoring loglevel setting.", "[    0.000000] NX (Execute Disable) protection: active", "[    0.000000] APIC: Static calls initialized", "[    0.000000] SMBIOS 2.8 present.", "[    0.000000] DMI: QEMU Ubuntu 25.04 PC (i440FX + PIIX, 1996), BIOS 1.16.3-debian-1.16.3-2 04/01/2014", "[    0.000000] Hypervisor detected: KVM", "[    0.000000] kvm-clock: Using msrs 4b564d01 and 4b564d00", "[    0.000003] kvm-clock: using sched offset of 2830971933 cycles", "[    0.003477] clocksource: kvm-clock: mask: 0xffffffffffffffff max_cycles: 0x1cd42e4dffb, max_idle_ns: 881590591483 ns", "[    0.014430] tsc: Detected 2800.246 MHz processor", "[    0.018421] e820: update [mem 0x00000000-0x00000fff] usable ==> reserved", "[    0.022928] e820: remove [mem 0x000a0000-0x000fffff] usable", "[    0.026628] last_pfn = 0x240000 max_arch_pfn = 0x400000000", "[    0.030651] MTRR map: 4 entries (3 fixed + 1 variable; max 19), built from 8 variable MTRRs", "[    0.036261] x86/PAT: Configuration [0-7]: WB  WC  UC- UC  WB  WP  UC- WT", "[    0.041305] last_pfn = 0xbffdd max_arch_pfn = 0x400000000", "[    0.052566] found SMP MP-table at [mem 0x000f5470-0x000f547f]", "[    0.056445] Using GB pages for direct mapping", "[    0.059932] ACPI: Early table checksum verification disabled", "[    0.063726] ACPI: RSDP 0x00000000000F5270 000014 (v00 BOCHS )", "[    0.067779] ACPI: RSDT 0x00000000BFFE2565 000034 (v01 BOCHS  BXPC     00000001 BXPC 00000001)", "[    0.073819] ACPI: FACP 0x00000000BFFE23E1 000074 (v01 BOCHS  BXPC     00000001 BXPC 00000001)", "[    0.079883] ACPI: DSDT 0x00000000BFFE0040 0023A1 (v01 BOCHS  BXPC     00000001 BXPC 00000001)", "[    0.085810] ACPI: FACS 0x00000000BFFE0000 000040", "[    0.089046] ACPI: APIC 0x00000000BFFE2455 0000B0 (v03 BOCHS  BXPC     00000001 BXPC 00000001)", "[    0.094996] ACPI: HPET 0x00000000BFFE2505 000038 (v01 BOCHS  BXPC     00000001 BXPC 00000001)", "[    0.100986] ACPI: WAET 0x00000000BFFE253D 000028 (v01 BOCHS  BXPC     00000001 BXPC 00000001)", "[    0.106959] ACPI: Reserving FACP table memory at [mem 0xbffe23e1-0xbffe2454]", "[    0.111850] ACPI: Reserving DSDT table memory at [mem 0xbffe0040-0xbffe23e0]", "[    0.116736] ACPI: Reserving FACS table memory at [mem 0xbffe0000-0xbffe003f]", "[    0.121640] ACPI: Reserving APIC table memory at [mem 0xbffe2455-0xbffe2504]", "[    0.126483] ACPI: Reserving HPET table memory at [mem 0xbffe2505-0xbffe253c]", "[    0.131354] ACPI: Reserving WAET table memory at [mem 0xbffe253d-0xbffe2564]", "[    0.138146] No NUMA configuration found", "[    0.140852] Faking a node at [mem 0x0000000000000000-0x000000023fffffff]", "[    0.145482] NODE_DATA(0) allocated [mem 0x23fffa000-0x23fffdfff]", "[    0.149913] Zone ranges:", "[    0.151698]   DMA      [mem 0x0000000000001000-0x0000000000ffffff]", "[    0.155963]   DMA32    [mem 0x0000000001000000-0x00000000ffffffff]", "[    0.160285]   Normal   [mem 0x0000000100000000-0x000000023fffffff]", "[    0.164618] Movable zone start for each node", "[    0.167594] Early memory node ranges", "[    0.170049]   node   0: [mem 0x0000000000001000-0x000000000009efff]", "[    0.174353]   node   0: [mem 0x0000000000100000-0x00000000bffdcfff]", "[    0.178692]   node   0: [mem 0x0000000100000000-0x000000023fffffff]", "[    0.182993] Initmem setup node 0 [mem 0x0000000000001000-0x000000023fffffff]", "[    0.188073] On node 0, zone DMA: 1 pages in unavailable ranges", "[    0.193234] On node 0, zone DMA: 97 pages in unavailable ranges", "[    0.733204] On node 0, zone Normal: 35 pages in unavailable ranges", "[    2.721458] kasan: KernelAddressSanitizer initialized", "[    2.727498] ACPI: PM-Timer IO Port: 0x608", "[    2.730194] ACPI: LAPIC_NMI (acpi_id[0xff] dfl dfl lint[0x1])", "[    2.734178] IOAPIC[0]: apic_id 0, version 17, address 0xfec00000, GSI 0-23", "[    2.738810] ACPI: INT_SRC_OVR (bus 0 bus_irq 0 global_irq 2 dfl dfl)", "[    2.743047] ACPI: INT_SRC_OVR (bus 0 bus_irq 5 global_irq 5 high level)", "[    2.747452] ACPI: INT_SRC_OVR (bus 0 bus_irq 9 global_irq 9 high level)", "[    2.751869] ACPI: INT_SRC_OVR (bus 0 bus_irq 10 global_irq 10 high level)", "[    2.756427] ACPI: INT_SRC_OVR (bus 0 bus_irq 11 global_irq 11 high level)", "[    2.760992] ACPI: Using ACPI (MADT) for SMP configuration information", "[    2.765251] ACPI: HPET id: 0x8086a201 base: 0xfed00000", "[    2.768701] TSC deadline timer available", "[    2.771305] smpboot: Allowing 8 CPUs, 0 hotplug CPUs", "[    2.774655] kvm-guest: APIC: eoi() replaced with kvm_guest_apic_eoi_write()", "[    2.779377] kvm-guest: KVM setup pv remote TLB flush", "[    2.782713] kvm-guest: setup PV sched yield", "[    2.785553] PM: hibernation: Registered nosave memory: [mem 0x00000000-0x00000fff]", "[    2.790616] PM: hibernation: Registered nosave memory: [mem 0x0009f000-0x0009ffff]", "[    2.795637] PM: hibernation: Registered nosave memory: [mem 0x000a0000-0x000effff]", "[    2.800746] PM: hibernation: Registered nosave memory: [mem 0x000f0000-0x000fffff]", "[    2.805795] PM: hibernation: Registered nosave memory: [mem 0xbffdd000-0xbfffffff]", "[    2.810847] PM: hibernation: Registered nosave memory: [mem 0xc0000000-0xfeffbfff]", "[    2.815892] PM: hibernation: Registered nosave memory: [mem 0xfeffc000-0xfeffffff]", "[    2.820928] PM: hibernation: Registered nosave memory: [mem 0xff000000-0xfffbffff]", "[    2.826012] PM: hibernation: Registered nosave memory: [mem 0xfffc0000-0xffffffff]", "[    2.831070] [mem 0xc0000000-0xfeffbfff] available for PCI devices", "[    2.835131] Booting paravirtualized kernel on KVM", "[    2.838259] clocksource: refined-jiffies: mask: 0xffffffff max_cycles: 0xffffffff, max_idle_ns: 1910969940391419 ns", "[    2.863359] setup_percpu: NR_CPUS:64 nr_cpumask_bits:8 nr_cpu_ids:8 nr_node_ids:1", "[    2.869239] percpu: Embedded 67 pages/cpu s234152 r8192 d32088 u524288", "[    2.873672] pcpu-alloc: s234152 r8192 d32088 u524288 alloc=1*2097152", "[    2.877912] pcpu-alloc: [0] 0 1 2 3 [0] 4 5 6 7", "[    2.881139] Kernel command line: console=ttyS0,115200 earlyprintk=serial,ttyS0,115200 ignore_loglevel root=/dev/vda1 nospectre_bhb nospectre_v1 spectre_v2=off spectre_v2_user=off retbleed=off pti=off spec_rstack_overflow=off", "[    2.894717] Unknown kernel command line parameters \"nospectre_bhb spectre_v2=off spectre_v2_user=off pti=off\", will be passed to user space.", "[    2.903228] random: crng init done", "[    2.906585] Dentry cache hash table entries: 1048576 (order: 11, 8388608 bytes, linear)", "[    2.912472] Inode-cache hash table entries: 524288 (order: 10, 4194304 bytes, linear)", "[    2.918583] Fallback order for Node 0: 0", "[    2.918592] Built 1 zonelists, mobility grouping on.  Total pages: 2064093", "[    2.924799] Policy zone: Normal", "[    2.926600] mem auto-init: stack:all(zero), heap alloc:off, heap free:off", "[    2.930464] stackdepot: allocating hash table via alloc_large_system_hash", "[    2.934315] stackdepot hash table entries: 1048576 (order: 12, 16777216 bytes, linear)", "[    2.940714] software IO TLB: area num 8.", "[    3.342523] Memory: 7019920K/8388076K available (49152K kernel code, 8085K rwdata, 9344K rodata, 2184K init, 2008K bss, 1367900K reserved, 0K cma-reserved)", "[    3.350731] SLUB: HWalign=64, Order=0-3, MinObjects=0, CPUs=8, Nodes=1", "Poking KASLR using RDRAND RDTSC...", "[    3.358161] Dynamic Preempt: voluntary", "[    3.360657] rcu: Preemptible hierarchical RCU implementation.", "[    3.363894] rcu: \tRCU event tracing is enabled.", "[    3.366442] rcu: \tRCU restricting CPUs from NR_CPUS=64 to nr_cpu_ids=8.", "[    3.370158] \tTrampoline variant of Tasks RCU enabled.", "[    3.372999] rcu: RCU calculated value of scheduler-enlistment delay is 100 jiffies.", "[    3.377322] rcu: Adjusting geometry for rcu_fanout_leaf=16, nr_cpu_ids=8", "[    3.393652] NR_IRQS: 4352, nr_irqs: 488, preallocated irqs: 16", "[    3.397480] rcu: srcu_init: Setting srcu_struct sizes based on contention.", "[    3.401924] Console: colour *CGA 80x25", "[    3.404238] printk: legacy console [ttyS0] enabled", "[    3.404238] printk: legacy console [ttyS0] enabled", "[    3.409751] printk: legacy bootconsole [earlyser0] disabled", "[    3.409751] printk: legacy bootconsole [earlyser0] disabled", "[    3.416178] ACPI: Core revision 20230628", "[    3.419179] clocksource: hpet: mask: 0xffffffff max_cycles: 0xffffffff, max_idle_ns: 19112604467 ns", "[    3.425009] APIC: Switch to symmetric I/O mode setup", "[    3.428058] kvm-guest: APIC: send_IPI_mask() replaced with kvm_send_ipi_mask()", "[    3.432330] kvm-guest: APIC: send_IPI_mask_allbutself() replaced with kvm_send_ipi_mask_allbutself()", "[    3.437653] kvm-guest: setup PV IPIs", "[    3.446740] ..TIMER: vector=0x30 apic1=0 pin1=2 apic2=-1 pin2=-1", "[    3.450552] clocksource: tsc-early: mask: 0xffffffffffffffff max_cycles: 0x285d298e329, max_idle_ns: 440795345114 ns", "[    3.456838] Calibrating delay loop (skipped) preset value.. 5600.49 BogoMIPS (lpj=2800246)", "[    3.459877] x86/cpu: User Mode Instruction Prevention (UMIP) activated", "[    3.462256] Last level iTLB entries: 4KB 0, 2MB 0, 4MB 0", "[    3.462834] Last level dTLB entries: 4KB 0, 2MB 0, 4MB 0, 1GB 0", "[    3.463868] Spectre V1 : Vulnerable: __user pointer sanitization and usercopy barriers only; no swapgs barriers", "[    3.464837] Spectre V2 : off selected on command line.", "[    3.465834] Spectre V2 : User space: Vulnerable", "[    3.466835] Speculative Store Bypass: Mitigation: Speculative Store Bypass disabled via prctl", "[    3.467870] TAA: Vulnerable: Clear CPU buffers attempted, no microcode", "[    3.468834] MMIO Stale Data: Vulnerable: Clear CPU buffers attempted, no microcode", "[    3.469999] x86/fpu: Supporting XSAVE feature 0x001: 'x87 floating point registers'", "[    3.470834] x86/fpu: Supporting XSAVE feature 0x002: 'SSE registers'", "[    3.471834] x86/fpu: Supporting XSAVE feature 0x004: 'AVX registers'", "[    3.472837] x86/fpu: Supporting XSAVE feature 0x020: 'AVX-512 opmask'", "[    3.473834] x86/fpu: Supporting XSAVE feature 0x040: 'AVX-512 Hi256'", "[    3.474834] x86/fpu: Supporting XSAVE feature 0x080: 'AVX-512 ZMM_Hi256'", "[    3.475835] x86/fpu: xstate_offset[2]:  576, xstate_sizes[2]:  256", "[    3.477833] x86/fpu: xstate_offset[5]:  832, xstate_sizes[5]:   64", "[    3.478834] x86/fpu: xstate_offset[6]:  896, xstate_sizes[6]:  512", "[    3.479834] x86/fpu: xstate_offset[7]: 1408, xstate_sizes[7]: 1024", "[    3.480834] x86/fpu: Enabled xstate features 0xe7, context size is 2432 bytes, using 'compacted' format.", "[    3.486862] Freeing SMP alternatives memory: 48K", "[    3.487835] pid_max: default: 32768 minimum: 301", "[    3.488949] LSM: initializing lsm=capability,selinux,integrity", "[    3.489860] SELinux:  Initializing.", "[    3.491842] Mount-cache hash table entries: 16384 (order: 5, 131072 bytes, linear)", "[    3.492878] Mountpoint-cache hash table entries: 16384 (order: 5, 131072 bytes, linear)", "[    3.495661] smpboot: CPU0: Intel(R) Xeon(R) CPU @ 2.80GHz (family: 0x6, model: 0x55, stepping: 0x7)", "[    3.496267] RCU Tasks: Setting shift to 3 and lim to 1 rcu_task_cb_adjust=1.", "[    3.496922] Performance Events: unsupported p6 CPU model 85 no PMU driver, software events only.", "[    3.498000] signal: max sigframe size: 3632", "[    3.498957] rcu: Hierarchical SRCU implementation.", "[    3.499843] rcu: \tMax phase no-delay instances is 400.", "[    3.501720] smp: Bringing up secondary CPUs ...", "[    3.502294] smpboot: x86: Booting SMP configuration:", "[    3.502847] .... node  #0, CPUs:      #1 #2 #3 #4 #5 #6 #7", "[    3.543304] smp: Brought up 1 node, 8 CPUs", "[    3.544848] smpboot: Max logical packages: 1", "[    3.545843] smpboot: Total of 8 processors activated (44803.93 BogoMIPS)", "[    3.554468] devtmpfs: initialized", "[    3.559168] clocksource: jiffies: mask: 0xffffffff max_cycles: 0xffffffff, max_idle_ns: 1911260446275000 ns", "[    3.559853] futex hash table entries: 2048 (order: 5, 131072 bytes, linear)", "[    3.561446] PM: RTC time: 07:53:34, date: 2025-05-17", "[    3.562667] NET: Registered PF_NETLINK/PF_ROUTE protocol family", "[    3.563429] audit: initializing netlink subsys (disabled)", "[    3.563953] audit: type=2000 audit(1747468414.503:1): state=initialized audit_enabled=0 res=1", "[    3.564360] thermal_sys: Registered thermal governor 'step_wise'", "[    3.564847] thermal_sys: Registered thermal governor 'user_space'", "[    3.565915] cpuidle: using governor menu", "[    3.569060] PCI: Using configuration type 1 for base access", "[    3.570067] kprobes: kprobe jump-optimization is enabled. All kprobes are optimized if possible.", "[    3.572489] HugeTLB: registered 2.00 MiB page size, pre-allocated 0 pages", "[    3.572843] HugeTLB: 28 KiB vmemmap can be freed for a 2.00 MiB page", "[    3.574128] ACPI: Added _OSI(Module Device)", "[    3.574846] ACPI: Added _OSI(Processor Device)", "[    3.575843] ACPI: Added _OSI(3.0 _SCP Extensions)", "[    3.576842] ACPI: Added _OSI(Processor Aggregator Device)", "[    3.599623] ACPI: 1 ACPI AML tables successfully acquired and loaded", "[    3.603184] ACPI: _OSC evaluation for CPUs failed, trying _PDC", "[    3.605852] ACPI: Interpreter enabled", "[    3.606923] ACPI: PM: (supports S0 S3 S4 S5)", "[    3.607846] ACPI: Using IOAPIC for interrupt routing", "[    3.608930] PCI: Using host bridge windows from ACPI; if necessary, use \"pci=nocrs\" and report a bug", "[    3.609843] PCI: Using E820 reservations for host bridge windows", "[    3.611913] ACPI: Enabled 2 GPEs in block 00 to 0F", "[    3.649441] ACPI: PCI Root Bridge [PCI0] (domain 0000 [bus 00-ff])", "[    3.649875] acpi PNP0A03:00: _OSC: OS supports [ASPM ClockPM Segments MSI HPX-Type3]", "[    3.650847] acpi PNP0A03:00: _OSC: not requesting OS control; OS requires [ExtendedConfig ASPM ClockPM MSI]", "[    3.652010] acpi PNP0A03:00: fail to add MMCONFIG information, can't access extended configuration space under this bridge", "[    3.653358] PCI host bridge to bus 0000:00", "[    3.653851] pci_bus 0000:00: root bus resource [io  0x0000-0x0cf7 window]", "[    3.654851] pci_bus 0000:00: root bus resource [io  0x0d00-0xffff window]", "[    3.655852] pci_bus 0000:00: root bus resource [mem 0x000a0000-0x000bffff window]", "[    3.656848] pci_bus 0000:00: root bus resource [mem 0xc0000000-0xfebfffff window]", "[    3.657847] pci_bus 0000:00: root bus resource [mem 0x380000000000-0x38007fffffff window]", "[    3.658849] pci_bus 0000:00: root bus resource [bus 00-ff]", "[    3.660131] pci 0000:00:00.0: [8086:1237] type 00 class 0x060000 conventional PCI endpoint", "[    3.663555] pci 0000:00:01.0: [8086:7000] type 00 class 0x060100 conventional PCI endpoint", "[    3.667326] pci 0000:00:01.1: [8086:7010] type 00 class 0x010180 conventional PCI endpoint", "[    3.671676] pci 0000:00:01.1: BAR 4 [io  0xc0e0-0xc0ef]", "[    3.673453] pci 0000:00:01.1: BAR 0 [io  0x01f0-0x01f7]: legacy IDE quirk", "[    3.673846] pci 0000:00:01.1: BAR 1 [io  0x03f6]: legacy IDE quirk", "[    3.674843] pci 0000:00:01.1: BAR 2 [io  0x0170-0x0177]: legacy IDE quirk", "[    3.675843] pci 0000:00:01.1: BAR 3 [io  0x0376]: legacy IDE quirk", "[    3.678203] pci 0000:00:01.3: [8086:7113] type 00 class 0x068000 conventional PCI endpoint", "[    3.681116] pci 0000:00:01.3: quirk: [io  0x0600-0x063f] claimed by PIIX4 ACPI", "[    3.681884] pci 0000:00:01.3: quirk: [io  0x0700-0x070f] claimed by PIIX4 SMB", "[    3.684993] pci 0000:00:02.0: [1af4:1001] type 00 class 0x010000 conventional PCI endpoint", "[    3.687844] pci 0000:00:02.0: BAR 0 [io  0xc000-0xc07f]", "[    3.690704] pci 0000:00:02.0: BAR 1 [mem 0xfeb80000-0xfeb80fff]", "[    3.696845] pci 0000:00:02.0: BAR 4 [mem 0x380000000000-0x380000003fff 64bit pref]", "[    3.715883] pci 0000:00:03.0: [1af4:1000] type 00 class 0x020000 conventional PCI endpoint", "[    3.718303] pci 0000:00:03.0: BAR 0 [io  0xc0c0-0xc0df]", "[    3.719844] pci 0000:00:03.0: BAR 1 [mem 0xfeb81000-0xfeb81fff]", "[    3.724670] pci 0000:00:03.0: BAR 4 [mem 0x380000004000-0x380000007fff 64bit pref]", "[    3.725845] pci 0000:00:03.0: ROM [mem 0xfeb00000-0xfeb7ffff pref]", "[    3.742591] pci 0000:00:04.0: [1af4:1003] type 00 class 0x078000 conventional PCI endpoint", "[    3.744296] pci 0000:00:04.0: BAR 0 [io  0xc080-0xc0bf]", "[    3.745844] pci 0000:00:04.0: BAR 1 [mem 0xfeb82000-0xfeb82fff]", "[    3.749845] pci 0000:00:04.0: BAR 4 [mem 0x380000008000-0x38000000bfff 64bit pref]", "[    3.771300] ACPI: PCI: Interrupt link LNKA configured for IRQ 10", "[    3.773081] ACPI: PCI: Interrupt link LNKB configured for IRQ 10", "[    3.775016] ACPI: PCI: Interrupt link LNKC configured for IRQ 11", "[    3.777034] ACPI: PCI: Interrupt link LNKD configured for IRQ 11", "[    3.778338] ACPI: PCI: Interrupt link LNKS configured for IRQ 9", "[    3.785494] iommu: Default domain type: Translated", "[    3.785843] iommu: DMA domain TLB invalidation policy: lazy mode", "[    3.787358] SCSI subsystem initialized", "[    3.787935] libata version 3.00 loaded.", "[    3.789078] ACPI: bus type USB registered", "[    3.790063] usbcore: registered new interface driver usbfs", "[    3.790906] usbcore: registered new interface driver hub", "[    3.791897] usbcore: registered new device driver usb", "[    3.792977] pps_core: LinuxPPS API ver. 1 registered", "[    3.793841] pps_core: Software ver. 5.3.6 - Copyright 2005-2007 Rodolfo Giometti <giometti@linux.it>", "[    3.794874] PTP clock support registered", "[    3.796015] Advanced Linux Sound Architecture Driver Initialized.", "[    3.797758] NetLabel: Initializing", "[    3.797842] NetLabel:  domain hash size = 128", "[    3.798842] NetLabel:  protocols = UNLABELED CIPSOv4 CALIPSO", "[    3.799955] NetLabel:  unlabeled traffic allowed by default", "[    3.800990] PCI: Using ACPI for IRQ routing", "[    3.801847] PCI: pci_cache_line_size set to 64 bytes", "[    3.803477] e820: reserve RAM buffer [mem 0x0009fc00-0x0009ffff]", "[    3.803859] e820: reserve RAM buffer [mem 0xbffdd000-0xbfffffff]", "[    3.804964] vgaarb: loaded", "[    3.806046] hpet0: at MMIO 0xfed00000, IRQs 2, 8, 0", "[    3.806841] hpet0: 3 comparators, 64-bit 100.000000 MHz counter", "[    3.826053] clocksource: Switched to clocksource kvm-clock", "[    3.829998] VFS: Disk quotas dquot_6.6.0", "[    3.832453] VFS: Dquot-cache hash table entries: 512 (order 0, 4096 bytes)", "[    3.836806] pnp: PnP ACPI init", "[    3.839163] pnp 00:02: [dma 2]", "[    3.843491] pnp: PnP ACPI: found 5 devices", "[    3.870014] clocksource: acpi_pm: mask: 0xffffff max_cycles: 0xffffff, max_idle_ns: 2085701024 ns", "[    3.875254] NET: Registered PF_INET protocol family", "[    3.878385] IP idents hash table entries: 131072 (order: 8, 1048576 bytes, linear)", "[    3.885485] tcp_listen_portaddr_hash hash table entries: 4096 (order: 4, 65536 bytes, linear)", "[    3.890333] Table-perturb hash table entries: 65536 (order: 6, 262144 bytes, linear)", "[    3.894683] TCP established hash table entries: 65536 (order: 7, 524288 bytes, linear)", "[    3.899234] TCP bind hash table entries: 65536 (order: 9, 2097152 bytes, linear)", "[    3.903621] TCP: Hash tables configured (established 65536 bind 65536)", "[    3.907411] UDP hash table entries: 4096 (order: 5, 131072 bytes, linear)", "[    3.911149] UDP-Lite hash table entries: 4096 (order: 5, 131072 bytes, linear)", "[    3.915385] NET: Registered PF_UNIX/PF_LOCAL protocol family", "[    3.919896] RPC: Registered named UNIX socket transport module.", "[    3.923212] RPC: Registered udp transport module.", "[    3.925859] RPC: Registered tcp transport module.", "[    3.928470] RPC: Registered tcp-with-tls transport module.", "[    3.931528] RPC: Registered tcp NFSv4.1 backchannel transport module.", "[    3.936566] pci_bus 0000:00: resource 4 [io  0x0000-0x0cf7 window]", "[    3.940044] pci_bus 0000:00: resource 5 [io  0x0d00-0xffff window]", "[    3.943484] pci_bus 0000:00: resource 6 [mem 0x000a0000-0x000bffff window]", "[    3.947320] pci_bus 0000:00: resource 7 [mem 0xc0000000-0xfebfffff window]", "[    3.951175] pci_bus 0000:00: resource 8 [mem 0x380000000000-0x38007fffffff window]", "[    3.955599] pci 0000:00:01.0: PIIX3: Enabling Passive Release", "[    3.958835] pci 0000:00:00.0: Limiting direct PCI/PCI transfers", "[    3.962423] PCI: CLS 0 bytes, default 64", "[    3.964689] PCI-DMA: Using software bounce buffering for IO (SWIOTLB)", "[    3.968239] software IO TLB: mapped [mem 0x00000000bbfdd000-0x00000000bffdd000] (64MB)", "[    3.974252] RAPL PMU: API unit is 2^-32 Joules, 0 fixed counters, 10737418240 ms ovfl timer", "[    3.978863] clocksource: tsc: mask: 0xffffffffffffffff max_cycles: 0x285d298e329, max_idle_ns: 440795345114 ns", "[    3.994280] Initialise system trusted keyrings", "[    3.997299] workingset: timestamp_bits=56 max_order=21 bucket_order=0", "[    4.002575] NFS: Registering the id_resolver key type", "[    4.005541] Key type id_resolver registered", "[    4.007959] Key type id_legacy registered", "[    4.010691] 9p: Installing v9fs 9p2000 file system support", "[    4.033705] Key type asymmetric registered", "[    4.036081] Asymmetric key parser 'x509' registered", "[    4.038942] Block layer SCSI generic (bsg) driver version 0.4 loaded (major 251)", "[    4.043091] io scheduler mq-deadline registered", "[    4.045681] io scheduler kyber registered", "[    4.049971] input: Power Button as /devices/LNXSYSTM:00/LNXPWRBN:00/input/input0", "[    4.054613] ACPI: button: Power Button [PWRF]", "[    4.078786] ACPI: \\_SB_.LNKB: Enabled at IRQ 10", "[    4.104939] ACPI: \\_SB_.LNKC: Enabled at IRQ 11", "[    4.130773] ACPI: \\_SB_.LNKD: Enabled at IRQ 11", "[    4.138127] Serial: 8250/16550 driver, 4 ports, IRQ sharing enabled", "[    4.142388] 00:03: ttyS0 at I/O 0x3f8 (irq = 4, base_baud = 115200) is a 16550A", "[    4.186698] Non-volatile memory driver v1.3", "[    4.189193] Linux agpgart interface v0.103", "[    4.191783] ACPI: bus type drm_connector registered", "[    4.208658] loop: module loaded", "[    4.211032] virtio_blk virtio0: 8/0/0 default/read/poll queues", "[    4.224237] virtio_blk virtio0: [vda] 52428800 512-byte logical blocks (26.8 GB/25.0 GiB)", "[    4.234045]  vda: vda1 vda14 vda15 vda16", "[    4.238714] ata_piix 0000:00:01.1: version 2.13", "[    4.245394] scsi host0: ata_piix", "[    4.248834] scsi host1: ata_piix", "[    4.251089] ata1: PATA max MWDMA2 cmd 0x1f0 ctl 0x3f6 bmdma 0xc0e0 irq 14 lpm-pol 0", "[    4.255386] ata2: PATA max MWDMA2 cmd 0x170 ctl 0x376 bmdma 0xc0e8 irq 15 lpm-pol 0", "[    4.267128] e100: Intel(R) PRO/100 Network Driver", "[    4.269904] e100: Copyright(c) 1999-2006 Intel Corporation", "[    4.273093] e1000: Intel(R) PRO/1000 Network Driver", "[    4.275916] e1000: Copyright (c) 1999-2006 Intel Corporation.", "[    4.279164] e1000e: Intel(R) PRO/1000 Network Driver", "[    4.281955] e1000e: Copyright(c) 1999 - 2015 Intel Corporation.", "[    4.285393] sky2: driver version 1.30", "[    4.288323] usbcore: registered new interface driver usblp", "[    4.291572] usbcore: registered new interface driver usb-storage", "[    4.295223] i8042: PNP: PS/2 Controller [PNP0303:KBD,PNP0f13:MOU] at 0x60,0x64 irq 1,12", "[    4.302613] serio: i8042 KBD port at 0x60,0x64 irq 1", "[    4.305520] serio: i8042 AUX port at 0x60,0x64 irq 12", "[    4.309419] rtc_cmos 00:04: RTC can wake from S4", "[    4.313968] input: AT Translated Set 2 keyboard as /devices/platform/i8042/serio0/input/input1", "[    4.321191] rtc_cmos 00:04: registered as rtc0", "[    4.323942] rtc_cmos 00:04: alarms up to one day, y3k, 242 bytes nvram, hpet irqs", "[    4.329102] device-mapper: ioctl: 4.48.0-ioctl (2023-03-01) initialised: dm-devel@redhat.com", "[    4.333388] intel_pstate: CPU model not supported", "[    4.335948] hid: raw HID events driver (C) Jiri Kosina", "[    4.339582] usbcore: registered new interface driver usbhid", "[    4.342532] usbhid: USB HID core driver", "[    4.348933] Initializing XFRM netlink socket", "[    4.351313] NET: Registered PF_INET6 protocol family", "[    4.355650] Segment Routing with IPv6", "[    4.357604] In-situ OAM (IOAM) with IPv6", "[    4.359784] sit: IPv6, IPv4 and MPLS over IPv4 tunneling driver", "[    4.363466] NET: Registered PF_PACKET protocol family", "[    4.366152] 9pnet: Installing 9P2000 support", "[    4.368385] Key type dns_resolver registered", "[    4.374938] IPI shorthand broadcast: enabled", "[    4.398117] sched_clock: Marking stable (4348016096, 49426819)->(4821815942, -424373027)", "[    4.403160] registered taskstats version 1", "[    4.405330] Loading compiled-in X.509 certificates", "[    4.425282] PM:   Magic number: 9:351:875", "[    4.427490] printk: legacy console [netcon0] enabled", "[    4.430036] netconsole: network logging started", "[    4.432605] cfg80211: Loading compiled-in X.509 certificates for regulatory database", "[    4.437096] kworker/u16:1 (84) used greatest stack depth: 28552 bytes left", "[    4.438927] Loaded X.509 cert 'sforshee: 00b28ddf47aef9cea7'", "[    4.444886] Loaded X.509 cert 'wens: 61c038651aabdcf94bd0ac7ff06c7248db18c600'", "[    4.449157] platform regulatory.0: Direct firmware load for regulatory.db failed with error -2", "[    4.449638] ALSA device list:", "[    4.454226] cfg80211: failed to load regulatory.db", "[    4.456148]   No soundcards found.", "[    4.977662] input: ImExPS/2 Generic Explorer Mouse as /devices/platform/i8042/serio1/input/input3", "[    4.981772] md: Waiting for all devices to be available before autodetect", "[    4.984173] md: If you don't use raid, use raid=noautodetect", "[    4.986189] md: Autodetecting RAID arrays.", "[    4.987695] md: autorun ...", "[    4.988742] md: ... autorun DONE.", "[    4.997648] EXT4-fs (vda1): mounted filesystem c8107c30-aa3b-40eb-bd2a-416a91df85e7 ro with ordered data mode. Quota mode: none.", "[    5.001784] VFS: Mounted root (ext4 filesystem) readonly on device 253:1.", "[    5.004641] devtmpfs: mounted", "[    5.006958] Freeing unused kernel image (initmem) memory: 2184K", "[    5.009147] Write protecting the kernel read-only data: 59392k", "[    5.012345] Freeing unused kernel image (rodata/data gap) memory: 896K", "[    5.038140] x86/mm: Checked W+X mappings: passed, no W+X pages found.", "[    5.040578] Run /sbin/init as init process", "[    5.042107]   with arguments:", "[    5.043253]     /sbin/init", "[    5.044264]     nospectre_bhb", "[    5.045393]   with environment:", "[    5.046576]     HOME=/", "[    5.047513]     TERM=linux", "[    5.048522]     spectre_v2=off", "[    5.049725]     spectre_v2_user=off", "[    5.050992]     pti=off", "SELinux:  Could not open policy file <= /etc/selinux/targeted/policy/policy.33:  No such file or directory", "[    5.305948] systemd[1]: systemd 255.4-1ubuntu8.6 running in system mode (+PAM +AUDIT +SELINUX +APPARMOR +IMA +SMACK +SECCOMP +GCRYPT -GNUTLS +OPENSSL +ACL +BLKID +CURL +ELFUTILS +FIDO2 +IDN2 -IDN +IPTC +KMOD +LIBCRYPTSETUP +LIBFDISK +PCRE2 -PWQUALITY +P11KIT +QRENCODE +TPM2 +BZIP2 +LZ4 +XZ +ZLIB +ZSTD -BPF_FRAMEWORK -XKBCOMMON +UTMP +SYSVINIT default-hierarchy=unified)", "[    5.317311] systemd[1]: Detected virtualization kvm.", "[    5.319181] systemd[1]: Detected architecture x86-64.", "", "Welcome to \u001b[1mUbuntu 24.04.2 LTS\u001b[0m!", "", "", "[    5.329483] systemd[1]: Hostname set to <ubuntu-testing>.", "[    5.363666] snapd-env-gener (95) used greatest stack depth: 26760 bytes left", "[    5.382022] snapd-generator (100) used greatest stack depth: 26552 bytes left", "[    5.536780] cloud-init-gene (98) used greatest stack depth: 25536 bytes left", "[    5.767835] systemd[1]: Queued start job for default target graphical.target.", "[    5.782246] systemd[1]: Created slice system-modprobe.slice - Slice /system/modprobe.", "[\u001b[0;32m  OK  \u001b[0m] Created slice \u001b[0;1;39msystem-modprobe.slice\u001b[0m - Slice /system/modprobe.", "", "[    5.790245] systemd[1]: Created slice system-serial\\x2dgetty.slice - Slice /system/serial-getty.", "[\u001b[0;32m  OK  \u001b[0m] Created slice \u001b[0;1;39msystem-serial\\x2dget\u2026slice\u001b[0m - Slice /system/serial-getty.", "", "[    5.798270] systemd[1]: Created slice system-systemd\\x2dfsck.slice - Slice /system/systemd-fsck.", "[\u001b[0;32m  OK  \u001b[0m] Created slice \u001b[0;1;39msystem-systemd\\x2dfs\u2026slice\u001b[0m - Slice /system/systemd-fsck.", "", "[    5.806482] systemd[1]: Created slice user.slice - User and Session Slice.", "[\u001b[0;32m  OK  \u001b[0m] Created slice \u001b[0;1;39muser.slice\u001b[0m - User and Session Slice.", "", "[    5.812841] systemd[1]: Started systemd-ask-password-console.path - Dispatch Password Requests to Console Directory Watch.", "[\u001b[0;32m  OK  \u001b[0m] Started \u001b[0;1;39msystemd-ask-password-conso\u2026\u001b[0mequests to Console Directory Watch.", "", "[    5.821242] systemd[1]: Started systemd-ask-password-wall.path - Forward Password Requests to Wall Directory Watch.", "[\u001b[0;32m  OK  \u001b[0m] Started \u001b[0;1;39msystemd-ask-password-wall.\u2026\u001b[0md Requests to Wall Directory Watch.", "", "[    5.829769] systemd[1]: Set up automount proc-sys-fs-binfmt_misc.automount - Arbitrary Executable File Formats File System Automount Point.", "[\u001b[0;32m  OK  \u001b[0m] Set up automount \u001b[0;1;39mproc-sys-fs-binfm\u2026\u001b[0mormats File System Automount Point.", "", "[    5.838295] systemd[1]: Expecting device dev-disk-by\\x2dlabel-BOOT.device - /dev/disk/by-label/BOOT...", "Expecting device \u001b[0;1;39mdev-disk-by\\x2dla\u2026device\u001b[0m - /dev/disk/by-label/BOOT...", "", "[    5.845619] systemd[1]: Expecting device dev-disk-by\\x2dlabel-UEFI.device - /dev/disk/by-label/UEFI...", "Expecting device \u001b[0;1;39mdev-disk-by\\x2dla\u2026device\u001b[0m - /dev/disk/by-label/UEFI...", "", "[    5.852826] systemd[1]: Expecting device dev-ttyS0.device - /dev/ttyS0...", "Expecting device \u001b[0;1;39mdev-ttyS0.device\u001b[0m - /dev/ttyS0...", "", "[    5.858083] systemd[1]: Reached target cryptsetup.target - Local Encrypted Volumes.", "[\u001b[0;32m  OK  \u001b[0m] Reached target \u001b[0;1;39mcryptsetup.target\u001b[0m - Local Encrypted Volumes.", "", "[    5.864491] systemd[1]: Reached target integritysetup.target - Local Integrity Protected Volumes.", "[\u001b[0;32m  OK  \u001b[0m] Reached target \u001b[0;1;39mintegritysetup.targ\u2026\u001b[0m Local Integrity Protected Volumes.", "", "[    5.871765] systemd[1]: Reached target remote-fs.target - Remote File Systems.", "[\u001b[0;32m  OK  \u001b[0m] Reached target \u001b[0;1;39mremote-fs.target\u001b[0m - Remote File Systems.", "", "[    5.877973] systemd[1]: Reached target slices.target - Slice Units.", "[\u001b[0;32m  OK  \u001b[0m] Reached target \u001b[0;1;39mslices.target\u001b[0m - Slice Units.", "", "[    5.883301] systemd[1]: Reached target snapd.mounts-pre.target - Mounting snaps.", "[\u001b[0;32m  OK  \u001b[0m] Reached target \u001b[0;1;39msnapd.mounts-pre.target\u001b[0m - Mounting snaps.", "", "[    5.889488] systemd[1]: Reached target snapd.mounts.target - Mounted snaps.", "[\u001b[0;32m  OK  \u001b[0m] Reached target \u001b[0;1;39msnapd.mounts.target\u001b[0m - Mounted snaps.", "", "[    5.895353] systemd[1]: Reached target swap.target - Swaps.", "[\u001b[0;32m  OK  \u001b[0m] Reached target \u001b[0;1;39mswap.target\u001b[0m - Swaps.", "", "[    5.900195] systemd[1]: Reached target veritysetup.target - Local Verity Protected Volumes.", "[\u001b[0;32m  OK  \u001b[0m] Reached target \u001b[0;1;39mveritysetup.target\u001b[0m - Local Verity Protected Volumes.", "", "[    5.907354] systemd[1]: Listening on systemd-fsckd.socket - fsck to fsckd communication Socket.", "[\u001b[0;32m  OK  \u001b[0m] Listening on \u001b[0;1;39msystemd-fsckd.socket\u001b[0m \u2026fsck to fsckd communication Socket.", "", "[    5.914778] systemd[1]: Listening on systemd-initctl.socket - initctl Compatibility Named Pipe.", "[\u001b[0;32m  OK  \u001b[0m] Listening on \u001b[0;1;39msystemd-initctl.socke\u2026\u001b[0m- initctl Compatibility Named Pipe.", "", "[    5.922382] systemd[1]: Listening on systemd-journald-dev-log.socket - Journal Socket (/dev/log).", "[\u001b[0;32m  OK  \u001b[0m] Listening on \u001b[0;1;39msystemd-journald-dev-\u2026socket\u001b[0m - Journal Socket (/dev/log).", "", "[    5.930202] systemd[1]: Listening on systemd-journald.socket - Journal Socket.", "[\u001b[0;32m  OK  \u001b[0m] Listening on \u001b[0;1;39msystemd-journald.socket\u001b[0m - Journal Socket.", "", "[    5.936827] systemd[1]: Listening on systemd-networkd.socket - Network Service Netlink Socket.", "[\u001b[0;32m  OK  \u001b[0m] Listening on \u001b[0;1;39msystemd-networkd.socket\u001b[0m - Network Service Netlink Socket.", "", "[    5.943887] systemd[1]: systemd-pcrextend.socket - TPM2 PCR Extension (Varlink) was skipped because of an unmet condition check (ConditionSecurity=measured-uki).", "[    5.950288] systemd[1]: Listening on systemd-udevd-control.socket - udev Control Socket.", "[\u001b[0;32m  OK  \u001b[0m] Listening on \u001b[0;1;39msystemd-udevd-control.socket\u001b[0m - udev Control Socket.", "", "[    5.957301] systemd[1]: Listening on systemd-udevd-kernel.socket - udev Kernel Socket.", "[\u001b[0;32m  OK  \u001b[0m] Listening on \u001b[0;1;39msystemd-udevd-kernel.socket\u001b[0m - udev Kernel Socket.", "", "[    5.973722] systemd[1]: Mounting dev-hugepages.mount - Huge Pages File System...", "Mounting \u001b[0;1;39mdev-hugepages.mount\u001b[0m - Huge Pages File System...", "", "[    5.981764] systemd[1]: Mounting dev-mqueue.mount - POSIX Message Queue File System...", "Mounting \u001b[0;1;39mdev-mqueue.mount\u001b[0m - POSIX Message Queue File System...", "", "[    5.990001] systemd[1]: Mounting sys-kernel-debug.mount - Kernel Debug File System...", "Mounting \u001b[0;1;39msys-kernel-debug.mount\u001b[0m - Kernel Debug File System...", "", "[    5.997854] systemd[1]: Mounting sys-kernel-tracing.mount - Kernel Trace File System...", "Mounting \u001b[0;1;39msys-kernel-tracing.mount\u001b[0m - Kernel Trace File System...", "", "[    6.004475] systemd[1]: systemd-journald.service: unit configures an IP firewall, but the local system does not support BPF/cgroup firewalling.", "[    6.008974] systemd[1]: systemd-journald.service: (This warning is only shown for the first unit using IP firewalling.)", "[    6.014386] systemd[1]: Starting systemd-journald.service - Journal Service...", "Starting \u001b[0;1;39msystemd-journald.service\u001b[0m - Journal Service...", "", "[    6.021918] systemd[1]: Starting keyboard-setup.service - Set the console keyboard layout...", "Starting \u001b[0;1;39mkeyboard-setup.service\u001b[0m - Set the console keyboard layout...", "", "[    6.028533] systemd[1]: kmod-static-nodes.service - Create List of Static Device Nodes was skipped because of an unmet condition check (ConditionFileNotEmpty=/lib/modules/6.8.0/modules.devname).", "[    6.037038] systemd[1]: Starting modprobe@configfs.service - Load Kernel Module configfs...", "Starting \u001b[0;1;39mmodprobe@configfs.service\u001b[0m - Load Kernel Module configfs...", "", "[    6.045825] systemd[1]: Starting modprobe@dm_mod.service - Load Kernel Module dm_mod...", "Starting \u001b[0;1;39mmodprobe@dm_mod.service\u001b[0m - Load Kernel Module dm_mod...", "", "[    6.063768] systemd[1]: Starting modprobe@drm.service - Load Kernel Module drm...", "Starting \u001b[0;1;39mmodprobe@drm.service\u001b[0m - Load Kernel Module drm...", "", "[    6.073167] systemd[1]: Starting modprobe@efi_pstore.service - Load Kernel Module efi_pstore...", "Starting \u001b[0;1;39mmodprobe@efi_pstore.servi\u2026\u001b[0m - Load Kernel Module efi_pstore...", "", "[    6.085766] systemd[1]: Starting modprobe@fuse.service - Load Kernel Module fuse...", "Starting \u001b[0;1;39mmodprobe@fuse.service\u001b[0m - Load Kernel Module fuse...", "", "[    6.094066] systemd-journald[129]: Collecting audit messages is disabled.", "[    6.096093] systemd[1]: Starting modprobe@loop.service - Load Kernel Module loop...", "Starting \u001b[0;1;39mmodprobe@loop.service\u001b[0m - Load Kernel Module loop...", "", "[    6.112814] systemd[1]: netplan-ovs-cleanup.service - OpenVSwitch configuration for cleanup was skipped because of an unmet condition check (ConditionFileIsExecutable=/usr/bin/ovs-vsctl).", "[    6.121215] systemd[1]: Starting systemd-fsck-root.service - File System Check on Root Device...", "Starting \u001b[0;1;39msystemd-fsck-root.service\u001b[0m\u2026File System Check on Root Device...", "", "[    6.140174] systemd[1]: Starting systemd-modules-load.service - Load Kernel Modules...", "Starting \u001b[0;1;39msystemd-modules-load.service\u001b[0m - Load Kernel Modules...", "", "[    6.149362] systemd[1]: systemd-pcrmachine.service - TPM2 PCR Machine ID Measurement was skipped because of an unmet condition check (ConditionSecurity=measured-uki).", "[    6.159014] systemd[1]: Starting systemd-tmpfiles-setup-dev-early.service - Create Static Device Nodes in /dev gracefully...", "Startin[    6.163920] systemd[1]: systemd-tpm2-setup-early.service - TPM2 SRK Setup (Early) was skipped because of an unmet condition check (ConditionSecurity=measured-uki).", "g \u001b[0;1;39msystemd-tmpfiles-setup-de\u2026\u001b[0m Device Nodes in /dev gracefully...", "", "[    6.176622] systemd[1]: Starting systemd-udev-trigger.service - Coldplug All udev Devices...", "Starting \u001b[0;1;39msyste[    6.184992] systemd[1]: Started systemd-journald.service - Journal Service.", "md-udev-trigger.service\u001b[0m - Coldplug All udev Devices...", "", "[\u001b[0;32m  OK  \u001b[0m] Started \u001b[0;1;39msystemd-journald.service\u001b[0m - Journal Service.", "", "[\u001b[0;32m  OK  \u001b[0m] Mounted \u001b[0;1;39mdev-hugepages.mount\u001b[0m - Huge Pages File System.", "", "[\u001b[0;32m  OK  \u001b[0m] Mounted \u001b[0;1;39mdev-mqueue.mount\u001b[0m - POSIX Message Queue File System.", "", "[\u001b[0;32m  OK  \u001b[0m] Mounted \u001b[0;1;39msys-kernel-debug.mount\u001b[0m - Kernel Debug File System.", "", "[\u001b[0;32m  OK  \u001b[0m] Mounted \u001b[0;1;39msys-kernel-tracing.mount\u001b[0m - Kernel Trace File System.", "", "[\u001b[0;32m  OK  \u001b[0m] Finished \u001b[0;1;39mkeyboard-setup.service\u001b[0m - Set the console keyboard layout.", "", "[\u001b[0;32m  OK  \u001b[0m] Finished \u001b[0;1;39mmodprobe@configfs.service\u001b[0m - Load Kernel Module configfs.", "", "[\u001b[0;32m  OK  \u001b[0m] Finished \u001b[0;1;39mmodprobe@dm_mod.service\u001b[0m - Load Kernel Module dm_mod.", "", "[\u001b[0;32m  OK  \u001b[0m] Finished \u001b[0;1;39mmodprobe@drm.service\u001b[0m - Load Kernel Module drm.", "", "[\u001b[0;32m  OK  \u001b[0m] Finished \u001b[0;1;39mmodprobe@efi_pstore.service\u001b[0m - Load Kernel Module efi_pstore.", "", "[\u001b[0;32m  OK  \u001b[0m] Finished \u001b[0;1;39mmodprobe@fuse.service\u001b[0m - Load Kernel Module fuse.", "", "[\u001b[0;32m  OK  \u001b[0m] Finished \u001b[0;1;39mmodprobe@loop.service\u001b[0m - Load Kernel Module loop.", "", "[\u001b[0;32m  OK  \u001b[0m] Finished \u001b[0;1;39msystemd-modules-load.service\u001b[0m - Load Kernel Modules.", "", "[\u001b[0;32m  OK  \u001b[0m] Started \u001b[0;1;39msystemd-fsckd.service\u001b[0m - Fi\u2026stem Check Daemon to report status.", "", "Starting \u001b[0;1;39msystemd-sysctl.service\u001b[0m - Apply Kernel Variables...", "", "[\u001b[0;32m  OK  \u001b[0m] Finished \u001b[0;1;39msystemd-fsck-root.service\u001b[0m - File System Check on Root Device.", "", "Starting \u001b[0;1;39msystemd-remount-fs.servic\u2026\u001b[0munt Root and Kernel File Systems...", "", "[\u001b[0;32m  OK  \u001b[0m] Finished \u001b[0;1;39msystemd-tmpfiles-setup-de\u2026\u001b[0mic Device Nodes in /dev gracefully.", "", "[\u001b[0;32m  OK  \u001b[0m] Finished \u001b[0;1;39msystemd-sysctl.service\u001b[0m - Apply Kernel Variables.", "", "[    6.369089] EXT4-fs (vda1): re-mounted c8107c30-aa3b-40eb-bd2a-416a91df85e7 r/w. Quota mode: none.", "[\u001b[0;32m  OK  \u001b[0m] Finished \u001b[0;1;39msystemd-remount-fs.servic\u2026\u001b[0mmount Root and Kernel File Systems.", "", "Starting \u001b[0;1;39msystemd-journal-flush.ser\u2026\u001b[0msh Journal to Persistent Storage...", "", "Starting \u001b[0;1;39msystemd-random-seed.service\u001b[0m - Load/Save OS Random Seed...", "", "[    6.412037] systemd-journald[129]: Received client request to flush runtime journal.", "Starting \u001b[0;1;39msystemd-sysusers.service\u001b[0m - Create System Users...", "", "[\u001b[0;32m  OK  \u001b[0m] Finished \u001b[0;1;39msystemd-random-seed.service\u001b[0m - Load/Save OS Random Seed.", "", "[\u001b[0;32m  OK  \u001b[[    6.450318] systemd-journald[129]: /var/log/journal/26d7b7c94826499bb6e00a5f602ee679/system.journal: Journal file uses a different sequence number ID, rotating.", "0m] Finished \u001b[0[    6.455374] systemd-journald[129]: Rotating system journal.", ";1;39msystemd-sysusers.service\u001b[0m - Create System Users.", "", "Starting \u001b[0;1;39msystemd-tmpfiles-setup-de\u2026\u001b[0meate Static Device Nodes in /dev...", "", "[\u001b[0;32m  OK  \u001b[0m] Finished \u001b[0;1;39msystemd-udev-trigger.service\u001b[0m - Coldplug All udev Devices.", "", "[\u001b[0;32m  OK  \u001b[0m] Finished \u001b[0;1;39msystemd-tmpfiles-setup-de\u2026\u001b[0mCreate Static Device Nodes in /dev.", "", "[\u001b[0;32m  OK  \u001b[0m] Reached target \u001b[0;1;39mlocal-fs-pre.target\u001b[0m\u2026Preparation for Local File Systems.", "", "Starting \u001b[0;1;39msystemd-udevd.service\u001b[0m - R\u2026ager for Device Events and Files...", "", "[\u001b[0;32m  OK  \u001b[0m] Finished \u001b[0;1;39msystemd-journal-flush.ser\u2026\u001b[0mlush Journal to Persistent Storage.", "", "[\u001b[0;32m  OK  \u001b[0m] Started \u001b[0;1;39msystemd-udevd.service\u001b[0m - Ru\u2026anager for Device Events and Files.", "", "Starting \u001b[0;1;39msystemd-networkd.service\u001b[0m - Network Configuration...", "", "[\u001b[0;32m  OK  \u001b[[    6.742287] virtio_net virtio1 ens3: renamed from eth0", "0m] Found device \u001b[0;1;39mdev-ttyS0.device\u001b[0m - /dev/ttyS0.", "", "[\u001b[0;32m  OK  \u001b[0m] Found device \u001b[0;1;39mdev-disk-by\\x2dlabel-\u2026I.device\u001b[0m - /dev/disk/by-label/UEFI.", "", "[\u001b[0;32m  OK  \u001b[0m] Found device \u001b[0;1;39mdev-disk-by\\x2dlabel-\u2026T.device\u001b[0m - /dev/disk/by-label/BOOT.", "", "[\u001b[0;32m  OK  \u001b[0m] Listening on \u001b[0;1;39msystemd-rfkill.socket\u001b[0m\u2026ll Switch Status /dev/rfkill Watch.", "", "Starting \u001b[0;1;39msystemd-fsck@dev-disk-by\\\u2026\u001b[0mCheck on /dev/disk/by-label/BOOT...", "", "[\u001b[0;32m  OK  \u001b[0m] Started \u001b[0;1;39msystemd-networkd.service\u001b[0m - Network Configuration.", "", "[\u001b[0;32m  OK  \u001b[0m] Finished \u001b[0;1;39msystemd-fsck@dev-disk-by\\\u2026\u001b[0mm Check on /dev/disk/by-label/BOOT.", "", "Mounting \u001b[0;1;39mboot.mount\u001b[0m - /boot...", "", "[    7.070160] EXT4-fs (vda16): mounted filesystem 7164fb69-891e-447e-91ac-9486a0886759 r/w with ordered data mode. Quota mode: none.", "[\u001b[0;32m  OK  \u001b[0m] Mounted \u001b[0;1;39mboot.mount\u001b[0m - /boot.", "", "Mounting \u001b[0;1;39mboot-efi.mount\u001b[0m - /boot/efi...", "", "[    7.107380] FAT-fs (vda15): Volume was not properly unmounted. Some data may be corrupt. Please run fsck.", "[\u001b[0;32m  OK  \u001b[0m] Mounted \u001b[0;1;39mboot-efi.mount\u001b[0m - /boot/efi.", "", "[\u001b[0;32m  OK  \u001b[0m] Reached target \u001b[0;1;39mlocal-fs.target\u001b[0m - Local File Systems.", "", "[\u001b[0;32m  OK  \u001b[0m] Listening on \u001b[0;1;39msystemd-sysext.socket\u001b[0m\u2026tension Image Management (Varlink).", "", "Starting \u001b[0;1;39mconsole-setup.service\u001b[0m - Set console font and keymap...", "", "Starting \u001b[0;1;39mldconfig.service\u001b[0m - Rebuild Dynamic Linker Cache...", "", "Starting \u001b[0;1;39msystemd-binfmt.service\u001b[0m - Set Up Additional Binary Formats...", "", "Starting \u001b[0;1;39msystemd-tmpfiles-setup.se\u2026\u001b[0me Volatile Files and Directories...", "", "[\u001b[0;32m  OK  \u001b[0m] Finished \u001b[0;1;39mconsole-setup.service\u001b[0m - Set console font and keymap.", "", "Mounting \u001b[0;1;39mproc-sys-fs-binfmt_misc.m\u2026\u001b[0mcutable File Formats File System...", "", "[\u001b[0;32m  OK  \u001b[0m] Mounted \u001b[0;1;39mproc-sys-fs-binfmt_misc.mo\u2026\u001b[0mxecutable File Formats File System.", "", "[\u001b[0;32m  OK  \u001b[0m] Finished \u001b[0;1;39msystemd-binfmt.service\u001b[0m - Set Up Additional Binary Formats.", "", "[    7.237306] systemd-tmpfile (256) used greatest stack depth: 25408 bytes left", "[\u001b[0;32m  OK  \u001b[0m] Finished \u001b[0;1;39msystemd-tmpfiles-setup.se\u2026\u001b[0mate Volatile Files and Directories.", "", "Starting \u001b[0;1;39msystemd-journal-catalog-u\u2026ervice\u001b[0m - Rebuild Journal Catalog...", "", "Starting \u001b[0;1;39msystemd-resolved.service\u001b[0m - Network Name Resolution...", "", "Starting \u001b[0;1;39msystemd-timesyncd.service\u001b[0m - Network Time Synchronization...", "", "Starting \u001b[0;1;39msystemd-update-utmp.servi\u2026\u001b[0mord System Boot/Shutdown in UTMP...", "", "[\u001b[0;32m  OK  \u001b[0m] Finished \u001b[0;1;39mldconfig.service\u001b[0m - Rebuild Dynamic Linker Cache.", "", "[\u001b[0;32m  OK  \u001b[0m] Finished \u001b[0;1;39msystemd-journal-catalog-u\u2026.service\u001b[0m - Rebuild Journal Catalog.", "", "Starting \u001b[0;1;39msystemd-update-done.service\u001b[0m - Update is Completed...", "", "[\u001b[0;32m  OK  \u001b[0m] Finished \u001b[0;1;39msystemd-update-utmp.servi\u2026\u001b[0mecord System Boot/Shutdown in UTMP.", "", "[\u001b[0;32m  OK  \u001b[0m] Finished \u001b[0;1;39msystemd-update-done.service\u001b[0m - Update is Completed.", "", "[\u001b[0;32m  OK  \u001b[0m] Started \u001b[0;1;39msystemd-timesyncd.service\u001b[0m - Network Time Synchronization.", "", "[\u001b[0;32m  OK  \u001b[0m] Reached target \u001b[0;1;39mtime-set.target\u001b[0m - System Time Set.", "", "[\u001b[0;32m  OK  \u001b[0m] Started \u001b[0;1;39msystemd-resolved.service\u001b[0m - Network Name Resolution.", "", "[\u001b[0;32m  OK  \u001b[0m] Reached target \u001b[0;1;39mnetwork.target\u001b[0m - Network.", "", "[\u001b[0;32m  OK  \u001b[0m] Reached target \u001b[0;1;39mnss-lookup.target\u001b[0m - Host and Network Name Lookups.", "", "[\u001b[0;32m  OK  \u001b[0m] Reached target \u001b[0;1;39msysinit.target\u001b[0m - System Initialization.", "", "[\u001b[0;32m  OK  \u001b[0m] Started \u001b[0;1;39mapt-daily.timer\u001b[0m - Daily apt download activities.", "", "[\u001b[0;32m  OK  \u001b[0m] Started \u001b[0;1;39mapt-daily-upgrade.timer\u001b[0m - \u2026y apt upgrade and clean activities.", "", "[\u001b[0;32m  OK  \u001b[0m] Started \u001b[0;1;39mdpkg-db-backup.timer\u001b[0m - Daily dpkg database backup timer.", "", "[\u001b[0;32m  OK  \u001b[0m] Started \u001b[0;1;39me2scrub_all.timer\u001b[0m - Period\u2026Metadata Check for All Filesystems.", "", "[\u001b[0;32m  OK  \u001b[0m] Started \u001b[0;1;39mfstrim.timer\u001b[0m - Discard unused filesystem blocks once a week.", "", "[\u001b[0;32m  OK  \u001b[0m] Started \u001b[0;1;39mmotd-news.timer\u001b[0m - Message of the Day.", "", "[\u001b[0;32m  OK  \u001b[0m] Started \u001b[0;1;39mphpsessionclean.timer\u001b[0m - Clean PHP session files every 30 mins.", "", "[\u001b[0;32m  OK  \u001b[0m] Started \u001b[0;1;39msystemd-tmpfiles-clean.tim\u2026\u001b[0my Cleanup of Temporary Directories.", "", "[\u001b[0;32m  OK  \u001b[0m] Reached target \u001b[0;1;39mpaths.target\u001b[0m - Path Units.", "", "[\u001b[0;32m  OK  \u001b[0m] Reached target \u001b[0;1;39mtimers.target\u001b[0m - Timer Units.", "", "[\u001b[0;32m  OK  \u001b[0m] Listening on \u001b[0;1;39mdbus.socket\u001b[0m - D-Bus System Message Bus Socket.", "", "Starting \u001b[0;1;39mlxd-installer.socket\u001b[0m - He\u2026er to install lxd snap on demand...", "", "Starting \u001b[0;1;39msnapd.socket\u001b[0m - Socket activation for snappy daemon...", "", "[\u001b[0;32m  OK  \u001b[0m] Listening on \u001b[0;1;39mssh.socket\u001b[0m - OpenBSD Secure Shell server socket.", "", "[\u001b[0;32m  OK  \u001b[0m] Listening on \u001b[0;1;39mlxd-installer.socket\u001b[0m \u2026lper to install lxd snap on demand.", "", "[\u001b[0;32m  OK  \u001b[0m] Listening on \u001b[0;1;39msnapd.socket\u001b[0m - Socket activation for snappy daemon.", "", "[\u001b[0;32m  OK  \u001b[0m] Reached target \u001b[0;1;39msockets.target\u001b[0m - Socket Units.", "", "[\u001b[0;32m  OK  \u001b[0m] Reached target \u001b[0;1;39mbasic.target\u001b[0m - Basic System.", "", "Starting \u001b[0;1;39mapport.service\u001b[0m - automatic crash report generation...", "", "Starting \u001b[0;1;39mdbus.service\u001b[0m - D-Bus System Message Bus...", "", "Starting \u001b[0;1;39me2scrub_reap.service\u001b[0m - Re\u2026ne ext4 Metadata Check Snapshots...", "", "Starting \u001b[0;1;39mgrub-common.service\u001b[0m - Record successful boot for GRUB...", "", "Starting \u001b[0;1;39mphpsessionclean.service\u001b[0m - Clean php session files...", "", "[\u001b[0;32m  OK  \u001b[0m] Reached target \u001b[0;1;39mgetty-pre.target\u001b[0m - Preparation for Logins.", "", "Starting \u001b[0;1;39msnapd.seeded.service\u001b[0m - Wait until snapd is fully seeded...", "", "Starting \u001b[0;1;39msnapd.service\u001b[0m - Snap Daemon...", "", "Starting \u001b[0;1;39msystemd-logind.service\u001b[0m - User Login Management...", "", "Starting \u001b[0;1;39msystemd-user-sessions.service\u001b[0m - Permit User Sessions...", "", "[\u001b[0;32m  OK  \u001b[0m] Finished \u001b[0;1;39msystemd-user-sessions.service\u001b[0m - Permit User Sessions.", "", "[\u001b[0;32m  OK  \u001b[0m] Started \u001b[0;1;39mdbus.service\u001b[0m - D-Bus System Message Bus.", "", "[\u001b[0;32m  OK  \u001b[0m] Started \u001b[0;1;39mserial-getty@ttyS0.service\u001b[0m - Serial Getty on ttyS0.", "", "Starting \u001b[0;1;39msetvtrgb.service\u001b[0m - Set console scheme...", "", "[\u001b[0;32m  OK  \u001b[0m] Finished \u001b[0;1;39me2scrub_reap.service\u001b[0m - Re\u2026line ext4 Metadata Check Snapshots.", "", "[\u001b[0;32m  OK  \u001b[0m] Finished \u001b[0;1;39msetvtrgb.service\u001b[0m - Set console scheme.", "", "[\u001b[0;32m  OK  \u001b[0m] Created slice \u001b[0;1;39msystem-getty.slice\u001b[0m - Slice /system/getty.", "", "[\u001b[0;32m  OK  \u001b[0m] Started \u001b[0;1;39mgetty@tty1.service\u001b[0m - Getty on tty1.", "", "[\u001b[0;32m  OK  \u001b[0m] Reached target \u001b[0;1;39mgetty.target\u001b[0m - Login Prompts.", "", "[\u001b[0;32m  OK  \u001b[0m] Finished \u001b[0;1;39mgrub-common.service\u001b[0m - Record successful boot for GRUB.", "", "Starting \u001b[0;1;39mgrub-initrd-fallback.service\u001b[0m - GRUB failed boot detection...", "", "[\u001b[0;32m  OK  \u001b[0m] Started \u001b[0;1;39msystemd-logind.service\u001b[0m - User Login Management.", "", "[\u001b[0;32m  OK  \u001b[0m] Started \u001b[0;1;39munattended-upgrades.service\u001b[0m - Unattended Upgrades Shutdown.", "", "[\u001b[0;32m  OK  \u001b[0m] Finished \u001b[0;1;39mgrub-initrd-fallback.service\u001b[0m - GRUB failed boot detection.", "", "[    8.251812] loop0: detected capacity change from 0 to 8", "[\u001b[0;32m  OK  \u001b[0m] Finished \u001b[0;1;39mphpsessionclean.service\u001b[0m - Clean php session files.", "", "[\u001b[0;32m  OK  \u001b[0m] Finished \u001b[0;1;39mapport.service\u001b[0m - automatic crash report generation.", "", "[\u001b[0;32m  OK  \u001b[0m] Started \u001b[0;1;39msnapd.service\u001b[0m - Snap Daemon.", "", "Starting \u001b[0;1;39msystemd-timedated.service\u001b[0m - Time & Date Service...", "", "[\u001b[0;32m  OK  \u001b[0m] Started \u001b[0;1;39msystemd-timedated.service\u001b[0m - Time & Date Service.", "", "[\u001b[0;32m  OK  \u001b[0m] Finished \u001b[0;1;39msnapd.seeded.service\u001b[0m - Wait until snapd is fully seeded.", "", "[\u001b[0;32m  OK  \u001b[0m] Reached target \u001b[0;1;39mmulti-user.target\u001b[0m - Multi-User System.", "", "[\u001b[0;32m  OK  \u001b[0m] Reached target \u001b[0;1;39mgraphical.target\u001b[0m - Graphical Interface.", "", "Starting \u001b[0;1;39msystemd-update-utmp-runle\u2026\u001b[0m- Record Runlevel Change in UTMP...", "", "[\u001b[0;32m  OK  \u001b[0m] Finished \u001b[0;1;39msystemd-update-utmp-runle\u2026e\u001b[0m - Record Runlevel Change in UTMP.", "", "", "", "Ubuntu 24.04.2 LTS ubuntu-testing ttyS0", "", "ubuntu-testing login: root (automatic login)", "", "", "Welcome to Ubuntu 24.04.2 LTS (GNU/Linux 6.8.0 x86_64)", "", "* Documentation:  https://help.ubuntu.com", "* Management:     https://landscape.canonical.com", "* Support:        https://ubuntu.com/pro", "", "This system has been minimized by removing packages and content that are", "not required on a system that users do not log into.", "", "To restore this content, you can run the 'unminimize' command.", "[    9.092265] MICROWAVE FRAMEWORK TESTER", "[    9.095743] [TAG: RUNNING LMBENCH]", "[    9.097086] === Deleting old results ===", "[    9.113402] total 28", "[    9.113402] -rw-r--r-- 1 root root   18 May 14 03:23 ubuntu-testing.0", "[    9.113402] -rw-r--r-- 1 root root 4779 May 14 07:08 ubuntu-testing.1", "[    9.113402] -rw-r--r-- 1 root root 6967 May 13 06:20 ubuntu-testing.2", "[    9.113402] -rw-r--r-- 1 root root 5172 May 13 06:29 ubuntu-testing.3", "[    9.137710] === Starting new benchmark ===", "[    9.139341] Tailing status file: /tempbench.txt", "tail: cannot open '/tempbench.txt' for reading: No such file or directory", "[    9.157835] cd src && make rerun", "[    9.167593] make[1]: Entering directory '/opt/lmbench/src'", "[   10.677496] gmake[2]: Entering directory '/opt/lmbench/src'", "[   10.679662] gmake[2]: Nothing to be done for 'all'.", "[   10.681466] gmake[2]: Leaving directory '/opt/lmbench/src'", "[   11.846676] gmake[2]: Entering directory '/opt/lmbench/src'", "[   11.848894] gmake[2]: Nothing to be done for 'opt'.", "[   11.850675] gmake[2]: Leaving directory '/opt/lmbench/src'", "[   90.334425] lat_rpc[1109]: segfault at ffffffe0 ip 00007fd1aea20a07 sp 00007fffdbeb5e38 error 4 in libc.so.6[7fd1ae8ad000+188000] likely on CPU 0 (core 0, socket 0)", "[   90.339927] Code: 44 00 00 0f bc c0 48 29 cf 48 8d 44 07 20 c3 0f 1f 40 00 0f bc c0 29 cf 8d 44 07 60 c3 66 0f 1f 44 00 00 48 89 f9 48 83 e7 e0 <62> f1 7d 20 74 07 c5 fb 93 c0 d3 e8 0f 84 ee fe ff ff 0f bc c0 c3", "[  156.295054] make[1]: Leaving directory '/opt/lmbench/src'", "[  156.302778]", "[  156.303647] === Benchmark complete; dumping results at /opt/lmbench/results/x86_64-linux-gnu/ubuntu-testing.0 to aux log ===", "[  156.320739] ============================================", "[  156.331286] Elapsed time: 147.644508883 seconds", "[  156.333106] [TAG: LMBENCH COMPLETE]", "[  156.334663] MICROWAVE FRAMEWORK TESTER", "[\u001b[0;32m  OK  \u001b[0m] Removed slice \u001b[0;1;39msystem-modprobe.slice\u001b[0m - Slice /system/modprobe.", "", "[\u001b[0;32m  OK  \u001b[0m] Stopped target \u001b[0;1;39mgraphical.target\u001b[0m - Graphical Interface.", "", "[\u001b[0;32m  OK  \u001b[0m] Stopped target \u001b[0;1;39mmulti-user.target\u001b[0m - Multi-User System.", "", "[\u001b[0;32m  OK  \u001b[0m] Stopped target \u001b[0;1;39mgetty.target\u001b[0m - Login Prompts.", "", "[\u001b[0;32m  OK  \u001b[0m] Stopped target \u001b[0;1;39mnss-lookup.target\u001b[0m - Host and Network Name Lookups.", "", "[\u001b[0;32m  OK  \u001b[0m] Stopped target \u001b[0;1;39mtimers.target\u001b[0m - Timer Units.", "", "[\u001b[0;32m  OK  \u001b[0m] Stopped \u001b[0;1;39mapt-daily-upgrade.timer\u001b[0m - \u2026y apt upgrade and clean activities.", "", "[\u001b[0;32m  OK  \u001b[0m] Stopped \u001b[0;1;39mapt-daily.timer\u001b[0m - Daily apt download activities.", "", "[\u001b[0;32m  OK  \u001b[0m] Stopped \u001b[0;1;39mdpkg-db-backup.timer\u001b[0m - Daily dpkg database backup timer.", "", "[\u001b[0;32m  OK  \u001b[0m] Stopped \u001b[0;1;39me2scrub_all.timer\u001b[0m - Period\u2026Metadata Check for All Filesystems.", "", "[\u001b[0;32m  OK  \u001b[0m] Stopped \u001b[0;1;39mfstrim.timer\u001b[0m - Discard unused filesystem blocks once a week.", "", "[\u001b[0;32m  OK  \u001b[0m] Stopped \u001b[0;1;39mmotd-news.timer\u001b[0m - Message of the Day.", "", "[\u001b[0;32m  OK  \u001b[0m] Stopped \u001b[0;1;39mphpsessionclean.timer\u001b[0m - Clean PHP session files every 30 mins.", "", "[\u001b[0;32m  OK  \u001b[0m] Stopped \u001b[0;1;39msystemd-tmpfiles-clean.tim\u2026\u001b[0my Cleanup of Temporary Directories.", "", "[\u001b[0;32m  OK  \u001b[0m] Stopped target \u001b[0;1;39mtime-set.target\u001b[0m - System Time Set.", "", "[\u001b[0;32m  OK  \u001b[0m] Closed \u001b[0;1;39msystemd-rfkill.socket\u001b[0m - Loa\u2026ll Switch Status /dev/rfkill Watch.", "", "Stopping \u001b[0;1;39mapport.service\u001b[0m - automatic crash report generation...", "", "Stopping \u001b[0;1;39mgetty@tty1.service\u001b[0m - Getty on tty1...", "", "Stopping \u001b[0;1;39mserial-getty@ttyS0.service\u001b[0m - Serial Getty on ttyS0...", "", "[\u001b[0;32m  OK  \u001b[0m] Stopped \u001b[0;1;39msnapd.seeded.service\u001b[0m - Wait until snapd is fully seeded.", "", "Stopping \u001b[0;1;39msystemd-random-seed.service\u001b[0m - Load/Save OS Random Seed...", "", "[\u001b[0;32m  OK  \u001b[0m] Stopped \u001b[0;1;39mserial-getty@ttyS0.service\u001b[0m - Serial Getty on ttyS0.", "", "[\u001b[0;32m  OK  \u001b[0m] Stopped \u001b[0;1;39mgetty@tty1.service\u001b[0m - Getty on tty1.", "", "[\u001b[0;32m  OK  \u001b[0m] Stopped \u001b[0;1;39msystemd-random-seed.service\u001b[0m - Load/Save OS Random Seed.", "", "[\u001b[0;32m  OK  \u001b[0m] Stopped \u001b[0;1;39msession-1.scope\u001b[0m - Session 1 of User root.", "", "[\u001b[0;32m  OK  \u001b[0m] Removed slice \u001b[0;1;39msystem-getty.slice\u001b[0m - Slice /system/getty.", "", "[\u001b[0;32m  OK  \u001b[0m] Removed slice \u001b[0;1;39msystem-serial\\x2dget\u2026slice\u001b[0m - Slice /system/serial-getty.", "", "[\u001b[0;32m  OK  \u001b[0m] Stopped target \u001b[0;1;39mgetty-pre.target\u001b[0m - Preparation for Logins.", "", "Stopping \u001b[0;1;39msystemd-logind.service\u001b[0m - User Login Management...", "", "Stopping \u001b[0;1;39msystemd-user-sessions.service\u001b[0m - Permit User Sessions...", "", "Stopping \u001b[0;1;39muser@0.service\u001b[0m - User Manager for UID 0...", "", "[\u001b[0;32m  OK  \u001b[0m] Stopped \u001b[0;1;39msystemd-user-sessions.service\u001b[0m - Permit User Sessions.", "", "[\u001b[0;32m  OK  \u001b[0m] Stopped target \u001b[0;1;39mnetwork.target\u001b[0m - Network.", "", "Stopping \u001b[0;1;39msystemd-networkd.service\u001b[0m - Network Configuration...", "", "[\u001b[0;32m  OK  \u001b[0m] Stopped \u001b[0;1;39msystemd-networkd.service\u001b[0m - Network Configuration.", "", "[\u001b[0;32m  OK  \u001b[0m] Stopped \u001b[0;1;39mapport.service\u001b[0m - automatic crash report generation.", "", "[\u001b[0;32m  OK  \u001b[0m] Stopped \u001b[0;1;39msystemd-logind.service\u001b[0m - User Login Management.", "", "[\u001b[0;32m  OK  \u001b[0m] Stopped \u001b[0;1;39muser@0.service\u001b[0m - User Manager for UID 0.", "", "[\u001b[0;32m  OK  \u001b[0m] Stopped target \u001b[0;1;39mremote-fs.target\u001b[0m - Remote File Systems.", "", "Stopping \u001b[0;1;39muser-runtime-dir@0.servic\u2026\u001b[0mer Runtime Directory /run/user/0...", "", "[\u001b[0;32m  OK  \u001b[0m] Unmounted \u001b[0;1;39mrun-user-0.mount\u001b[0m - /run/user/0.", "", "[\u001b[0;32m  OK  \u001b[0m] Stopped \u001b[0;1;39muser-runtime-dir@0.service\u001b[0m\u2026User Runtime Directory /run/user/0.", "", "[\u001b[0;32m  OK  \u001b[0m] Removed slice \u001b[0;1;39muser-0.slice\u001b[0m - User Slice of UID 0.", "", "[\u001b[0;32m  OK  \u001b[0m] Stopped target \u001b[0;1;39mbasic.target\u001b[0m - Basic System.", "", "[\u001b[0;32m  OK  \u001b[0m] Stopped target \u001b[0;1;39mpaths.target\u001b[0m - Path Units.", "", "[\u001b[0;32m  OK  \u001b[0m] Stopped target \u001b[0;1;39mslices.target\u001b[0m - Slice Units.", "", "[\u001b[0;32m  OK  \u001b[0m] Removed slice \u001b[0;1;39muser.slice\u001b[0m - User and Session Slice.", "", "[\u001b[0;32m  OK  \u001b[0m] Stopped target \u001b[0;1;39msockets.target\u001b[0m - Socket Units.", "", "[\u001b[0;32m  OK  \u001b[0m] Closed \u001b[0;1;39mlxd-installer.socket\u001b[0m - Helper to install lxd snap on demand.", "", "[\u001b[0;32m  OK  \u001b[0m] Closed \u001b[0;1;39msnapd.socket\u001b[0m - Socket activation for snappy daemon.", "", "[\u001b[0;32m  OK  \u001b[0m] Closed \u001b[0;1;39mssh.socket\u001b[0m - OpenBSD Secure Shell server socket.", "", "[\u001b[0;32m  OK  \u001b[0m] Stopped target \u001b[0;1;39msysinit.target\u001b[0m - System Initialization.", "", "[\u001b[0;32m  OK  \u001b[0m] Stopped target \u001b[0;1;39mcryptsetup.target\u001b[0m - Local Encrypted Volumes.", "", "[\u001b[0;32m  OK  \u001b[0m] Stopped \u001b[0;1;39msystemd-ask-password-conso\u2026\u001b[0mequests to Console Directory Watch.", "", "[\u001b[0;32m  OK  \u001b[0m] Stopped \u001b[0;1;39msystemd-ask-password-wall.\u2026\u001b[0md Requests to Wall Directory Watch.", "", "[\u001b[0;32m  OK  \u001b[0m] Stopped target \u001b[0;1;39mintegritysetup.targ\u2026\u001b[0m Local Integrity Protected Volumes.", "", "[\u001b[0;32m  OK  \u001b[0m] Stopped target \u001b[0;1;39mswap.target\u001b[0m - Swaps.", "", "[\u001b[0;32m  OK  \u001b[0m] Stopped target \u001b[0;1;39mveritysetup.target\u001b[0m - Local Verity Protected Volumes.", "", "[\u001b[0;32m  OK  \u001b[0m] Closed \u001b[0;1;39msystemd-networkd.socket\u001b[0m - Network Service Netlink Socket.", "", "Stopping \u001b[0;1;39msystemd-binfmt.service\u001b[0m - Set Up Additional Binary Formats...", "", "Stopping \u001b[0;1;39msystemd-resolved.service\u001b[0m - Network Name Resolution...", "", "Stopping \u001b[0;1;39msystemd-timesyncd.service\u001b[0m - Network Time Synchronization...", "", "[\u001b[0;32m  OK  \u001b[0m] Stopped \u001b[0;1;39msystemd-update-done.service\u001b[0m - Update is Completed.", "", "[\u001b[0;32m  OK  \u001b[0m] Stopped \u001b[0;1;39mldconfig.service\u001b[0m - Rebuild Dynamic Linker Cache.", "", "[\u001b[0;32m  OK  \u001b[0m] Stopped \u001b[0;1;39msystemd-journal-catalog-up\u2026.service\u001b[0m - Rebuild Journal Catalog.", "", "Stopping \u001b[0;1;39msystemd-update-utmp.servi\u2026\u001b[0mord System Boot/Shutdown in UTMP...", "", "[\u001b[0;32m  OK  \u001b[0m] Stopped \u001b[0;1;39msystemd-resolved.service\u001b[0m - Network Name Resolution.", "", "[\u001b[0;32m  OK  \u001b[0m] Stopped \u001b[0;1;39msystemd-timesyncd.service\u001b[0m - Network Time Synchronization.", "", "[\u001b[0;32m  OK  \u001b[0m] Stopped \u001b[0;1;39msystemd-binfmt.service\u001b[0m - Set Up Additional Binary Formats.", "", "[\u001b[0;32m  OK  \u001b[0m] Unset automount \u001b[0;1;39mproc-sys-fs-binfmt\u2026\u001b[0mormats File System Automount Point.", "", "[\u001b[0;32m  OK  \u001b[0m] Stopped \u001b[0;1;39msystemd-sysctl.service\u001b[0m - Apply Kernel Variables.", "", "[\u001b[0;32m  OK  \u001b[0m] Stopped \u001b[0;1;39msystemd-modules-load.service\u001b[0m - Load Kernel Modules.", "", "[\u001b[0;32m  OK  \u001b[0m] Stopped \u001b[0;1;39msystemd-update-utmp.servic\u2026\u001b[0mecord System Boot/Shutdown in UTMP.", "", "[\u001b[0;32m  OK  \u001b[0m] Stopped \u001b[0;1;39msystemd-tmpfiles-setup.ser\u2026\u001b[0mate Volatile Files and Directories.", "", "[\u001b[0;32m  OK  \u001b[0m] Stopped target \u001b[0;1;39mlocal-fs.target\u001b[0m - Local File Systems.", "", "[\u001b[0;32m  OK  \u001b[0m] Stopped target \u001b[0;1;39msnapd.mounts.target\u001b[0m - Mounted snaps.", "", "[\u001b[0;32m  OK  \u001b[0m] Stopped target \u001b[0;1;39msnapd.mounts-pre.target\u001b[0m - Mounting snaps.", "", "Unmounting \u001b[0;1;39mboot-efi.mount\u001b[0m - /boot/efi...", "", "[\u001b[0;32m  OK  \u001b[0m] Unmounted \u001b[0;1;39mboot-efi.mount\u001b[0m - /boot/efi.", "", "Unmounting \u001b[0;1;39mboot.mount\u001b[0m - /boot...", "", "[  156.995096] EXT4-fs (vda16): unmounting filesystem 7164fb69-891e-447e-91ac-9486a0886759.", "[\u001b[0;32m  OK  \u001b[0m] Unmounted \u001b[0;1;39mboot.mount\u001b[0m - /boot.", "", "[\u001b[0;32m  OK  \u001b[0m] Reached target \u001b[0;1;39mumount.target\u001b[0m - Unmount All Filesystems.", "", "[\u001b[0;32m  OK  \u001b[0m] Stopped \u001b[0;1;39msystemd-fsck@dev-disk-by\\x\u2026\u001b[0mm Check on /dev/disk/by-label/BOOT.", "", "[\u001b[0;32m  OK  \u001b[0m] Removed slice \u001b[0;1;39msystem-systemd\\x2dfs\u2026slice\u001b[0m - Slice /system/systemd-fsck.", "", "[\u001b[0;32m  OK  \u001b[0m] Stopped target \u001b[0;1;39mlocal-fs-pre.target\u001b[0m\u2026Preparation for Local File Systems.", "", "[\u001b[0;32m  OK  \u001b[0m] Stopped \u001b[0;1;39msystemd-tmpfiles-setup-dev\u2026\u001b[0mCreate Static Device Nodes in /dev.", "", "[\u001b[0;32m  OK  \u001b[0m] Stopped \u001b[0;1;39msystemd-sysusers.service\u001b[0m - Create System Users.", "", "[\u001b[0;32m  OK  \u001b[0m] Stopped \u001b[0;1;39msystemd-remount-fs.service\u001b[0m\u2026mount Root and Kernel File Systems.", "", "[\u001b[0;32m  OK  \u001b[0m] Stopped \u001b[0;1;39msystemd-fsck-root.service\u001b[0m - File System Check on Root Device.", "", "[\u001b[0;32m  OK  \u001b[0m] Stopped \u001b[0;1;39msystemd-tmpfiles-setup-dev\u2026\u001b[0mic Device Nodes in /dev gracefully.", "", "[\u001b[0;32m  OK  \u001b[0m] Reached target \u001b[0;1;39mshutdown.target\u001b[0m - System Shutdown.", "", "[\u001b[0;32m  OK  \u001b[0m] Reached target \u001b[0;1;39mfinal.target\u001b[0m - Late Shutdown Services.", "", "[\u001b[0;32m  OK  \u001b[0m] Finished \u001b[0;1;39msystemd-poweroff.service\u001b[0m - System Power Off.", "", "[\u001b[0;32m  OK  \u001b[0m] Reached target \u001b[0;1;39mpoweroff.target\u001b[0m - System Power Off.", "", "[  157.114725] systemd-shutdown[1]: Syncing filesystems and block devices.", "[  157.136119] systemd-shutdown[1]: Sending SIGTERM to remaining processes...", "[  157.148877] systemd-journald[129]: Received SIGTERM from PID 1 (systemd-shutdow).", "[  157.162920] systemd-shutdown[1]: Sending SIGKILL to remaining processes...", "[  157.176938] systemd-shutdown[1]: Unmounting file systems.", "[  157.180901] (sd-remount)[2673]: Remounting '/' read-only with options 'discard,errors=remount-ro,commit=30'.", "[  157.210534] EXT4-fs (vda1): re-mounted c8107c30-aa3b-40eb-bd2a-416a91df85e7 ro. Quota mode: none.", "[  157.222255] systemd-shutdown[1]: All filesystems unmounted.", "[  157.224335] systemd-shutdown[1]: Deactivating swaps.", "[  157.226246] systemd-shutdown[1]: All swaps deactivated.", "[  157.228102] systemd-shutdown[1]: Detaching loop devices.", "[  157.234940] systemd-shutdown[1]: All loop devices detached.", "[  157.237104] systemd-shutdown[1]: Stopping MD devices.", "[  157.239217] systemd-shutdown[1]: All MD devices stopped.", "[  157.241239] systemd-shutdown[1]: Detaching DM devices.", "[  157.243463] systemd-shutdown[1]: All DM devices detached.", "[  157.245533] systemd-shutdown[1]: All filesystems, swaps, loop devices, MD devices and DM devices detached.", "[  157.250669] systemd-shutdown[1]: Syncing filesystems and block devices.", "[  157.253221] systemd-shutdown[1]: Powering off.", "[  157.256810] ACPI: PM: Preparing to enter system sleep state S5", "[  157.259330] reboot: Power down", "Aux log file:", "Using config in CONFIG.ubuntu-testing", "Tue May 13 07:53:43 UTC 2025", "Latency measurements", "Tue May 13 07:53:59 UTC 2025", "Local networking", "Tue May 13 07:55:01 UTC 2025", "Bandwidth measurements", "Tue May 13 07:56:02 UTC 2025", "Calculating context switch overhead", "Tue May 13 07:56:07 UTC 2025", "[TAG: AUX LMBENCH RESULTS]", "[lmbench3.0 results for Linux ubuntu-testing 6.8.0 #1 SMP PREEMPT_DYNAMIC Wed May 14 08:59:31 UTC 2025 x86_64 x86_64 x86_64 GNU/Linux]", "[LMBENCH_VER: ]", "[BENCHMARK_HARDWARE: NO]", "[BENCHMARK_OS: NO]", "[ALL: 512 1k 2k 4k 8k 16k 32k 64k 128k 256k 512k 1m 2m 4m 8m 16m 32m 64m 128m 256m 512m 1024m 2048m 4096m]", "[DISKS: ]", "[DISK_DESC: ]", "[ENOUGH: 5000]", "[FAST: ]", "[FASTMEM: NO]", "[FILE: /var/tmp/XXX]", "[FSDIR: /var/tmp]", "[HALF: 512 1k 2k 4k 8k 16k 32k 64k 128k 256k 512k 1m 2m 4m 8m 16m 32m 64m 128m 256m 512m 1024m 2048m]", "[INFO: INFO.ubuntu-testing]", "[LINE_SIZE: ]", "[LOOP_O: 0.00000000]", "[MB: 5557]", "[MHZ: 1690 MHz, 0.5917 nanosec clock]", "[MOTHERBOARD: ]", "[NETWORKS: ]", "[PROCESSORS: 8]", "[REMOTE: ]", "[SLOWFS: YES]", "[OS: x86_64-linux-gnu]", "[SYNC_MAX: 1]", "[LMBENCH_SCHED: DEFAULT]", "[TIMING_O: 0]", "[LMBENCH VERSION: lmbench-3alpha4]", "[USER: root]", "[HOSTNAME: ubuntu-testing]", "[NODENAME: ubuntu-testing]", "[SYSNAME: Linux]", "[PROCESSOR: x86_64]", "[MACHINE: x86_64]", "[RELEASE: 6.8.0]", "[VERSION: #1 SMP PREEMPT_DYNAMIC Wed May 14 08:59:31 UTC 2025]", "[Tue May 13 07:53:42 UTC 2025]", "[ 07:53:43 up 0 min, 1 user, load average: 0.16, 0.03, 0.01]", "[net: Kernel Interface table]", "Kernel: error fetching interface information: Device not found", "[net: Iface             MTU    RX-OK RX-ERR RX-DRP RX-OVR    TX-OK TX-ERR TX-DRP TX-OVR Flg]", "Iface: error fetching interface information: Device not found", "[net: ens3             1500        3      0      0 0            11      0      0      0 BMRU]", "[if: ens3: flags=4163<UP,BROADCAST,RUNNING,MULTICAST>  mtu 1500]", "[if: inet 10.0.2.15  netmask 255.255.255.0  broadcast 10.0.2.255]", "[if: inet6 fe80::5054:ff:fe12:3456  prefixlen 64  scopeid 0x20<link>]", "[if: inet6 fec0::5054:ff:fe12:3456  prefixlen 64  scopeid 0x40<site>]", "[if: ether 52:54:00:12:34:56  txqueuelen 1000  (Ethernet)]", "[if: RX packets 3  bytes 1290 (1.2 KB)]", "[if: RX errors 0  dropped 0  overruns 0  frame 0]", "[if: TX packets 11  bytes 1478 (1.4 KB)]", "[if: TX errors 0  dropped 0 overruns 0  carrier 0  collisions 0]", "[if: ]", "[net: lo              65536       80      0      0 0            80      0      0      0 LRU]", "[if: lo: flags=73<UP,LOOPBACK,RUNNING>  mtu 65536]", "[if: inet 127.0.0.1  netmask 255.0.0.0]", "[if: inet6 ::1  prefixlen 128  scopeid 0x10<host>]", "[if: loop  txqueuelen 1000  (Local Loopback)]", "[if: RX packets 80  bytes 5920 (5.9 KB)]", "[if: RX errors 0  dropped 0  overruns 0  frame 0]", "[if: TX packets 80  bytes 5920 (5.9 KB)]", "[if: TX errors 0  dropped 0 overruns 0  carrier 0  collisions 0]", "[if: ]", "[mount: /dev/vda1 on / type ext4 (rw,relatime,discard,errors=remount-ro,commit=30)]", "[mount: devtmpfs on /dev type devtmpfs (rw,relatime,size=3510112k,nr_inodes=877528,mode=755)]", "[mount: proc on /proc type proc (rw,nosuid,nodev,noexec,relatime)]", "[mount: sysfs on /sys type sysfs (rw,nosuid,nodev,noexec,relatime)]", "[mount: selinuxfs on /sys/fs/selinux type selinuxfs (rw,nosuid,noexec,relatime)]", "[mount: tmpfs on /dev/shm type tmpfs (rw,nosuid,nodev)]", "[mount: devpts on /dev/pts type devpts (rw,nosuid,noexec,relatime,gid=5,mode=620,ptmxmode=000)]", "[mount: tmpfs on /run type tmpfs (rw,nosuid,nodev,size=1404664k,nr_inodes=819200,mode=755)]", "[mount: tmpfs on /run/lock type tmpfs (rw,nosuid,nodev,noexec,relatime,size=5120k)]", "[mount: cgroup2 on /sys/fs/cgroup type cgroup2 (rw,nosuid,nodev,noexec,relatime,nsdelegate,memory_recursiveprot)]", "[mount: systemd-1 on /proc/sys/fs/binfmt_misc type autofs (rw,relatime,fd=32,pgrp=1,timeout=0,minproto=5,maxproto=5,direct)]", "[mount: hugetlbfs on /dev/hugepages type hugetlbfs (rw,nosuid,nodev,relatime,pagesize=2M)]", "[mount: mqueue on /dev/mqueue type mqueue (rw,nosuid,nodev,noexec,relatime)]", "[mount: debugfs on /sys/kernel/debug type debugfs (rw,nosuid,nodev,noexec,relatime)]", "[mount: tracefs on /sys/kernel/tracing type tracefs (rw,nosuid,nodev,noexec,relatime)]", "[mount: /dev/vda16 on /boot type ext4 (rw,relatime)]", "[mount: /dev/vda15 on /boot/efi type vfat (rw,relatime,fmask=0077,dmask=0077,codepage=437,iocharset=iso8859-1,shortname=mixed,errors=remount-ro)]", "[mount: binfmt_misc on /proc/sys/fs/binfmt_misc type binfmt_misc (rw,nosuid,nodev,noexec,relatime)]", "[mount: tmpfs on /run/user/0 type tmpfs (rw,nosuid,nodev,relatime,size=702328k,nr_inodes=175582,mode=700)]", "Simple syscall: 0.2700 microseconds", "Simple read: 0.3603 microseconds", "Simple write: 0.3494 microseconds", "Simple stat: 4.4916 microseconds", "Simple fstat: 0.4736 microseconds", "Simple open/close: 9.9581 microseconds", "Select on 10 fd's: 0.5501 microseconds", "Select on 100 fd's: 2.4693 microseconds", "Select on 250 fd's: 5.6722 microseconds", "Select on 500 fd's: 13.8674 microseconds", "Select on 10 tcp fd's: 0.6556 microseconds", "Select on 100 tcp fd's: 6.3185 microseconds", "Select on 250 tcp fd's: 15.8678 microseconds", "Select on 500 tcp fd's: 36.4936 microseconds", "Pipe latency: 160.0084 microseconds", "AF_UNIX sock stream latency: 112.4375 microseconds", "Process fork+exit: 673.8750 microseconds", "Process fork+execve: 2010.6667 microseconds", "Process fork+/bin/sh -c: 3785.0000 microseconds", "x: No such file or directory", "Usage: lat_udp -s serverhost", "OR [-S] [-m <message size>] [-P <parallelism>] [-W <warmup>] [-N <repetitions>] server", "NOTE: message size must be >= 4", "Usage: lat_tcp -s serverhost [-b <backlog>]", "OR [-m <message size>] [-P <parallelism>] [-W <warmup>] [-N <repetitions>] server", "OR -S server", "unable to register (XACT_PROG, XACT_VERS, udp).", "Usage: lat_connect -s serverhost [-b <backlog>]", "OR [-S] [-N <repetitions>] server", "Usage: bw_tcp -s serverhost [-b <backlog>]", "OR [-m <message size>] [-M <bytes to move>] [-P <parallelism>] [-W <warmup>] [-N <repetitions>] server", "OR -S serverhost", "Segmentation fault (core dumped)", "AF_UNIX sock stream bandwidth: 1922.05 MB/sec", "Pipe bandwidth: 767.75 MB/sec", "", "", "\"size=0k ovr=1.24", "2 55.39", "4 34.26", "8 77.22", "16 79.45", "24 82.94", "32 80.45", "64 77.01", "96 84.01", "", "\"size=4k ovr=1.39", "2 32.54", "4 84.44", "8 76.52", "16 77.44", "24 78.10", "32 85.47", "64 86.46", "96 89.48", "", "\"size=8k ovr=1.46", "2 35.86", "4 34.00", "8 68.49", "16 71.08", "24 74.73", "32 79.89", "64 82.90", "96 82.47", "", "\"size=16k ovr=1.70", "2 78.67", "4 46.72", "8 82.21", "16 79.29", "24 82.12", "32 85.74", "64 86.16", "96 80.18", "", "\"size=32k ovr=2.27", "2 56.72", "4 43.47", "8 81.70", "16 77.71", "24 96.12", "32 86.75", "64 91.32", "96 86.03", "", "\"size=64k ovr=3.38", "2 32.03", "4 85.52", "8 69.72", "16 87.80", "24 82.85", "32 96.48", "64 108.08", "96 87.18", "", "", "[Tue May 13 07:56:07 UTC 2025]", "[TAG: AUX LMBENCH RESULTS END]", "[TAG: AUX LMBENCH RESULTS BASE64]", "W2xtYmVuY2gzLjAgcmVzdWx0cyBmb3IgTGludXggdWJ1bnR1LXRlc3RpbmcgNi44LjAgIzEgU01QIFBSRUVNUFRfRFlOQU1JQyBXZWQgTWF5IDE0IDA4OjU5OjMxIFVUQyAyMDI1IHg4Nl82NCB4ODZfNjQgeDg2XzY0IEdOVS9MaW51eF0KW0xNQkVOQ0hfVkVSOiBdCltCRU5DSE1BUktfSEFSRFdBUkU6IE5PXQpbQkVOQ0hNQVJLX09TOiBOT10KW0FMTDogNTEyIDFrIDJrIDRrIDhrIDE2ayAzMmsgNjRrIDEyOGsgMjU2ayA1MTJrIDFtIDJtIDRtIDhtIDE2bSAzMm0gNjRtIDEyOG0gMjU2bSA1MTJtIDEwMjRtIDIwNDhtIDQwOTZtXQpbRElTS1M6IF0KW0RJU0tfREVTQzogXQpbRU5PVUdIOiA1MDAwXQpbRkFTVDogXQpbRkFTVE1FTTogTk9dCltGSUxFOiAvdmFyL3RtcC9YWFhdCltGU0RJUjogL3Zhci90bXBdCltIQUxGOiA1MTIgMWsgMmsgNGsgOGsgMTZrIDMyayA2NGsgMTI4ayAyNTZrIDUxMmsgMW0gMm0gNG0gOG0gMTZtIDMybSA2NG0gMTI4bSAyNTZtIDUxMm0gMTAyNG0gMjA0OG1dCltJTkZPOiBJTkZPLnVidW50dS10ZXN0aW5nXQpbTElORV9TSVpFOiBdCltMT09QX086IDAuMDAwMDAwMDBdCltNQjogNTU1N10KW01IWjogMTY5MCBNSHosIDAuNTkxNyBuYW5vc2VjIGNsb2NrXQpbTU9USEVSQk9BUkQ6IF0KW05FVFdPUktTOiBdCltQUk9DRVNTT1JTOiA4XQpbUkVNT1RFOiBdCltTTE9XRlM6IFlFU10KW09TOiB4ODZfNjQtbGludXgtZ251XQpbU1lOQ19NQVg6IDFdCltMTUJFTkNIX1NDSEVEOiBERUZBVUxUXQpbVElNSU5HX086IDBdCltMTUJFTkNIIFZFUlNJT046IGxtYmVuY2gtM2FscGhhNF0KW1VTRVI6IHJvb3RdCltIT1NUTkFNRTogdWJ1bnR1LXRlc3RpbmddCltOT0RFTkFNRTogdWJ1bnR1LXRlc3RpbmddCltTWVNOQU1FOiBMaW51eF0KW1BST0NFU1NPUjogeDg2XzY0XQpbTUFDSElORTogeDg2XzY0XQpbUkVMRUFTRTogNi44LjBdCltWRVJTSU9OOiAjMSBTTVAgUFJFRU1QVF9EWU5BTUlDIFdlZCBNYXkgMTQgMDg6NTk6MzEgVVRDIDIwMjVdCltTYXQgTWF5IDE3IDA3OjUzOjQyIFVUQyAyMDI1XQpbIDA3OjUzOjQzIHVwIDAgbWluLCAxIHVzZXIsIGxvYWQgYXZlcmFnZTogMC4xNiwgMC4wMywgMC4wMV0KW25ldDogS2VybmVsIEludGVyZmFjZSB0YWJsZV0KS2VybmVsOiBlcnJvciBmZXRjaGluZyBpbnRlcmZhY2UgaW5mb3JtYXRpb246IERldmljZSBub3QgZm91bmQKW25ldDogSWZhY2UgICAgICAgICAgICAgTVRVICAgIFJYLU9LIFJYLUVSUiBSWC1EUlAgUlgtT1ZSICAgIFRYLU9LIFRYLUVSUiBUWC1EUlAgVFgtT1ZSIEZsZ10KSWZhY2U6IGVycm9yIGZldGNoaW5nIGludGVyZmFjZSBpbmZvcm1hdGlvbjogRGV2aWNlIG5vdCBmb3VuZApbbmV0OiBlbnMzICAgICAgICAgICAgIDE1MDAgICAgICAgIDMgICAgICAwICAgICAgMCAwICAgICAgICAgICAgMTEgICAgICAwICAgICAgMCAgICAgIDAgQk1SVV0KW2lmOiBlbnMzOiBmbGFncz00MTYzPFVQLEJST0FEQ0FTVCxSVU5OSU5HLE1VTFRJQ0FTVD4gIG10dSAxNTAwXQpbaWY6IGluZXQgMTAuMC4yLjE1ICBuZXRtYXNrIDI1NS4yNTUuMjU1LjAgIGJyb2FkY2FzdCAxMC4wLjIuMjU1XQpbaWY6IGluZXQ2IGZlODA6OjUwNTQ6ZmY6ZmUxMjozNDU2ICBwcmVmaXhsZW4gNjQgIHNjb3BlaWQgMHgyMDxsaW5rPl0KW2lmOiBpbmV0NiBmZWMwOjo1MDU0OmZmOmZlMTI6MzQ1NiAgcHJlZml4bGVuIDY0ICBzY29wZWlkIDB4NDA8c2l0ZT5dCltpZjogZXRoZXIgNTI6NTQ6MDA6MTI6MzQ6NTYgIHR4cXVldWVsZW4gMTAwMCAgKEV0aGVybmV0KV0KW2lmOiBSWCBwYWNrZXRzIDMgIGJ5dGVzIDEyOTAgKDEuMiBLQildCltpZjogUlggZXJyb3JzIDAgIGRyb3BwZWQgMCAgb3ZlcnJ1bnMgMCAgZnJhbWUgMF0KW2lmOiBUWCBwYWNrZXRzIDExICBieXRlcyAxNDc4ICgxLjQgS0IpXQpbaWY6IFRYIGVycm9ycyAwICBkcm9wcGVkIDAgb3ZlcnJ1bnMgMCAgY2FycmllciAwICBjb2xsaXNpb25zIDBdCltpZjogXQpbbmV0OiBsbyAgICAgICAgICAgICAgNjU1MzYgICAgICAgODAgICAgICAwICAgICAgMCAwICAgICAgICAgICAgODAgICAgICAwICAgICAgMCAgICAgIDAgTFJVXQpbaWY6IGxvOiBmbGFncz03MzxVUCxMT09QQkFDSyxSVU5OSU5HPiAgbXR1IDY1NTM2XQpbaWY6IGluZXQgMTI3LjAuMC4xICBuZXRtYXNrIDI1NS4wLjAuMF0KW2lmOiBpbmV0NiA6OjEgIHByZWZpeGxlbiAxMjggIHNjb3BlaWQgMHgxMDxob3N0Pl0KW2lmOiBsb29wICB0eHF1ZXVlbGVuIDEwMDAgIChMb2NhbCBMb29wYmFjayldCltpZjogUlggcGFja2V0cyA4MCAgYnl0ZXMgNTkyMCAoNS45IEtCKV0KW2lmOiBSWCBlcnJvcnMgMCAgZHJvcHBlZCAwICBvdmVycnVucyAwICBmcmFtZSAwXQpbaWY6IFRYIHBhY2tldHMgODAgIGJ5dGVzIDU5MjAgKDUuOSBLQildCltpZjogVFggZXJyb3JzIDAgIGRyb3BwZWQgMCBvdmVycnVucyAwICBjYXJyaWVyIDAgIGNvbGxpc2lvbnMgMF0KW2lmOiBdClttb3VudDogL2Rldi92ZGExIG9uIC8gdHlwZSBleHQ0IChydyxyZWxhdGltZSxkaXNjYXJkLGVycm9ycz1yZW1vdW50LXJvLGNvbW1pdD0zMCldClttb3VudDogZGV2dG1wZnMgb24gL2RldiB0eXBlIGRldnRtcGZzIChydyxyZWxhdGltZSxzaXplPTM1MTAxMTJrLG5yX2lub2Rlcz04Nzc1MjgsbW9kZT03NTUpXQpbbW91bnQ6IHByb2Mgb24gL3Byb2MgdHlwZSBwcm9jIChydyxub3N1aWQsbm9kZXYsbm9leGVjLHJlbGF0aW1lKV0KW21vdW50OiBzeXNmcyBvbiAvc3lzIHR5cGUgc3lzZnMgKHJ3LG5vc3VpZCxub2Rldixub2V4ZWMscmVsYXRpbWUpXQpbbW91bnQ6IHNlbGludXhmcyBvbiAvc3lzL2ZzL3NlbGludXggdHlwZSBzZWxpbnV4ZnMgKHJ3LG5vc3VpZCxub2V4ZWMscmVsYXRpbWUpXQpbbW91bnQ6IHRtcGZzIG9uIC9kZXYvc2htIHR5cGUgdG1wZnMgKHJ3LG5vc3VpZCxub2RldildClttb3VudDogZGV2cHRzIG9uIC9kZXYvcHRzIHR5cGUgZGV2cHRzIChydyxub3N1aWQsbm9leGVjLHJlbGF0aW1lLGdpZD01LG1vZGU9NjIwLHB0bXhtb2RlPTAwMCldClttb3VudDogdG1wZnMgb24gL3J1biB0eXBlIHRtcGZzIChydyxub3N1aWQsbm9kZXYsc2l6ZT0xNDA0NjY0ayxucl9pbm9kZXM9ODE5MjAwLG1vZGU9NzU1KV0KW21vdW50OiB0bXBmcyBvbiAvcnVuL2xvY2sgdHlwZSB0bXBmcyAocncsbm9zdWlkLG5vZGV2LG5vZXhlYyxyZWxhdGltZSxzaXplPTUxMjBrKV0KW21vdW50OiBjZ3JvdXAyIG9uIC9zeXMvZnMvY2dyb3VwIHR5cGUgY2dyb3VwMiAocncsbm9zdWlkLG5vZGV2LG5vZXhlYyxyZWxhdGltZSxuc2RlbGVnYXRlLG1lbW9yeV9yZWN1cnNpdmVwcm90KV0KW21vdW50OiBzeXN0ZW1kLTEgb24gL3Byb2Mvc3lzL2ZzL2JpbmZtdF9taXNjIHR5cGUgYXV0b2ZzIChydyxyZWxhdGltZSxmZD0zMixwZ3JwPTEsdGltZW91dD0wLG1pbnByb3RvPTUsbWF4cHJvdG89NSxkaXJlY3QpXQpbbW91bnQ6IGh1Z2V0bGJmcyBvbiAvZGV2L2h1Z2VwYWdlcyB0eXBlIGh1Z2V0bGJmcyAocncsbm9zdWlkLG5vZGV2LHJlbGF0aW1lLHBhZ2VzaXplPTJNKV0KW21vdW50OiBtcXVldWUgb24gL2Rldi9tcXVldWUgdHlwZSBtcXVldWUgKHJ3LG5vc3VpZCxub2Rldixub2V4ZWMscmVsYXRpbWUpXQpbbW91bnQ6IGRlYnVnZnMgb24gL3N5cy9rZXJuZWwvZGVidWcgdHlwZSBkZWJ1Z2ZzIChydyxub3N1aWQsbm9kZXYsbm9leGVjLHJlbGF0aW1lKV0KW21vdW50OiB0cmFjZWZzIG9uIC9zeXMva2VybmVsL3RyYWNpbmcgdHlwZSB0cmFjZWZzIChydyxub3N1aWQsbm9kZXYsbm9leGVjLHJlbGF0aW1lKV0KW21vdW50OiAvZGV2L3ZkYTE2IG9uIC9ib290IHR5cGUgZXh0NCAocncscmVsYXRpbWUpXQpbbW91bnQ6IC9kZXYvdmRhMTUgb24gL2Jvb3QvZWZpIHR5cGUgdmZhdCAocncscmVsYXRpbWUsZm1hc2s9MDA3NyxkbWFzaz0wMDc3LGNvZGVwYWdlPTQzNyxpb2NoYXJzZXQ9aXNvODg1OS0xLHNob3J0bmFtZT1taXhlZCxlcnJvcnM9cmVtb3VudC1ybyldClttb3VudDogYmluZm10X21pc2Mgb24gL3Byb2Mvc3lzL2ZzL2JpbmZtdF9taXNjIHR5cGUgYmluZm10X21pc2MgKHJ3LG5vc3VpZCxub2Rldixub2V4ZWMscmVsYXRpbWUpXQpbbW91bnQ6IHRtcGZzIG9uIC9ydW4vdXNlci8wIHR5cGUgdG1wZnMgKHJ3LG5vc3VpZCxub2RldixyZWxhdGltZSxzaXplPTcwMjMyOGssbnJfaW5vZGVzPTE3NTU4Mixtb2RlPTcwMCldClNpbXBsZSBzeXNjYWxsOiAwLjI3MDAgbWljcm9zZWNvbmRzClNpbXBsZSByZWFkOiAwLjM2MDMgbWljcm9zZWNvbmRzClNpbXBsZSB3cml0ZTogMC4zNDk0IG1pY3Jvc2Vjb25kcwpTaW1wbGUgc3RhdDogNC40OTE2IG1pY3Jvc2Vjb25kcwpTaW1wbGUgZnN0YXQ6IDAuNDczNiBtaWNyb3NlY29uZHMKU2ltcGxlIG9wZW4vY2xvc2U6IDkuOTU4MSBtaWNyb3NlY29uZHMKU2VsZWN0IG9uIDEwIGZkJ3M6IDAuNTUwMSBtaWNyb3NlY29uZHMKU2VsZWN0IG9uIDEwMCBmZCdzOiAyLjQ2OTMgbWljcm9zZWNvbmRzClNlbGVjdCBvbiAyNTAgZmQnczogNS42NzIyIG1pY3Jvc2Vjb25kcwpTZWxlY3Qgb24gNTAwIGZkJ3M6IDEzLjg2NzQgbWljcm9zZWNvbmRzClNlbGVjdCBvbiAxMCB0Y3AgZmQnczogMC42NTU2IG1pY3Jvc2Vjb25kcwpTZWxlY3Qgb24gMTAwIHRjcCBmZCdzOiA2LjMxODUgbWljcm9zZWNvbmRzClNlbGVjdCBvbiAyNTAgdGNwIGZkJ3M6IDE1Ljg2NzggbWljcm9zZWNvbmRzClNlbGVjdCBvbiA1MDAgdGNwIGZkJ3M6IDM2LjQ5MzYgbWljcm9zZWNvbmRzClBpcGUgbGF0ZW5jeTogMTYwLjAwODQgbWljcm9zZWNvbmRzCkFGX1VOSVggc29jayBzdHJlYW0gbGF0ZW5jeTogMTEyLjQzNzUgbWljcm9zZWNvbmRzClByb2Nlc3MgZm9yaytleGl0OiA2NzMuODc1MCBtaWNyb3NlY29uZHMKUHJvY2VzcyBmb3JrK2V4ZWN2ZTogMjAxMC42NjY3IG1pY3Jvc2Vjb25kcwpQcm9jZXNzIGZvcmsrL2Jpbi9zaCAtYzogMzc4NS4wMDAwIG1pY3Jvc2Vjb25kcwp4OiBObyBzdWNoIGZpbGUgb3IgZGlyZWN0b3J5ClVzYWdlOiBsYXRfdWRwIC1zIHNlcnZlcmhvc3QKIE9SIFstU10gWy1tIDxtZXNzYWdlIHNpemU+XSBbLVAgPHBhcmFsbGVsaXNtPl0gWy1XIDx3YXJtdXA+XSBbLU4gPHJlcGV0aXRpb25zPl0gc2VydmVyCiBOT1RFOiBtZXNzYWdlIHNpemUgbXVzdCBiZSA+PSA0ClVzYWdlOiBsYXRfdGNwIC1zIHNlcnZlcmhvc3QgWy1iIDxiYWNrbG9nPl0KIE9SIFstbSA8bWVzc2FnZSBzaXplPl0gWy1QIDxwYXJhbGxlbGlzbT5dIFstVyA8d2FybXVwPl0gWy1OIDxyZXBldGl0aW9ucz5dIHNlcnZlcgogT1IgLVMgc2VydmVyCnVuYWJsZSB0byByZWdpc3RlciAoWEFDVF9QUk9HLCBYQUNUX1ZFUlMsIHVkcCkuClVzYWdlOiBsYXRfY29ubmVjdCAtcyBzZXJ2ZXJob3N0IFstYiA8YmFja2xvZz5dCiBPUiBbLVNdIFstTiA8cmVwZXRpdGlvbnM+XSBzZXJ2ZXIKVXNhZ2U6IGJ3X3RjcCAtcyBzZXJ2ZXJob3N0IFstYiA8YmFja2xvZz5dCiBPUiBbLW0gPG1lc3NhZ2Ugc2l6ZT5dIFstTSA8Ynl0ZXMgdG8gbW92ZT5dIFstUCA8cGFyYWxsZWxpc20+XSBbLVcgPHdhcm11cD5dIFstTiA8cmVwZXRpdGlvbnM+XSBzZXJ2ZXIKIE9SIC1TIHNlcnZlcmhvc3QKU2VnbWVudGF0aW9uIGZhdWx0IChjb3JlIGR1bXBlZCkKQUZfVU5JWCBzb2NrIHN0cmVhbSBiYW5kd2lkdGg6IDE5MjIuMDUgTUIvc2VjClBpcGUgYmFuZHdpZHRoOiA3NjcuNzUgTUIvc2VjCgoKInNpemU9MGsgb3ZyPTEuMjQKMiA1NS4zOQo0IDM0LjI2CjggNzcuMjIKMTYgNzkuNDUKMjQgODIuOTQKMzIgODAuNDUKNjQgNzcuMDEKOTYgODQuMDEKCiJzaXplPTRrIG92cj0xLjM5CjIgMzIuNTQKNCA4NC40NAo4IDc2LjUyCjE2IDc3LjQ0CjI0IDc4LjEwCjMyIDg1LjQ3CjY0IDg2LjQ2Cjk2IDg5LjQ4Cgoic2l6ZT04ayBvdnI9MS40NgoyIDM1Ljg2CjQgMzQuMDAKOCA2OC40OQoxNiA3MS4wOAoyNCA3NC43MwozMiA3OS44OQo2NCA4Mi45MAo5NiA4Mi40NwoKInNpemU9MTZrIG92cj0xLjcwCjIgNzguNjcKNCA0Ni43Mgo4IDgyLjIxCjE2IDc5LjI5CjI0IDgyLjEyCjMyIDg1Ljc0CjY0IDg2LjE2Cjk2IDgwLjE4Cgoic2l6ZT0zMmsgb3ZyPTIuMjcKMiA1Ni43Mgo0IDQzLjQ3CjggODEuNzAKMTYgNzcuNzEKMjQgOTYuMTIKMzIgODYuNzUKNjQgOTEuMzIKOTYgODYuMDMKCiJzaXplPTY0ayBvdnI9My4zOAoyIDMyLjAzCjQgODUuNTIKOCA2OS43MgoxNiA4Ny44MAoyNCA4Mi44NQozMiA5Ni40OAo2NCAxMDguMDgKOTYgODcuMTgKCgpbU2F0IE1heSAxNyAwNzo1NjowNyBVVEMgMjAyNV0K[TAG: AUX LMBENCH RESULTS BASE64 END]"], "metadata": {"test_marker": "MICROWAVE FRAMEWORK TESTER"}}