{"lines": ["IMAGE_PATH: /home/denzelgfarmer/KernelSecurityBenchmarks/Microwave/.working/test_lmbench_kernel_address_sanitizer-linux.img", "KERNEL_PATH: /home/denzelgfarmer/KernelSecurityBenchmarks/Microwave/.working/temp/linux/install/boot/vmlinuz-6.8.0", "LOG_PATH: /home/denzelgfarmer/KernelSecurityBenchmarks/Microwave/microwave2/runners/aux_logfile.txt", "KERNEL_ARGS: console=ttyS0,115200 earlyprintk=serial,ttyS0,115200 ignore_loglevel root=/dev/vda1 nospectre_bhb nospectre_v1 spectre_v2=off spectre_v2_user=off retbleed=off pti=off spec_rstack_overflow=off", "+ '[' -z /home/denzelgfarmer/KernelSecurityBenchmarks/Microwave/.working/test_lmbench_kernel_address_sanitizer-linux.img ']'", "+ '[' -z /home/denzelgfarmer/KernelSecurityBenchmarks/Microwave/.working/temp/linux/install/boot/vmlinuz-6.8.0 ']'", "+ CORESET=2,3,4,5", "+ echo 'Booting image /home/denzelgfarmer/KernelSecurityBenchmarks/Microwave/.working/test_lmbench_kernel_address_sanitizer-linux.img (with kernel at /home/denzelgfarmer/KernelSecurityBenchmarks/Microwave/.working/temp/linux/install/boot/vmlinuz-6.8.0)...'", "Booting image /home/denzelgfarmer/KernelSecurityBenchmarks/Microwave/.working/test_lmbench_kernel_address_sanitizer-linux.img (with kernel at /home/denzelgfarmer/KernelSecurityBenchmarks/Microwave/.working/temp/linux/install/boot/vmlinuz-6.8.0)...", "+ taskset -c 2,3,4,5 qemu-system-x86_64 -enable-kvm -nodefaults -nographic -m 8192 -mem-prealloc -cpu host -smp 8,sockets=1,cores=8,threads=1 -kernel /home/denzelgfarmer/KernelSecurityBenchmarks/Microwave/.working/temp/linux/install/boot/vmlinuz-6.8.0 -append 'console=ttyS0,115200 earlyprintk=serial,ttyS0,115200 ignore_loglevel root=/dev/vda1 nospectre_bhb nospectre_v1 spectre_v2=off spectre_v2_user=off retbleed=off pti=off spec_rstack_overflow=off' -device virtio-blk-pci,drive=hd0 -blockdev driver=file,node-name=hd_file,filename=/home/denzelgfarmer/KernelSecurityBenchmarks/Microwave/.working/test_lmbench_kernel_address_sanitizer-linux.img -blockdev driver=qcow2,node-name=hd0,file=hd_file -device virtio-net-pci,netdev=net1 -netdev user,id=net1,hostfwd=tcp::2223-:22 -serial stdio -s -chardev file,id=log0,path=/home/denzelgfarmer/KernelSecurityBenchmarks/Microwave/microwave2/runners/aux_logfile.txt -device virtio-serial-pci,id=virtio-serial0 -device virtserialport,chardev=log0,name=host-port,bus=virtio-serial0.0", "\u001bc\u001b[?7l\u001b[2J\u001b[0mSeaBIOS (version 1.16.3-debian-1.16.3-2)", "", "", "iPXE (https://ipxe.org) 00:03.0 C000 PCI2.10 PnP PMM+BEFCACB0+BEF0ACB0 C000", "Press Ctrl-B to configure iPXE (PCI 00:03.0)...", "", "", "", "Booting from ROM..\u001bc\u001b[?7l\u001b[2JNo EFI environment detected.", "early console in extract_kernel", "input_data: 0x0000000004a942b9", "input_len: 0x00000000017f6084", "output: 0x0000000001000000", "output_len: 0x00000000052177a4", "kernel_total_size: 0x0000000004e30000", "needed_size: 0x0000000005400000", "trampoline_32bit: 0x0000000000000000", "Physical KASLR using RDRAND RDTSC...", "Virtual KASLR using RDRAND RDTSC...", "", "Decompressing Linux... Parsing ELF... Performing relocations... done.", "Booting the kernel (entry_offset: 0x0000000000000000).", "[    0.000000] Linux version 6.8.0 (denzelgfarmer@microwave-lmbench) (gcc (Ubuntu 14.2.0-19ubuntu2) 14.2.0, GNU ld (GNU Binutils for Ubuntu) 2.44) #1 SMP PREEMPT_DYNAMIC Wed May 14 08:59:31 UTC 2025", "[    0.000000] Command line: console=ttyS0,115200 earlyprintk=serial,ttyS0,115200 ignore_loglevel root=/dev/vda1 nospectre_bhb nospectre_v1 spectre_v2=off spectre_v2_user=off retbleed=off pti=off spec_rstack_overflow=off", "[    0.000000] BIOS-provided physical RAM map:", "[    0.000000] BIOS-e820: [mem 0x0000000000000000-0x000000000009fbff] usable", "[    0.000000] BIOS-e820: [mem 0x000000000009fc00-0x000000000009ffff] reserved", "[    0.000000] BIOS-e820: [mem 0x00000000000f0000-0x00000000000fffff] reserved", "[    0.000000] BIOS-e820: [mem 0x0000000000100000-0x00000000bffdcfff] usable", "[    0.000000] BIOS-e820: [mem 0x00000000bffdd000-0x00000000bfffffff] reserved", "[    0.000000] BIOS-e820: [mem 0x00000000feffc000-0x00000000feffffff] reserved", "[    0.000000] BIOS-e820: [mem 0x00000000fffc0000-0x00000000ffffffff] reserved", "[    0.000000] BIOS-e820: [mem 0x0000000100000000-0x000000023fffffff] usable", "[    0.000000] printk: legacy bootconsole [earlyser0] enabled", "[    0.000000] printk: debug: ignoring loglevel setting.", "[    0.000000] NX (Execute Disable) protection: active", "[    0.000000] APIC: Static calls initialized", "[    0.000000] SMBIOS 2.8 present.", "[    0.000000] DMI: QEMU Ubuntu 25.04 PC (i440FX + PIIX, 1996), BIOS 1.16.3-debian-1.16.3-2 04/01/2014", "[    0.000000] Hypervisor detected: KVM", "[    0.000000] kvm-clock: Using msrs 4b564d01 and 4b564d00", "[    0.000003] kvm-clock: using sched offset of 2491193016 cycles", "[    0.003463] clocksource: kvm-clock: mask: 0xffffffffffffffff max_cycles: 0x1cd42e4dffb, max_idle_ns: 881590591483 ns", "[    0.014399] tsc: Detected 2800.246 MHz processor", "[    0.018322] e820: update [mem 0x00000000-0x00000fff] usable ==> reserved", "[    0.022771] e820: remove [mem 0x000a0000-0x000fffff] usable", "[    0.026451] last_pfn = 0x240000 max_arch_pfn = 0x400000000", "[    0.030390] MTRR map: 4 entries (3 fixed + 1 variable; max 19), built from 8 variable MTRRs", "[    0.035899] x86/PAT: Configuration [0-7]: WB  WC  UC- UC  WB  WP  UC- WT", "[    0.040889] last_pfn = 0xbffdd max_arch_pfn = 0x400000000", "[    0.052122] found SMP MP-table at [mem 0x000f5470-0x000f547f]", "[    0.055968] Using GB pages for direct mapping", "[    0.059253] ACPI: Early table checksum verification disabled", "[    0.063022] ACPI: RSDP 0x00000000000F5270 000014 (v00 BOCHS )", "[    0.066895] ACPI: RSDT 0x00000000BFFE2565 000034 (v01 BOCHS  BXPC     00000001 BXPC 00000001)", "[    0.072619] ACPI: FACP 0x00000000BFFE23E1 000074 (v01 BOCHS  BXPC     00000001 BXPC 00000001)", "[    0.078332] ACPI: DSDT 0x00000000BFFE0040 0023A1 (v01 BOCHS  BXPC     00000001 BXPC 00000001)", "[    0.084007] ACPI: FACS 0x00000000BFFE0000 000040", "[    0.087060] ACPI: APIC 0x00000000BFFE2455 0000B0 (v03 BOCHS  BXPC     00000001 BXPC 00000001)", "[    0.092695] ACPI: HPET 0x00000000BFFE2505 000038 (v01 BOCHS  BXPC     00000001 BXPC 00000001)", "[    0.098337] ACPI: WAET 0x00000000BFFE253D 000028 (v01 BOCHS  BXPC     00000001 BXPC 00000001)", "[    0.104098] ACPI: Reserving FACP table memory at [mem 0xbffe23e1-0xbffe2454]", "[    0.108767] ACPI: Reserving DSDT table memory at [mem 0xbffe0040-0xbffe23e0]", "[    0.113682] ACPI: Reserving FACS table memory at [mem 0xbffe0000-0xbffe003f]", "[    0.118597] ACPI: Reserving APIC table memory at [mem 0xbffe2455-0xbffe2504]", "[    0.123289] ACPI: Reserving HPET table memory at [mem 0xbffe2505-0xbffe253c]", "[    0.127989] ACPI: Reserving WAET table memory at [mem 0xbffe253d-0xbffe2564]", "[    0.134577] No NUMA configuration found", "[    0.137139] Faking a node at [mem 0x0000000000000000-0x000000023fffffff]", "[    0.141637] NODE_DATA(0) allocated [mem 0x23fffc000-0x23fffffff]", "[    0.145931] Zone ranges:", "[    0.147660]   DMA      [mem 0x0000000000001000-0x0000000000ffffff]", "[    0.151760]   DMA32    [mem 0x0000000001000000-0x00000000ffffffff]", "[    0.155892]   Normal   [mem 0x0000000100000000-0x000000023fffffff]", "[    0.159978] Movable zone start for each node", "[    0.162794] Early memory node ranges", "[    0.165164]   node   0: [mem 0x0000000000001000-0x000000000009efff]", "[    0.169310]   node   0: [mem 0x0000000000100000-0x00000000bffdcfff]", "[    0.173484]   node   0: [mem 0x0000000100000000-0x000000023fffffff]", "[    0.177648] Initmem setup node 0 [mem 0x0000000000001000-0x000000023fffffff]", "[    0.182367] On node 0, zone DMA: 1 pages in unavailable ranges", "[    0.186338] On node 0, zone DMA: 97 pages in unavailable ranges", "[    0.515502] On node 0, zone Normal: 35 pages in unavailable ranges", "[    2.255707] kasan: KernelAddressSanitizer initialized", "[    2.261977] ACPI: PM-Timer IO Port: 0x608", "[    2.264802] ACPI: LAPIC_NMI (acpi_id[0xff] dfl dfl lint[0x1])", "[    2.268963] IOAPIC[0]: apic_id 0, version 17, address 0xfec00000, GSI 0-23", "[    2.273762] ACPI: INT_SRC_OVR (bus 0 bus_irq 0 global_irq 2 dfl dfl)", "[    2.278188] ACPI: INT_SRC_OVR (bus 0 bus_irq 5 global_irq 5 high level)", "[    2.282785] ACPI: INT_SRC_OVR (bus 0 bus_irq 9 global_irq 9 high level)", "[    2.287400] ACPI: INT_SRC_OVR (bus 0 bus_irq 10 global_irq 10 high level)", "[    2.292300] ACPI: INT_SRC_OVR (bus 0 bus_irq 11 global_irq 11 high level)", "[    2.297159] ACPI: Using ACPI (MADT) for SMP configuration information", "[    2.301638] ACPI: HPET id: 0x8086a201 base: 0xfed00000", "[    2.305189] TSC deadline timer available", "[    2.307897] smpboot: Allowing 8 CPUs, 0 hotplug CPUs", "[    2.311422] kvm-guest: APIC: eoi() replaced with kvm_guest_apic_eoi_write()", "[    2.316348] kvm-guest: KVM setup pv remote TLB flush", "[    2.319895] kvm-guest: setup PV sched yield", "[    2.322856] PM: hibernation: Registered nosave memory: [mem 0x00000000-0x00000fff]", "[    2.328134] PM: hibernation: Registered nosave memory: [mem 0x0009f000-0x0009ffff]", "[    2.333366] PM: hibernation: Registered nosave memory: [mem 0x000a0000-0x000effff]", "[    2.338593] PM: hibernation: Registered nosave memory: [mem 0x000f0000-0x000fffff]", "[    2.343827] PM: hibernation: Registered nosave memory: [mem 0xbffdd000-0xbfffffff]", "[    2.349092] PM: hibernation: Registered nosave memory: [mem 0xc0000000-0xfeffbfff]", "[    2.354325] PM: hibernation: Registered nosave memory: [mem 0xfeffc000-0xfeffffff]", "[    2.359644] PM: hibernation: Registered nosave memory: [mem 0xff000000-0xfffbffff]", "[    2.364753] PM: hibernation: Registered nosave memory: [mem 0xfffc0000-0xffffffff]", "[    2.369778] [mem 0xc0000000-0xfeffbfff] available for PCI devices", "[    2.373859] Booting paravirtualized kernel on KVM", "[    2.377015] clocksource: refined-jiffies: mask: 0xffffffff max_cycles: 0xffffffff, max_idle_ns: 1910969940391419 ns", "[    2.402035] setup_percpu: NR_CPUS:64 nr_cpumask_bits:8 nr_cpu_ids:8 nr_node_ids:1", "[    2.415897] percpu: Embedded 67 pages/cpu s234152 r8192 d32088 u524288", "[    2.420318] pcpu-alloc: s234152 r8192 d32088 u524288 alloc=1*2097152", "[    2.424599] pcpu-alloc: [0] 0 1 2 3 [0] 4 5 6 7", "[    2.427823] Kernel command line: console=ttyS0,115200 earlyprintk=serial,ttyS0,115200 ignore_loglevel root=/dev/vda1 nospectre_bhb nospectre_v1 spectre_v2=off spectre_v2_user=off retbleed=off pti=off spec_rstack_overflow=off", "[    2.441510] Unknown kernel command line parameters \"nospectre_bhb spectre_v2=off spectre_v2_user=off pti=off\", will be passed to user space.", "[    2.450016] random: crng init done", "[    2.485195] Dentry cache hash table entries: 1048576 (order: 11, 8388608 bytes, linear)", "[    2.507049] Inode-cache hash table entries: 524288 (order: 10, 4194304 bytes, linear)", "[    2.513292] Fallback order for Node 0: 0", "[    2.513302] Built 1 zonelists, mobility grouping on.  Total pages: 2064093", "[    2.519449] Policy zone: Normal", "[    2.521218] mem auto-init: stack:all(zero), heap alloc:off, heap free:off", "[    2.525053] stackdepot: allocating hash table via alloc_large_system_hash", "[    2.528940] stackdepot hash table entries: 1048576 (order: 12, 16777216 bytes, linear)", "[    2.567615] software IO TLB: area num 8.", "[    2.923254] Memory: 7019924K/8388076K available (49152K kernel code, 8085K rwdata, 9344K rodata, 2184K init, 2008K bss, 1367896K reserved, 0K cma-reserved)", "[    2.931392] SLUB: HWalign=64, Order=0-3, MinObjects=0, CPUs=8, Nodes=1", "Poking KASLR using RDRAND RDTSC...", "[    2.939180] Dynamic Preempt: voluntary", "[    2.941623] rcu: Preemptible hierarchical RCU implementation.", "[    2.944900] rcu: \tRCU event tracing is enabled.", "[    2.947475] rcu: \tRCU restricting CPUs from NR_CPUS=64 to nr_cpu_ids=8.", "[    2.951310] \tTrampoline variant of Tasks RCU enabled.", "[    2.954151] rcu: RCU calculated value of scheduler-enlistment delay is 100 jiffies.", "[    2.958529] rcu: Adjusting geometry for rcu_fanout_leaf=16, nr_cpu_ids=8", "[    2.974787] NR_IRQS: 4352, nr_irqs: 488, preallocated irqs: 16", "[    2.978611] rcu: srcu_init: Setting srcu_struct sizes based on contention.", "[    2.983027] Console: colour *CGA 80x25", "[    2.985339] printk: legacy console [ttyS0] enabled", "[    2.985339] printk: legacy console [ttyS0] enabled", "[    2.990821] printk: legacy bootconsole [earlyser0] disabled", "[    2.990821] printk: legacy bootconsole [earlyser0] disabled", "[    2.997279] ACPI: Core revision 20230628", "[    3.000333] clocksource: hpet: mask: 0xffffffff max_cycles: 0xffffffff, max_idle_ns: 19112604467 ns", "[    3.006034] APIC: Switch to symmetric I/O mode setup", "[    3.009064] kvm-guest: APIC: send_IPI_mask() replaced with kvm_send_ipi_mask()", "[    3.013313] kvm-guest: APIC: send_IPI_mask_allbutself() replaced with kvm_send_ipi_mask_allbutself()", "[    3.018575] kvm-guest: setup PV IPIs", "[    3.027611] ..TIMER: vector=0x30 apic1=0 pin1=2 apic2=-1 pin2=-1", "[    3.031324] clocksource: tsc-early: mask: 0xffffffffffffffff max_cycles: 0x285d298e329, max_idle_ns: 440795345114 ns", "[    3.037556] Calibrating delay loop (skipped) preset value.. 5600.49 BogoMIPS (lpj=2800246)", "[    3.040594] x86/cpu: User Mode Instruction Prevention (UMIP) activated", "[    3.042853] Last level iTLB entries: 4KB 0, 2MB 0, 4MB 0", "[    3.043551] Last level dTLB entries: 4KB 0, 2MB 0, 4MB 0, 1GB 0", "[    3.044583] Spectre V1 : Vulnerable: __user pointer sanitization and usercopy barriers only; no swapgs barriers", "[    3.045554] Spectre V2 : off selected on command line.", "[    3.046551] Spectre V2 : User space: Vulnerable", "[    3.047553] Speculative Store Bypass: Mitigation: Speculative Store Bypass disabled via prctl", "[    3.048596] TAA: Vulnerable: Clear CPU buffers attempted, no microcode", "[    3.049551] MMIO Stale Data: Vulnerable: Clear CPU buffers attempted, no microcode", "[    3.050711] x86/fpu: Supporting XSAVE feature 0x001: 'x87 floating point registers'", "[    3.051551] x86/fpu: Supporting XSAVE feature 0x002: 'SSE registers'", "[    3.052551] x86/fpu: Supporting XSAVE feature 0x004: 'AVX registers'", "[    3.053551] x86/fpu: Supporting XSAVE feature 0x020: 'AVX-512 opmask'", "[    3.054551] x86/fpu: Supporting XSAVE feature 0x040: 'AVX-512 Hi256'", "[    3.055551] x86/fpu: Supporting XSAVE feature 0x080: 'AVX-512 ZMM_Hi256'", "[    3.056552] x86/fpu: xstate_offset[2]:  576, xstate_sizes[2]:  256", "[    3.057551] x86/fpu: xstate_offset[5]:  832, xstate_sizes[5]:   64", "[    3.058551] x86/fpu: xstate_offset[6]:  896, xstate_sizes[6]:  512", "[    3.059551] x86/fpu: xstate_offset[7]: 1408, xstate_sizes[7]: 1024", "[    3.060551] x86/fpu: Enabled xstate features 0xe7, context size is 2432 bytes, using 'compacted' format.", "[    3.066201] Freeing SMP alternatives memory: 48K", "[    3.066554] pid_max: default: 32768 minimum: 301", "[    3.067667] LSM: initializing lsm=capability,selinux,integrity", "[    3.068576] SELinux:  Initializing.", "[    3.069827] Mount-cache hash table entries: 16384 (order: 5, 131072 bytes, linear)", "[    3.070579] Mountpoint-cache hash table entries: 16384 (order: 5, 131072 bytes, linear)", "[    3.072725] smpboot: CPU0: Intel(R) Xeon(R) CPU @ 2.80GHz (family: 0x6, model: 0x55, stepping: 0x7)", "[    3.074019] RCU Tasks: Setting shift to 3 and lim to 1 rcu_task_cb_adjust=1.", "[    3.074614] Performance Events: unsupported p6 CPU model 85 no PMU driver, software events only.", "[    3.075713] signal: max sigframe size: 3632", "[    3.076665] rcu: Hierarchical SRCU implementation.", "[    3.077560] rcu: \tMax phase no-delay instances is 400.", "[    3.079428] smp: Bringing up secondary CPUs ...", "[    3.079978] smpboot: x86: Booting SMP configuration:", "[    3.080564] .... node  #0, CPUs:      #1 #2 #3 #4 #5 #6 #7", "[    3.108974] smp: Brought up 1 node, 8 CPUs", "[    3.110564] smpboot: Max logical packages: 1", "[    3.111560] smpboot: Total of 8 processors activated (44803.93 BogoMIPS)", "[    3.121771] devtmpfs: initialized", "[    3.126878] clocksource: jiffies: mask: 0xffffffff max_cycles: 0xffffffff, max_idle_ns: 1911260446275000 ns", "[    3.127569] futex hash table entries: 2048 (order: 5, 131072 bytes, linear)", "[    3.129177] PM: RTC time: 08:58:25, date: 2025-05-17", "[    3.130352] NET: Registered PF_NETLINK/PF_ROUTE protocol family", "[    3.131156] audit: initializing netlink subsys (disabled)", "[    3.131657] audit: type=2000 audit(1747472305.438:1): state=initialized audit_enabled=0 res=1", "[    3.132089] thermal_sys: Registered thermal governor 'step_wise'", "[    3.132564] thermal_sys: Registered thermal governor 'user_space'", "[    3.133610] cpuidle: using governor menu", "[    3.136754] PCI: Using configuration type 1 for base access", "[    3.137786] kprobes: kprobe jump-optimization is enabled. All kprobes are optimized if possible.", "[    3.140126] HugeTLB: registered 2.00 MiB page size, pre-allocated 0 pages", "[    3.140561] HugeTLB: 28 KiB vmemmap can be freed for a 2.00 MiB page", "[    3.141829] ACPI: Added _OSI(Module Device)", "[    3.142563] ACPI: Added _OSI(Processor Device)", "[    3.143561] ACPI: Added _OSI(3.0 _SCP Extensions)", "[    3.144561] ACPI: Added _OSI(Processor Aggregator Device)", "[    3.167453] ACPI: 1 ACPI AML tables successfully acquired and loaded", "[    3.170747] ACPI: _OSC evaluation for CPUs failed, trying _PDC", "[    3.173573] ACPI: Interpreter enabled", "[    3.174644] ACPI: PM: (supports S0 S3 S4 S5)", "[    3.175561] ACPI: Using IOAPIC for interrupt routing", "[    3.176646] PCI: Using host bridge windows from ACPI; if necessary, use \"pci=nocrs\" and report a bug", "[    3.177561] PCI: Using E820 reservations for host bridge windows", "[    3.179601] ACPI: Enabled 2 GPEs in block 00 to 0F", "[    3.216800] ACPI: PCI Root Bridge [PCI0] (domain 0000 [bus 00-ff])", "[    3.217590] acpi PNP0A03:00: _OSC: OS supports [ASPM ClockPM Segments MSI HPX-Type3]", "[    3.218563] acpi PNP0A03:00: _OSC: not requesting OS control; OS requires [ExtendedConfig ASPM ClockPM MSI]", "[    3.219709] acpi PNP0A03:00: fail to add MMCONFIG information, can't access extended configuration space under this bridge", "[    3.221050] PCI host bridge to bus 0000:00", "[    3.221569] pci_bus 0000:00: root bus resource [io  0x0000-0x0cf7 window]", "[    3.222566] pci_bus 0000:00: root bus resource [io  0x0d00-0xffff window]", "[    3.223564] pci_bus 0000:00: root bus resource [mem 0x000a0000-0x000bffff window]", "[    3.224566] pci_bus 0000:00: root bus resource [mem 0xc0000000-0xfebfffff window]", "[    3.225567] pci_bus 0000:00: root bus resource [mem 0x380000000000-0x38007fffffff window]", "[    3.226569] pci_bus 0000:00: root bus resource [bus 00-ff]", "[    3.227847] pci 0000:00:00.0: [8086:1237] type 00 class 0x060000 conventional PCI endpoint", "[    3.231249] pci 0000:00:01.0: [8086:7000] type 00 class 0x060100 conventional PCI endpoint", "[    3.234995] pci 0000:00:01.1: [8086:7010] type 00 class 0x010180 conventional PCI endpoint", "[    3.239452] pci 0000:00:01.1: BAR 4 [io  0xc0e0-0xc0ef]", "[    3.241483] pci 0000:00:01.1: BAR 0 [io  0x01f0-0x01f7]: legacy IDE quirk", "[    3.241564] pci 0000:00:01.1: BAR 1 [io  0x03f6]: legacy IDE quirk", "[    3.242561] pci 0000:00:01.1: BAR 2 [io  0x0170-0x0177]: legacy IDE quirk", "[    3.243561] pci 0000:00:01.1: BAR 3 [io  0x0376]: legacy IDE quirk", "[    3.245938] pci 0000:00:01.3: [8086:7113] type 00 class 0x068000 conventional PCI endpoint", "[    3.248852] pci 0000:00:01.3: quirk: [io  0x0600-0x063f] claimed by PIIX4 ACPI", "[    3.249602] pci 0000:00:01.3: quirk: [io  0x0700-0x070f] claimed by PIIX4 SMB", "[    3.252747] pci 0000:00:02.0: [1af4:1001] type 00 class 0x010000 conventional PCI endpoint", "[    3.255561] pci 0000:00:02.0: BAR 0 [io  0xc000-0xc07f]", "[    3.258453] pci 0000:00:02.0: BAR 1 [mem 0xfeb80000-0xfeb80fff]", "[    3.264562] pci 0000:00:02.0: BAR 4 [mem 0x380000000000-0x380000003fff 64bit pref]", "[    3.283638] pci 0000:00:03.0: [1af4:1000] type 00 class 0x020000 conventional PCI endpoint", "[    3.286210] pci 0000:00:03.0: BAR 0 [io  0xc0c0-0xc0df]", "[    3.287563] pci 0000:00:03.0: BAR 1 [mem 0xfeb81000-0xfeb81fff]", "[    3.292309] pci 0000:00:03.0: BAR 4 [mem 0x380000004000-0x380000007fff 64bit pref]", "[    3.293561] pci 0000:00:03.0: ROM [mem 0xfeb00000-0xfeb7ffff pref]", "[    3.310380] pci 0000:00:04.0: [1af4:1003] type 00 class 0x078000 conventional PCI endpoint", "[    3.311585] pci 0000:00:04.0: BAR 0 [io  0xc080-0xc0bf]", "[    3.313561] pci 0000:00:04.0: BAR 1 [mem 0xfeb82000-0xfeb82fff]", "[    3.317562] pci 0000:00:04.0: BAR 4 [mem 0x380000008000-0x38000000bfff 64bit pref]", "[    3.339121] ACPI: PCI: Interrupt link LNKA configured for IRQ 10", "[    3.340792] ACPI: PCI: Interrupt link LNKB configured for IRQ 10", "[    3.342747] ACPI: PCI: Interrupt link LNKC configured for IRQ 11", "[    3.344750] ACPI: PCI: Interrupt link LNKD configured for IRQ 11", "[    3.346059] ACPI: PCI: Interrupt link LNKS configured for IRQ 9", "[    3.353156] iommu: Default domain type: Translated", "[    3.353561] iommu: DMA domain TLB invalidation policy: lazy mode", "[    3.355074] SCSI subsystem initialized", "[    3.355636] libata version 3.00 loaded.", "[    3.356751] ACPI: bus type USB registered", "[    3.357695] usbcore: registered new interface driver usbfs", "[    3.358615] usbcore: registered new interface driver hub", "[    3.359614] usbcore: registered new device driver usb", "[    3.360691] pps_core: LinuxPPS API ver. 1 registered", "[    3.361560] pps_core: Software ver. 5.3.6 - Copyright 2005-2007 Rodolfo Giometti <giometti@linux.it>", "[    3.362586] PTP clock support registered", "[    3.363735] Advanced Linux Sound Architecture Driver Initialized.", "[    3.365475] NetLabel: Initializing", "[    3.365561] NetLabel:  domain hash size = 128", "[    3.366559] NetLabel:  protocols = UNLABELED CIPSOv4 CALIPSO", "[    3.367664] NetLabel:  unlabeled traffic allowed by default", "[    3.368689] PCI: Using ACPI for IRQ routing", "[    3.369563] PCI: pci_cache_line_size set to 64 bytes", "[    3.371158] e820: reserve RAM buffer [mem 0x0009fc00-0x0009ffff]", "[    3.371573] e820: reserve RAM buffer [mem 0xbffdd000-0xbfffffff]", "[    3.372665] vgaarb: loaded", "[    3.373770] hpet0: at MMIO 0xfed00000, IRQs 2, 8, 0", "[    3.374561] hpet0: 3 comparators, 64-bit 100.000000 MHz counter", "[    3.390712] clocksource: Switched to clocksource kvm-clock", "[    3.394467] VFS: Disk quotas dquot_6.6.0", "[    3.396787] VFS: Dquot-cache hash table entries: 512 (order 0, 4096 bytes)", "[    3.400910] pnp: PnP ACPI init", "[    3.403324] pnp 00:02: [dma 2]", "[    3.407571] pnp: PnP ACPI: found 5 devices", "[    3.431836] clocksource: acpi_pm: mask: 0xffffff max_cycles: 0xffffff, max_idle_ns: 2085701024 ns", "[    3.437011] NET: Registered PF_INET protocol family", "[    3.440098] IP idents hash table entries: 131072 (order: 8, 1048576 bytes, linear)", "[    3.446965] tcp_listen_portaddr_hash hash table entries: 4096 (order: 4, 65536 bytes, linear)", "[    3.451730] Table-perturb hash table entries: 65536 (order: 6, 262144 bytes, linear)", "[    3.456118] TCP established hash table entries: 65536 (order: 7, 524288 bytes, linear)", "[    3.460647] TCP bind hash table entries: 65536 (order: 9, 2097152 bytes, linear)", "[    3.465019] TCP: Hash tables configured (established 65536 bind 65536)", "[    3.468849] UDP hash table entries: 4096 (order: 5, 131072 bytes, linear)", "[    3.472652] UDP-Lite hash table entries: 4096 (order: 5, 131072 bytes, linear)", "[    3.476899] NET: Registered PF_UNIX/PF_LOCAL protocol family", "[    3.481332] RPC: Registered named UNIX socket transport module.", "[    3.484707] RPC: Registered udp transport module.", "[    3.487381] RPC: Registered tcp transport module.", "[    3.490047] RPC: Registered tcp-with-tls transport module.", "[    3.493114] RPC: Registered tcp NFSv4.1 backchannel transport module.", "[    3.498199] pci_bus 0000:00: resource 4 [io  0x0000-0x0cf7 window]", "[    3.501634] pci_bus 0000:00: resource 5 [io  0x0d00-0xffff window]", "[    3.505050] pci_bus 0000:00: resource 6 [mem 0x000a0000-0x000bffff window]", "[    3.508819] pci_bus 0000:00: resource 7 [mem 0xc0000000-0xfebfffff window]", "[    3.512652] pci_bus 0000:00: resource 8 [mem 0x380000000000-0x38007fffffff window]", "[    3.517099] pci 0000:00:01.0: PIIX3: Enabling Passive Release", "[    3.520392] pci 0000:00:00.0: Limiting direct PCI/PCI transfers", "[    3.524014] PCI: CLS 0 bytes, default 64", "[    3.526239] PCI-DMA: Using software bounce buffering for IO (SWIOTLB)", "[    3.529767] software IO TLB: mapped [mem 0x00000000bbfdd000-0x00000000bffdd000] (64MB)", "[    3.535594] RAPL PMU: API unit is 2^-32 Joules, 0 fixed counters, 10737418240 ms ovfl timer", "[    3.540199] clocksource: tsc: mask: 0xffffffffffffffff max_cycles: 0x285d298e329, max_idle_ns: 440795345114 ns", "[    3.554400] Initialise system trusted keyrings", "[    3.557390] workingset: timestamp_bits=56 max_order=21 bucket_order=0", "[    3.562571] NFS: Registering the id_resolver key type", "[    3.565453] Key type id_resolver registered", "[    3.567816] Key type id_legacy registered", "[    3.570470] 9p: Installing v9fs 9p2000 file system support", "[    3.593436] Key type asymmetric registered", "[    3.595804] Asymmetric key parser 'x509' registered", "[    3.598618] Block layer SCSI generic (bsg) driver version 0.4 loaded (major 251)", "[    3.602764] io scheduler mq-deadline registered", "[    3.605273] io scheduler kyber registered", "[    3.609598] input: Power Button as /devices/LNXSYSTM:00/LNXPWRBN:00/input/input0", "[    3.614113] ACPI: button: Power Button [PWRF]", "[    3.637853] ACPI: \\_SB_.LNKB: Enabled at IRQ 10", "[    3.664000] ACPI: \\_SB_.LNKC: Enabled at IRQ 11", "[    3.689868] ACPI: \\_SB_.LNKD: Enabled at IRQ 11", "[    3.697168] Serial: 8250/16550 driver, 4 ports, IRQ sharing enabled", "[    3.701557] 00:03: ttyS0 at I/O 0x3f8 (irq = 4, base_baud = 115200) is a 16550A", "[    3.745871] Non-volatile memory driver v1.3", "[    3.748396] Linux agpgart interface v0.103", "[    3.751102] ACPI: bus type drm_connector registered", "[    3.768768] loop: module loaded", "[    3.771065] virtio_blk virtio0: 8/0/0 default/read/poll queues", "[    3.784136] virtio_blk virtio0: [vda] 52428800 512-byte logical blocks (26.8 GB/25.0 GiB)", "[    3.797303]  vda: vda1 vda14 vda15 vda16", "[    3.802022] ata_piix 0000:00:01.1: version 2.13", "[    3.808422] scsi host0: ata_piix", "[    3.811624] scsi host1: ata_piix", "[    3.813803] ata1: PATA max MWDMA2 cmd 0x1f0 ctl 0x3f6 bmdma 0xc0e0 irq 14 lpm-pol 0", "[    3.818113] ata2: PATA max MWDMA2 cmd 0x170 ctl 0x376 bmdma 0xc0e8 irq 15 lpm-pol 0", "[    3.829408] e100: Intel(R) PRO/100 Network Driver", "[    3.832105] e100: Copyright(c) 1999-2006 Intel Corporation", "[    3.835221] e1000: Intel(R) PRO/1000 Network Driver", "[    3.837984] e1000: Copyright (c) 1999-2006 Intel Corporation.", "[    3.841290] e1000e: Intel(R) PRO/1000 Network Driver", "[    3.844087] e1000e: Copyright(c) 1999 - 2015 Intel Corporation.", "[    3.847386] sky2: driver version 1.30", "[    3.850394] usbcore: registered new interface driver usblp", "[    3.853532] usbcore: registered new interface driver usb-storage", "[    3.856978] i8042: PNP: PS/2 Controller [PNP0303:KBD,PNP0f13:MOU] at 0x60,0x64 irq 1,12", "[    3.864308] serio: i8042 KBD port at 0x60,0x64 irq 1", "[    3.867145] serio: i8042 AUX port at 0x60,0x64 irq 12", "[    3.871138] rtc_cmos 00:04: RTC can wake from S4", "[    3.875542] input: AT Translated Set 2 keyboard as /devices/platform/i8042/serio0/input/input1", "[    3.883174] rtc_cmos 00:04: registered as rtc0", "[    3.886309] rtc_cmos 00:04: alarms up to one day, y3k, 242 bytes nvram, hpet irqs", "[    3.892216] device-mapper: ioctl: 4.48.0-ioctl (2023-03-01) initialised: dm-devel@redhat.com", "[    3.897109] intel_pstate: CPU model not supported", "[    3.899971] hid: raw HID events driver (C) Jiri Kosina", "[    3.903848] usbcore: registered new interface driver usbhid", "[    3.907140] usbhid: USB HID core driver", "[    3.913541] Initializing XFRM netlink socket", "[    3.916253] NET: Registered PF_INET6 protocol family", "[    3.921124] Segment Routing with IPv6", "[    3.923288] In-situ OAM (IOAM) with IPv6", "[    3.925677] sit: IPv6, IPv4 and MPLS over IPv4 tunneling driver", "[    3.929761] NET: Registered PF_PACKET protocol family", "[    3.932733] 9pnet: Installing 9P2000 support", "[    3.935168] Key type dns_resolver registered", "[    3.941519] IPI shorthand broadcast: enabled", "[    3.964599] sched_clock: Marking stable (3916015122, 48030457)->(4371685765, -407640186)", "[    3.970287] registered taskstats version 1", "[    3.972664] Loading compiled-in X.509 certificates", "[    3.992706] PM:   Magic number: 9:560:978", "[    3.995156] printk: legacy console [netcon0] enabled", "[    3.998023] netconsole: network logging started", "[    4.000891] cfg80211: Loading compiled-in X.509 certificates for regulatory database", "[    4.005762] kworker/u16:1 (83) used greatest stack depth: 28552 bytes left", "[    4.007600] Loaded X.509 cert 'sforshee: 00b28ddf47aef9cea7'", "[    4.012837] Loaded X.509 cert 'wens: 61c038651aabdcf94bd0ac7ff06c7248db18c600'", "[    4.016631] platform regulatory.0: Direct firmware load for regulatory.db failed with error -2", "[    4.018217] ALSA device list:", "[    4.020967] cfg80211: failed to load regulatory.db", "[    4.022860]   No soundcards found.", "[    4.547983] input: ImExPS/2 Generic Explorer Mouse as /devices/platform/i8042/serio1/input/input3", "[    4.551989] md: Waiting for all devices to be available before autodetect", "[    4.554373] md: If you don't use raid, use raid=noautodetect", "[    4.556467] md: Autodetecting RAID arrays.", "[    4.557936] md: autorun ...", "[    4.558982] md: ... autorun DONE.", "[    4.574354] EXT4-fs (vda1): mounted filesystem c8107c30-aa3b-40eb-bd2a-416a91df85e7 ro with ordered data mode. Quota mode: none.", "[    4.578169] VFS: Mounted root (ext4 filesystem) readonly on device 253:1.", "[    4.583131] devtmpfs: mounted", "[    4.585598] Freeing unused kernel image (initmem) memory: 2184K", "[    4.587716] Write protecting the kernel read-only data: 59392k", "[    4.590705] Freeing unused kernel image (rodata/data gap) memory: 896K", "[    4.616647] x86/mm: Checked W+X mappings: passed, no W+X pages found.", "[    4.619019] Run /sbin/init as init process", "[    4.620479]   with arguments:", "[    4.621596]     /sbin/init", "[    4.622659]     nospectre_bhb", "[    4.623776]   with environment:", "[    4.624960]     HOME=/", "[    4.625850]     TERM=linux", "[    4.626870]     spectre_v2=off", "[    4.628007]     spectre_v2_user=off", "[    4.629303]     pti=off", "SELinux:  Could not open policy file <= /etc/selinux/targeted/policy/policy.33:  No such file or directory", "[    4.892905] systemd[1]: systemd 255.4-1ubuntu8.6 running in system mode (+PAM +AUDIT +SELINUX +APPARMOR +IMA +SMACK +SECCOMP +GCRYPT -GNUTLS +OPENSSL +ACL +BLKID +CURL +ELFUTILS +FIDO2 +IDN2 -IDN +IPTC +KMOD +LIBCRYPTSETUP +LIBFDISK +PCRE2 -PWQUALITY +P11KIT +QRENCODE +TPM2 +BZIP2 +LZ4 +XZ +ZLIB +ZSTD -BPF_FRAMEWORK -XKBCOMMON +UTMP +SYSVINIT default-hierarchy=unified)", "[    4.902946] systemd[1]: Detected virtualization kvm.", "[    4.904674] systemd[1]: Detected architecture x86-64.", "", "Welcome to \u001b[1mUbuntu 24.04.2 LTS\u001b[0m!", "", "", "[    4.913859] systemd[1]: Hostname set to <ubuntu-testing>.", "[    4.947211] snapd-env-gener (95) used greatest stack depth: 26552 bytes left", "[    5.133965] cloud-init-gene (98) used greatest stack depth: 25536 bytes left", "[    5.340070] systemd[1]: Queued start job for default target graphical.target.", "[    5.353823] systemd[1]: Created slice system-modprobe.slice - Slice /system/modprobe.", "[\u001b[0;32m  OK  \u001b[0m] Created slice \u001b[0;1;39msystem-modprobe.slice\u001b[0m - Slice /system/modprobe.", "", "[    5.361110] systemd[1]: Created slice system-serial\\x2dgetty.slice - Slice /system/serial-getty.", "[\u001b[0;32m  OK  \u001b[0m] Created slice \u001b[0;1;39msystem-serial\\x2dget\u2026slice\u001b[0m - Slice /system/serial-getty.", "", "[    5.368812] systemd[1]: Created slice system-systemd\\x2dfsck.slice - Slice /system/systemd-fsck.", "[\u001b[0;32m  OK  \u001b[0m] Created slice \u001b[0;1;39msystem-systemd\\x2dfs\u2026slice\u001b[0m - Slice /system/systemd-fsck.", "", "[    5.376469] systemd[1]: Created slice user.slice - User and Session Slice.", "[\u001b[0;32m  OK  \u001b[0m] Created slice \u001b[0;1;39muser.slice\u001b[0m - User and Session Slice.", "", "[    5.382146] systemd[1]: Started systemd-ask-password-console.path - Dispatch Password Requests to Console Directory Watch.", "[\u001b[0;32m  OK  \u001b[0m] Started \u001b[0;1;39msystemd-ask-password-conso\u2026\u001b[0mequests to Console Directory Watch.", "", "[    5.389917] systemd[1]: Started systemd-ask-password-wall.path - Forward Password Requests to Wall Directory Watch.", "[\u001b[0;32m  OK  \u001b[0m] Started \u001b[0;1;39msystemd-ask-password-wall.\u2026\u001b[0md Requests to Wall Directory Watch.", "", "[    5.397908] systemd[1]: Set up automount proc-sys-fs-binfmt_misc.automount - Arbitrary Executable File Formats File System Automount Point.", "[\u001b[0;32m  OK  \u001b[0m] Set up automount \u001b[0;1;39mproc-sys-fs-binfm\u2026\u001b[0mormats File System Automount Point.", "", "[    5.406206] systemd[1]: Expecting device dev-disk-by\\x2dlabel-BOOT.device - /dev/disk/by-label/BOOT...", "Expecting device \u001b[0;1;39mdev-disk-by\\x2dla\u2026device\u001b[0m - /dev/disk/by-label/BOOT...", "", "[    5.412929] systemd[1]: Expecting device dev-disk-by\\x2dlabel-UEFI.device - /dev/disk/by-label/UEFI...", "Expecting device \u001b[0;1;39mdev-disk-by\\x2dla\u2026device\u001b[0m - /dev/disk/by-label/UEFI...", "", "[    5.419673] systemd[1]: Expecting device dev-ttyS0.device - /dev/ttyS0...", "Expecting device \u001b[0;1;39mdev-ttyS0.device\u001b[0m - /dev/ttyS0...", "", "[    5.424791] systemd[1]: Reached target cryptsetup.target - Local Encrypted Volumes.", "[\u001b[0;32m  OK  \u001b[0m] Reached target \u001b[0;1;39mcryptsetup.target\u001b[0m - Local Encrypted Volumes.", "", "[    5.430903] systemd[1]: Reached target integritysetup.target - Local Integrity Protected Volumes.", "[\u001b[0;32m  OK  \u001b[0m] Reached target \u001b[0;1;39mintegritysetup.targ\u2026\u001b[0m Local Integrity Protected Volumes.", "", "[    5.437915] systemd[1]: Reached target remote-fs.target - Remote File Systems.", "[\u001b[0;32m  OK  \u001b[0m] Reached target \u001b[0;1;39mremote-fs.target\u001b[0m - Remote File Systems.", "", "[    5.443748] systemd[1]: Reached target slices.target - Slice Units.", "[\u001b[0;32m  OK  \u001b[0m] Reached target \u001b[0;1;39mslices.target\u001b[0m - Slice Units.", "", "[    5.448794] systemd[1]: Reached target snapd.mounts-pre.target - Mounting snaps.", "[\u001b[0;32m  OK  \u001b[0m] Reached target \u001b[0;1;39msnapd.mounts-pre.target\u001b[0m - Mounting snaps.", "", "[    5.454649] systemd[1]: Reached target snapd.mounts.target - Mounted snaps.", "[\u001b[0;32m  OK  \u001b[0m] Reached target \u001b[0;1;39msnapd.mounts.target\u001b[0m - Mounted snaps.", "", "[    5.460423] systemd[1]: Reached target swap.target - Swaps.", "[\u001b[0;32m  OK  \u001b[0m] Reached target \u001b[0;1;39mswap.target\u001b[0m - Swaps.", "", "[    5.465254] systemd[1]: Reached target veritysetup.target - Local Verity Protected Volumes.", "[\u001b[0;32m  OK  \u001b[0m] Reached target \u001b[0;1;39mveritysetup.target\u001b[0m - Local Verity Protected Volumes.", "", "[    5.472310] systemd[1]: Listening on systemd-fsckd.socket - fsck to fsckd communication Socket.", "[\u001b[0;32m  OK  \u001b[0m] Listening on \u001b[0;1;39msystemd-fsckd.socket\u001b[0m \u2026fsck to fsckd communication Socket.", "", "[    5.479490] systemd[1]: Listening on systemd-initctl.socket - initctl Compatibility Named Pipe.", "[\u001b[0;32m  OK  \u001b[0m] Listening on \u001b[0;1;39msystemd-initctl.socke\u2026\u001b[0m- initctl Compatibility Named Pipe.", "", "[    5.486867] systemd[1]: Listening on systemd-journald-dev-log.socket - Journal Socket (/dev/log).", "[\u001b[0;32m  OK  \u001b[0m] Listening on \u001b[0;1;39msystemd-journald-dev-\u2026socket\u001b[0m - Journal Socket (/dev/log).", "", "[    5.494099] systemd[1]: Listening on systemd-journald.socket - Journal Socket.", "[\u001b[0;32m  OK  \u001b[0m] Listening on \u001b[0;1;39msystemd-journald.socket\u001b[0m - Journal Socket.", "", "[    5.500100] systemd[1]: Listening on systemd-networkd.socket - Network Service Netlink Socket.", "[\u001b[0;32m  OK  \u001b[0m] Listening on \u001b[0;1;39msystemd-networkd.socket\u001b[0m - Network Service Netlink Socket.", "", "[    5.506632] systemd[1]: systemd-pcrextend.socket - TPM2 PCR Extension (Varlink) was skipped because of an unmet condition check (ConditionSecurity=measured-uki).", "[    5.512445] systemd[1]: Listening on systemd-udevd-control.socket - udev Control Socket.", "[\u001b[0;32m  OK  \u001b[0m] Listening on \u001b[0;1;39msystemd-udevd-control.socket\u001b[0m - udev Control Socket.", "", "[    5.519026] systemd[1]: Listening on systemd-udevd-kernel.socket - udev Kernel Socket.", "[\u001b[0;32m  OK  \u001b[0m] Listening on \u001b[0;1;39msystemd-udevd-kernel.socket\u001b[0m - udev Kernel Socket.", "", "[    5.539260] systemd[1]: Mounting dev-hugepages.mount - Huge Pages File System...", "Mounting \u001b[0;1;39mdev-hugepages.mount\u001b[0m - Huge Pages File System...", "", "[    5.547227] systemd[1]: Mounting dev-mqueue.mount - POSIX Message Queue File System...", "Mounting \u001b[0;1;39mdev-mqueue.mount\u001b[0m - POSIX Message Queue File System...", "", "[    5.554809] systemd[1]: Mounting sys-kernel-debug.mount - Kernel Debug File System...", "Mounting \u001b[0;1;39msys-kernel-debug.mount\u001b[0m - Kernel Debug File System...", "", "[    5.562220] systemd[1]: Mounting sys-kernel-tracing.mount - Kernel Trace File System...", "Mounting \u001b[0;1;39msys-kernel-tracing.mount\u001b[0m - Kernel Trace File System...", "", "[    5.568839] systemd[1]: systemd-journald.service: unit configures an IP firewall, but the local system does not support BPF/cgroup firewalling.", "[    5.573590] systemd[1]: systemd-journald.service: (This warning is only shown for the first unit using IP firewalling.)", "[    5.575461] systemd[1]: Starting systemd-journald.service - Journal Service...", "Starting \u001b[0;1;39msystemd-journald.serv[    5.583514] systemd[1]: Starting keyboard-setup.service - Set the console keyboard layout...", "ice\u001b[0m - Journal Service...", "", "Starting \u001b[0;1;39mkeyboard-setup.service\u001b[0m - Set the console keyboard layout...", "", "[    5.594399] systemd[1]: kmod-static-nodes.service - Create List of Static Device Nodes was skipped because of an unmet condition check (ConditionFileNotEmpty=/lib/modules/6.8.0/modules.devname).", "[    5.603675] systemd[1]: Starting modprobe@configfs.service - Load Kernel Module configfs...", "Starting \u001b[0;1;39mmodprobe@configfs.service\u001b[0m - Load Kernel Module configfs...", "", "[    5.614164] systemd[1]: Starting modprobe@dm_mod.service - Load Kernel Module dm_mod...", "Starting \u001b[0;1;39mmodprobe@dm_mod.service\u001b[0m - Load Kernel Module dm_mod...", "", "[    5.627332] systemd[1]: Starting modprobe@drm.service - Load Kernel Module drm...", "Starting \u001b[0;1;39mmodprobe@drm.service\u001b[0m - Load Kernel Module drm...", "", "[    5.643448] systemd[1]: Starting modprobe@efi_pstore.service - Load Kernel Module efi_pstore...", "Starting \u001b[0;1;39mmodprobe@efi_pstore.servi\u2026\u001b[0m - Load Kernel Module efi_pstore...", "", "[    5.655709] systemd[1]: Starting modprobe@fuse.service - Load Kernel Module fuse...", "Starting \u001b[0;1;39mmodprobe@fuse.service\u001b[0m - Load Kernel Module fuse...", "", "[    5.670434] systemd[1]: Starting modprobe@loop.service - Load Kernel Module loop...", "Starting \u001b[0;1;39mmodprobe@loop.service\u001b[0m - Load Kernel Module loop...", "", "[    5.677784] systemd[1]: netplan-ovs-cleanup.service - OpenVSwitch configuration for cleanup was skipped because of an unmet condition check (ConditionFileIsExecutable=/usr/bin/ovs-vsctl).", "[    5.677983] systemd-journald[131]: Collecting audit messages is disabled.", "[    5.685552] systemd[1]: Starting systemd-fsck-root.service - File System Check on Root Device...", "Starting \u001b[0;1;39msystemd-fsck-root.service\u001b[0m\u2026File System Check on Root Device...", "", "[    5.698249] systemd[1]: Starting systemd-modules-load.service - Load Kernel Modules...", "Starting \u001b[0;1;39msystemd-modules-load.service\u001b[0m - Load Kernel Modules...", "", "[    5.706459] systemd[1]: systemd-pcrmachine.service - TPM2 PCR Machine ID Measurement was skipped because of an unmet condition check (ConditionSecurity=measured-uki).", "[    5.734603] systemd[1]: Starting systemd-tmpfiles-setup-dev-early.service - Create Static Device Nodes in /dev gracefully...", "Startin[    5.740444] systemd[1]: systemd-tpm2-setup-early.service - TPM2 SRK Setup (Early) was skipped because of an unmet condition check (ConditionSecurity=measured-uki).", "g \u001b[0;1;39msystemd-tmpfiles-setup-de\u2026\u001b[0m Device Nodes in /dev gracefully...", "", "[    5.754910] systemd[1]: Starting systemd-udev-trigger.service - Coldplug All udev Devices...", "", "Starting \u001b[0;1;39msystemd-udev-trigger.service\u001b[0m - Coldplug All udev Devices...", "", "[    5.763731] systemd[1]: Started systemd-journald.service - Journal Service.", "[\u001b[0;32m  OK  \u001b[0m] Started \u001b[0;1;39msystemd-journald.service\u001b[0m - Journal Service.", "", "[\u001b[0;32m  OK  \u001b[0m] Mounted \u001b[0;1;39mdev-hugepages.mount\u001b[0m - Huge Pages File System.", "", "[\u001b[0;32m  OK  \u001b[0m] Mounted \u001b[0;1;39mdev-mqueue.mount\u001b[0m - POSIX Message Queue File System.", "", "[\u001b[0;32m  OK  \u001b[0m] Mounted \u001b[0;1;39msys-kernel-debug.mount\u001b[0m - Kernel Debug File System.", "", "[\u001b[0;32m  OK  \u001b[0m] Mounted \u001b[0;1;39msys-kernel-tracing.mount\u001b[0m - Kernel Trace File System.", "", "[\u001b[0;32m  OK  \u001b[0m] Finished \u001b[0;1;39mkeyboard-setup.service\u001b[0m - Set the console keyboard layout.", "", "[\u001b[0;32m  OK  \u001b[0m] Finished \u001b[0;1;39mmodprobe@configfs.service\u001b[0m - Load Kernel Module configfs.", "", "[\u001b[0;32m  OK  \u001b[0m] Finished \u001b[0;1;39mmodprobe@dm_mod.service\u001b[0m - Load Kernel Module dm_mod.", "", "[\u001b[0;32m  OK  \u001b[0m] Finished \u001b[0;1;39mmodprobe@drm.service\u001b[0m - Load Kernel Module drm.", "", "[\u001b[0;32m  OK  \u001b[0m] Finished \u001b[0;1;39mmodprobe@efi_pstore.service\u001b[0m - Load Kernel Module efi_pstore.", "", "[\u001b[0;32m  OK  \u001b[0m] Finished \u001b[0;1;39mmodprobe@fuse.service\u001b[0m - Load Kernel Module fuse.", "", "[\u001b[0;32m  OK  \u001b[0m] Finished \u001b[0;1;39mmodprobe@loop.service\u001b[0m - Load Kernel Module loop.", "", "[\u001b[0;32m  OK  \u001b[0m] Finished \u001b[0;1;39msystemd-fsck-root.service\u001b[0m - File System Check on Root Device.", "", "[\u001b[0;32m  OK  \u001b[0m] Finished \u001b[0;1;39msystemd-modules-load.service\u001b[0m - Load Kernel Modules.", "", "[\u001b[0;32m  OK  \u001b[0m] Finished \u001b[0;1;39msystemd-tmpfiles-setup-de\u2026\u001b[0mic Device Nodes in /dev gracefully.", "", "[\u001b[0;32m  OK  \u001b[0m] Started \u001b[0;1;39msystemd-fsckd.service\u001b[0m - Fi\u2026stem Check Daemon to report status.", "", "Starting \u001b[0;1;39msystemd-remount-fs.servic\u2026\u001b[0munt Root and Kernel File Systems...", "", "Starting \u001b[0;1;39msystemd-sysctl.service\u001b[0m - Apply Kernel Variables...", "", "[\u001b[0;32m  OK  \u001b[0m] Finished \u001b[0;1;39msystemd-sysctl.service\u001b[0m - Apply Kernel Variables.", "", "[    5.955416] EXT4-fs (vda1): re-mounted c8107c30-aa3b-40eb-bd2a-416a91df85e7 r/w. Quota mode: none.", "[\u001b[0;32m  OK  \u001b[0m] Finished \u001b[0;1;39msystemd-remount-fs.servic\u2026\u001b[0mmount Root and Kernel File Systems.", "", "Starting \u001b[0;1;39msystemd-journal-flush.ser\u2026\u001b[0msh Journal to Persistent Storage...", "", "Starting \u001b[0;1;39msystemd-random-seed.service\u001b[0m - Load/Save OS Random Seed...", "", "Starting \u001b[0;1;39msystemd-sysusers.service\u001b[0m - Create System Users...", "", "[    6.000838] systemd-journald[131]: Received client request to flush runtime journal.", "[\u001b[0;32m  OK  \u001b[0m] Finished \u001b[0;1;39msystemd-sy[    6.032868] systemd-journald[131]: /var/log/journal/26d7b7c94826499bb6e00a5f602ee679/system.journal: Journal file uses a different sequence number ID, rotating.", "susers.service\u001b[[    6.038664] systemd-journald[131]: Rotating system journal.", "0m - Create System Users.", "", "[\u001b[0;32m  OK  \u001b[0m] Finished \u001b[0;1;39msystemd-udev-trigger.service\u001b[0m - Coldplug All udev Devices.", "", "[\u001b[0;32m  OK  \u001b[0m] Finished \u001b[0;1;39msystemd-random-seed.service\u001b[0m - Load/Save OS Random Seed.", "", "Starting \u001b[0;1;39msystemd-tmpfiles-setup-de\u2026\u001b[0meate Static Device Nodes in /dev...", "", "[\u001b[0;32m  OK  \u001b[0m] Finished \u001b[0;1;39msystemd-tmpfiles-setup-de\u2026\u001b[0mCreate Static Device Nodes in /dev.", "", "[\u001b[0;32m  OK  \u001b[0m] Reached target \u001b[0;1;39mlocal-fs-pre.target\u001b[0m\u2026Preparation for Local File Systems.", "", "Starting \u001b[0;1;39msystemd-udevd.service\u001b[0m - R\u2026ager for Device Events and Files...", "", "[\u001b[0;32m  OK  \u001b[0m] Finished \u001b[0;1;39msystemd-journal-flush.ser\u2026\u001b[0mlush Journal to Persistent Storage.", "", "[\u001b[0;32m  OK  \u001b[0m] Started \u001b[0;1;39msystemd-udevd.service\u001b[0m - Ru\u2026anager for Device Events and Files.", "", "Starting \u001b[0;1;39msystemd-networkd.service\u001b[0m - Network Configuration...", "", "[\u001b[0;32m  OK  \u001b[0m] Found device \u001b[0;1;39mdev-ttyS0.device\u001b[0m - /dev/ttyS0.", "", "[    6.382161] virtio_net virtio1 ens3: renamed from eth0", "[\u001b[0;32m  OK  \u001b[0m] Found device \u001b[0;1;39mdev-disk-by\\x2dlabel-\u2026I.device\u001b[0m - /dev/disk/by-label/UEFI.", "", "[\u001b[0;32m  OK  \u001b[0m] Found device \u001b[0;1;39mdev-disk-by\\x2dlabel-\u2026T.device\u001b[0m - /dev/disk/by-label/BOOT.", "", "Starting \u001b[0;1;39msystemd-fsck@dev-disk-by\\\u2026\u001b[0mCheck on /dev/disk/by-label/BOOT...", "", "[\u001b[0;32m  OK  \u001b[0m] Started \u001b[0;1;39msystemd-networkd.service\u001b[0m - Network Configuration.", "", "[\u001b[0;32m  OK  \u001b[0m] Listening on \u001b[0;1;39msystemd-rfkill.socket\u001b[0m\u2026ll Switch Status /dev/rfkill Watch.", "", "[\u001b[0;32m  OK  \u001b[0m] Finished \u001b[0;1;39msystemd-fsck@dev-disk-by\\\u2026\u001b[0mm Check on /dev/disk/by-label/BOOT.", "", "Mounting \u001b[0;1;39mboot.mount\u001b[0m - /boot...", "", "[    6.644617] EXT4-fs (vda16): mounted filesystem 7164fb69-891e-447e-91ac-9486a0886759 r/w with ordered data mode. Quota mode: none.", "[\u001b[0;32m  OK  \u001b[0m] Mounted \u001b[0;1;39mboot.mount\u001b[0m - /boot.", "", "Mounting \u001b[0;1;39mboot-efi.mount\u001b[0m - /boot/efi...", "", "[    6.678205] FAT-fs (vda15): Volume was not properly unmounted. Some data may be corrupt. Please run fsck.", "[\u001b[0;32m  OK  \u001b[0m] Mounted \u001b[0;1;39mboot-efi.mount\u001b[0m - /boot/efi.", "", "[\u001b[0;32m  OK  \u001b[0m] Reached target \u001b[0;1;39mlocal-fs.target\u001b[0m - Local File Systems.", "", "[\u001b[0;32m  OK  \u001b[0m] Listening on \u001b[0;1;39msystemd-sysext.socket\u001b[0m\u2026tension Image Management (Varlink).", "", "Starting \u001b[0;1;39mconsole-setup.service\u001b[0m - Set console font and keymap...", "", "Starting \u001b[0;1;39mldconfig.service\u001b[0m - Rebuild Dynamic Linker Cache...", "", "Starting \u001b[0;1;39msystemd-binfmt.service\u001b[0m - Set Up Additional Binary Formats...", "", "Starting \u001b[0;1;39msystemd-tmpfiles-setup.se\u2026\u001b[0me Volatile Files and Directories...", "", "[\u001b[0;32m  OK  \u001b[0m] Finished \u001b[0;1;39mconsole-setup.service\u001b[0m - Set console font and keymap.", "", "Mounting \u001b[0;1;39mproc-sys-fs-binfmt_misc.m\u2026\u001b[0mcutable File Formats File System...", "", "[\u001b[0;32m  OK  \u001b[0m] Mounted \u001b[0;1;39mproc-sys-fs-binfmt_misc.mo\u2026\u001b[0mxecutable File Formats File System.", "", "[\u001b[0;32m  OK  \u001b[0m] Finished \u001b[0;1;39msystemd-binfmt.service\u001b[0m - Set Up Additional Binary Formats.", "", "[\u001b[0;32m  OK  \u001b[0m] Finished \u001b[0;1;39mldconfig.s[    6.813930] systemd-tmpfile (258) used greatest stack depth: 25456 bytes left", "ervice\u001b[0m - Rebuild Dynamic Linker Cache.", "", "[\u001b[0;32m  OK  \u001b[0m] Finished \u001b[0;1;39msystemd-tmpfiles-setup.se\u2026\u001b[0mate Volatile Files and Directories.", "", "Starting \u001b[0;1;39msystemd-journal-catalog-u\u2026ervice\u001b[0m - Rebuild Journal Catalog...", "", "Starting \u001b[0;1;39msystemd-resolved.service\u001b[0m - Network Name Resolution...", "", "Starting \u001b[0;1;39msystemd-timesyncd.service\u001b[0m - Network Time Synchronization...", "", "Starting \u001b[0;1;39msystemd-update-utmp.servi\u2026\u001b[0mord System Boot/Shutdown in UTMP...", "", "[\u001b[0;32m  OK  \u001b[0m] Finished \u001b[0;1;39msystemd-journal-catalog-u\u2026.service\u001b[0m - Rebuild Journal Catalog.", "", "Starting \u001b[0;1;39msystemd-update-done.service\u001b[0m - Update is Completed...", "", "[\u001b[0;32m  OK  \u001b[0m] Finished \u001b[0;1;39msystemd-update-utmp.servi\u2026\u001b[0mecord System Boot/Shutdown in UTMP.", "", "[\u001b[0;32m  OK  \u001b[0m] Finished \u001b[0;1;39msystemd-update-done.service\u001b[0m - Update is Completed.", "", "[\u001b[0;32m  OK  \u001b[0m] Started \u001b[0;1;39msystemd-timesyncd.service\u001b[0m - Network Time Synchronization.", "", "[\u001b[0;32m  OK  \u001b[0m] Reached target \u001b[0;1;39mtime-set.target\u001b[0m - System Time Set.", "", "[\u001b[0;32m  OK  \u001b[0m] Started \u001b[0;1;39msystemd-resolved.service\u001b[0m - Network Name Resolution.", "", "[\u001b[0;32m  OK  \u001b[0m] Reached target \u001b[0;1;39mnetwork.target\u001b[0m - Network.", "", "[\u001b[0;32m  OK  \u001b[0m] Reached target \u001b[0;1;39mnss-lookup.target\u001b[0m - Host and Network Name Lookups.", "", "[\u001b[0;32m  OK  \u001b[0m] Reached target \u001b[0;1;39msysinit.target\u001b[0m - System Initialization.", "", "[\u001b[0;32m  OK  \u001b[0m] Started \u001b[0;1;39mapt-daily.timer\u001b[0m - Daily apt download activities.", "", "[\u001b[0;32m  OK  \u001b[0m] Started \u001b[0;1;39mapt-daily-upgrade.timer\u001b[0m - \u2026y apt upgrade and clean activities.", "", "[\u001b[0;32m  OK  \u001b[0m] Started \u001b[0;1;39mdpkg-db-backup.timer\u001b[0m - Daily dpkg database backup timer.", "", "[\u001b[0;32m  OK  \u001b[0m] Started \u001b[0;1;39me2scrub_all.timer\u001b[0m - Period\u2026Metadata Check for All Filesystems.", "", "[\u001b[0;32m  OK  \u001b[0m] Started \u001b[0;1;39mfstrim.timer\u001b[0m - Discard unused filesystem blocks once a week.", "", "[\u001b[0;32m  OK  \u001b[0m] Started \u001b[0;1;39mmotd-news.timer\u001b[0m - Message of the Day.", "", "[\u001b[0;32m  OK  \u001b[0m] Started \u001b[0;1;39mphpsessionclean.timer\u001b[0m - Clean PHP session files every 30 mins.", "", "[\u001b[0;32m  OK  \u001b[0m] Started \u001b[0;1;39msystemd-tmpfiles-clean.tim\u2026\u001b[0my Cleanup of Temporary Directories.", "", "[\u001b[0;32m  OK  \u001b[0m] Reached target \u001b[0;1;39mpaths.target\u001b[0m - Path Units.", "", "[\u001b[0;32m  OK  \u001b[0m] Reached target \u001b[0;1;39mtimers.target\u001b[0m - Timer Units.", "", "[\u001b[0;32m  OK  \u001b[0m] Listening on \u001b[0;1;39mdbus.socket\u001b[0m - D-Bus System Message Bus Socket.", "", "Starting \u001b[0;1;39mlxd-installer.socket\u001b[0m - He\u2026er to install lxd snap on demand...", "", "Starting \u001b[0;1;39msnapd.socket\u001b[0m - Socket activation for snappy daemon...", "", "[\u001b[0;32m  OK  \u001b[0m] Listening on \u001b[0;1;39mssh.socket\u001b[0m - OpenBSD Secure Shell server socket.", "", "[\u001b[0;32m  OK  \u001b[0m] Listening on \u001b[0;1;39mlxd-installer.socket\u001b[0m \u2026lper to install lxd snap on demand.", "", "[\u001b[0;32m  OK  \u001b[0m] Listening on \u001b[0;1;39msnapd.socket\u001b[0m - Socket activation for snappy daemon.", "", "[\u001b[0;32m  OK  \u001b[0m] Reached target \u001b[0;1;39msockets.target\u001b[0m - Socket Units.", "", "[\u001b[0;32m  OK  \u001b[0m] Reached target \u001b[0;1;39mbasic.target\u001b[0m - Basic System.", "", "Starting \u001b[0;1;39mapport.service\u001b[0m - automatic crash report generation...", "", "Starting \u001b[0;1;39mdbus.service\u001b[0m - D-Bus System Message Bus...", "", "Starting \u001b[0;1;39me2scrub_reap.service\u001b[0m - Re\u2026ne ext4 Metadata Check Snapshots...", "", "Starting \u001b[0;1;39mgrub-common.service\u001b[0m - Record successful boot for GRUB...", "", "Starting \u001b[0;1;39mphpsessionclean.service\u001b[0m - Clean php session files...", "", "[\u001b[0;32m  OK  \u001b[0m] Reached target \u001b[0;1;39mgetty-pre.target\u001b[0m - Preparation for Logins.", "", "Starting \u001b[0;1;39msnapd.seeded.service\u001b[0m - Wait until snapd is fully seeded...", "", "Starting \u001b[0;1;39msnapd.service\u001b[0m - Snap Daemon...", "", "Starting \u001b[0;1;39msystemd-logind.service\u001b[0m - User Login Management...", "", "Starting \u001b[0;1;39msystemd-user-sessions.service\u001b[0m - Permit User Sessions...", "", "[\u001b[0;32m  OK  \u001b[0m] Started \u001b[0;1;39mdbus.service\u001b[0m - D-Bus System Message Bus.", "", "[\u001b[0;32m  OK  \u001b[0m] Finished \u001b[0;1;39msystemd-user-sessions.service\u001b[0m - Permit User Sessions.", "", "[\u001b[0;32m  OK  \u001b[0m] Started \u001b[0;1;39mserial-getty@ttyS0.service\u001b[0m - Serial Getty on ttyS0.", "", "Starting \u001b[0;1;39msetvtrgb.service\u001b[0m - Set console scheme...", "", "[\u001b[0;32m  OK  \u001b[0m] Finished \u001b[0;1;39me2scrub_reap.service\u001b[0m - Re\u2026line ext4 Metadata Check Snapshots.", "", "[\u001b[0;32m  OK  \u001b[0m] Finished \u001b[0;1;39msetvtrgb.service\u001b[0m - Set console scheme.", "", "[\u001b[0;32m  OK  \u001b[0m] Created slice \u001b[0;1;39msystem-getty.slice\u001b[0m - Slice /system/getty.", "", "[\u001b[0;32m  OK  \u001b[0m] Started \u001b[0;1;39mgetty@tty1.service\u001b[0m - Getty on tty1.", "", "[\u001b[0;32m  OK  \u001b[0m] Reached target \u001b[0;1;39mgetty.target\u001b[0m - Login Prompts.", "", "[\u001b[0;32m  OK  \u001b[0m] Finished \u001b[0;1;39mgrub-common.service\u001b[0m - Record successful boot for GRUB.", "", "Starting \u001b[0;1;39mgrub-initrd-fallback.service\u001b[0m - GRUB failed boot detection...", "", "[\u001b[0;32m  OK  \u001b[0m] Started \u001b[0;1;39msystemd-logind.service\u001b[0m - User Login Management.", "", "[\u001b[0;32m  OK  \u001b[0m] Finished \u001b[0;1;39mgrub-initrd-fallback.service\u001b[0m - GRUB failed boot detection.", "", "[\u001b[0;32m  OK  \u001b[0m] Started \u001b[0;1;39munattended-upgrades.service\u001b[0m - Unattended Upgrades Shutdown.", "", "[    7.912596] loop0: detected capacity change from 0 to 8", "[\u001b[0;32m  OK  \u001b[0m] Finished \u001b[0;1;39mphpsessionclean.service\u001b[0m - Clean php session files.", "", "[\u001b[0;32m  OK  \u001b[0m] Started \u001b[0;1;39msnapd.service\u001b[0m - Snap Daemon.", "", "[\u001b[0;32m  OK  \u001b[0m] Finished \u001b[0;1;39mapport.service\u001b[0m - automatic crash report generation.", "", "Starting \u001b[0;1;39msystemd-timedated.service\u001b[0m - Time & Date Service...", "", "[\u001b[0;32m  OK  \u001b[0m] Started \u001b[0;1;39msystemd-timedated.service\u001b[0m - Time & Date Service.", "", "[\u001b[0;32m  OK  \u001b[0m] Finished \u001b[0;1;39msnapd.seeded.service\u001b[0m - Wait until snapd is fully seeded.", "", "[\u001b[0;32m  OK  \u001b[0m] Reached target \u001b[0;1;39mmulti-user.target\u001b[0m - Multi-User System.", "", "[\u001b[0;32m  OK  \u001b[0m] Reached target \u001b[0;1;39mgraphical.target\u001b[0m - Graphical Interface.", "", "Starting \u001b[0;1;39msystemd-update-utmp-runle\u2026\u001b[0m- Record Runlevel Change in UTMP...", "", "[\u001b[0;32m  OK  \u001b[0m] Finished \u001b[0;1;39msystemd-update-utmp-runle\u2026e\u001b[0m - Record Runlevel Change in UTMP.", "", "", "", "Ubuntu 24.04.2 LTS ubuntu-testing ttyS0", "", "ubuntu-testing login: root (automatic login)", "", "", "Welcome to Ubuntu 24.04.2 LTS (GNU/Linux 6.8.0 x86_64)", "", "* Documentation:  https://help.ubuntu.com", "* Management:     https://landscape.canonical.com", "* Support:        https://ubuntu.com/pro", "", "This system has been minimized by removing packages and content that are", "not required on a system that users do not log into.", "", "To restore this content, you can run the 'unminimize' command.", "[    8.707987] MICROWAVE FRAMEWORK TESTER", "[    8.712511] [TAG: RUNNING LMBENCH]", "[    8.713850] === Deleting old results ===", "[    8.727126] total 28", "[    8.727126] -rw-r--r-- 1 root root   18 May 14 03:23 ubuntu-testing.0", "[    8.727126] -rw-r--r-- 1 root root 4779 May 14 07:08 ubuntu-testing.1", "[    8.727126] -rw-r--r-- 1 root root 6967 May 13 06:20 ubuntu-testing.2", "[    8.727126] -rw-r--r-- 1 root root 5172 May 13 06:29 ubuntu-testing.3", "[    8.749484] === Starting new benchmark ===", "[    8.751129] Tailing status file: /tempbench.txt", "tail: cannot open '/tempbench.txt' for reading: No such file or directory", "[    8.767697] cd src && make rerun", "[    8.777671] make[1]: Entering directory '/opt/lmbench/src'", "[   10.342268] gmake[2]: Entering directory '/opt/lmbench/src'", "[   10.344417] gmake[2]: Nothing to be done for 'all'.", "[   10.346200] gmake[2]: Leaving directory '/opt/lmbench/src'", "[   11.517390] gmake[2]: Entering directory '/opt/lmbench/src'", "[   11.519417] gmake[2]: Nothing to be done for 'opt'.", "[   11.521221] gmake[2]: Leaving directory '/opt/lmbench/src'", "[   87.534317] lat_rpc[1111]: segfault at ffffffe0 ip 00007f705ee17a07 sp 00007ffcd8ec7598 error 4 in libc.so.6[7f705eca4000+188000] likely on CPU 2 (core 2, socket 0)", "[   87.539620] Code: 44 00 00 0f bc c0 48 29 cf 48 8d 44 07 20 c3 0f 1f 40 00 0f bc c0 29 cf 8d 44 07 60 c3 66 0f 1f 44 00 00 48 89 f9 48 83 e7 e0 <62> f1 7d 20 74 07 c5 fb 93 c0 d3 e8 0f 84 ee fe ff ff 0f bc c0 c3", "[  144.046835] make[1]: Leaving directory '/opt/lmbench/src'", "[  144.054130]", "[  144.055021] === Benchmark complete; dumping results at /opt/lmbench/results/x86_64-linux-gnu/ubuntu-testing.0 to aux log ===", "[  144.072104] ============================================", "[  144.083151] Elapsed time: 135.760024635 seconds", "[  144.084822] [TAG: LMBENCH COMPLETE]", "[  144.086257] MICROWAVE FRAMEWORK TESTER", "Stoppin[\u001b[0;32m  OK  \u001b[0m] Removed slice \u001b[0;1;39msystem-modprobe.slice\u001b[0m - Slice /system/modprobe.", "", "[\u001b[0;32m  OK  \u001b[0m] Stopped target \u001b[0;1;39mgraphical.target\u001b[0m - Graphical Interface.", "", "[\u001b[0;32m  OK  \u001b[0m] Stopped target \u001b[0;1;39mmulti-user.target\u001b[0m - Multi-User System.", "", "[\u001b[0;32m  OK  \u001b[0m] Stopped target \u001b[0;1;39mgetty.target\u001b[0m - Login Prompts.", "", "[\u001b[0;32m  OK  \u001b[0m] Stopped target \u001b[0;1;39mnss-lookup.target\u001b[0m - Host and Network Name Lookups.", "", "[\u001b[0;32m  OK  \u001b[0m] Stopped target \u001b[0;1;39mtimers.target\u001b[0m - Timer Units.", "", "[\u001b[0;32m  OK  \u001b[0m] Stopped \u001b[0;1;39mapt-daily-upgrade.timer\u001b[0m - \u2026y apt upgrade and clean activities.", "", "[\u001b[0;32m  OK  \u001b[0m] Stopped \u001b[0;1;39mapt-daily.timer\u001b[0m - Daily apt download activities.", "", "[\u001b[0;32m  OK  \u001b[0m] Stopped \u001b[0;1;39mdpkg-db-backup.timer\u001b[0m - Daily dpkg database backup timer.", "", "[\u001b[0;32m  OK  \u001b[0m] Stopped \u001b[0;1;39me2scrub_all.timer\u001b[0m - Period\u2026Metadata Check for All Filesystems.", "", "[\u001b[0;32m  OK  \u001b[0m] Stopped \u001b[0;1;39mfstrim.timer\u001b[0m - Discard unused filesystem blocks once a week.", "", "[\u001b[0;32m  OK  \u001b[0m] Stopped \u001b[0;1;39mmotd-news.timer\u001b[0m - Message of the Day.", "", "[\u001b[0;32m  OK  \u001b[0m] Stopped \u001b[0;1;39mphpsessionclean.timer\u001b[0m - Clean PHP session files every 30 mins.", "", "[\u001b[0;32m  OK  \u001b[0m] Stopped \u001b[0;1;39msystemd-tmpfiles-clean.tim\u2026\u001b[0my Cleanup of Temporary Directories.", "", "[\u001b[0;32m  OK  \u001b[0m] Stopped target \u001b[0;1;39mtime-set.target\u001b[0m - System Time Set.", "", "[\u001b[0;32m  OK  \u001b[0m] Closed \u001b[0;1;39msystemd-rfkill.socket\u001b[0m - Loa\u2026ll Switch Status /dev/rfkill Watch.", "", "Stopping \u001b[0;1;39mapport.service\u001b[0m - automatic crash report generation...", "", "Stopping \u001b[0;1;39mgetty@tty1.service\u001b[0m - Getty on tty1...", "", "Stopping \u001b[0;1;39mserial-getty@ttyS0.service\u001b[0m - Serial Getty on ttyS0...", "", "[\u001b[0;32m  OK  \u001b[0m] Stopped \u001b[0;1;39msnapd.seeded.service\u001b[0m - Wait until snapd is fully seeded.", "", "Stopping \u001b[0;1;39msystemd-random-seed.service\u001b[0m - Load/Save OS Random Seed...", "", "[\u001b[0;32m  OK  \u001b[0m] Stopped \u001b[0;1;39mserial-getty@ttyS0.service\u001b[0m - Serial Getty on ttyS0.", "", "[\u001b[0;32m  OK  \u001b[0m] Stopped \u001b[0;1;39mgetty@tty1.service\u001b[0m - Getty on tty1.", "", "[\u001b[0;32m  OK  \u001b[0m] Stopped \u001b[0;1;39msession-1.scope\u001b[0m - Session 1 of User root.", "", "[\u001b[0;32m  OK  \u001b[0m] Removed slice \u001b[0;1;39msystem-getty.slice\u001b[0m - Slice /system/getty.", "", "[\u001b[0;32m  OK  \u001b[0m] Removed slice \u001b[0;1;39msystem-serial\\x2dget\u2026slice\u001b[0m - Slice /system/serial-getty.", "", "[\u001b[0;32m  OK  \u001b[0m] Stopped target \u001b[0;1;39mgetty-pre.target\u001b[0m - Preparation for Logins.", "", "Stopping \u001b[0;1;39msystemd-logind.service\u001b[0m - User Login Management...", "", "Stopping \u001b[0;1;39msystemd-user-sessions.service\u001b[0m - Permit User Sessions...", "", "Stopping \u001b[0;1;39muser@0.service\u001b[0m - User Manager for UID 0...", "", "[\u001b[0;32m  OK  \u001b[0m] Stopped \u001b[0;1;39msystemd-random-seed.service\u001b[0m - Load/Save OS Random Seed.", "", "[\u001b[0;32m  OK  \u001b[0m] Stopped \u001b[0;1;39msystemd-user-sessions.service\u001b[0m - Permit User Sessions.", "", "[\u001b[0;32m  OK  \u001b[0m] Stopped target \u001b[0;1;39mnetwork.target\u001b[0m - Network.", "", "Stopping \u001b[0;1;39msystemd-networkd.service\u001b[0m - Network Configuration...", "", "[\u001b[0;32m  OK  \u001b[0m] Stopped \u001b[0;1;39msystemd-networkd.service\u001b[0m - Network Configuration.", "", "[\u001b[0;32m  OK  \u001b[0m] Stopped \u001b[0;1;39msystemd-logind.service\u001b[0m - User Login Management.", "", "[\u001b[0;32m  OK  \u001b[0m] Stopped \u001b[0;1;39muser@0.service\u001b[0m - User Manager for UID 0.", "", "Stopping \u001b[0;1;39muser-runtime-dir@0.servic\u2026\u001b[0mer Runtime Directory /run/user/0...", "", "[\u001b[0;32m  OK  \u001b[0m] Unmounted \u001b[0;1;39mrun-user-0.mount\u001b[0m - /run/user/0.", "", "[\u001b[0;32m  OK  \u001b[0m] Stopped \u001b[0;1;39muser-runtime-dir@0.service\u001b[0m\u2026User Runtime Directory /run/user/0.", "", "[\u001b[0;32m  OK  \u001b[0m] Removed slice \u001b[0;1;39muser-0.slice\u001b[0m - User Slice of UID 0.", "", "[\u001b[0;32m  OK  \u001b[0m] Stopped \u001b[0;1;39mapport.service\u001b[0m - automatic crash report generation.", "", "[\u001b[0;32m  OK  \u001b[0m] Stopped target \u001b[0;1;39mbasic.target\u001b[0m - Basic System.", "", "[\u001b[0;32m  OK  \u001b[0m] Stopped target \u001b[0;1;39mpaths.target\u001b[0m - Path Units.", "", "[\u001b[0;32m  OK  \u001b[0m] Stopped target \u001b[0;1;39mremote-fs.target\u001b[0m - Remote File Systems.", "", "[\u001b[0;32m  OK  \u001b[0m] Stopped target \u001b[0;1;39mslices.target\u001b[0m - Slice Units.", "", "[\u001b[0;32m  OK  \u001b[0m] Removed slice \u001b[0;1;39muser.slice\u001b[0m - User and Session Slice.", "", "[\u001b[0;32m  OK  \u001b[0m] Stopped target \u001b[0;1;39msockets.target\u001b[0m - Socket Units.", "", "[\u001b[0;32m  OK  \u001b[0m] Closed \u001b[0;1;39mlxd-installer.socket\u001b[0m - Helper to install lxd snap on demand.", "", "[\u001b[0;32m  OK  \u001b[0m] Closed \u001b[0;1;39msnapd.socket\u001b[0m - Socket activation for snappy daemon.", "", "[\u001b[0;32m  OK  \u001b[0m] Closed \u001b[0;1;39mssh.socket\u001b[0m - OpenBSD Secure Shell server socket.", "", "[\u001b[0;32m  OK  \u001b[0m] Stopped target \u001b[0;1;39msysinit.target\u001b[0m - System Initialization.", "", "[\u001b[0;32m  OK  \u001b[0m] Stopped target \u001b[0;1;39mcryptsetup.target\u001b[0m - Local Encrypted Volumes.", "", "[\u001b[0;32m  OK  \u001b[0m] Stopped \u001b[0;1;39msystemd-ask-password-conso\u2026\u001b[0mequests to Console Directory Watch.", "", "[\u001b[0;32m  OK  \u001b[0m] Stopped \u001b[0;1;39msystemd-ask-password-wall.\u2026\u001b[0md Requests to Wall Directory Watch.", "", "[\u001b[0;32m  OK  \u001b[0m] Stopped target \u001b[0;1;39mintegritysetup.targ\u2026\u001b[0m Local Integrity Protected Volumes.", "", "[\u001b[0;32m  OK  \u001b[0m] Stopped target \u001b[0;1;39mswap.target\u001b[0m - Swaps.", "", "[\u001b[0;32m  OK  \u001b[0m] Stopped target \u001b[0;1;39mveritysetup.target\u001b[0m - Local Verity Protected Volumes.", "", "[\u001b[0;32m  OK  \u001b[0m] Closed \u001b[0;1;39msystemd-networkd.socket\u001b[0m - Network Service Netlink Socket.", "", "Stopping \u001b[0;1;39msystemd-binfmt.service\u001b[0m - Set Up Additional Binary Formats...", "", "Stopping \u001b[0;1;39msystemd-resolved.service\u001b[0m - Network Name Resolution...", "", "Stopping \u001b[0;1;39msystemd-timesyncd.service\u001b[0m - Network Time Synchronization...", "", "[\u001b[0;32m  OK  \u001b[0m] Stopped \u001b[0;1;39msystemd-update-done.service\u001b[0m - Update is Completed.", "", "[\u001b[0;32m  OK  \u001b[0m] Stopped \u001b[0;1;39mldconfig.service\u001b[0m - Rebuild Dynamic Linker Cache.", "", "[\u001b[0;32m  OK  \u001b[0m] Stopped \u001b[0;1;39msystemd-journal-catalog-up\u2026.service\u001b[0m - Rebuild Journal Catalog.", "", "Stopping \u001b[0;1;39msystemd-update-utmp.servi\u2026\u001b[0mord System Boot/Shutdown in UTMP...", "", "[\u001b[0;32m  OK  \u001b[0m] Stopped \u001b[0;1;39msystemd-resolved.service\u001b[0m - Network Name Resolution.", "", "[\u001b[0;32m  OK  \u001b[0m] Stopped \u001b[0;1;39msystemd-timesyncd.service\u001b[0m - Network Time Synchronization.", "", "[\u001b[0;32m  OK  \u001b[0m] Stopped \u001b[0;1;39msystemd-binfmt.service\u001b[0m - Set Up Additional Binary Formats.", "", "[\u001b[0;32m  OK  \u001b[0m] Unset automount \u001b[0;1;39mproc-sys-fs-binfmt\u2026\u001b[0mormats File System Automount Point.", "", "[\u001b[0;32m  OK  \u001b[0m] Stopped \u001b[0;1;39msystemd-sysctl.service\u001b[0m - Apply Kernel Variables.", "", "[\u001b[0;32m  OK  \u001b[0m] Stopped \u001b[0;1;39msystemd-modules-load.service\u001b[0m - Load Kernel Modules.", "", "[\u001b[0;32m  OK  \u001b[0m] Stopped \u001b[0;1;39msystemd-update-utmp.servic\u2026\u001b[0mecord System Boot/Shutdown in UTMP.", "", "[\u001b[0;32m  OK  \u001b[0m] Stopped \u001b[0;1;39msystemd-tmpfiles-setup.ser\u2026\u001b[0mate Volatile Files and Directories.", "", "[\u001b[0;32m  OK  \u001b[0m] Stopped target \u001b[0;1;39mlocal-fs.target\u001b[0m - Local File Systems.", "", "[\u001b[0;32m  OK  \u001b[0m] Stopped target \u001b[0;1;39msnapd.mounts.target\u001b[0m - Mounted snaps.", "", "[\u001b[0;32m  OK  \u001b[0m] Stopped target \u001b[0;1;39msnapd.mounts-pre.target\u001b[0m - Mounting snaps.", "", "Unmounting \u001b[0;1;39mboot-efi.mount\u001b[0m - /boot/efi...", "", "[\u001b[0;32m  OK  \u001b[0m] Unmounted \u001b[0;1;39mboot-efi.mount\u001b[0m - /boot/efi.", "", "Unmounting \u001b[0;1;39mboot.mount\u001b[0m - /boot...", "", "[  144.723488] EXT4-fs (vda16): unmounting filesystem 7164fb69-891e-447e-91ac-9486a0886759.", "[\u001b[0;32m  OK  \u001b[0m] Unmounted \u001b[0;1;39mboot.mount\u001b[0m - /boot.", "", "[\u001b[0;32m  OK  \u001b[0m] Reached target \u001b[0;1;39mumount.target\u001b[0m - Unmount All Filesystems.", "", "[\u001b[0;32m  OK  \u001b[0m] Stopped \u001b[0;1;39msystemd-fsck@dev-disk-by\\x\u2026\u001b[0mm Check on /dev/disk/by-label/BOOT.", "", "[\u001b[0;32m  OK  \u001b[0m] Removed slice \u001b[0;1;39msystem-systemd\\x2dfs\u2026slice\u001b[0m - Slice /system/systemd-fsck.", "", "[\u001b[0;32m  OK  \u001b[0m] Stopped target \u001b[0;1;39mlocal-fs-pre.target\u001b[0m\u2026Preparation for Local File Systems.", "", "[\u001b[0;32m  OK  \u001b[0m] Stopped \u001b[0;1;39msystemd-tmpfiles-setup-dev\u2026\u001b[0mCreate Static Device Nodes in /dev.", "", "[\u001b[0;32m  OK  \u001b[0m] Stopped \u001b[0;1;39msystemd-sysusers.service\u001b[0m - Create System Users.", "", "[\u001b[0;32m  OK  \u001b[0m] Stopped \u001b[0;1;39msystemd-remount-fs.service\u001b[0m\u2026mount Root and Kernel File Systems.", "", "[\u001b[0;32m  OK  \u001b[0m] Stopped \u001b[0;1;39msystemd-fsck-root.service\u001b[0m - File System Check on Root Device.", "", "[\u001b[0;32m  OK  \u001b[0m] Stopped \u001b[0;1;39msystemd-tmpfiles-setup-dev\u2026\u001b[0mic Device Nodes in /dev gracefully.", "", "[\u001b[0;32m  OK  \u001b[0m] Reached target \u001b[0;1;39mshutdown.target\u001b[0m - System Shutdown.", "", "[\u001b[0;32m  OK  \u001b[0m] Reached target \u001b[0;1;39mfinal.target\u001b[0m - Late Shutdown Services.", "", "[\u001b[0;32m  OK  \u001b[0m] Finished \u001b[0;1;39msystemd-poweroff.service\u001b[0m - System Power Off.", "", "[\u001b[0;32m  OK  \u001b[0m] Reached target \u001b[0;1;39mpoweroff.target\u001b[0m - System Power Off.", "", "[  144.843794] systemd-shutdown[1]: Syncing filesystems and block devices.", "[  144.865420] systemd-shutdown[1]: Sending SIGTERM to remaining processes...", "[  144.878227] systemd-journald[131]: Received SIGTERM from PID 1 (systemd-shutdow).", "[  144.890057] systemd-shutdown[1]: Sending SIGKILL to remaining processes...", "[  144.903651] systemd-shutdown[1]: Unmounting file systems.", "[  144.907344] (sd-remount)[2678]: Remounting '/' read-only with options 'discard,errors=remount-ro,commit=30'.", "[  144.934858] EXT4-fs (vda1): re-mounted c8107c30-aa3b-40eb-bd2a-416a91df85e7 ro. Quota mode: none.", "[  144.949819] systemd-shutdown[1]: All filesystems unmounted.", "[  144.951918] systemd-shutdown[1]: Deactivating swaps.", "[  144.953833] systemd-shutdown[1]: All swaps deactivated.", "[  144.955761] systemd-shutdown[1]: Detaching loop devices.", "[  144.962191] systemd-shutdown[1]: All loop devices detached.", "[  144.964325] systemd-shutdown[1]: Stopping MD devices.", "[  144.966355] systemd-shutdown[1]: All MD devices stopped.", "[  144.968303] systemd-shutdown[1]: Detaching DM devices.", "[  144.970242] systemd-shutdown[1]: All DM devices detached.", "[  144.972150] systemd-shutdown[1]: All filesystems, swaps, loop devices, MD devices and DM devices detached.", "[  144.976928] systemd-shutdown[1]: Syncing filesystems and block devices.", "[  144.979381] systemd-shutdown[1]: Powering off.", "[  144.982795] ACPI: PM: Preparing to enter system sleep state S5", "[  144.985254] reboot: Power down", "Aux log file:", "Using config in CONFIG.ubuntu-testing", "Tue May 13 08:58:34 UTC 2025", "Latency measurements", "Tue May 13 08:58:47 UTC 2025", "Local networking", "Tue May 13 08:59:50 UTC 2025", "Bandwidth measurements", "Tue May 13 09:00:41 UTC 2025", "Calculating context switch overhead", "Tue May 13 09:00:46 UTC 2025", "[TAG: AUX LMBENCH RESULTS]", "[lmbench3.0 results for Linux ubuntu-testing 6.8.0 #1 SMP PREEMPT_DYNAMIC Wed May 14 08:59:31 UTC 2025 x86_64 x86_64 x86_64 GNU/Linux]", "[LMBENCH_VER: ]", "[BENCHMARK_HARDWARE: NO]", "[BENCHMARK_OS: NO]", "[ALL: 512 1k 2k 4k 8k 16k 32k 64k 128k 256k 512k 1m 2m 4m 8m 16m 32m 64m 128m 256m 512m 1024m 2048m 4096m]", "[DISKS: ]", "[DISK_DESC: ]", "[ENOUGH: 5000]", "[FAST: ]", "[FASTMEM: NO]", "[FILE: /var/tmp/XXX]", "[FSDIR: /var/tmp]", "[HALF: 512 1k 2k 4k 8k 16k 32k 64k 128k 256k 512k 1m 2m 4m 8m 16m 32m 64m 128m 256m 512m 1024m 2048m]", "[INFO: INFO.ubuntu-testing]", "[LINE_SIZE: ]", "[LOOP_O: 0.00000000]", "[MB: 5557]", "[MHZ: 1690 MHz, 0.5917 nanosec clock]", "[MOTHERBOARD: ]", "[NETWORKS: ]", "[PROCESSORS: 8]", "[REMOTE: ]", "[SLOWFS: YES]", "[OS: x86_64-linux-gnu]", "[SYNC_MAX: 1]", "[LMBENCH_SCHED: DEFAULT]", "[TIMING_O: 0]", "[LMBENCH VERSION: lmbench-3alpha4]", "[USER: root]", "[HOSTNAME: ubuntu-testing]", "[NODENAME: ubuntu-testing]", "[SYSNAME: Linux]", "[PROCESSOR: x86_64]", "[MACHINE: x86_64]", "[RELEASE: 6.8.0]", "[VERSION: #1 SMP PREEMPT_DYNAMIC Wed May 14 08:59:31 UTC 2025]", "[Tue May 13 08:58:34 UTC 2025]", "[ 08:58:34 up 0 min, 1 user, load average: 0.16, 0.03, 0.01]", "[net: Kernel Interface table]", "Kernel: error fetching interface information: Device not found", "[net: Iface             MTU    RX-OK RX-ERR RX-DRP RX-OVR    TX-OK TX-ERR TX-DRP TX-OVR Flg]", "Iface: error fetching interface information: Device not found", "[net: ens3             1500        3      0      0 0            11      0      0      0 BMRU]", "[if: ens3: flags=4163<UP,BROADCAST,RUNNING,MULTICAST>  mtu 1500]", "[if: inet 10.0.2.15  netmask 255.255.255.0  broadcast 10.0.2.255]", "[if: inet6 fe80::5054:ff:fe12:3456  prefixlen 64  scopeid 0x20<link>]", "[if: inet6 fec0::5054:ff:fe12:3456  prefixlen 64  scopeid 0x40<site>]", "[if: ether 52:54:00:12:34:56  txqueuelen 1000  (Ethernet)]", "[if: RX packets 3  bytes 1290 (1.2 KB)]", "[if: RX errors 0  dropped 0  overruns 0  frame 0]", "[if: TX packets 11  bytes 1478 (1.4 KB)]", "[if: TX errors 0  dropped 0 overruns 0  carrier 0  collisions 0]", "[if: ]", "[net: lo              65536       80      0      0 0            80      0      0      0 LRU]", "[if: lo: flags=73<UP,LOOPBACK,RUNNING>  mtu 65536]", "[if: inet 127.0.0.1  netmask 255.0.0.0]", "[if: inet6 ::1  prefixlen 128  scopeid 0x10<host>]", "[if: loop  txqueuelen 1000  (Local Loopback)]", "[if: RX packets 80  bytes 5920 (5.9 KB)]", "[if: RX errors 0  dropped 0  overruns 0  frame 0]", "[if: TX packets 80  bytes 5920 (5.9 KB)]", "[if: TX errors 0  dropped 0 overruns 0  carrier 0  collisions 0]", "[if: ]", "[mount: /dev/vda1 on / type ext4 (rw,relatime,discard,errors=remount-ro,commit=30)]", "[mount: devtmpfs on /dev type devtmpfs (rw,relatime,size=3510112k,nr_inodes=877528,mode=755)]", "[mount: proc on /proc type proc (rw,nosuid,nodev,noexec,relatime)]", "[mount: sysfs on /sys type sysfs (rw,nosuid,nodev,noexec,relatime)]", "[mount: selinuxfs on /sys/fs/selinux type selinuxfs (rw,nosuid,noexec,relatime)]", "[mount: tmpfs on /dev/shm type tmpfs (rw,nosuid,nodev)]", "[mount: devpts on /dev/pts type devpts (rw,nosuid,noexec,relatime,gid=5,mode=620,ptmxmode=000)]", "[mount: tmpfs on /run type tmpfs (rw,nosuid,nodev,size=1404664k,nr_inodes=819200,mode=755)]", "[mount: tmpfs on /run/lock type tmpfs (rw,nosuid,nodev,noexec,relatime,size=5120k)]", "[mount: cgroup2 on /sys/fs/cgroup type cgroup2 (rw,nosuid,nodev,noexec,relatime,nsdelegate,memory_recursiveprot)]", "[mount: systemd-1 on /proc/sys/fs/binfmt_misc type autofs (rw,relatime,fd=32,pgrp=1,timeout=0,minproto=5,maxproto=5,direct)]", "[mount: hugetlbfs on /dev/hugepages type hugetlbfs (rw,nosuid,nodev,relatime,pagesize=2M)]", "[mount: mqueue on /dev/mqueue type mqueue (rw,nosuid,nodev,noexec,relatime)]", "[mount: debugfs on /sys/kernel/debug type debugfs (rw,nosuid,nodev,noexec,relatime)]", "[mount: tracefs on /sys/kernel/tracing type tracefs (rw,nosuid,nodev,noexec,relatime)]", "[mount: /dev/vda16 on /boot type ext4 (rw,relatime)]", "[mount: /dev/vda15 on /boot/efi type vfat (rw,relatime,fmask=0077,dmask=0077,codepage=437,iocharset=iso8859-1,shortname=mixed,errors=remount-ro)]", "[mount: binfmt_misc on /proc/sys/fs/binfmt_misc type binfmt_misc (rw,nosuid,nodev,noexec,relatime)]", "[mount: tmpfs on /run/user/0 type tmpfs (rw,nosuid,nodev,relatime,size=702328k,nr_inodes=175582,mode=700)]", "Simple syscall: 0.2624 microseconds", "Simple read: 0.3664 microseconds", "Simple write: 0.3589 microseconds", "Simple stat: 4.4273 microseconds", "Simple fstat: 0.4773 microseconds", "Simple open/close: 9.9130 microseconds", "Select on 10 fd's: 0.5543 microseconds", "Select on 100 fd's: 2.4801 microseconds", "Select on 250 fd's: 5.6736 microseconds", "Select on 500 fd's: 13.8163 microseconds", "Select on 10 tcp fd's: 0.6429 microseconds", "Select on 100 tcp fd's: 6.3361 microseconds", "Select on 250 tcp fd's: 15.8863 microseconds", "Select on 500 tcp fd's: 34.6818 microseconds", "Pipe latency: 60.7522 microseconds", "AF_UNIX sock stream latency: 59.8953 microseconds", "Process fork+exit: 642.2500 microseconds", "Process fork+execve: 1930.3333 microseconds", "Process fork+/bin/sh -c: 3646.0000 microseconds", "x: No such file or directory", "Usage: lat_udp -s serverhost", "OR [-S] [-m <message size>] [-P <parallelism>] [-W <warmup>] [-N <repetitions>] server", "NOTE: message size must be >= 4", "Usage: lat_tcp -s serverhost [-b <backlog>]", "OR [-m <message size>] [-P <parallelism>] [-W <warmup>] [-N <repetitions>] server", "OR -S server", "Usage: lat_connect -s serverhost [-b <backlog>]", "OR [-S] [-N <repetitions>] server", "unable to register (XACT_PROG, XACT_VERS, udp).", "Usage: bw_tcp -s serverhost [-b <backlog>]", "OR [-m <message size>] [-M <bytes to move>] [-P <parallelism>] [-W <warmup>] [-N <repetitions>] server", "OR -S serverhost", "Segmentation fault (core dumped)", "AF_UNIX sock stream bandwidth: 3249.16 MB/sec", "Pipe bandwidth: 761.31 MB/sec", "", "", "\"size=0k ovr=1.19", "2 31.56", "4 48.68", "8 62.16", "16 67.35", "24 71.12", "32 71.81", "64 68.01", "96 67.78", "", "\"size=4k ovr=1.32", "2 56.47", "4 46.44", "8 67.80", "16 72.68", "24 67.40", "32 69.68", "64 68.33", "96 69.11", "", "\"size=8k ovr=1.49", "2 56.91", "4 36.37", "8 61.29", "16 66.88", "24 69.85", "32 72.77", "64 72.32", "96 74.40", "", "\"size=16k ovr=1.68", "2 36.07", "4 43.22", "8 66.51", "16 62.64", "24 69.99", "32 67.55", "64 70.92", "96 75.80", "", "\"size=32k ovr=2.27", "2 35.84", "4 34.60", "8 61.19", "16 74.55", "24 78.52", "32 68.91", "64 73.34", "96 70.35", "", "\"size=64k ovr=3.33", "2 31.49", "4 33.13", "8 61.63", "16 66.66", "24 74.53", "32 78.69", "64 80.62", "96 74.90", "", "", "[Tue May 13 09:00:46 UTC 2025]", "[TAG: AUX LMBENCH RESULTS END]", "[TAG: AUX LMBENCH RESULTS BASE64]", "W2xtYmVuY2gzLjAgcmVzdWx0cyBmb3IgTGludXggdWJ1bnR1LXRlc3RpbmcgNi44LjAgIzEgU01QIFBSRUVNUFRfRFlOQU1JQyBXZWQgTWF5IDE0IDA4OjU5OjMxIFVUQyAyMDI1IHg4Nl82NCB4ODZfNjQgeDg2XzY0IEdOVS9MaW51eF0KW0xNQkVOQ0hfVkVSOiBdCltCRU5DSE1BUktfSEFSRFdBUkU6IE5PXQpbQkVOQ0hNQVJLX09TOiBOT10KW0FMTDogNTEyIDFrIDJrIDRrIDhrIDE2ayAzMmsgNjRrIDEyOGsgMjU2ayA1MTJrIDFtIDJtIDRtIDhtIDE2bSAzMm0gNjRtIDEyOG0gMjU2bSA1MTJtIDEwMjRtIDIwNDhtIDQwOTZtXQpbRElTS1M6IF0KW0RJU0tfREVTQzogXQpbRU5PVUdIOiA1MDAwXQpbRkFTVDogXQpbRkFTVE1FTTogTk9dCltGSUxFOiAvdmFyL3RtcC9YWFhdCltGU0RJUjogL3Zhci90bXBdCltIQUxGOiA1MTIgMWsgMmsgNGsgOGsgMTZrIDMyayA2NGsgMTI4ayAyNTZrIDUxMmsgMW0gMm0gNG0gOG0gMTZtIDMybSA2NG0gMTI4bSAyNTZtIDUxMm0gMTAyNG0gMjA0OG1dCltJTkZPOiBJTkZPLnVidW50dS10ZXN0aW5nXQpbTElORV9TSVpFOiBdCltMT09QX086IDAuMDAwMDAwMDBdCltNQjogNTU1N10KW01IWjogMTY5MCBNSHosIDAuNTkxNyBuYW5vc2VjIGNsb2NrXQpbTU9USEVSQk9BUkQ6IF0KW05FVFdPUktTOiBdCltQUk9DRVNTT1JTOiA4XQpbUkVNT1RFOiBdCltTTE9XRlM6IFlFU10KW09TOiB4ODZfNjQtbGludXgtZ251XQpbU1lOQ19NQVg6IDFdCltMTUJFTkNIX1NDSEVEOiBERUZBVUxUXQpbVElNSU5HX086IDBdCltMTUJFTkNIIFZFUlNJT046IGxtYmVuY2gtM2FscGhhNF0KW1VTRVI6IHJvb3RdCltIT1NUTkFNRTogdWJ1bnR1LXRlc3RpbmddCltOT0RFTkFNRTogdWJ1bnR1LXRlc3RpbmddCltTWVNOQU1FOiBMaW51eF0KW1BST0NFU1NPUjogeDg2XzY0XQpbTUFDSElORTogeDg2XzY0XQpbUkVMRUFTRTogNi44LjBdCltWRVJTSU9OOiAjMSBTTVAgUFJFRU1QVF9EWU5BTUlDIFdlZCBNYXkgMTQgMDg6NTk6MzEgVVRDIDIwMjVdCltTYXQgTWF5IDE3IDA4OjU4OjM0IFVUQyAyMDI1XQpbIDA4OjU4OjM0IHVwIDAgbWluLCAxIHVzZXIsIGxvYWQgYXZlcmFnZTogMC4xNiwgMC4wMywgMC4wMV0KW25ldDogS2VybmVsIEludGVyZmFjZSB0YWJsZV0KS2VybmVsOiBlcnJvciBmZXRjaGluZyBpbnRlcmZhY2UgaW5mb3JtYXRpb246IERldmljZSBub3QgZm91bmQKW25ldDogSWZhY2UgICAgICAgICAgICAgTVRVICAgIFJYLU9LIFJYLUVSUiBSWC1EUlAgUlgtT1ZSICAgIFRYLU9LIFRYLUVSUiBUWC1EUlAgVFgtT1ZSIEZsZ10KSWZhY2U6IGVycm9yIGZldGNoaW5nIGludGVyZmFjZSBpbmZvcm1hdGlvbjogRGV2aWNlIG5vdCBmb3VuZApbbmV0OiBlbnMzICAgICAgICAgICAgIDE1MDAgICAgICAgIDMgICAgICAwICAgICAgMCAwICAgICAgICAgICAgMTEgICAgICAwICAgICAgMCAgICAgIDAgQk1SVV0KW2lmOiBlbnMzOiBmbGFncz00MTYzPFVQLEJST0FEQ0FTVCxSVU5OSU5HLE1VTFRJQ0FTVD4gIG10dSAxNTAwXQpbaWY6IGluZXQgMTAuMC4yLjE1ICBuZXRtYXNrIDI1NS4yNTUuMjU1LjAgIGJyb2FkY2FzdCAxMC4wLjIuMjU1XQpbaWY6IGluZXQ2IGZlODA6OjUwNTQ6ZmY6ZmUxMjozNDU2ICBwcmVmaXhsZW4gNjQgIHNjb3BlaWQgMHgyMDxsaW5rPl0KW2lmOiBpbmV0NiBmZWMwOjo1MDU0OmZmOmZlMTI6MzQ1NiAgcHJlZml4bGVuIDY0ICBzY29wZWlkIDB4NDA8c2l0ZT5dCltpZjogZXRoZXIgNTI6NTQ6MDA6MTI6MzQ6NTYgIHR4cXVldWVsZW4gMTAwMCAgKEV0aGVybmV0KV0KW2lmOiBSWCBwYWNrZXRzIDMgIGJ5dGVzIDEyOTAgKDEuMiBLQildCltpZjogUlggZXJyb3JzIDAgIGRyb3BwZWQgMCAgb3ZlcnJ1bnMgMCAgZnJhbWUgMF0KW2lmOiBUWCBwYWNrZXRzIDExICBieXRlcyAxNDc4ICgxLjQgS0IpXQpbaWY6IFRYIGVycm9ycyAwICBkcm9wcGVkIDAgb3ZlcnJ1bnMgMCAgY2FycmllciAwICBjb2xsaXNpb25zIDBdCltpZjogXQpbbmV0OiBsbyAgICAgICAgICAgICAgNjU1MzYgICAgICAgODAgICAgICAwICAgICAgMCAwICAgICAgICAgICAgODAgICAgICAwICAgICAgMCAgICAgIDAgTFJVXQpbaWY6IGxvOiBmbGFncz03MzxVUCxMT09QQkFDSyxSVU5OSU5HPiAgbXR1IDY1NTM2XQpbaWY6IGluZXQgMTI3LjAuMC4xICBuZXRtYXNrIDI1NS4wLjAuMF0KW2lmOiBpbmV0NiA6OjEgIHByZWZpeGxlbiAxMjggIHNjb3BlaWQgMHgxMDxob3N0Pl0KW2lmOiBsb29wICB0eHF1ZXVlbGVuIDEwMDAgIChMb2NhbCBMb29wYmFjayldCltpZjogUlggcGFja2V0cyA4MCAgYnl0ZXMgNTkyMCAoNS45IEtCKV0KW2lmOiBSWCBlcnJvcnMgMCAgZHJvcHBlZCAwICBvdmVycnVucyAwICBmcmFtZSAwXQpbaWY6IFRYIHBhY2tldHMgODAgIGJ5dGVzIDU5MjAgKDUuOSBLQildCltpZjogVFggZXJyb3JzIDAgIGRyb3BwZWQgMCBvdmVycnVucyAwICBjYXJyaWVyIDAgIGNvbGxpc2lvbnMgMF0KW2lmOiBdClttb3VudDogL2Rldi92ZGExIG9uIC8gdHlwZSBleHQ0IChydyxyZWxhdGltZSxkaXNjYXJkLGVycm9ycz1yZW1vdW50LXJvLGNvbW1pdD0zMCldClttb3VudDogZGV2dG1wZnMgb24gL2RldiB0eXBlIGRldnRtcGZzIChydyxyZWxhdGltZSxzaXplPTM1MTAxMTJrLG5yX2lub2Rlcz04Nzc1MjgsbW9kZT03NTUpXQpbbW91bnQ6IHByb2Mgb24gL3Byb2MgdHlwZSBwcm9jIChydyxub3N1aWQsbm9kZXYsbm9leGVjLHJlbGF0aW1lKV0KW21vdW50OiBzeXNmcyBvbiAvc3lzIHR5cGUgc3lzZnMgKHJ3LG5vc3VpZCxub2Rldixub2V4ZWMscmVsYXRpbWUpXQpbbW91bnQ6IHNlbGludXhmcyBvbiAvc3lzL2ZzL3NlbGludXggdHlwZSBzZWxpbnV4ZnMgKHJ3LG5vc3VpZCxub2V4ZWMscmVsYXRpbWUpXQpbbW91bnQ6IHRtcGZzIG9uIC9kZXYvc2htIHR5cGUgdG1wZnMgKHJ3LG5vc3VpZCxub2RldildClttb3VudDogZGV2cHRzIG9uIC9kZXYvcHRzIHR5cGUgZGV2cHRzIChydyxub3N1aWQsbm9leGVjLHJlbGF0aW1lLGdpZD01LG1vZGU9NjIwLHB0bXhtb2RlPTAwMCldClttb3VudDogdG1wZnMgb24gL3J1biB0eXBlIHRtcGZzIChydyxub3N1aWQsbm9kZXYsc2l6ZT0xNDA0NjY0ayxucl9pbm9kZXM9ODE5MjAwLG1vZGU9NzU1KV0KW21vdW50OiB0bXBmcyBvbiAvcnVuL2xvY2sgdHlwZSB0bXBmcyAocncsbm9zdWlkLG5vZGV2LG5vZXhlYyxyZWxhdGltZSxzaXplPTUxMjBrKV0KW21vdW50OiBjZ3JvdXAyIG9uIC9zeXMvZnMvY2dyb3VwIHR5cGUgY2dyb3VwMiAocncsbm9zdWlkLG5vZGV2LG5vZXhlYyxyZWxhdGltZSxuc2RlbGVnYXRlLG1lbW9yeV9yZWN1cnNpdmVwcm90KV0KW21vdW50OiBzeXN0ZW1kLTEgb24gL3Byb2Mvc3lzL2ZzL2JpbmZtdF9taXNjIHR5cGUgYXV0b2ZzIChydyxyZWxhdGltZSxmZD0zMixwZ3JwPTEsdGltZW91dD0wLG1pbnByb3RvPTUsbWF4cHJvdG89NSxkaXJlY3QpXQpbbW91bnQ6IGh1Z2V0bGJmcyBvbiAvZGV2L2h1Z2VwYWdlcyB0eXBlIGh1Z2V0bGJmcyAocncsbm9zdWlkLG5vZGV2LHJlbGF0aW1lLHBhZ2VzaXplPTJNKV0KW21vdW50OiBtcXVldWUgb24gL2Rldi9tcXVldWUgdHlwZSBtcXVldWUgKHJ3LG5vc3VpZCxub2Rldixub2V4ZWMscmVsYXRpbWUpXQpbbW91bnQ6IGRlYnVnZnMgb24gL3N5cy9rZXJuZWwvZGVidWcgdHlwZSBkZWJ1Z2ZzIChydyxub3N1aWQsbm9kZXYsbm9leGVjLHJlbGF0aW1lKV0KW21vdW50OiB0cmFjZWZzIG9uIC9zeXMva2VybmVsL3RyYWNpbmcgdHlwZSB0cmFjZWZzIChydyxub3N1aWQsbm9kZXYsbm9leGVjLHJlbGF0aW1lKV0KW21vdW50OiAvZGV2L3ZkYTE2IG9uIC9ib290IHR5cGUgZXh0NCAocncscmVsYXRpbWUpXQpbbW91bnQ6IC9kZXYvdmRhMTUgb24gL2Jvb3QvZWZpIHR5cGUgdmZhdCAocncscmVsYXRpbWUsZm1hc2s9MDA3NyxkbWFzaz0wMDc3LGNvZGVwYWdlPTQzNyxpb2NoYXJzZXQ9aXNvODg1OS0xLHNob3J0bmFtZT1taXhlZCxlcnJvcnM9cmVtb3VudC1ybyldClttb3VudDogYmluZm10X21pc2Mgb24gL3Byb2Mvc3lzL2ZzL2JpbmZtdF9taXNjIHR5cGUgYmluZm10X21pc2MgKHJ3LG5vc3VpZCxub2Rldixub2V4ZWMscmVsYXRpbWUpXQpbbW91bnQ6IHRtcGZzIG9uIC9ydW4vdXNlci8wIHR5cGUgdG1wZnMgKHJ3LG5vc3VpZCxub2RldixyZWxhdGltZSxzaXplPTcwMjMyOGssbnJfaW5vZGVzPTE3NTU4Mixtb2RlPTcwMCldClNpbXBsZSBzeXNjYWxsOiAwLjI2MjQgbWljcm9zZWNvbmRzClNpbXBsZSByZWFkOiAwLjM2NjQgbWljcm9zZWNvbmRzClNpbXBsZSB3cml0ZTogMC4zNTg5IG1pY3Jvc2Vjb25kcwpTaW1wbGUgc3RhdDogNC40MjczIG1pY3Jvc2Vjb25kcwpTaW1wbGUgZnN0YXQ6IDAuNDc3MyBtaWNyb3NlY29uZHMKU2ltcGxlIG9wZW4vY2xvc2U6IDkuOTEzMCBtaWNyb3NlY29uZHMKU2VsZWN0IG9uIDEwIGZkJ3M6IDAuNTU0MyBtaWNyb3NlY29uZHMKU2VsZWN0IG9uIDEwMCBmZCdzOiAyLjQ4MDEgbWljcm9zZWNvbmRzClNlbGVjdCBvbiAyNTAgZmQnczogNS42NzM2IG1pY3Jvc2Vjb25kcwpTZWxlY3Qgb24gNTAwIGZkJ3M6IDEzLjgxNjMgbWljcm9zZWNvbmRzClNlbGVjdCBvbiAxMCB0Y3AgZmQnczogMC42NDI5IG1pY3Jvc2Vjb25kcwpTZWxlY3Qgb24gMTAwIHRjcCBmZCdzOiA2LjMzNjEgbWljcm9zZWNvbmRzClNlbGVjdCBvbiAyNTAgdGNwIGZkJ3M6IDE1Ljg4NjMgbWljcm9zZWNvbmRzClNlbGVjdCBvbiA1MDAgdGNwIGZkJ3M6IDM0LjY4MTggbWljcm9zZWNvbmRzClBpcGUgbGF0ZW5jeTogNjAuNzUyMiBtaWNyb3NlY29uZHMKQUZfVU5JWCBzb2NrIHN0cmVhbSBsYXRlbmN5OiA1OS44OTUzIG1pY3Jvc2Vjb25kcwpQcm9jZXNzIGZvcmsrZXhpdDogNjQyLjI1MDAgbWljcm9zZWNvbmRzClByb2Nlc3MgZm9yaytleGVjdmU6IDE5MzAuMzMzMyBtaWNyb3NlY29uZHMKUHJvY2VzcyBmb3JrKy9iaW4vc2ggLWM6IDM2NDYuMDAwMCBtaWNyb3NlY29uZHMKeDogTm8gc3VjaCBmaWxlIG9yIGRpcmVjdG9yeQpVc2FnZTogbGF0X3VkcCAtcyBzZXJ2ZXJob3N0CiBPUiBbLVNdIFstbSA8bWVzc2FnZSBzaXplPl0gWy1QIDxwYXJhbGxlbGlzbT5dIFstVyA8d2FybXVwPl0gWy1OIDxyZXBldGl0aW9ucz5dIHNlcnZlcgogTk9URTogbWVzc2FnZSBzaXplIG11c3QgYmUgPj0gNApVc2FnZTogbGF0X3RjcCAtcyBzZXJ2ZXJob3N0IFstYiA8YmFja2xvZz5dCiBPUiBbLW0gPG1lc3NhZ2Ugc2l6ZT5dIFstUCA8cGFyYWxsZWxpc20+XSBbLVcgPHdhcm11cD5dIFstTiA8cmVwZXRpdGlvbnM+XSBzZXJ2ZXIKIE9SIC1TIHNlcnZlcgpVc2FnZTogbGF0X2Nvbm5lY3QgLXMgc2VydmVyaG9zdCBbLWIgPGJhY2tsb2c+XQogT1IgWy1TXSBbLU4gPHJlcGV0aXRpb25zPl0gc2VydmVyCnVuYWJsZSB0byByZWdpc3RlciAoWEFDVF9QUk9HLCBYQUNUX1ZFUlMsIHVkcCkuClVzYWdlOiBid190Y3AgLXMgc2VydmVyaG9zdCBbLWIgPGJhY2tsb2c+XQogT1IgWy1tIDxtZXNzYWdlIHNpemU+XSBbLU0gPGJ5dGVzIHRvIG1vdmU+XSBbLVAgPHBhcmFsbGVsaXNtPl0gWy1XIDx3YXJtdXA+XSBbLU4gPHJlcGV0aXRpb25zPl0gc2VydmVyCiBPUiAtUyBzZXJ2ZXJob3N0ClNlZ21lbnRhdGlvbiBmYXVsdCAoY29yZSBkdW1wZWQpCkFGX1VOSVggc29jayBzdHJlYW0gYmFuZHdpZHRoOiAzMjQ5LjE2IE1CL3NlYwpQaXBlIGJhbmR3aWR0aDogNzYxLjMxIE1CL3NlYwoKCiJzaXplPTBrIG92cj0xLjE5CjIgMzEuNTYKNCA0OC42OAo4IDYyLjE2CjE2IDY3LjM1CjI0IDcxLjEyCjMyIDcxLjgxCjY0IDY4LjAxCjk2IDY3Ljc4Cgoic2l6ZT00ayBvdnI9MS4zMgoyIDU2LjQ3CjQgNDYuNDQKOCA2Ny44MAoxNiA3Mi42OAoyNCA2Ny40MAozMiA2OS42OAo2NCA2OC4zMwo5NiA2OS4xMQoKInNpemU9OGsgb3ZyPTEuNDkKMiA1Ni45MQo0IDM2LjM3CjggNjEuMjkKMTYgNjYuODgKMjQgNjkuODUKMzIgNzIuNzcKNjQgNzIuMzIKOTYgNzQuNDAKCiJzaXplPTE2ayBvdnI9MS42OAoyIDM2LjA3CjQgNDMuMjIKOCA2Ni41MQoxNiA2Mi42NAoyNCA2OS45OQozMiA2Ny41NQo2NCA3MC45Mgo5NiA3NS44MAoKInNpemU9MzJrIG92cj0yLjI3CjIgMzUuODQKNCAzNC42MAo4IDYxLjE5CjE2IDc0LjU1CjI0IDc4LjUyCjMyIDY4LjkxCjY0IDczLjM0Cjk2IDcwLjM1Cgoic2l6ZT02NGsgb3ZyPTMuMzMKMiAzMS40OQo0IDMzLjEzCjggNjEuNjMKMTYgNjYuNjYKMjQgNzQuNTMKMzIgNzguNjkKNjQgODAuNjIKOTYgNzQuOTAKCgpbU2F0IE1heSAxNyAwOTowMDo0NiBVVEMgMjAyNV0K[TAG: AUX LMBENCH RESULTS BASE64 END]"], "metadata": {"test_marker": "MICROWAVE FRAMEWORK TESTER"}}