{"lines": ["IMAGE_PATH: /home/denzelgfarmer/KernelSecurityBenchmarks/Microwave/.working/test_lmbench_on_spectre_v2-linux.img", "KERNEL_PATH: /home/denzelgfarmer/KernelSecurityBenchmarks/Microwave/.working/temp/linux/install/boot/vmlinuz-6.8.0", "LOG_PATH: /home/denzelgfarmer/KernelSecurityBenchmarks/Microwave/microwave2/runners/aux_logfile.txt", "KERNEL_ARGS: console=ttyS0,115200 earlyprintk=serial,ttyS0,115200 ignore_loglevel root=/dev/vda1 nospectre_v1 spectre_v2=on spectre_v2_user=on retbleed=off pti=off spec_rstack_overflow=off", "+ '[' -z /home/denzelgfarmer/KernelSecurityBenchmarks/Microwave/.working/test_lmbench_on_spectre_v2-linux.img ']'", "+ '[' -z /home/denzelgfarmer/KernelSecurityBenchmarks/Microwave/.working/temp/linux/install/boot/vmlinuz-6.8.0 ']'", "+ CORESET=2,3,4,5", "+ echo 'Booting image /home/denzelgfarmer/KernelSecurityBenchmarks/Microwave/.working/test_lmbench_on_spectre_v2-linux.img (with kernel at /home/denzelgfarmer/KernelSecurityBenchmarks/Microwave/.working/temp/linux/install/boot/vmlinuz-6.8.0)...'", "Booting image /home/denzelgfarmer/KernelSecurityBenchmarks/Microwave/.working/test_lmbench_on_spectre_v2-linux.img (with kernel at /home/denzelgfarmer/KernelSecurityBenchmarks/Microwave/.working/temp/linux/install/boot/vmlinuz-6.8.0)...", "+ taskset -c 2,3,4,5 qemu-system-x86_64 -enable-kvm -nodefaults -nographic -m 8192 -mem-prealloc -cpu host -smp 8,sockets=1,cores=8,threads=1 -kernel /home/denzelgfarmer/KernelSecurityBenchmarks/Microwave/.working/temp/linux/install/boot/vmlinuz-6.8.0 -append 'console=ttyS0,115200 earlyprintk=serial,ttyS0,115200 ignore_loglevel root=/dev/vda1 nospectre_v1 spectre_v2=on spectre_v2_user=on retbleed=off pti=off spec_rstack_overflow=off' -device virtio-blk-pci,drive=hd0 -blockdev driver=file,node-name=hd_file,filename=/home/denzelgfarmer/KernelSecurityBenchmarks/Microwave/.working/test_lmbench_on_spectre_v2-linux.img -blockdev driver=qcow2,node-name=hd0,file=hd_file -device virtio-net-pci,netdev=net1 -netdev user,id=net1,hostfwd=tcp::2223-:22 -serial stdio -s -chardev file,id=log0,path=/home/denzelgfarmer/KernelSecurityBenchmarks/Microwave/microwave2/runners/aux_logfile.txt -device virtio-serial-pci,id=virtio-serial0 -device virtserialport,chardev=log0,name=host-port,bus=virtio-serial0.0", "\u001bc\u001b[?7l\u001b[2J\u001b[0mSeaBIOS (version 1.16.3-debian-1.16.3-2)", "", "", "iPXE (https://ipxe.org) 00:03.0 C000 PCI2.10 PnP PMM+BEFCACB0+BEF0ACB0 C000", "Press Ctrl-B to configure iPXE (PCI 00:03.0)...", "", "", "", "Booting from ROM..\u001bc\u001b[?7l\u001b[2JNo EFI environment detected.", "early console in extract_kernel", "input_data: 0x0000000002d582b9", "input_len: 0x0000000000c5e096", "output: 0x0000000001000000", "output_len: 0x000000000296c70c", "kernel_total_size: 0x0000000002630000", "needed_size: 0x0000000002a00000", "trampoline_32bit: 0x0000000000000000", "Physical KASLR using RDRAND RDTSC...", "Virtual KASLR using RDRAND RDTSC...", "", "Decompressing Linux... Parsing ELF... Performing relocations... done.", "Booting the kernel (entry_offset: 0x0000000000000000).", "[    0.000000] Linux version 6.8.0 (denzelgfarmer@microwave-lmbench) (gcc (Ubuntu 14.2.0-19ubuntu2) 14.2.0, GNU ld (GNU Binutils for Ubuntu) 2.44) #1 SMP PREEMPT_DYNAMIC Tue May 13 06:46:42 UTC 2025", "[    0.000000] Command line: console=ttyS0,115200 earlyprintk=serial,ttyS0,115200 ignore_loglevel root=/dev/vda1 nospectre_v1 spectre_v2=on spectre_v2_user=on retbleed=off pti=off spec_rstack_overflow=off", "[    0.000000] BIOS-provided physical RAM map:", "[    0.000000] BIOS-e820: [mem 0x0000000000000000-0x000000000009fbff] usable", "[    0.000000] BIOS-e820: [mem 0x000000000009fc00-0x000000000009ffff] reserved", "[    0.000000] BIOS-e820: [mem 0x00000000000f0000-0x00000000000fffff] reserved", "[    0.000000] BIOS-e820: [mem 0x0000000000100000-0x00000000bffdcfff] usable", "[    0.000000] BIOS-e820: [mem 0x00000000bffdd000-0x00000000bfffffff] reserved", "[    0.000000] BIOS-e820: [mem 0x00000000feffc000-0x00000000feffffff] reserved", "[    0.000000] BIOS-e820: [mem 0x00000000fffc0000-0x00000000ffffffff] reserved", "[    0.000000] BIOS-e820: [mem 0x0000000100000000-0x000000023fffffff] usable", "[    0.000000] printk: legacy bootconsole [earlyser0] enabled", "[    0.000000] printk: debug: ignoring loglevel setting.", "[    0.000000] NX (Execute Disable) protection: active", "[    0.000000] APIC: Static calls initialized", "[    0.000000] SMBIOS 2.8 present.", "[    0.000000] DMI: QEMU Ubuntu 25.04 PC (i440FX + PIIX, 1996), BIOS 1.16.3-debian-1.16.3-2 04/01/2014", "[    0.000000] Hypervisor detected: KVM", "[    0.000000] kvm-clock: Using msrs 4b564d01 and 4b564d00", "[    0.000003] kvm-clock: using sched offset of 2665576317 cycles", "[    0.003591] clocksource: kvm-clock: mask: 0xffffffffffffffff max_cycles: 0x1cd42e4dffb, max_idle_ns: 881590591483 ns", "[    0.014862] tsc: Detected 2800.246 MHz processor", "[    0.019261] e820: update [mem 0x00000000-0x00000fff] usable ==> reserved", "[    0.023922] e820: remove [mem 0x000a0000-0x000fffff] usable", "[    0.027751] last_pfn = 0x240000 max_arch_pfn = 0x400000000", "[    0.031945] MTRR map: 4 entries (3 fixed + 1 variable; max 19), built from 8 variable MTRRs", "[    0.037757] x86/PAT: Configuration [0-7]: WB  WC  UC- UC  WB  WP  UC- WT", "Memory KASLR using RDRAND RDTSC...", "[    0.045073] last_pfn = 0xbffdd max_arch_pfn = 0x400000000", "[    0.056116] found SMP MP-table at [mem 0x000f5470-0x000f547f]", "[    0.060118] Using GB pages for direct mapping", "[    0.063345] ACPI: Early table checksum verification disabled", "[    0.067278] ACPI: RSDP 0x00000000000F5270 000014 (v00 BOCHS )", "[    0.071263] ACPI: RSDT 0x00000000BFFE2565 000034 (v01 BOCHS  BXPC     00000001 BXPC 00000001)", "[    0.077148] ACPI: FACP 0x00000000BFFE23E1 000074 (v01 BOCHS  BXPC     00000001 BXPC 00000001)", "[    0.083020] ACPI: DSDT 0x00000000BFFE0040 0023A1 (v01 BOCHS  BXPC     00000001 BXPC 00000001)", "[    0.088950] ACPI: FACS 0x00000000BFFE0000 000040", "[    0.092127] ACPI: APIC 0x00000000BFFE2455 0000B0 (v03 BOCHS  BXPC     00000001 BXPC 00000001)", "[    0.098012] ACPI: HPET 0x00000000BFFE2505 000038 (v01 BOCHS  BXPC     00000001 BXPC 00000001)", "[    0.103996] ACPI: WAET 0x00000000BFFE253D 000028 (v01 BOCHS  BXPC     00000001 BXPC 00000001)", "[    0.109790] ACPI: Reserving FACP table memory at [mem 0xbffe23e1-0xbffe2454]", "[    0.114474] ACPI: Reserving DSDT table memory at [mem 0xbffe0040-0xbffe23e0]", "[    0.119189] ACPI: Reserving FACS table memory at [mem 0xbffe0000-0xbffe003f]", "[    0.123881] ACPI: Reserving APIC table memory at [mem 0xbffe2455-0xbffe2504]", "[    0.128621] ACPI: Reserving HPET table memory at [mem 0xbffe2505-0xbffe253c]", "[    0.133321] ACPI: Reserving WAET table memory at [mem 0xbffe253d-0xbffe2564]", "[    0.139747] No NUMA configuration found", "[    0.142300] Faking a node at [mem 0x0000000000000000-0x000000023fffffff]", "[    0.147144] NODE_DATA(0) allocated [mem 0x23fffa000-0x23fffdfff]", "[    0.151549] Zone ranges:", "[    0.153300]   DMA      [mem 0x0000000000001000-0x0000000000ffffff]", "[    0.157618]   DMA32    [mem 0x0000000001000000-0x00000000ffffffff]", "[    0.161932]   Normal   [mem 0x0000000100000000-0x000000023fffffff]", "[    0.166227] Movable zone start for each node", "[    0.169169] Early memory node ranges", "[    0.171651]   node   0: [mem 0x0000000000001000-0x000000000009efff]", "[    0.176025]   node   0: [mem 0x0000000000100000-0x00000000bffdcfff]", "[    0.180323]   node   0: [mem 0x0000000100000000-0x000000023fffffff]", "[    0.184667] Initmem setup node 0 [mem 0x0000000000001000-0x000000023fffffff]", "[    0.189698] On node 0, zone DMA: 1 pages in unavailable ranges", "[    0.194735] On node 0, zone DMA: 97 pages in unavailable ranges", "[    0.689104] On node 0, zone Normal: 35 pages in unavailable ranges", "[    0.695914] ACPI: PM-Timer IO Port: 0x608", "[    0.698602] ACPI: LAPIC_NMI (acpi_id[0xff] dfl dfl lint[0x1])", "[    0.702602] IOAPIC[0]: apic_id 0, version 17, address 0xfec00000, GSI 0-23", "[    0.707135] ACPI: INT_SRC_OVR (bus 0 bus_irq 0 global_irq 2 dfl dfl)", "[    0.711363] ACPI: INT_SRC_OVR (bus 0 bus_irq 5 global_irq 5 high level)", "[    0.715785] ACPI: INT_SRC_OVR (bus 0 bus_irq 9 global_irq 9 high level)", "[    0.720141] ACPI: INT_SRC_OVR (bus 0 bus_irq 10 global_irq 10 high level)", "[    0.724703] ACPI: INT_SRC_OVR (bus 0 bus_irq 11 global_irq 11 high level)", "[    0.729169] ACPI: Using ACPI (MADT) for SMP configuration information", "[    0.733430] ACPI: HPET id: 0x8086a201 base: 0xfed00000", "[    0.736847] TSC deadline timer available", "[    0.739436] smpboot: Allowing 8 CPUs, 0 hotplug CPUs", "[    0.742812] kvm-guest: APIC: eoi() replaced with kvm_guest_apic_eoi_write()", "[    0.747463] kvm-guest: KVM setup pv remote TLB flush", "[    0.750790] kvm-guest: setup PV sched yield", "[    0.753647] PM: hibernation: Registered nosave memory: [mem 0x00000000-0x00000fff]", "[    0.758674] PM: hibernation: Registered nosave memory: [mem 0x0009f000-0x0009ffff]", "[    0.763691] PM: hibernation: Registered nosave memory: [mem 0x000a0000-0x000effff]", "[    0.768747] PM: hibernation: Registered nosave memory: [mem 0x000f0000-0x000fffff]", "[    0.773788] PM: hibernation: Registered nosave memory: [mem 0xbffdd000-0xbfffffff]", "[    0.778864] PM: hibernation: Registered nosave memory: [mem 0xc0000000-0xfeffbfff]", "[    0.783909] PM: hibernation: Registered nosave memory: [mem 0xfeffc000-0xfeffffff]", "[    0.788933] PM: hibernation: Registered nosave memory: [mem 0xff000000-0xfffbffff]", "[    0.793935] PM: hibernation: Registered nosave memory: [mem 0xfffc0000-0xffffffff]", "[    0.798960] [mem 0xc0000000-0xfeffbfff] available for PCI devices", "[    0.802982] Booting paravirtualized kernel on KVM", "[    0.806099] clocksource: refined-jiffies: mask: 0xffffffff max_cycles: 0xffffffff, max_idle_ns: 1910969940391419 ns", "[    0.818856] setup_percpu: NR_CPUS:64 nr_cpumask_bits:8 nr_cpu_ids:8 nr_node_ids:1", "[    0.832360] percpu: Embedded 55 pages/cpu s184552 r8192 d32536 u262144", "[    0.837008] pcpu-alloc: s184552 r8192 d32536 u262144 alloc=1*2097152", "[    0.841392] pcpu-alloc: [0] 0 1 2 3 4 5 6 7", "[    0.844483] Kernel command line: console=ttyS0,115200 earlyprintk=serial,ttyS0,115200 ignore_loglevel root=/dev/vda1 nospectre_v1 spectre_v2=on spectre_v2_user=on retbleed=off pti=off spec_rstack_overflow=off", "[    0.857565] Unknown kernel command line parameters \"spectre_v2=on spectre_v2_user=on pti=off\", will be passed to user space.", "[    0.865385] random: crng init done", "[    0.900352] Dentry cache hash table entries: 1048576 (order: 11, 8388608 bytes, linear)", "[    0.922761] Inode-cache hash table entries: 524288 (order: 10, 4194304 bytes, linear)", "[    0.928774] Fallback order for Node 0: 0", "[    0.928781] Built 1 zonelists, mobility grouping on.  Total pages: 2064093", "[    0.935282] Policy zone: Normal", "[    0.937145] mem auto-init: stack:all(zero), heap alloc:off, heap free:off", "[    0.941153] software IO TLB: area num 8.", "[    0.976039] Memory: 8136648K/8388076K available (18432K kernel code, 2735K rwdata, 6616K rodata, 2668K init, 1348K bss, 251168K reserved, 0K cma-reserved)", "[    0.984351] SLUB: HWalign=64, Order=0-3, MinObjects=0, CPUs=8, Nodes=1", "Poking KASLR using RDRAND RDTSC...", "[    0.991922] Dynamic Preempt: voluntary", "[    0.994278] rcu: Preemptible hierarchical RCU implementation.", "[    0.997703] rcu: \tRCU event tracing is enabled.", "[    1.000367] rcu: \tRCU restricting CPUs from NR_CPUS=64 to nr_cpu_ids=8.", "[    1.004259] \tTrampoline variant of Tasks RCU enabled.", "[    1.007231] rcu: RCU calculated value of scheduler-enlistment delay is 100 jiffies.", "[    1.011763] rcu: Adjusting geometry for rcu_fanout_leaf=16, nr_cpu_ids=8", "[    1.017478] NR_IRQS: 4352, nr_irqs: 488, preallocated irqs: 16", "[    1.021321] rcu: srcu_init: Setting srcu_struct sizes based on contention.", "[    1.025867] Console: colour *CGA 80x25", "[    1.028249] printk: legacy console [ttyS0] enabled", "[    1.028249] printk: legacy console [ttyS0] enabled", "[    1.033951] printk: legacy bootconsole [earlyser0] disabled", "[    1.033951] printk: legacy bootconsole [earlyser0] disabled", "[    1.040650] ACPI: Core revision 20230628", "[    1.043573] clocksource: hpet: mask: 0xffffffff max_cycles: 0xffffffff, max_idle_ns: 19112604467 ns", "[    1.049545] APIC: Switch to symmetric I/O mode setup", "[    1.052726] kvm-guest: APIC: send_IPI_mask() replaced with kvm_send_ipi_mask()", "[    1.057159] kvm-guest: APIC: send_IPI_mask_allbutself() replaced with kvm_send_ipi_mask_allbutself()", "[    1.062735] kvm-guest: setup PV IPIs", "[    1.071771] ..TIMER: vector=0x30 apic1=0 pin1=2 apic2=-1 pin2=-1", "[    1.075679] clocksource: tsc-early: mask: 0xffffffffffffffff max_cycles: 0x285d298e329, max_idle_ns: 440795345114 ns", "[    1.082250] Calibrating delay loop (skipped) preset value.. 5600.49 BogoMIPS (lpj=2800246)", "[    1.086246] x86/cpu: User Mode Instruction Prevention (UMIP) activated", "[    1.087920] Last level iTLB entries: 4KB 0, 2MB 0, 4MB 0", "[    1.088248] Last level dTLB entries: 4KB 0, 2MB 0, 4MB 0, 1GB 0", "[    1.089278] Spectre V1 : Vulnerable: __user pointer sanitization and usercopy barriers only; no swapgs barriers", "[    1.090270] Spectre V2 : Mitigation: Enhanced / Automatic IBRS", "[    1.091249] Spectre V2 : Spectre v2 / SpectreRSB mitigation: Filling RSB on context switch", "[    1.092248] Spectre V2 : Spectre v2 / PBRSB-eIBRS: Retire a single CALL on VMEXIT", "[    1.093255] Spectre V2 : mitigation: Enabling always-on Indirect Branch Prediction Barrier", "[    1.094251] Speculative Store Bypass: Mitigation: Speculative Store Bypass disabled via prctl", "[    1.095305] TAA: Vulnerable: Clear CPU buffers attempted, no microcode", "[    1.096249] MMIO Stale Data: Vulnerable: Clear CPU buffers attempted, no microcode", "[    1.098404] x86/fpu: Supporting XSAVE feature 0x001: 'x87 floating point registers'", "[    1.099249] x86/fpu: Supporting XSAVE feature 0x002: 'SSE registers'", "[    1.100249] x86/fpu: Supporting XSAVE feature 0x004: 'AVX registers'", "[    1.101249] x86/fpu: Supporting XSAVE feature 0x020: 'AVX-512 opmask'", "[    1.102248] x86/fpu: Supporting XSAVE feature 0x040: 'AVX-512 Hi256'", "[    1.103249] x86/fpu: Supporting XSAVE feature 0x080: 'AVX-512 ZMM_Hi256'", "[    1.104249] x86/fpu: xstate_offset[2]:  576, xstate_sizes[2]:  256", "[    1.105249] x86/fpu: xstate_offset[5]:  832, xstate_sizes[5]:   64", "[    1.106249] x86/fpu: xstate_offset[6]:  896, xstate_sizes[6]:  512", "[    1.108249] x86/fpu: xstate_offset[7]: 1408, xstate_sizes[7]: 1024", "[    1.109249] x86/fpu: Enabled xstate features 0xe7, context size is 2432 bytes, using 'compacted' format.", "[    1.137408] Freeing SMP alternatives memory: 48K", "[    1.138249] pid_max: default: 32768 minimum: 301", "[    1.139283] LSM: initializing lsm=capability,selinux,integrity", "[    1.140255] SELinux:  Initializing.", "[    1.141316] Mount-cache hash table entries: 16384 (order: 5, 131072 bytes, linear)", "[    1.142279] Mountpoint-cache hash table entries: 16384 (order: 5, 131072 bytes, linear)", "[    1.144602] smpboot: CPU0: Intel(R) Xeon(R) CPU @ 2.80GHz (family: 0x6, model: 0x55, stepping: 0x7)", "[    1.145453] RCU Tasks: Setting shift to 3 and lim to 1 rcu_task_cb_adjust=1.", "[    1.146299] Performance Events: unsupported p6 CPU model 85 no PMU driver, software events only.", "[    1.147441] signal: max sigframe size: 3632", "[    1.148343] rcu: Hierarchical SRCU implementation.", "[    1.149259] rcu: \tMax phase no-delay instances is 400.", "[    1.150498] smp: Bringing up secondary CPUs ...", "[    1.151523] smpboot: x86: Booting SMP configuration:", "[    1.152259] .... node  #0, CPUs:      #1 #2 #3 #4 #5 #6 #7", "[    1.178637] smp: Brought up 1 node, 8 CPUs", "[    1.180260] smpboot: Max logical packages: 1", "[    1.181255] smpboot: Total of 8 processors activated (44803.93 BogoMIPS)", "[    1.190462] devtmpfs: initialized", "[    1.191660] clocksource: jiffies: mask: 0xffffffff max_cycles: 0xffffffff, max_idle_ns: 1911260446275000 ns", "[    1.192270] futex hash table entries: 2048 (order: 5, 131072 bytes, linear)", "[    1.193689] PM: RTC time: 07:33:11, date: 2025-05-17", "[    1.194736] NET: Registered PF_NETLINK/PF_ROUTE protocol family", "[    1.195381] audit: initializing netlink subsys (disabled)", "[    1.196319] audit: type=2000 audit(1747467191.807:1): state=initialized audit_enabled=0 res=1", "[    1.196339] thermal_sys: Registered thermal governor 'step_wise'", "[    1.197258] thermal_sys: Registered thermal governor 'user_space'", "[    1.198280] cpuidle: using governor menu", "[    1.201125] PCI: Using configuration type 1 for base access", "[    1.201357] kprobes: kprobe jump-optimization is enabled. All kprobes are optimized if possible.", "[    1.203381] HugeTLB: registered 2.00 MiB page size, pre-allocated 0 pages", "[    1.204256] HugeTLB: 28 KiB vmemmap can be freed for a 2.00 MiB page", "[    1.205334] ACPI: Added _OSI(Module Device)", "[    1.206257] ACPI: Added _OSI(Processor Device)", "[    1.207255] ACPI: Added _OSI(3.0 _SCP Extensions)", "[    1.208258] ACPI: Added _OSI(Processor Aggregator Device)", "[    1.209730] ACPI: 1 ACPI AML tables successfully acquired and loaded", "[    1.212295] ACPI: _OSC evaluation for CPUs failed, trying _PDC", "[    1.213339] ACPI: Interpreter enabled", "[    1.214270] ACPI: PM: (supports S0 S3 S4 S5)", "[    1.215256] ACPI: Using IOAPIC for interrupt routing", "[    1.216286] PCI: Using host bridge windows from ACPI; if necessary, use \"pci=nocrs\" and report a bug", "[    1.217256] PCI: Using E820 reservations for host bridge windows", "[    1.218401] ACPI: Enabled 2 GPEs in block 00 to 0F", "[    1.221915] ACPI: PCI Root Bridge [PCI0] (domain 0000 [bus 00-ff])", "[    1.222262] acpi PNP0A03:00: _OSC: OS supports [ASPM ClockPM Segments MSI HPX-Type3]", "[    1.223258] acpi PNP0A03:00: _OSC: not requesting OS control; OS requires [ExtendedConfig ASPM ClockPM MSI]", "[    1.224269] acpi PNP0A03:00: fail to add MMCONFIG information, can't access extended configuration space under this bridge", "[    1.225364] PCI host bridge to bus 0000:00", "[    1.226257] pci_bus 0000:00: root bus resource [io  0x0000-0x0cf7 window]", "[    1.227257] pci_bus 0000:00: root bus resource [io  0x0d00-0xffff window]", "[    1.228261] pci_bus 0000:00: root bus resource [mem 0x000a0000-0x000bffff window]", "[    1.229259] pci_bus 0000:00: root bus resource [mem 0xc0000000-0xfebfffff window]", "[    1.230265] pci_bus 0000:00: root bus resource [mem 0x380000000000-0x38007fffffff window]", "[    1.231259] pci_bus 0000:00: root bus resource [bus 00-ff]", "[    1.232455] pci 0000:00:00.0: [8086:1237] type 00 class 0x060000 conventional PCI endpoint", "[    1.235180] pci 0000:00:01.0: [8086:7000] type 00 class 0x060100 conventional PCI endpoint", "[    1.237887] pci 0000:00:01.1: [8086:7010] type 00 class 0x010180 conventional PCI endpoint", "[    1.241541] pci 0000:00:01.1: BAR 4 [io  0xc0e0-0xc0ef]", "[    1.243827] pci 0000:00:01.1: BAR 0 [io  0x01f0-0x01f7]: legacy IDE quirk", "[    1.244258] pci 0000:00:01.1: BAR 1 [io  0x03f6]: legacy IDE quirk", "[    1.245257] pci 0000:00:01.1: BAR 2 [io  0x0170-0x0177]: legacy IDE quirk", "[    1.246256] pci 0000:00:01.1: BAR 3 [io  0x0376]: legacy IDE quirk", "[    1.247920] pci 0000:00:01.3: [8086:7113] type 00 class 0x068000 conventional PCI endpoint", "[    1.250453] pci 0000:00:01.3: quirk: [io  0x0600-0x063f] claimed by PIIX4 ACPI", "[    1.251298] pci 0000:00:01.3: quirk: [io  0x0700-0x070f] claimed by PIIX4 SMB", "[    1.253669] pci 0000:00:02.0: [1af4:1001] type 00 class 0x010000 conventional PCI endpoint", "[    1.256257] pci 0000:00:02.0: BAR 0 [io  0xc000-0xc07f]", "[    1.259257] pci 0000:00:02.0: BAR 1 [mem 0xfeb80000-0xfeb80fff]", "[    1.265258] pci 0000:00:02.0: BAR 4 [mem 0x380000000000-0x380000003fff 64bit pref]", "[    1.271835] pci 0000:00:03.0: [1af4:1000] type 00 class 0x020000 conventional PCI endpoint", "[    1.273259] pci 0000:00:03.0: BAR 0 [io  0xc0c0-0xc0df]", "[    1.275257] pci 0000:00:03.0: BAR 1 [mem 0xfeb81000-0xfeb81fff]", "[    1.279258] pci 0000:00:03.0: BAR 4 [mem 0x380000004000-0x380000007fff 64bit pref]", "[    1.281871] pci 0000:00:03.0: ROM [mem 0xfeb00000-0xfeb7ffff pref]", "[    1.285871] pci 0000:00:04.0: [1af4:1003] type 00 class 0x078000 conventional PCI endpoint", "[    1.287258] pci 0000:00:04.0: BAR 0 [io  0xc080-0xc0bf]", "[    1.289257] pci 0000:00:04.0: BAR 1 [mem 0xfeb82000-0xfeb82fff]", "[    1.293258] pci 0000:00:04.0: BAR 4 [mem 0x380000008000-0x38000000bfff 64bit pref]", "[    1.300140] ACPI: PCI: Interrupt link LNKA configured for IRQ 10", "[    1.300480] ACPI: PCI: Interrupt link LNKB configured for IRQ 10", "[    1.301501] ACPI: PCI: Interrupt link LNKC configured for IRQ 11", "[    1.302471] ACPI: PCI: Interrupt link LNKD configured for IRQ 11", "[    1.303413] ACPI: PCI: Interrupt link LNKS configured for IRQ 9", "[    1.304958] iommu: Default domain type: Translated", "[    1.305256] iommu: DMA domain TLB invalidation policy: lazy mode", "[    1.306323] SCSI subsystem initialized", "[    1.307301] libata version 3.00 loaded.", "[    1.308296] ACPI: bus type USB registered", "[    1.309272] usbcore: registered new interface driver usbfs", "[    1.310270] usbcore: registered new interface driver hub", "[    1.311273] usbcore: registered new device driver usb", "[    1.312274] pps_core: LinuxPPS API ver. 1 registered", "[    1.313255] pps_core: Software ver. 5.3.6 - Copyright 2005-2007 Rodolfo Giometti <giometti@linux.it>", "[    1.314269] PTP clock support registered", "[    1.315318] Advanced Linux Sound Architecture Driver Initialized.", "[    1.316781] NetLabel: Initializing", "[    1.317256] NetLabel:  domain hash size = 128", "[    1.318255] NetLabel:  protocols = UNLABELED CIPSOv4 CALIPSO", "[    1.319274] NetLabel:  unlabeled traffic allowed by default", "[    1.320302] PCI: Using ACPI for IRQ routing", "[    1.321258] PCI: pci_cache_line_size set to 64 bytes", "[    1.322797] e820: reserve RAM buffer [mem 0x0009fc00-0x0009ffff]", "[    1.323256] e820: reserve RAM buffer [mem 0xbffdd000-0xbfffffff]", "[    1.324306] vgaarb: loaded", "[    1.325341] hpet0: at MMIO 0xfed00000, IRQs 2, 8, 0", "[    1.326255] hpet0: 3 comparators, 64-bit 100.000000 MHz counter", "[    1.343394] clocksource: Switched to clocksource kvm-clock", "[    1.346599] VFS: Disk quotas dquot_6.6.0", "[    1.348772] VFS: Dquot-cache hash table entries: 512 (order 0, 4096 bytes)", "[    1.352552] pnp: PnP ACPI init", "[    1.354357] pnp 00:02: [dma 2]", "[    1.356447] pnp: PnP ACPI: found 5 devices", "[    1.374431] clocksource: acpi_pm: mask: 0xffffff max_cycles: 0xffffff, max_idle_ns: 2085701024 ns", "[    1.379494] NET: Registered PF_INET protocol family", "[    1.382376] IP idents hash table entries: 131072 (order: 8, 1048576 bytes, linear)", "[    1.387921] tcp_listen_portaddr_hash hash table entries: 4096 (order: 4, 65536 bytes, linear)", "[    1.392627] Table-perturb hash table entries: 65536 (order: 6, 262144 bytes, linear)", "[    1.396867] TCP established hash table entries: 65536 (order: 7, 524288 bytes, linear)", "[    1.401219] TCP bind hash table entries: 65536 (order: 9, 2097152 bytes, linear)", "[    1.405473] TCP: Hash tables configured (established 65536 bind 65536)", "[    1.409077] UDP hash table entries: 4096 (order: 5, 131072 bytes, linear)", "[    1.412766] UDP-Lite hash table entries: 4096 (order: 5, 131072 bytes, linear)", "[    1.416763] NET: Registered PF_UNIX/PF_LOCAL protocol family", "[    1.420815] RPC: Registered named UNIX socket transport module.", "[    1.424072] RPC: Registered udp transport module.", "[    1.426679] RPC: Registered tcp transport module.", "[    1.429310] RPC: Registered tcp-with-tls transport module.", "[    1.432264] RPC: Registered tcp NFSv4.1 backchannel transport module.", "[    1.436529] pci_bus 0000:00: resource 4 [io  0x0000-0x0cf7 window]", "[    1.439918] pci_bus 0000:00: resource 5 [io  0x0d00-0xffff window]", "[    1.443311] pci_bus 0000:00: resource 6 [mem 0x000a0000-0x000bffff window]", "[    1.447044] pci_bus 0000:00: resource 7 [mem 0xc0000000-0xfebfffff window]", "[    1.450796] pci_bus 0000:00: resource 8 [mem 0x380000000000-0x38007fffffff window]", "[    1.454929] pci 0000:00:01.0: PIIX3: Enabling Passive Release", "[    1.458334] pci 0000:00:00.0: Limiting direct PCI/PCI transfers", "[    1.461908] PCI: CLS 0 bytes, default 64", "[    1.464142] PCI-DMA: Using software bounce buffering for IO (SWIOTLB)", "[    1.467672] software IO TLB: mapped [mem 0x00000000bbfdd000-0x00000000bffdd000] (64MB)", "[    1.473300] RAPL PMU: API unit is 2^-32 Joules, 0 fixed counters, 10737418240 ms ovfl timer", "[    1.477822] clocksource: tsc: mask: 0xffffffffffffffff max_cycles: 0x285d298e329, max_idle_ns: 440795345114 ns", "[    1.488245] Initialise system trusted keyrings", "[    1.490804] workingset: timestamp_bits=56 max_order=21 bucket_order=0", "[    1.494927] NFS: Registering the id_resolver key type", "[    1.497702] Key type id_resolver registered", "[    1.499972] Key type id_legacy registered", "[    1.502492] 9p: Installing v9fs 9p2000 file system support", "[    1.521356] Key type asymmetric registered", "[    1.523660] Asymmetric key parser 'x509' registered", "[    1.526367] Block layer SCSI generic (bsg) driver version 0.4 loaded (major 251)", "[    1.530354] io scheduler mq-deadline registered", "[    1.532861] io scheduler kyber registered", "[    1.536587] input: Power Button as /devices/LNXSYSTM:00/LNXPWRBN:00/input/input0", "[    1.540912] ACPI: button: Power Button [PWRF]", "[    1.544513] ACPI: \\_SB_.LNKB: Enabled at IRQ 10", "[    1.551593] ACPI: \\_SB_.LNKC: Enabled at IRQ 11", "[    1.558594] ACPI: \\_SB_.LNKD: Enabled at IRQ 11", "[    1.565311] Serial: 8250/16550 driver, 4 ports, IRQ sharing enabled", "[    1.569196] 00:03: ttyS0 at I/O 0x3f8 (irq = 4, base_baud = 115200) is a 16550A", "[    1.609273] Non-volatile memory driver v1.3", "[    1.611607] Linux agpgart interface v0.103", "[    1.613957] ACPI: bus type drm_connector registered", "[    1.621235] loop: module loaded", "[    1.623414] virtio_blk virtio0: 8/0/0 default/read/poll queues", "[    1.634579] virtio_blk virtio0: [vda] 52428800 512-byte logical blocks (26.8 GB/25.0 GiB)", "[    1.642352]  vda: vda1 vda14 vda15 vda16", "[    1.645479] ata_piix 0000:00:01.1: version 2.13", "[    1.649961] scsi host0: ata_piix", "[    1.652421] scsi host1: ata_piix", "[    1.654273] ata1: PATA max MWDMA2 cmd 0x1f0 ctl 0x3f6 bmdma 0xc0e0 irq 14 lpm-pol 0", "[    1.658362] ata2: PATA max MWDMA2 cmd 0x170 ctl 0x376 bmdma 0xc0e8 irq 15 lpm-pol 0", "[    1.668505] e100: Intel(R) PRO/100 Network Driver", "[    1.671105] e100: Copyright(c) 1999-2006 Intel Corporation", "[    1.674140] e1000: Intel(R) PRO/1000 Network Driver", "[    1.676822] e1000: Copyright (c) 1999-2006 Intel Corporation.", "[    1.679996] e1000e: Intel(R) PRO/1000 Network Driver", "[    1.682761] e1000e: Copyright(c) 1999 - 2015 Intel Corporation.", "[    1.685941] sky2: driver version 1.30", "[    1.688350] usbcore: registered new interface driver usblp", "[    1.691423] usbcore: registered new interface driver usb-storage", "[    1.694711] i8042: PNP: PS/2 Controller [PNP0303:KBD,PNP0f13:MOU] at 0x60,0x64 irq 1,12", "[    1.701542] serio: i8042 KBD port at 0x60,0x64 irq 1", "[    1.704274] serio: i8042 AUX port at 0x60,0x64 irq 12", "[    1.707505] rtc_cmos 00:04: RTC can wake from S4", "[    1.712511] input: AT Translated Set 2 keyboard as /devices/platform/i8042/serio0/input/input1", "[    1.719139] rtc_cmos 00:04: registered as rtc0", "[    1.722047] rtc_cmos 00:04: alarms up to one day, y3k, 242 bytes nvram, hpet irqs", "[    1.726829] device-mapper: ioctl: 4.48.0-ioctl (2023-03-01) initialised: dm-devel@redhat.com", "[    1.731358] intel_pstate: CPU model not supported", "[    1.733932] hid: raw HID events driver (C) Jiri Kosina", "[    1.736829] usbcore: registered new interface driver usbhid", "[    1.739877] usbhid: USB HID core driver", "[    1.743566] Initializing XFRM netlink socket", "[    1.745934] NET: Registered PF_INET6 protocol family", "[    1.749395] Segment Routing with IPv6", "[    1.751510] In-situ OAM (IOAM) with IPv6", "[    1.753750] sit: IPv6, IPv4 and MPLS over IPv4 tunneling driver", "[    1.757079] NET: Registered PF_PACKET protocol family", "[    1.759886] 9pnet: Installing 9P2000 support", "[    1.762264] Key type dns_resolver registered", "[    1.767177] IPI shorthand broadcast: enabled", "[    1.771305] sched_clock: Marking stable (1720015364, 50837557)->(2167080512, -396227591)", "[    1.776237] registered taskstats version 1", "[    1.778514] Loading compiled-in X.509 certificates", "[    1.782726] PM:   Magic number: 9:42:572", "[    1.784991] printk: legacy console [netcon0] enabled", "[    1.787738] netconsole: network logging started", "[    1.790275] cfg80211: Loading compiled-in X.509 certificates for regulatory database", "[    1.794825] kworker/u16:2 (86) used greatest stack depth: 13992 bytes left", "[    1.796133] Loaded X.509 cert 'sforshee: 00b28ddf47aef9cea7'", "[    1.803052] Loaded X.509 cert 'wens: 61c038651aabdcf94bd0ac7ff06c7248db18c600'", "[    1.808207] platform regulatory.0: Direct firmware load for regulatory.db failed with error -2", "[    1.809984] ALSA device list:", "[    1.814262] cfg80211: failed to load regulatory.db", "[    1.815955]   No soundcards found.", "[    2.352544] input: ImExPS/2 Generic Explorer Mouse as /devices/platform/i8042/serio1/input/input3", "[    2.356293] md: Waiting for all devices to be available before autodetect", "[    2.359315] md: If you don't use raid, use raid=noautodetect", "[    2.361828] md: Autodetecting RAID arrays.", "[    2.363699] md: autorun ...", "[    2.364979] md: ... autorun DONE.", "[    2.368867] EXT4-fs (vda1): mounted filesystem c8107c30-aa3b-40eb-bd2a-416a91df85e7 ro with ordered data mode. Quota mode: none.", "[    2.372779] VFS: Mounted root (ext4 filesystem) readonly on device 253:1.", "[    2.375401] devtmpfs: mounted", "[    2.381136] Freeing unused kernel image (initmem) memory: 2668K", "[    2.383179] Write protecting the kernel read-only data: 26624k", "[    2.386277] Freeing unused kernel image (rodata/data gap) memory: 1576K", "[    2.399336] x86/mm: Checked W+X mappings: passed, no W+X pages found.", "[    2.401519] Run /sbin/init as init process", "[    2.402995]   with arguments:", "[    2.404077]     /sbin/init", "[    2.405053]   with environment:", "[    2.406223]     HOME=/", "[    2.407085]     TERM=linux", "[    2.408055]     spectre_v2=on", "[    2.409248]     spectre_v2_user=on", "[    2.410469]     pti=off", "SELinux:  Could not open policy file <= /etc/selinux/targeted/policy/policy.33:  No such file or directory", "[    2.641026] systemd[1]: systemd 255.4-1ubuntu8.6 running in system mode (+PAM +AUDIT +SELINUX +APPARMOR +IMA +SMACK +SECCOMP +GCRYPT -GNUTLS +OPENSSL +ACL +BLKID +CURL +ELFUTILS +FIDO2 +IDN2 -IDN +IPTC +KMOD +LIBCRYPTSETUP +LIBFDISK +PCRE2 -PWQUALITY +P11KIT +QRENCODE +TPM2 +BZIP2 +LZ4 +XZ +ZLIB +ZSTD -BPF_FRAMEWORK -XKBCOMMON +UTMP +SYSVINIT default-hierarchy=unified)", "[    2.652469] systemd[1]: Detected virtualization kvm.", "[    2.654512] systemd[1]: Detected architecture x86-64.", "", "Welcome to \u001b[1mUbuntu 24.04.2 LTS\u001b[0m!", "", "", "[    2.663295] systemd[1]: Hostname set to <ubuntu-testing>.", "[    2.687324] snapd-env-gener (93) used greatest stack depth: 13216 bytes left", "[    2.702935] snapd-generator (98) used greatest stack depth: 12984 bytes left", "[    2.799541] cloud-init-gene (96) used greatest stack depth: 12960 bytes left", "[    2.960793] systemd[1]: Queued start job for default target graphical.target.", "[    2.973482] systemd[1]: Created slice system-modprobe.slice - Slice /system/modprobe.", "[\u001b[0;32m  OK  \u001b[0m] Created slice \u001b[0;1;39msystem-modprobe.slice\u001b[0m - Slice /system/modprobe.", "", "[    2.980204] systemd[1]: Created slice system-serial\\x2dgetty.slice - Slice /system/serial-getty.", "[\u001b[0;32m  OK  \u001b[0m] Created slice \u001b[0;1;39msystem-serial\\x2dget\u2026slice\u001b[0m - Slice /system/serial-getty.", "", "[    2.987282] systemd[1]: Created slice system-systemd\\x2dfsck.slice - Slice /system/systemd-fsck.", "[\u001b[0;32m  OK  \u001b[0m] Created slice \u001b[0;1;39msystem-systemd\\x2dfs\u2026slice\u001b[0m - Slice /system/systemd-fsck.", "", "[    2.994213] systemd[1]: Created slice user.slice - User and Session Slice.", "[\u001b[0;32m  OK  \u001b[0m] Created slice \u001b[0;1;39muser.slice\u001b[0m - User and Session Slice.", "", "[    2.999720] systemd[1]: Started systemd-ask-password-console.path - Dispatch Password Requests to Console Directory Watch.", "[\u001b[0;32m  OK  \u001b[0m] Started \u001b[0;1;39msystemd-ask-password-conso\u2026\u001b[0mequests to Console Directory Watch.", "", "[    3.007234] systemd[1]: Started systemd-ask-password-wall.path - Forward Password Requests to Wall Directory Watch.", "[\u001b[0;32m  OK  \u001b[0m] Started \u001b[0;1;39msystemd-ask-password-wall.\u2026\u001b[0md Requests to Wall Directory Watch.", "", "[    3.014667] systemd[1]: Set up automount proc-sys-fs-binfmt_misc.automount - Arbitrary Executable File Formats File System Automount Point.", "[\u001b[0;32m  OK  \u001b[0m] Set up automount \u001b[0;1;39mproc-sys-fs-binfm\u2026\u001b[0mormats File System Automount Point.", "", "[    3.022683] systemd[1]: Expecting device dev-disk-by\\x2dlabel-BOOT.device - /dev/disk/by-label/BOOT...", "Expecting device \u001b[0;1;39mdev-disk-by\\x2dla\u2026device\u001b[0m - /dev/disk/by-label/BOOT...", "", "[    3.029555] systemd[1]: Expecting device dev-disk-by\\x2dlabel-UEFI.device - /dev/disk/by-label/UEFI...", "Expecting device \u001b[0;1;39mdev-disk-by\\x2dla\u2026device\u001b[0m - /dev/disk/by-label/UEFI...", "", "[    3.036079] systemd[1]: Expecting device dev-ttyS0.device - /dev/ttyS0...", "Expecting device \u001b[0;1;39mdev-ttyS0.device\u001b[0m - /dev/ttyS0...", "", "[    3.040953] systemd[1]: Reached target cryptsetup.target - Local Encrypted Volumes.", "[\u001b[0;32m  OK  \u001b[0m] Reached target \u001b[0;1;39mcryptsetup.target\u001b[0m - Local Encrypted Volumes.", "", "[    3.046819] systemd[1]: Reached target integritysetup.target - Local Integrity Protected Volumes.", "[\u001b[0;32m  OK  \u001b[0m] Reached target \u001b[0;1;39mintegritysetup.targ\u2026\u001b[0m Local Integrity Protected Volumes.", "", "[    3.053560] systemd[1]: Reached target remote-fs.target - Remote File Systems.", "[\u001b[0;32m  OK  \u001b[0m] Reached target \u001b[0;1;39mremote-fs.target\u001b[0m - Remote File Systems.", "", "[    3.059079] systemd[1]: Reached target slices.target - Slice Units.", "[\u001b[0;32m  OK  \u001b[0m] Reached target \u001b[0;1;39mslices.target\u001b[0m - Slice Units.", "", "[    3.063975] systemd[1]: Reached target snapd.mounts-pre.target - Mounting snaps.", "[\u001b[0;32m  OK  \u001b[0m] Reached target \u001b[0;1;39msnapd.mounts-pre.target\u001b[0m - Mounting snaps.", "", "[    3.069770] systemd[1]: Reached target snapd.mounts.target - Mounted snaps.", "[\u001b[0;32m  OK  \u001b[0m] Reached target \u001b[0;1;39msnapd.mounts.target\u001b[0m - Mounted snaps.", "", "[    3.075494] systemd[1]: Reached target swap.target - Swaps.", "[\u001b[0;32m  OK  \u001b[0m] Reached target \u001b[0;1;39mswap.target\u001b[0m - Swaps.", "", "[    3.080202] systemd[1]: Reached target veritysetup.target - Local Verity Protected Volumes.", "[\u001b[0;32m  OK  \u001b[0m] Reached target \u001b[0;1;39mveritysetup.target\u001b[0m - Local Verity Protected Volumes.", "", "[    3.086809] systemd[1]: Listening on systemd-fsckd.socket - fsck to fsckd communication Socket.", "[\u001b[0;32m  OK  \u001b[0m] Listening on \u001b[0;1;39msystemd-fsckd.socket\u001b[0m \u2026fsck to fsckd communication Socket.", "", "[    3.093657] systemd[1]: Listening on systemd-initctl.socket - initctl Compatibility Named Pipe.", "[\u001b[0;32m  OK  \u001b[0m] Listening on \u001b[0;1;39msystemd-initctl.socke\u2026\u001b[0m- initctl Compatibility Named Pipe.", "", "[    3.100639] systemd[1]: Listening on systemd-journald-dev-log.socket - Journal Socket (/dev/log).", "[\u001b[0;32m  OK  \u001b[0m] Listening on \u001b[0;1;39msystemd-journald-dev-\u2026socket\u001b[0m - Journal Socket (/dev/log).", "", "[    3.107686] systemd[1]: Listening on systemd-journald.socket - Journal Socket.", "[\u001b[0;32m  OK  \u001b[0m] Listening on \u001b[0;1;39msystemd-journald.socket\u001b[0m - Journal Socket.", "", "[    3.113686] systemd[1]: Listening on systemd-networkd.socket - Network Service Netlink Socket.", "[\u001b[0;32m  OK  \u001b[0m] Listening on \u001b[0;1;39msystemd-networkd.socket\u001b[0m - Network Service Netlink Socket.", "", "[    3.120462] systemd[1]: systemd-pcrextend.socket - TPM2 PCR Extension (Varlink) was skipped because of an unmet condition check (ConditionSecurity=measured-uki).", "[    3.125646] systemd[1]: Listening on systemd-udevd-control.socket - udev Control Socket.", "[\u001b[0;32m  OK  \u001b[0m] Listening on \u001b[0;1;39msystemd-udevd-control.socket\u001b[0m - udev Control Socket.", "", "[    3.132116] systemd[1]: Listening on systemd-udevd-kernel.socket - udev Kernel Socket.", "[\u001b[0;32m  OK  \u001b[0m] Listening on \u001b[0;1;39msystemd-udevd-kernel.socket\u001b[0m - udev Kernel Socket.", "", "[    3.148075] systemd[1]: Mounting dev-hugepages.mount - Huge Pages File System...", "Mounting \u001b[0;1;39mdev-hugepages.mount\u001b[0m - Huge Pages File System...", "", "[    3.154744] systemd[1]: Mounting dev-mqueue.mount - POSIX Message Queue File System...", "Mounting \u001b[0;1;39mdev-mqueue.mount\u001b[0m - POSIX Message Queue File System...", "", "[    3.161468] systemd[1]: Mounting sys-kernel-debug.mount - Kernel Debug File System...", "Mounting \u001b[0;1;39msys-kernel-debug.mount\u001b[0m - Kernel Debug File System...", "", "[    3.168889] systemd[1]: Mounting sys-kernel-tracing.mount - Kernel Trace File System...", "Mounting \u001b[0;1;39msys-kernel-tracing.mount\u001b[0m - Kernel Trace File System...", "", "[    3.175901] systemd[1]: systemd-journald.service: unit configures an IP firewall, but the local system does not support BPF/cgroup firewalling.", "[    3.181592] systemd[1]: systemd-journald.service: (This warning is only shown for the first unit using IP firewalling.)", "[    3.187139] systemd[1]: Starting systemd-journald.service - Journal Service...", "Starting \u001b[0;1;39msystemd-journald.service\u001b[0m - Journal Service...", "", "[    3.194116] systemd[1]: Starting keyboard-setup.service - Set the console keyboard layout...", "Starting \u001b[0;1;39mkeyboard-setup.service\u001b[0m - Set the console keyboard layout...", "", "[    3.200381] systemd[1]: kmod-static-nodes.service - Create List of Static Device Nodes was skipped because of an unmet condition check (ConditionFileNotEmpty=/lib/modules/6.8.0/modules.devname).", "[    3.207883] systemd[1]: Starting modprobe@configfs.service - Load Kernel Module configfs...", "Starting \u001b[0;1;39mmodprobe@configfs.service\u001b[0m - Load Kernel Module configfs...", "", "[    3.216986] systemd[1]: Starting modprobe@dm_mod.service - Load Kernel Module dm_mod...", "Starting \u001b[0;1;39mmodprobe@dm_mod.service\u001b[0m - Load Kernel Module dm_mod...", "", "[    3.226522] systemd[1]: Starting modprobe@drm.service - Load Kernel Module drm...", "Starting \u001b[0;1;39mmodprobe@drm.service\u001b[0m - Load Kernel Module drm...", "", "[    3.235094] systemd[1]: Starting modprobe@efi_pstore.service - Load Kernel Module efi_pstore...", "Starting \u001b[0;1;39mmodprobe@efi_pstore.servi\u2026\u001b[0m - Load Kernel Module efi_pstore...", "", "[    3.250491] systemd[1]: Starting modprobe@fuse.service - Load Kernel Module fuse...", "Starting \u001b[0;1;39mmodprobe@fuse.service\u001b[0m - Load Kernel Module fuse...", "", "[    3.266112] systemd[1]: Starting modprobe@loop.service - Load Kernel Module loop...", "Starting \u001b[0;1;39mmodprobe@loop.service\u001b[0m - Load Kernel Module loop...", "", "[    3.274498] systemd[1]: netplan-ovs-cleanup.service - OpenVSwitch configuration for cleanup was skipped because of an unmet condition check (ConditionFileIsExecutable=/usr/bin/ovs-vsctl).", "[    3.280531] systemd-journald[131]: Collecting audit messages is disabled.", "[    3.281676] systemd[1]: Starting systemd-fsck-root.service - File System Check on Root Device...", "Starting \u001b[0;1;39msystemd-fsck-root.service\u001b[0m\u2026File System Check on Root Device...", "", "[    3.292266] systemd[1]: Starting systemd-modules-load.service - Load Kernel Modules...", "[    3.295467] systemd[1]: systemd-pcrmachine.service - TPM2 PCR Machine ID Measurement was skipped because of an unmet condition check (ConditionSecurity=measured-uki).", "Starting \u001b[0;1;39msystemd-modules-load.[    3.303814] systemd[1]: Starting systemd-tmpfiles-setup-dev-early.service - Create Static Device Nodes in /dev gracefully...", "service\u001b[0m - Lo[    3.310171] systemd[1]: systemd-tpm2-setup-early.service - TPM2 SRK Setup (Early) was skipped because of an unmet condition check (ConditionSecurity=measured-uki).", "ad Kernel Modules...", "", "[    3.317817] systemd[1]: Starting systemd-udev-trigger.service - Coldplug All udev Devices...", "Starting \u001b[0;1;39msystemd-tmpfiles-setup-de\u2026\u001b[0m Device Nodes in /dev gracefully...", "", "Starting \u001b[0;1;39msystemd-udev-trigger.service\u001b[0m - Coldplug A[    3.327292] systemd[1]: Started systemd-journald.service - Journal Service.", "ll udev Devices...", "", "[\u001b[0;32m  OK  \u001b[0m] Started \u001b[0;1;39msystemd-journald.service\u001b[0m - Journal Service.", "", "[\u001b[0;32m  OK  \u001b[0m] Mounted \u001b[0;1;39mdev-hugepages.mount\u001b[0m - Huge Pages File System.", "", "[\u001b[0;32m  OK  \u001b[0m] Mounted \u001b[0;1;39mdev-mqueue.mount\u001b[0m - POSIX Message Queue File System.", "", "[\u001b[0;32m  OK  \u001b[0m] Mounted \u001b[0;1;39msys-kernel-debug.mount\u001b[0m - Kernel Debug File System.", "", "[\u001b[0;32m  OK  \u001b[0m] Mounted \u001b[0;1;39msys-kernel-tracing.mount\u001b[0m - Kernel Trace File System.", "", "[\u001b[0;32m  OK  \u001b[0m] Finished \u001b[0;1;39mkeyboard-setup.service\u001b[0m - Set the console keyboard layout.", "", "[\u001b[0;32m  OK  \u001b[0m] Finished \u001b[0;1;39mmodprobe@configfs.service\u001b[0m - Load Kernel Module configfs.", "", "[\u001b[0;32m  OK  \u001b[0m] Finished \u001b[0;1;39mmodprobe@dm_mod.service\u001b[0m - Load Kernel Module dm_mod.", "", "[\u001b[0;32m  OK  \u001b[0m] Finished \u001b[0;1;39mmodprobe@drm.service\u001b[0m - Load Kernel Module drm.", "", "[\u001b[0;32m  OK  \u001b[0m] Finished \u001b[0;1;39mmodprobe@efi_pstore.service\u001b[0m - Load Kernel Module efi_pstore.", "", "[\u001b[0;32m  OK  \u001b[0m] Finished \u001b[0;1;39mmodprobe@fuse.service\u001b[0m - Load Kernel Module fuse.", "", "[\u001b[0;32m  OK  \u001b[0m] Finished \u001b[0;1;39mmodprobe@loop.service\u001b[0m - Load Kernel Module loop.", "", "[\u001b[0;32m  OK  \u001b[0m] Finished \u001b[0;1;39msystemd-fsck-root.service\u001b[0m - File System Check on Root Device.", "", "[\u001b[0;32m  OK  \u001b[0m] Finished \u001b[0;1;39msystemd-modules-load.service\u001b[0m - Load Kernel Modules.", "", "[\u001b[0;32m  OK  \u001b[0m] Finished \u001b[0;1;39msystemd-tmpfiles-setup-de\u2026\u001b[0mic Device Nodes in /dev gracefully.", "", "[\u001b[0;32m  OK  \u001b[0m] Started \u001b[0;1;39msystemd-fsckd.service\u001b[0m - Fi\u2026stem Check Daemon to report status.", "", "Starting \u001b[0;1;39msystemd-remount-fs.servic\u2026\u001b[0munt Root and Kernel File Systems...", "", "Starting \u001b[0;1;39msystemd-sysctl.service\u001b[0m - Apply Kernel Variables...", "", "[\u001b[0;32m  OK  \u001b[0m] Finished \u001b[0;1;39msystemd-udev-trigger.service\u001b[0m - Coldplug All udev Devices.", "", "[\u001b[0;32m  OK  \u001b[0m] Finished \u001b[0;1;39msystemd-sysctl.service\u001b[0m - Apply Kernel Variables.", "", "[    3.461289] EXT4-fs (vda1): re-mounted c8107c30-aa3b-40eb-bd2a-416a91df85e7 r/w. Quota mode: none.", "[\u001b[0;32m  OK  \u001b[0m] Finished \u001b[0;1;39msystemd-remount-fs.servic\u2026\u001b[0mmount Root and Kernel File Systems.", "", "Starting \u001b[0;1;39msystemd-journal-flush.ser\u2026\u001b[0msh Journal to Persistent Storage...", "", "Starting \u001b[0;1;39msystemd-random-seed.service\u001b[0m - Load/Save OS Random Seed...", "", "[    3.499269] systemd-journald[131]: Received client request to flush runtime journal.", "Starting \u001b[0;1;39msystemd-sysusers.service\u001b[0m - Create System Users...", "", "[\u001b[0;32m  OK  \u001b[0m] Finished \u001b[0;1;39msystemd-random-seed.service\u001b[0m - Load/Save OS Random Seed.", "", "[\u001b[0;32m  OK  \u001b[0m] Finished \u001b[0;1;39msystemd-sysusers.service\u001b[0m - Create Syst[    3.522031] systemd-journald[131]: /var/log/journal/26d7b7c94826499bb6e00a5f602ee679/system.journal: Journal file uses a different sequence number ID, rotating.", "em Users.", "[    3.527053] systemd-journald[131]: Rotating system journal.", "", "Starting \u001b[0;1;39msystemd-tmpfiles-setup-de\u2026\u001b[0meate Static Device Nodes in /dev...", "", "[\u001b[0;32m  OK  \u001b[0m] Finished \u001b[0;1;39msystemd-tmpfiles-setup-de\u2026\u001b[0mCreate Static Device Nodes in /dev.", "", "[\u001b[0;32m  OK  \u001b[0m] Reached target \u001b[0;1;39mlocal-fs-pre.target\u001b[0m\u2026Preparation for Local File Systems.", "", "Starting \u001b[0;1;39msystemd-udevd.service\u001b[0m - R\u2026ager for Device Events and Files...", "", "[\u001b[0;32m  OK  \u001b[0m] Finished \u001b[0;1;39msystemd-journal-flush.ser\u2026\u001b[0mlush Journal to Persistent Storage.", "", "[\u001b[0;32m  OK  \u001b[0m] Started \u001b[0;1;39msystemd-udevd.service\u001b[0m - Ru\u2026anager for Device Events and Files.", "", "Starting \u001b[0;1;39msystemd-networkd.service\u001b[0m - Network Configuration...", "", "[\u001b[0;32m  OK  \u001b[0m] Found device \u001b[0;1;39mdev-ttyS0.device\u001b[0m - /dev/ttyS0.", "", "[    3.745714] virtio_net virtio1 ens3: renamed from eth0", "[\u001b[0;32m  OK  \u001b[0m] Listening on \u001b[0;1;39msystemd-rfkill.socket\u001b[0m\u2026ll Switch Status /dev/rfkill Watch.", "", "[\u001b[0;32m  OK  \u001b[0m] Found device \u001b[0;1;39mdev-disk-by\\x2dlabel-\u2026T.device\u001b[0m - /dev/disk/by-label/BOOT.", "", "[\u001b[0;32m  OK  \u001b[0m] Found device \u001b[0;1;39mdev-disk-by\\x2dlabel-\u2026I.device\u001b[0m - /dev/disk/by-label/UEFI.", "", "Starting \u001b[0;1;39msystemd-fsck@dev-disk-by\\\u2026\u001b[0mCheck on /dev/disk/by-label/BOOT...", "", "[\u001b[0;32m  OK  \u001b[0m] Started \u001b[0;1;39msystemd-networkd.service\u001b[0m - Network Configuration.", "", "[\u001b[0;32m  OK  \u001b[0m] Finished \u001b[0;1;39msystemd-fsck@dev-disk-by\\\u2026\u001b[0mm Check on /dev/disk/by-label/BOOT.", "", "Mounting \u001b[0;1;39mboot.mount\u001b[0m - /boot...", "", "[    3.891065] EXT4-fs (vda16): mounted filesystem 7164fb69-891e-447e-91ac-9486a0886759 r/w with ordered data mode. Quota mode: none.", "[\u001b[0;32m  OK  \u001b[0m] Mounted \u001b[0;1;39mboot.mount\u001b[0m - /boot.", "", "Mounting \u001b[0;1;39mboot-efi.mount\u001b[0m - /boot/efi...", "", "[    3.908332] FAT-fs (vda15): Volume was not properly unmounted. Some data may be corrupt. Please run fsck.", "[\u001b[0;32m  OK  \u001b[0m] Mounted \u001b[0;1;39mboot-efi.mount\u001b[0m - /boot/efi.", "", "[\u001b[0;32m  OK  \u001b[0m] Reached target \u001b[0;1;39mlocal-fs.target\u001b[0m - Local File Systems.", "", "[\u001b[0;32m  OK  \u001b[0m] Listening on \u001b[0;1;39msystemd-sysext.socket\u001b[0m\u2026tension Image Management (Varlink).", "", "Starting \u001b[0;1;39mconsole-setup.service\u001b[0m - Set console font and keymap...", "", "Starting \u001b[0;1;39mldconfig.service\u001b[0m - Rebuild Dynamic Linker Cache...", "", "Starting \u001b[0;1;39msystemd-binfmt.service\u001b[0m - Set Up Additional Binary Formats...", "", "Starting \u001b[0;1;39msystemd-tmpfiles-setup.se\u2026\u001b[0me Volatile Files and Directories...", "", "[\u001b[0;32m  OK  \u001b[0m] Finished \u001b[0;1;39mconsole-setup.service\u001b[0m - Set console font and keymap.", "", "Mounting \u001b[0;1;39mproc-sys-fs-binfmt_misc.m\u2026\u001b[0mcutable File Formats File System...", "", "[\u001b[0;32m  OK  \u001b[0m] Mounted \u001b[0;1;39mproc-sys-fs-binfmt_misc.mo\u2026\u001b[0mxecutable File Formats File System.", "", "[\u001b[0;32m  OK  \u001b[0m] Finished \u001b[0;1;39msystemd-binfmt.service\u001b[0m - Set Up Additional Binary Formats.", "", "[\u001b[0;32m  OK  \u001b[0m] Finished \u001b[0;1;39msystemd-tmpfiles-setup.se\u2026\u001b[0mate Volatile Files and Directories.", "", "[\u001b[0;32m  OK  \u001b[0m] Finished \u001b[0;1;39mldconfig.service\u001b[0m - Rebuild Dynamic Linker Cache.", "", "Starting \u001b[0;1;39msystemd-journal-catalog-u\u2026ervice\u001b[0m - Rebuild Journal Catalog...", "", "Starting \u001b[0;1;39msystemd-resolved.service\u001b[0m - Network Name Resolution...", "", "Starting \u001b[0;1;39msystemd-timesyncd.service\u001b[0m - Network Time Synchronization...", "", "Starting \u001b[0;1;39msystemd-update-utmp.servi\u2026\u001b[0mord System Boot/Shutdown in UTMP...", "", "[\u001b[0;32m  OK  \u001b[0m] Finished \u001b[0;1;39msystemd-update-utmp.servi\u2026\u001b[0mecord System Boot/Shutdown in UTMP.", "", "[\u001b[0;32m  OK  \u001b[0m] Finished \u001b[0;1;39msystemd-journal-catalog-u\u2026.service\u001b[0m - Rebuild Journal Catalog.", "", "Starting \u001b[0;1;39msystemd-update-done.service\u001b[0m - Update is Completed...", "", "[\u001b[0;32m  OK  \u001b[0m] Finished \u001b[0;1;39msystemd-update-done.service\u001b[0m - Update is Completed.", "", "[\u001b[0;32m  OK  \u001b[0m] Started \u001b[0;1;39msystemd-timesyncd.service\u001b[0m - Network Time Synchronization.", "", "[\u001b[0;32m  OK  \u001b[0m] Reached target \u001b[0;1;39mtime-set.target\u001b[0m - System Time Set.", "", "[\u001b[0;32m  OK  \u001b[0m] Started \u001b[0;1;39msystemd-resolved.service\u001b[0m - Network Name Resolution.", "", "[\u001b[0;32m  OK  \u001b[0m] Reached target \u001b[0;1;39mnetwork.target\u001b[0m - Network.", "", "[\u001b[0;32m  OK  \u001b[0m] Reached target \u001b[0;1;39mnss-lookup.target\u001b[0m - Host and Network Name Lookups.", "", "[\u001b[0;32m  OK  \u001b[0m] Reached target \u001b[0;1;39msysinit.target\u001b[0m - System Initialization.", "", "[\u001b[0;32m  OK  \u001b[0m] Started \u001b[0;1;39mapt-daily.timer\u001b[0m - Daily apt download activities.", "", "[\u001b[0;32m  OK  \u001b[0m] Started \u001b[0;1;39mapt-daily-upgrade.timer\u001b[0m - \u2026y apt upgrade and clean activities.", "", "[\u001b[0;32m  OK  \u001b[0m] Started \u001b[0;1;39mdpkg-db-backup.timer\u001b[0m - Daily dpkg database backup timer.", "", "[\u001b[0;32m  OK  \u001b[0m] Started \u001b[0;1;39me2scrub_all.timer\u001b[0m - Period\u2026Metadata Check for All Filesystems.", "", "[\u001b[0;32m  OK  \u001b[0m] Started \u001b[0;1;39mfstrim.timer\u001b[0m - Discard unused filesystem blocks once a week.", "", "[\u001b[0;32m  OK  \u001b[0m] Started \u001b[0;1;39mmotd-news.timer\u001b[0m - Message of the Day.", "", "[\u001b[0;32m  OK  \u001b[0m] Started \u001b[0;1;39mphpsessionclean.timer\u001b[0m - Clean PHP session files every 30 mins.", "", "[\u001b[0;32m  OK  \u001b[0m] Started \u001b[0;1;39msystemd-tmpfiles-clean.tim\u2026\u001b[0my Cleanup of Temporary Directories.", "", "[\u001b[0;32m  OK  \u001b[0m] Reached target \u001b[0;1;39mpaths.target\u001b[0m - Path Units.", "", "[\u001b[0;32m  OK  \u001b[0m] Reached target \u001b[0;1;39mtimers.target\u001b[0m - Timer Units.", "", "[\u001b[0;32m  OK  \u001b[0m] Listening on \u001b[0;1;39mdbus.socket\u001b[0m - D-Bus System Message Bus Socket.", "", "Starting \u001b[0;1;39mlxd-installer.socket\u001b[0m - He\u2026er to install lxd snap on demand...", "", "Starting \u001b[0;1;39msnapd.socket\u001b[0m - Socket activation for snappy daemon...", "", "[\u001b[0;32m  OK  \u001b[0m] Listening on \u001b[0;1;39mssh.socket\u001b[0m - OpenBSD Secure Shell server socket.", "", "[\u001b[0;32m  OK  \u001b[0m] Listening on \u001b[0;1;39mlxd-installer.socket\u001b[0m \u2026lper to install lxd snap on demand.", "", "[\u001b[0;32m  OK  \u001b[0m] Listening on \u001b[0;1;39msnapd.socket\u001b[0m - Socket activation for snappy daemon.", "", "[\u001b[0;32m  OK  \u001b[0m] Reached target \u001b[0;1;39msockets.target\u001b[0m - Socket Units.", "", "[\u001b[0;32m  OK  \u001b[0m] Reached target \u001b[0;1;39mbasic.target\u001b[0m - Basic System.", "", "Starting \u001b[0;1;39mapport.service\u001b[0m - automatic crash report generation...", "", "Starting \u001b[0;1;39mdbus.service\u001b[0m - D-Bus System Message Bus...", "", "Starting \u001b[0;1;39me2scrub_reap.service\u001b[0m - Re\u2026ne ext4 Metadata Check Snapshots...", "", "Starting \u001b[0;1;39mgrub-common.service\u001b[0m - Record successful boot for GRUB...", "", "Starting \u001b[0;1;39mphpsessionclean.service\u001b[0m - Clean php session files...", "", "[\u001b[0;32m  OK  \u001b[0m] Reached target \u001b[0;1;39mgetty-pre.target\u001b[0m - Preparation for Logins.", "", "Starting \u001b[0;1;39msnapd.seeded.service\u001b[0m - Wait until snapd is fully seeded...", "", "Starting \u001b[0;1;39msnapd.service\u001b[0m - Snap Daemon...", "", "Starting \u001b[0;1;39msystemd-logind.service\u001b[0m - User Login Management...", "", "Starting \u001b[0;1;39msystemd-user-sessions.service\u001b[0m - Permit User Sessions...", "", "[    4.335698] e2scrub_all (279) used greatest stack depth: 12896 bytes left", "[\u001b[0;32m  OK  \u001b[0m] Finished \u001b[0;1;39me2scrub_reap.service\u001b[0m - Re\u2026line ext4 Metadata Check Snapshots.", "", "[\u001b[0;32m  OK  \u001b[0m] Started \u001b[0;1;39mdbus.service\u001b[0m - D-Bus System Message Bus.", "", "[\u001b[0;32m  OK  \u001b[0m] Finished \u001b[0;1;39msystemd-user-sessions.service\u001b[0m - Permit User Sessions.", "", "[\u001b[0;32m  OK  \u001b[0m] Started \u001b[0;1;39mserial-getty@ttyS0.service\u001b[0m - Serial Getty on ttyS0.", "", "Starting \u001b[0;1;39msetvtrgb.service\u001b[0m - Set console scheme...", "", "[\u001b[0;32m  OK  \u001b[0m] Finished \u001b[0;1;39msetvtrgb.service\u001b[0m - Set console scheme.", "", "[\u001b[0;32m  OK  \u001b[0m] Created slice \u001b[0;1;39msystem-getty.slice\u001b[0m - Slice /system/getty.", "", "[\u001b[0;32m  OK  \u001b[0m] Started \u001b[0;1;39mgetty@tty1.service\u001b[0m - Getty on tty1.", "", "[\u001b[0;32m  OK  \u001b[0m] Reached target \u001b[0;1;39mgetty.target\u001b[0m - Login Prompts.", "", "[\u001b[0;32m  OK  \u001b[0m] Finished \u001b[0;1;39mgrub-common.service\u001b[0m - Record successful boot for GRUB.", "", "Starting \u001b[0;1;39mgrub-initrd-fallback.service\u001b[0m - GRUB failed boot detection...", "", "[\u001b[0;32m  OK  \u001b[0m] Started \u001b[0;1;39msystemd-logind.service\u001b[0m - User Login Management.", "", "[\u001b[0;32m  OK  \u001b[0m] Started \u001b[0;1;39munattended-upgrades.service\u001b[0m - Unattended Upgrades Shutdown.", "", "[\u001b[0;32m  OK  \u001b[0m] Finished \u001b[0;1;39mgrub-initrd-fallback.service\u001b[0m - GRUB failed boot detection.", "", "[\u001b[0;32m  OK  \u001b[0m] Finished \u001b[0;1;39mphpsessionclean.service\u001b[0m - Clean php session files.", "", "[    4.872160] loop0: detected capacity change from 0 to 8", "[\u001b[0;32m  OK  \u001b[0m] Finished \u001b[0;1;39mapport.service\u001b[0m - automatic crash report generation.", "", "[\u001b[0;32m  OK  \u001b[0m] Started \u001b[0;1;39msnapd.service\u001b[0m - Snap Daemon.", "", "Starting \u001b[0;1;39msystemd-timedated.service\u001b[0m - Time & Date Service...", "", "[\u001b[0;32m  OK  \u001b[0m] Started \u001b[0;1;39msystemd-timedated.service\u001b[0m - Time & Date Service.", "", "[\u001b[0;32m  OK  \u001b[0m] Finished \u001b[0;1;39msnapd.seeded.service\u001b[0m - Wait until snapd is fully seeded.", "", "[\u001b[0;32m  OK  \u001b[0m] Reached target \u001b[0;1;39mmulti-user.target\u001b[0m - Multi-User System.", "", "[\u001b[0;32m  OK  \u001b[0m] Reached target \u001b[0;1;39mgraphical.target\u001b[0m - Graphical Interface.", "", "Starting \u001b[0;1;39msystemd-update-utmp-runle\u2026\u001b[0m- Record Runlevel Change in UTMP...", "", "[\u001b[0;32m  OK  \u001b[0m] Finished \u001b[0;1;39msystemd-update-utmp-runle\u2026e\u001b[0m - Record Runlevel Change in UTMP.", "", "", "", "Ubuntu 24.04.2 LTS ubuntu-testing ttyS0", "", "ubuntu-testing login: root (automatic login)", "", "", "Welcome to Ubuntu 24.04.2 LTS (GNU/Linux 6.8.0 x86_64)", "", "* Documentation:  https://help.ubuntu.com", "* Management:     https://landscape.canonical.com", "* Support:        https://ubuntu.com/pro", "", "This system has been minimized by removing packages and content that are", "not required on a system that users do not log into.", "", "To restore this content, you can run the 'unminimize' command.", "[    5.421806] MICROWAVE FRAMEWORK TESTER", "[    5.424571] [TAG: RUNNING LMBENCH]", "[    5.425896] === Deleting old results ===", "[    5.442116] total 28", "[    5.442116] -rw-r--r-- 1 root root   18 May 14 03:23 ubuntu-testing.0", "[    5.442116] -rw-r--r-- 1 root root 4779 May 14 07:08 ubuntu-testing.1", "[    5.442116] -rw-r--r-- 1 root root 6967 May 13 06:20 ubuntu-testing.2", "[    5.442116] -rw-r--r-- 1 root root 5172 May 13 06:29 ubuntu-testing.3", "[    5.459538] === Starting new benchmark ===", "[    5.461067] Tailing status file: /tempbench.txt", "tail: cannot open '/tempbench.txt' for reading: No such file or directory", "[    5.476600] cd src && make rerun", "[    5.483446] make[1]: Entering directory '/opt/lmbench/src'", "[    6.586462] gmake[2]: Entering directory '/opt/lmbench/src'", "[    6.588589] gmake[2]: Nothing to be done for 'all'.", "[    6.590395] gmake[2]: Leaving directory '/opt/lmbench/src'", "[    7.306839] gmake[2]: Entering directory '/opt/lmbench/src'", "[    7.308666] gmake[2]: Nothing to be done for 'opt'.", "[    7.310264] gmake[2]: Leaving directory '/opt/lmbench/src'", "[    8.213536] (udev-worker) (205) used greatest stack depth: 12728 bytes left", "[   85.442483] lat_rpc[1409]: segfault at ffffffe0 ip 00007f19ba4eaa07 sp 00007fffa5f097d8 error 4 in libc.so.6[7f19ba377000+188000] likely on CPU 4 (core 4, socket 0)", "[   85.447107] Code: 44 00 00 0f bc c0 48 29 cf 48 8d 44 07 20 c3 0f 1f 40 00 0f bc c0 29 cf 8d 44 07 60 c3 66 0f 1f 44 00 00 48 89 f9 48 83 e7 e0 <62> f1 7d 20 74 07 c5 fb 93 c0 d3 e8 0f 84 ee fe ff ff 0f bc c0 c3", "[  144.939771] make[1]: Leaving directory '/opt/lmbench/src'", "[  144.944132]", "[  144.944939] === Benchmark complete; dumping results at /opt/lmbench/results/x86_64-linux-gnu/ubuntu-testing.0 to aux log ===", "[  144.957527] ============================================", "[  144.980123] Elapsed time: 139.934540644 seconds", "[  144.981888] [TAG: LMBENCH COMPLETE]", "[  144.983258] MICROWAVE FRAMEWORK TESTER", "\u001b[?2004hroot@ubuntu-testing:/opt/lmbench# [\u001b[0;32m  OK  \u001b[0m] Removed slice \u001b[0;1;39msystem-modprobe.slice\u001b[0m - Slice /system/modprobe.", "", "[\u001b[0;32m  OK  \u001b[0m] Stopped target \u001b[0;1;39mgraphical.target\u001b[0m - Graphical Interface.", "", "[\u001b[0;32m  OK  \u001b[0m] Stopped target \u001b[0;1;39mmulti-user.target\u001b[0m - Multi-User System.", "", "[\u001b[0;32m  OK  \u001b[0m] Stopped target \u001b[0;1;39mgetty.target\u001b[0m - Login Prompts.", "", "[\u001b[0;32m  OK  \u001b[0m] Stopped target \u001b[0;1;39mnss-lookup.target\u001b[0m - Host and Network Name Lookups.", "", "[\u001b[0;32m  OK  \u001b[0m] Stopped target \u001b[0;1;39mtimers.target\u001b[0m - Timer Units.", "", "[\u001b[0;32m  OK  \u001b[0m] Stopped \u001b[0;1;39mapt-daily-upgrade.timer\u001b[0m - \u2026y apt upgrade and clean activities.", "", "[\u001b[0;32m  OK  \u001b[0m] Stopped \u001b[0;1;39mapt-daily.timer\u001b[0m - Daily apt download activities.", "", "[\u001b[0;32m  OK  \u001b[0m] Stopped \u001b[0;1;39mdpkg-db-backup.timer\u001b[0m - Daily dpkg database backup timer.", "", "[\u001b[0;32m  OK  \u001b[0m] Stopped \u001b[0;1;39me2scrub_all.timer\u001b[0m - Period\u2026Metadata Check for All Filesystems.", "", "[\u001b[0;32m  OK  \u001b[0m] Stopped \u001b[0;1;39mfstrim.timer\u001b[0m - Discard unused filesystem blocks once a week.", "", "[\u001b[0;32m  OK  \u001b[0m] Stopped \u001b[0;1;39mmotd-news.timer\u001b[0m - Message of the Day.", "", "[\u001b[0;32m  OK  \u001b[0m] Stopped \u001b[0;1;39mphpsessionclean.timer\u001b[0m - Clean PHP session files every 30 mins.", "", "[\u001b[0;32m  OK  \u001b[0m] Stopped \u001b[0;1;39msystemd-tmpfiles-clean.tim\u2026\u001b[0my Cleanup of Temporary Directories.", "", "[\u001b[0;32m  OK  \u001b[0m] Stopped target \u001b[0;1;39mtime-set.target\u001b[0m - System Time Set.", "", "[\u001b[0;32m  OK  \u001b[0m] Closed \u001b[0;1;39msystemd-rfkill.socket\u001b[0m - Loa\u2026ll Switch Status /dev/rfkill Watch.", "", "Stopping \u001b[0;1;39mapport.service\u001b[0m - automatic crash report generation...", "", "Stopping \u001b[0;1;39mgetty@tty1.service\u001b[0m - Getty on tty1...", "", "Stopping \u001b[0;1;39mserial-getty@ttyS0.service\u001b[0m - Serial Getty on ttyS0...", "", "[\u001b[0;32m  OK  \u001b[0m] Stopped \u001b[0;1;39msnapd.seeded.service\u001b[0m - Wait until snapd is fully seeded.", "", "Stopping \u001b[0;1;39msystemd-random-seed.service\u001b[0m - Load/Save OS Random Seed...", "", "[\u001b[0;32m  OK  \u001b[0m] Stopped \u001b[0;1;39mserial-getty@ttyS0.service\u001b[0m - Serial Getty on ttyS0.", "", "[\u001b[0;32m  OK  \u001b[0m] Stopped \u001b[0;1;39mgetty@tty1.service\u001b[0m - Getty on tty1.", "", "[\u001b[0;32m  OK  \u001b[0m] Stopped \u001b[0;1;39msession-1.scope\u001b[0m - Session 1 of User root.", "", "[\u001b[0;32m  OK  \u001b[0m] Removed slice \u001b[0;1;39msystem-getty.slice\u001b[0m - Slice /system/getty.", "", "[\u001b[0;32m  OK  \u001b[0m] Removed slice \u001b[0;1;39msystem-serial\\x2dget\u2026slice\u001b[0m - Slice /system/serial-getty.", "", "[\u001b[0;32m  OK  \u001b[0m] Stopped target \u001b[0;1;39mgetty-pre.target\u001b[0m - Preparation for Logins.", "", "Stopping \u001b[0;1;39msystemd-logind.service\u001b[0m - User Login Management...", "", "Stopping \u001b[0;1;39msystemd-user-sessions.service\u001b[0m - Permit User Sessions...", "", "Stopping \u001b[0;1;39muser@0.service\u001b[0m - User Manager for UID 0...", "", "[\u001b[0;32m  OK  \u001b[0m] Stopped \u001b[0;1;39msystemd-random-seed.service\u001b[0m - Load/Save OS Random Seed.", "", "[\u001b[0;32m  OK  \u001b[0m] Stopped \u001b[0;1;39msystemd-user-sessions.service\u001b[0m - Permit User Sessions.", "", "[\u001b[0;32m  OK  \u001b[0m] Stopped target \u001b[0;1;39mnetwork.target\u001b[0m - Network.", "", "Stopping \u001b[0;1;39msystemd-networkd.service\u001b[0m - Network Configuration...", "", "[\u001b[0;32m  OK  \u001b[0m] Stopped \u001b[0;1;39msystemd-networkd.service\u001b[0m - Network Configuration.", "", "[\u001b[0;32m  OK  \u001b[0m] Stopped \u001b[0;1;39msystemd-logind.service\u001b[0m - User Login Management.", "", "[\u001b[0;32m  OK  \u001b[0m] Stopped \u001b[0;1;39mapport.service\u001b[0m - automatic crash report generation.", "", "[\u001b[0;32m  OK  \u001b[0m] Stopped \u001b[0;1;39muser@0.service\u001b[0m - User Manager for UID 0.", "", "[\u001b[0;32m  OK  \u001b[0m] Stopped target \u001b[0;1;39mremote-fs.target\u001b[0m - Remote File Systems.", "", "Stopping \u001b[0;1;39muser-runtime-dir@0.servic\u2026\u001b[0mer Runtime Directory /run/user/0...", "", "[\u001b[0;32m  OK  \u001b[0m] Unmounted \u001b[0;1;39mrun-user-0.mount\u001b[0m - /run/user/0.", "", "[\u001b[0;32m  OK  \u001b[0m] Stopped \u001b[0;1;39muser-runtime-dir@0.service\u001b[0m\u2026User Runtime Directory /run/user/0.", "", "[\u001b[0;32m  OK  \u001b[0m] Removed slice \u001b[0;1;39muser-0.slice\u001b[0m - User Slice of UID 0.", "", "[\u001b[0;32m  OK  \u001b[0m] Stopped target \u001b[0;1;39mbasic.target\u001b[0m - Basic System.", "", "[\u001b[0;32m  OK  \u001b[0m] Stopped target \u001b[0;1;39mpaths.target\u001b[0m - Path Units.", "", "[\u001b[0;32m  OK  \u001b[0m] Stopped target \u001b[0;1;39mslices.target\u001b[0m - Slice Units.", "", "[\u001b[0;32m  OK  \u001b[0m] Removed slice \u001b[0;1;39muser.slice\u001b[0m - User and Session Slice.", "", "[\u001b[0;32m  OK  \u001b[0m] Stopped target \u001b[0;1;39msockets.target\u001b[0m - Socket Units.", "", "[\u001b[0;32m  OK  \u001b[0m] Closed \u001b[0;1;39mlxd-installer.socket\u001b[0m - Helper to install lxd snap on demand.", "", "[\u001b[0;32m  OK  \u001b[0m] Closed \u001b[0;1;39msnapd.socket\u001b[0m - Socket activation for snappy daemon.", "", "[\u001b[0;32m  OK  \u001b[0m] Closed \u001b[0;1;39mssh.socket\u001b[0m - OpenBSD Secure Shell server socket.", "", "[\u001b[0;32m  OK  \u001b[0m] Stopped target \u001b[0;1;39msysinit.target\u001b[0m - System Initialization.", "", "[\u001b[0;32m  OK  \u001b[0m] Stopped target \u001b[0;1;39mcryptsetup.target\u001b[0m - Local Encrypted Volumes.", "", "[\u001b[0;32m  OK  \u001b[0m] Stopped \u001b[0;1;39msystemd-ask-password-conso\u2026\u001b[0mequests to Console Directory Watch.", "", "[\u001b[0;32m  OK  \u001b[0m] Stopped \u001b[0;1;39msystemd-ask-password-wall.\u2026\u001b[0md Requests to Wall Directory Watch.", "", "[\u001b[0;32m  OK  \u001b[0m] Stopped target \u001b[0;1;39mintegritysetup.targ\u2026\u001b[0m Local Integrity Protected Volumes.", "", "[\u001b[0;32m  OK  \u001b[0m] Stopped target \u001b[0;1;39mswap.target\u001b[0m - Swaps.", "", "[\u001b[0;32m  OK  \u001b[0m] Stopped target \u001b[0;1;39mveritysetup.target\u001b[0m - Local Verity Protected Volumes.", "", "[\u001b[0;32m  OK  \u001b[0m] Closed \u001b[0;1;39msystemd-networkd.socket\u001b[0m - Network Service Netlink Socket.", "", "Stopping \u001b[0;1;39msystemd-binfmt.service\u001b[0m - Set Up Additional Binary Formats...", "", "Stopping \u001b[0;1;39msystemd-resolved.service\u001b[0m - Network Name Resolution...", "", "Stopping \u001b[0;1;39msystemd-timesyncd.service\u001b[0m - Network Time Synchronization...", "", "[\u001b[0;32m  OK  \u001b[0m] Stopped \u001b[0;1;39msystemd-update-done.service\u001b[0m - Update is Completed.", "", "[\u001b[0;32m  OK  \u001b[0m] Stopped \u001b[0;1;39mldconfig.service\u001b[0m - Rebuild Dynamic Linker Cache.", "", "[\u001b[0;32m  OK  \u001b[0m] Stopped \u001b[0;1;39msystemd-journal-catalog-up\u2026.service\u001b[0m - Rebuild Journal Catalog.", "", "Stopping \u001b[0;1;39msystemd-update-utmp.servi\u2026\u001b[0mord System Boot/Shutdown in UTMP...", "", "[\u001b[0;32m  OK  \u001b[0m] Stopped \u001b[0;1;39msystemd-resolved.service\u001b[0m - Network Name Resolution.", "", "[\u001b[0;32m  OK  \u001b[0m] Stopped \u001b[0;1;39msystemd-timesyncd.service\u001b[0m - Network Time Synchronization.", "", "[\u001b[0;32m  OK  \u001b[0m] Stopped \u001b[0;1;39msystemd-binfmt.service\u001b[0m - Set Up Additional Binary Formats.", "", "[\u001b[0;32m  OK  \u001b[0m] Unset automount \u001b[0;1;39mproc-sys-fs-binfmt\u2026\u001b[0mormats File System Automount Point.", "", "[\u001b[0;32m  OK  \u001b[0m] Stopped \u001b[0;1;39msystemd-sysctl.service\u001b[0m - Apply Kernel Variables.", "", "[\u001b[0;32m  OK  \u001b[0m] Stopped \u001b[0;1;39msystemd-modules-load.service\u001b[0m - Load Kernel Modules.", "", "[\u001b[0;32m  OK  \u001b[0m] Stopped \u001b[0;1;39msystemd-update-utmp.servic\u2026\u001b[0mecord System Boot/Shutdown in UTMP.", "", "[\u001b[0;32m  OK  \u001b[0m] Stopped \u001b[0;1;39msystemd-tmpfiles-setup.ser\u2026\u001b[0mate Volatile Files and Directories.", "", "[\u001b[0;32m  OK  \u001b[0m] Stopped target \u001b[0;1;39mlocal-fs.target\u001b[0m - Local File Systems.", "", "[\u001b[0;32m  OK  \u001b[0m] Stopped target \u001b[0;1;39msnapd.mounts.target\u001b[0m - Mounted snaps.", "", "[\u001b[0;32m  OK  \u001b[0m] Stopped target \u001b[0;1;39msnapd.mounts-pre.target\u001b[0m - Mounting snaps.", "", "Unmounting \u001b[0;1;39mboot-efi.mount\u001b[0m - /boot/efi...", "", "[\u001b[0;32m  OK  \u001b[0m] Unmounted \u001b[0;1;39mboot-efi.mount\u001b[0m - /boot/efi.", "", "Unmounting \u001b[0;1;39mboot.mount\u001b[0m - /boot...", "", "[  145.492443] EXT4-fs (vda16): unmounting filesystem 7164fb69-891e-447e-91ac-9486a0886759.", "[\u001b[0;32m  OK  \u001b[0m] Unmounted \u001b[0;1;39mboot.mount\u001b[0m - /boot.", "", "[\u001b[0;32m  OK  \u001b[0m] Reached target \u001b[0;1;39mumount.target\u001b[0m - Unmount All Filesystems.", "", "[\u001b[0;32m  OK  \u001b[0m] Stopped \u001b[0;1;39msystemd-fsck@dev-disk-by\\x\u2026\u001b[0mm Check on /dev/disk/by-label/BOOT.", "", "[\u001b[0;32m  OK  \u001b[0m] Removed slice \u001b[0;1;39msystem-systemd\\x2dfs\u2026slice\u001b[0m - Slice /system/systemd-fsck.", "", "[\u001b[0;32m  OK  \u001b[0m] Stopped target \u001b[0;1;39mlocal-fs-pre.target\u001b[0m\u2026Preparation for Local File Systems.", "", "[\u001b[0;32m  OK  \u001b[0m] Stopped \u001b[0;1;39msystemd-tmpfiles-setup-dev\u2026\u001b[0mCreate Static Device Nodes in /dev.", "", "[\u001b[0;32m  OK  \u001b[0m] Stopped \u001b[0;1;39msystemd-sysusers.service\u001b[0m - Create System Users.", "", "[\u001b[0;32m  OK  \u001b[0m] Stopped \u001b[0;1;39msystemd-remount-fs.service\u001b[0m\u2026mount Root and Kernel File Systems.", "", "[\u001b[0;32m  OK  \u001b[0m] Stopped \u001b[0;1;39msystemd-fsck-root.service\u001b[0m - File System Check on Root Device.", "", "[\u001b[0;32m  OK  \u001b[0m] Stopped \u001b[0;1;39msystemd-tmpfiles-setup-dev\u2026\u001b[0mic Device Nodes in /dev gracefully.", "", "[\u001b[0;32m  OK  \u001b[0m] Reached target \u001b[0;1;39mshutdown.target\u001b[0m - System Shutdown.", "", "[\u001b[0;32m  OK  \u001b[0m] Reached target \u001b[0;1;39mfinal.target\u001b[0m - Late Shutdown Services.", "", "[\u001b[0;32m  OK  \u001b[0m] Finished \u001b[0;1;39msystemd-poweroff.service\u001b[0m - System Power Off.", "", "[\u001b[0;32m  OK  \u001b[0m] Reached target \u001b[0;1;39mpoweroff.target\u001b[0m - System Power Off.", "", "[  145.589093] systemd-shutdown[1]: Syncing filesystems and block devices.", "[  145.603521] systemd-shutdown[1]: Sending SIGTERM to remaining processes...", "[  145.608949] systemd-journald[131]: Received SIGTERM from PID 1 (systemd-shutdow).", "[  145.619105] systemd-shutdown[1]: Sending SIGKILL to remaining processes...", "[  145.627865] systemd-shutdown[1]: Unmounting file systems.", "[  145.630432] (sd-remount)[2975]: Remounting '/' read-only with options 'discard,errors=remount-ro,commit=30'.", "[  145.645883] EXT4-fs (vda1): re-mounted c8107c30-aa3b-40eb-bd2a-416a91df85e7 ro. Quota mode: none.", "[  145.650540] systemd-shutdown[1]: All filesystems unmounted.", "[  145.652543] systemd-shutdown[1]: Deactivating swaps.", "[  145.654345] systemd-shutdown[1]: All swaps deactivated.", "[  145.656129] systemd-shutdown[1]: Detaching loop devices.", "[  145.658909] systemd-shutdown[1]: All loop devices detached.", "[  145.660814] systemd-shutdown[1]: Stopping MD devices.", "[  145.662592] systemd-shutdown[1]: All MD devices stopped.", "[  145.664345] systemd-shutdown[1]: Detaching DM devices.", "[  145.666170] systemd-shutdown[1]: All DM devices detached.", "[  145.668023] systemd-shutdown[1]: All filesystems, swaps, loop devices, MD devices and DM devices detached.", "[  145.671682] systemd-shutdown[1]: Syncing filesystems and block devices.", "[  145.673966] systemd-shutdown[1]: Powering off.", "[  145.677199] ACPI: PM: Preparing to enter system sleep state S5", "[  145.679256] reboot: Power down", "Aux log file:", "Using config in CONFIG.ubuntu-testing", "Tue May 13 07:33:18 UTC 2025", "Latency measurements", "Tue May 13 07:33:33 UTC 2025", "Local networking", "Tue May 13 07:34:36 UTC 2025", "Bandwidth measurements", "Tue May 13 07:35:31 UTC 2025", "Calculating context switch overhead", "Tue May 13 07:35:36 UTC 2025", "[TAG: AUX LMBENCH RESULTS]", "[lmbench3.0 results for Linux ubuntu-testing 6.8.0 #1 SMP PREEMPT_DYNAMIC Tue May 13 06:46:42 UTC 2025 x86_64 x86_64 x86_64 GNU/Linux]", "[LMBENCH_VER: ]", "[BENCHMARK_HARDWARE: NO]", "[BENCHMARK_OS: NO]", "[ALL: 512 1k 2k 4k 8k 16k 32k 64k 128k 256k 512k 1m 2m 4m 8m 16m 32m 64m 128m 256m 512m 1024m 2048m 4096m]", "[DISKS: ]", "[DISK_DESC: ]", "[ENOUGH: 5000]", "[FAST: ]", "[FASTMEM: NO]", "[FILE: /var/tmp/XXX]", "[FSDIR: /var/tmp]", "[HALF: 512 1k 2k 4k 8k 16k 32k 64k 128k 256k 512k 1m 2m 4m 8m 16m 32m 64m 128m 256m 512m 1024m 2048m]", "[INFO: INFO.ubuntu-testing]", "[LINE_SIZE: ]", "[LOOP_O: 0.00000000]", "[MB: 5557]", "[MHZ: 1690 MHz, 0.5917 nanosec clock]", "[MOTHERBOARD: ]", "[NETWORKS: ]", "[PROCESSORS: 8]", "[REMOTE: ]", "[SLOWFS: YES]", "[OS: x86_64-linux-gnu]", "[SYNC_MAX: 1]", "[LMBENCH_SCHED: DEFAULT]", "[TIMING_O: 0]", "[LMBENCH VERSION: lmbench-3alpha4]", "[USER: root]", "[HOSTNAME: ubuntu-testing]", "[NODENAME: ubuntu-testing]", "[SYSNAME: Linux]", "[PROCESSOR: x86_64]", "[MACHINE: x86_64]", "[RELEASE: 6.8.0]", "[VERSION: #1 SMP PREEMPT_DYNAMIC Tue May 13 06:46:42 UTC 2025]", "[Tue May 13 07:33:18 UTC 2025]", "[ 07:33:18 up 0 min, 1 user, load average: 0.00, 0.00, 0.00]", "[net: Kernel Interface table]", "Kernel: error fetching interface information: Device not found", "[net: Iface             MTU    RX-OK RX-ERR RX-DRP RX-OVR    TX-OK TX-ERR TX-DRP TX-OVR Flg]", "Iface: error fetching interface information: Device not found", "[net: ens3             1500        3      0      0 0            11      0      0      0 BMRU]", "[if: ens3: flags=4163<UP,BROADCAST,RUNNING,MULTICAST>  mtu 1500]", "[if: inet 10.0.2.15  netmask 255.255.255.0  broadcast 10.0.2.255]", "[if: inet6 fec0::5054:ff:fe12:3456  prefixlen 64  scopeid 0x40<site>]", "[if: inet6 fe80::5054:ff:fe12:3456  prefixlen 64  scopeid 0x20<link>]", "[if: ether 52:54:00:12:34:56  txqueuelen 1000  (Ethernet)]", "[if: RX packets 3  bytes 1290 (1.2 KB)]", "[if: RX errors 0  dropped 0  overruns 0  frame 0]", "[if: TX packets 11  bytes 1478 (1.4 KB)]", "[if: TX errors 0  dropped 0 overruns 0  carrier 0  collisions 0]", "[if: ]", "[net: lo              65536       80      0      0 0            80      0      0      0 LRU]", "[if: lo: flags=73<UP,LOOPBACK,RUNNING>  mtu 65536]", "[if: inet 127.0.0.1  netmask 255.0.0.0]", "[if: inet6 ::1  prefixlen 128  scopeid 0x10<host>]", "[if: loop  txqueuelen 1000  (Local Loopback)]", "[if: RX packets 80  bytes 5920 (5.9 KB)]", "[if: RX errors 0  dropped 0  overruns 0  frame 0]", "[if: TX packets 80  bytes 5920 (5.9 KB)]", "[if: TX errors 0  dropped 0 overruns 0  carrier 0  collisions 0]", "[if: ]", "[mount: /dev/vda1 on / type ext4 (rw,relatime,discard,errors=remount-ro,commit=30)]", "[mount: devtmpfs on /dev type devtmpfs (rw,relatime,size=4068476k,nr_inodes=1017119,mode=755)]", "[mount: proc on /proc type proc (rw,nosuid,nodev,noexec,relatime)]", "[mount: sysfs on /sys type sysfs (rw,nosuid,nodev,noexec,relatime)]", "[mount: selinuxfs on /sys/fs/selinux type selinuxfs (rw,nosuid,noexec,relatime)]", "[mount: tmpfs on /dev/shm type tmpfs (rw,nosuid,nodev)]", "[mount: devpts on /dev/pts type devpts (rw,nosuid,noexec,relatime,gid=5,mode=620,ptmxmode=000)]", "[mount: tmpfs on /run type tmpfs (rw,nosuid,nodev,size=1628240k,nr_inodes=819200,mode=755)]", "[mount: tmpfs on /run/lock type tmpfs (rw,nosuid,nodev,noexec,relatime,size=5120k)]", "[mount: cgroup2 on /sys/fs/cgroup type cgroup2 (rw,nosuid,nodev,noexec,relatime,nsdelegate,memory_recursiveprot)]", "[mount: systemd-1 on /proc/sys/fs/binfmt_misc type autofs (rw,relatime,fd=32,pgrp=1,timeout=0,minproto=5,maxproto=5,direct)]", "[mount: hugetlbfs on /dev/hugepages type hugetlbfs (rw,nosuid,nodev,relatime,pagesize=2M)]", "[mount: mqueue on /dev/mqueue type mqueue (rw,nosuid,nodev,noexec,relatime)]", "[mount: debugfs on /sys/kernel/debug type debugfs (rw,nosuid,nodev,noexec,relatime)]", "[mount: tracefs on /sys/kernel/tracing type tracefs (rw,nosuid,nodev,noexec,relatime)]", "[mount: /dev/vda16 on /boot type ext4 (rw,relatime)]", "[mount: /dev/vda15 on /boot/efi type vfat (rw,relatime,fmask=0077,dmask=0077,codepage=437,iocharset=iso8859-1,shortname=mixed,errors=remount-ro)]", "[mount: binfmt_misc on /proc/sys/fs/binfmt_misc type binfmt_misc (rw,nosuid,nodev,noexec,relatime)]", "[mount: tmpfs on /run/user/0 type tmpfs (rw,nosuid,nodev,relatime,size=814120k,nr_inodes=203530,mode=700)]", "Simple syscall: 0.2462 microseconds", "Simple read: 0.3076 microseconds", "Simple write: 0.2957 microseconds", "Simple stat: 0.6877 microseconds", "Simple fstat: 0.3519 microseconds", "Simple open/close: 1.2438 microseconds", "Select on 10 fd's: 0.4229 microseconds", "Select on 100 fd's: 1.1846 microseconds", "Select on 250 fd's: 2.4481 microseconds", "Select on 500 fd's: 4.6092 microseconds", "Select on 10 tcp fd's: 0.4740 microseconds", "Select on 100 tcp fd's: 2.7340 microseconds", "Select on 250 tcp fd's: 6.3079 microseconds", "Select on 500 tcp fd's: 12.3696 microseconds", "Pipe latency: 61.5965 microseconds", "AF_UNIX sock stream latency: 47.0508 microseconds", "Process fork+exit: 207.1667 microseconds", "Process fork+execve: 878.6667 microseconds", "Process fork+/bin/sh -c: 1808.6667 microseconds", "x: No such file or directory", "Usage: lat_udp -s serverhost", "OR [-S] [-m <message size>] [-P <parallelism>] [-W <warmup>] [-N <repetitions>] server", "NOTE: message size must be >= 4", "Usage: lat_tcp -s serverhost [-b <backlog>]", "OR [-m <message size>] [-P <parallelism>] [-W <warmup>] [-N <repetitions>] server", "OR -S server", "Usage: lat_connect -s serverhost [-b <backlog>]", "OR [-S] [-N <repetitions>] server", "unable to register (XACT_PROG, XACT_VERS, udp).", "Usage: bw_tcp -s serverhost [-b <backlog>]", "OR [-m <message size>] [-M <bytes to move>] [-P <parallelism>] [-W <warmup>] [-N <repetitions>] server", "OR -S serverhost", "Segmentation fault (core dumped)", "AF_UNIX sock stream bandwidth: 5203.22 MB/sec", "Pipe bandwidth: 529.35 MB/sec", "", "", "\"size=0k ovr=0.83", "2 29.40", "4 29.77", "8 57.86", "16 60.93", "24 65.25", "32 68.40", "64 70.79", "96 64.15", "", "\"size=4k ovr=0.94", "2 49.18", "4 29.50", "8 58.59", "16 60.69", "24 65.00", "32 63.44", "64 69.10", "96 73.79", "", "\"size=8k ovr=1.06", "2 48.39", "4 41.28", "8 39.96", "16 66.22", "24 63.99", "32 69.84", "64 69.46", "96 66.10", "", "\"size=16k ovr=1.29", "2 28.18", "4 30.01", "8 52.97", "16 60.33", "24 60.03", "32 61.87", "64 70.16", "96 73.92", "", "\"size=32k ovr=1.85", "2 51.91", "4 39.50", "8 51.18", "16 65.39", "24 62.82", "32 64.88", "64 73.89", "96 74.12", "", "\"size=64k ovr=2.90", "2 28.21", "4 40.44", "8 60.76", "16 67.35", "24 66.00", "32 74.35", "64 78.53", "96 81.41", "", "", "[Tue May 13 07:35:36 UTC 2025]", "[TAG: AUX LMBENCH RESULTS END]", "[TAG: AUX LMBENCH RESULTS BASE64]", "W2xtYmVuY2gzLjAgcmVzdWx0cyBmb3IgTGludXggdWJ1bnR1LXRlc3RpbmcgNi44LjAgIzEgU01QIFBSRUVNUFRfRFlOQU1JQyBTYXQgTWF5IDE3IDA2OjQ2OjQyIFVUQyAyMDI1IHg4Nl82NCB4ODZfNjQgeDg2XzY0IEdOVS9MaW51eF0KW0xNQkVOQ0hfVkVSOiBdCltCRU5DSE1BUktfSEFSRFdBUkU6IE5PXQpbQkVOQ0hNQVJLX09TOiBOT10KW0FMTDogNTEyIDFrIDJrIDRrIDhrIDE2ayAzMmsgNjRrIDEyOGsgMjU2ayA1MTJrIDFtIDJtIDRtIDhtIDE2bSAzMm0gNjRtIDEyOG0gMjU2bSA1MTJtIDEwMjRtIDIwNDhtIDQwOTZtXQpbRElTS1M6IF0KW0RJU0tfREVTQzogXQpbRU5PVUdIOiA1MDAwXQpbRkFTVDogXQpbRkFTVE1FTTogTk9dCltGSUxFOiAvdmFyL3RtcC9YWFhdCltGU0RJUjogL3Zhci90bXBdCltIQUxGOiA1MTIgMWsgMmsgNGsgOGsgMTZrIDMyayA2NGsgMTI4ayAyNTZrIDUxMmsgMW0gMm0gNG0gOG0gMTZtIDMybSA2NG0gMTI4bSAyNTZtIDUxMm0gMTAyNG0gMjA0OG1dCltJTkZPOiBJTkZPLnVidW50dS10ZXN0aW5nXQpbTElORV9TSVpFOiBdCltMT09QX086IDAuMDAwMDAwMDBdCltNQjogNTU1N10KW01IWjogMTY5MCBNSHosIDAuNTkxNyBuYW5vc2VjIGNsb2NrXQpbTU9USEVSQk9BUkQ6IF0KW05FVFdPUktTOiBdCltQUk9DRVNTT1JTOiA4XQpbUkVNT1RFOiBdCltTTE9XRlM6IFlFU10KW09TOiB4ODZfNjQtbGludXgtZ251XQpbU1lOQ19NQVg6IDFdCltMTUJFTkNIX1NDSEVEOiBERUZBVUxUXQpbVElNSU5HX086IDBdCltMTUJFTkNIIFZFUlNJT046IGxtYmVuY2gtM2FscGhhNF0KW1VTRVI6IHJvb3RdCltIT1NUTkFNRTogdWJ1bnR1LXRlc3RpbmddCltOT0RFTkFNRTogdWJ1bnR1LXRlc3RpbmddCltTWVNOQU1FOiBMaW51eF0KW1BST0NFU1NPUjogeDg2XzY0XQpbTUFDSElORTogeDg2XzY0XQpbUkVMRUFTRTogNi44LjBdCltWRVJTSU9OOiAjMSBTTVAgUFJFRU1QVF9EWU5BTUlDIFNhdCBNYXkgMTcgMDY6NDY6NDIgVVRDIDIwMjVdCltTYXQgTWF5IDE3IDA3OjMzOjE4IFVUQyAyMDI1XQpbIDA3OjMzOjE4IHVwIDAgbWluLCAxIHVzZXIsIGxvYWQgYXZlcmFnZTogMC4wMCwgMC4wMCwgMC4wMF0KW25ldDogS2VybmVsIEludGVyZmFjZSB0YWJsZV0KS2VybmVsOiBlcnJvciBmZXRjaGluZyBpbnRlcmZhY2UgaW5mb3JtYXRpb246IERldmljZSBub3QgZm91bmQKW25ldDogSWZhY2UgICAgICAgICAgICAgTVRVICAgIFJYLU9LIFJYLUVSUiBSWC1EUlAgUlgtT1ZSICAgIFRYLU9LIFRYLUVSUiBUWC1EUlAgVFgtT1ZSIEZsZ10KSWZhY2U6IGVycm9yIGZldGNoaW5nIGludGVyZmFjZSBpbmZvcm1hdGlvbjogRGV2aWNlIG5vdCBmb3VuZApbbmV0OiBlbnMzICAgICAgICAgICAgIDE1MDAgICAgICAgIDMgICAgICAwICAgICAgMCAwICAgICAgICAgICAgMTEgICAgICAwICAgICAgMCAgICAgIDAgQk1SVV0KW2lmOiBlbnMzOiBmbGFncz00MTYzPFVQLEJST0FEQ0FTVCxSVU5OSU5HLE1VTFRJQ0FTVD4gIG10dSAxNTAwXQpbaWY6IGluZXQgMTAuMC4yLjE1ICBuZXRtYXNrIDI1NS4yNTUuMjU1LjAgIGJyb2FkY2FzdCAxMC4wLjIuMjU1XQpbaWY6IGluZXQ2IGZlYzA6OjUwNTQ6ZmY6ZmUxMjozNDU2ICBwcmVmaXhsZW4gNjQgIHNjb3BlaWQgMHg0MDxzaXRlPl0KW2lmOiBpbmV0NiBmZTgwOjo1MDU0OmZmOmZlMTI6MzQ1NiAgcHJlZml4bGVuIDY0ICBzY29wZWlkIDB4MjA8bGluaz5dCltpZjogZXRoZXIgNTI6NTQ6MDA6MTI6MzQ6NTYgIHR4cXVldWVsZW4gMTAwMCAgKEV0aGVybmV0KV0KW2lmOiBSWCBwYWNrZXRzIDMgIGJ5dGVzIDEyOTAgKDEuMiBLQildCltpZjogUlggZXJyb3JzIDAgIGRyb3BwZWQgMCAgb3ZlcnJ1bnMgMCAgZnJhbWUgMF0KW2lmOiBUWCBwYWNrZXRzIDExICBieXRlcyAxNDc4ICgxLjQgS0IpXQpbaWY6IFRYIGVycm9ycyAwICBkcm9wcGVkIDAgb3ZlcnJ1bnMgMCAgY2FycmllciAwICBjb2xsaXNpb25zIDBdCltpZjogXQpbbmV0OiBsbyAgICAgICAgICAgICAgNjU1MzYgICAgICAgODAgICAgICAwICAgICAgMCAwICAgICAgICAgICAgODAgICAgICAwICAgICAgMCAgICAgIDAgTFJVXQpbaWY6IGxvOiBmbGFncz03MzxVUCxMT09QQkFDSyxSVU5OSU5HPiAgbXR1IDY1NTM2XQpbaWY6IGluZXQgMTI3LjAuMC4xICBuZXRtYXNrIDI1NS4wLjAuMF0KW2lmOiBpbmV0NiA6OjEgIHByZWZpeGxlbiAxMjggIHNjb3BlaWQgMHgxMDxob3N0Pl0KW2lmOiBsb29wICB0eHF1ZXVlbGVuIDEwMDAgIChMb2NhbCBMb29wYmFjayldCltpZjogUlggcGFja2V0cyA4MCAgYnl0ZXMgNTkyMCAoNS45IEtCKV0KW2lmOiBSWCBlcnJvcnMgMCAgZHJvcHBlZCAwICBvdmVycnVucyAwICBmcmFtZSAwXQpbaWY6IFRYIHBhY2tldHMgODAgIGJ5dGVzIDU5MjAgKDUuOSBLQildCltpZjogVFggZXJyb3JzIDAgIGRyb3BwZWQgMCBvdmVycnVucyAwICBjYXJyaWVyIDAgIGNvbGxpc2lvbnMgMF0KW2lmOiBdClttb3VudDogL2Rldi92ZGExIG9uIC8gdHlwZSBleHQ0IChydyxyZWxhdGltZSxkaXNjYXJkLGVycm9ycz1yZW1vdW50LXJvLGNvbW1pdD0zMCldClttb3VudDogZGV2dG1wZnMgb24gL2RldiB0eXBlIGRldnRtcGZzIChydyxyZWxhdGltZSxzaXplPTQwNjg0NzZrLG5yX2lub2Rlcz0xMDE3MTE5LG1vZGU9NzU1KV0KW21vdW50OiBwcm9jIG9uIC9wcm9jIHR5cGUgcHJvYyAocncsbm9zdWlkLG5vZGV2LG5vZXhlYyxyZWxhdGltZSldClttb3VudDogc3lzZnMgb24gL3N5cyB0eXBlIHN5c2ZzIChydyxub3N1aWQsbm9kZXYsbm9leGVjLHJlbGF0aW1lKV0KW21vdW50OiBzZWxpbnV4ZnMgb24gL3N5cy9mcy9zZWxpbnV4IHR5cGUgc2VsaW51eGZzIChydyxub3N1aWQsbm9leGVjLHJlbGF0aW1lKV0KW21vdW50OiB0bXBmcyBvbiAvZGV2L3NobSB0eXBlIHRtcGZzIChydyxub3N1aWQsbm9kZXYpXQpbbW91bnQ6IGRldnB0cyBvbiAvZGV2L3B0cyB0eXBlIGRldnB0cyAocncsbm9zdWlkLG5vZXhlYyxyZWxhdGltZSxnaWQ9NSxtb2RlPTYyMCxwdG14bW9kZT0wMDApXQpbbW91bnQ6IHRtcGZzIG9uIC9ydW4gdHlwZSB0bXBmcyAocncsbm9zdWlkLG5vZGV2LHNpemU9MTYyODI0MGssbnJfaW5vZGVzPTgxOTIwMCxtb2RlPTc1NSldClttb3VudDogdG1wZnMgb24gL3J1bi9sb2NrIHR5cGUgdG1wZnMgKHJ3LG5vc3VpZCxub2Rldixub2V4ZWMscmVsYXRpbWUsc2l6ZT01MTIwayldClttb3VudDogY2dyb3VwMiBvbiAvc3lzL2ZzL2Nncm91cCB0eXBlIGNncm91cDIgKHJ3LG5vc3VpZCxub2Rldixub2V4ZWMscmVsYXRpbWUsbnNkZWxlZ2F0ZSxtZW1vcnlfcmVjdXJzaXZlcHJvdCldClttb3VudDogc3lzdGVtZC0xIG9uIC9wcm9jL3N5cy9mcy9iaW5mbXRfbWlzYyB0eXBlIGF1dG9mcyAocncscmVsYXRpbWUsZmQ9MzIscGdycD0xLHRpbWVvdXQ9MCxtaW5wcm90bz01LG1heHByb3RvPTUsZGlyZWN0KV0KW21vdW50OiBodWdldGxiZnMgb24gL2Rldi9odWdlcGFnZXMgdHlwZSBodWdldGxiZnMgKHJ3LG5vc3VpZCxub2RldixyZWxhdGltZSxwYWdlc2l6ZT0yTSldClttb3VudDogbXF1ZXVlIG9uIC9kZXYvbXF1ZXVlIHR5cGUgbXF1ZXVlIChydyxub3N1aWQsbm9kZXYsbm9leGVjLHJlbGF0aW1lKV0KW21vdW50OiBkZWJ1Z2ZzIG9uIC9zeXMva2VybmVsL2RlYnVnIHR5cGUgZGVidWdmcyAocncsbm9zdWlkLG5vZGV2LG5vZXhlYyxyZWxhdGltZSldClttb3VudDogdHJhY2VmcyBvbiAvc3lzL2tlcm5lbC90cmFjaW5nIHR5cGUgdHJhY2VmcyAocncsbm9zdWlkLG5vZGV2LG5vZXhlYyxyZWxhdGltZSldClttb3VudDogL2Rldi92ZGExNiBvbiAvYm9vdCB0eXBlIGV4dDQgKHJ3LHJlbGF0aW1lKV0KW21vdW50OiAvZGV2L3ZkYTE1IG9uIC9ib290L2VmaSB0eXBlIHZmYXQgKHJ3LHJlbGF0aW1lLGZtYXNrPTAwNzcsZG1hc2s9MDA3Nyxjb2RlcGFnZT00MzcsaW9jaGFyc2V0PWlzbzg4NTktMSxzaG9ydG5hbWU9bWl4ZWQsZXJyb3JzPXJlbW91bnQtcm8pXQpbbW91bnQ6IGJpbmZtdF9taXNjIG9uIC9wcm9jL3N5cy9mcy9iaW5mbXRfbWlzYyB0eXBlIGJpbmZtdF9taXNjIChydyxub3N1aWQsbm9kZXYsbm9leGVjLHJlbGF0aW1lKV0KW21vdW50OiB0bXBmcyBvbiAvcnVuL3VzZXIvMCB0eXBlIHRtcGZzIChydyxub3N1aWQsbm9kZXYscmVsYXRpbWUsc2l6ZT04MTQxMjBrLG5yX2lub2Rlcz0yMDM1MzAsbW9kZT03MDApXQpTaW1wbGUgc3lzY2FsbDogMC4yNDYyIG1pY3Jvc2Vjb25kcwpTaW1wbGUgcmVhZDogMC4zMDc2IG1pY3Jvc2Vjb25kcwpTaW1wbGUgd3JpdGU6IDAuMjk1NyBtaWNyb3NlY29uZHMKU2ltcGxlIHN0YXQ6IDAuNjg3NyBtaWNyb3NlY29uZHMKU2ltcGxlIGZzdGF0OiAwLjM1MTkgbWljcm9zZWNvbmRzClNpbXBsZSBvcGVuL2Nsb3NlOiAxLjI0MzggbWljcm9zZWNvbmRzClNlbGVjdCBvbiAxMCBmZCdzOiAwLjQyMjkgbWljcm9zZWNvbmRzClNlbGVjdCBvbiAxMDAgZmQnczogMS4xODQ2IG1pY3Jvc2Vjb25kcwpTZWxlY3Qgb24gMjUwIGZkJ3M6IDIuNDQ4MSBtaWNyb3NlY29uZHMKU2VsZWN0IG9uIDUwMCBmZCdzOiA0LjYwOTIgbWljcm9zZWNvbmRzClNlbGVjdCBvbiAxMCB0Y3AgZmQnczogMC40NzQwIG1pY3Jvc2Vjb25kcwpTZWxlY3Qgb24gMTAwIHRjcCBmZCdzOiAyLjczNDAgbWljcm9zZWNvbmRzClNlbGVjdCBvbiAyNTAgdGNwIGZkJ3M6IDYuMzA3OSBtaWNyb3NlY29uZHMKU2VsZWN0IG9uIDUwMCB0Y3AgZmQnczogMTIuMzY5NiBtaWNyb3NlY29uZHMKUGlwZSBsYXRlbmN5OiA2MS41OTY1IG1pY3Jvc2Vjb25kcwpBRl9VTklYIHNvY2sgc3RyZWFtIGxhdGVuY3k6IDQ3LjA1MDggbWljcm9zZWNvbmRzClByb2Nlc3MgZm9yaytleGl0OiAyMDcuMTY2NyBtaWNyb3NlY29uZHMKUHJvY2VzcyBmb3JrK2V4ZWN2ZTogODc4LjY2NjcgbWljcm9zZWNvbmRzClByb2Nlc3MgZm9yaysvYmluL3NoIC1jOiAxODA4LjY2NjcgbWljcm9zZWNvbmRzCng6IE5vIHN1Y2ggZmlsZSBvciBkaXJlY3RvcnkKVXNhZ2U6IGxhdF91ZHAgLXMgc2VydmVyaG9zdAogT1IgWy1TXSBbLW0gPG1lc3NhZ2Ugc2l6ZT5dIFstUCA8cGFyYWxsZWxpc20+XSBbLVcgPHdhcm11cD5dIFstTiA8cmVwZXRpdGlvbnM+XSBzZXJ2ZXIKIE5PVEU6IG1lc3NhZ2Ugc2l6ZSBtdXN0IGJlID49IDQKVXNhZ2U6IGxhdF90Y3AgLXMgc2VydmVyaG9zdCBbLWIgPGJhY2tsb2c+XQogT1IgWy1tIDxtZXNzYWdlIHNpemU+XSBbLVAgPHBhcmFsbGVsaXNtPl0gWy1XIDx3YXJtdXA+XSBbLU4gPHJlcGV0aXRpb25zPl0gc2VydmVyCiBPUiAtUyBzZXJ2ZXIKVXNhZ2U6IGxhdF9jb25uZWN0IC1zIHNlcnZlcmhvc3QgWy1iIDxiYWNrbG9nPl0KIE9SIFstU10gWy1OIDxyZXBldGl0aW9ucz5dIHNlcnZlcgp1bmFibGUgdG8gcmVnaXN0ZXIgKFhBQ1RfUFJPRywgWEFDVF9WRVJTLCB1ZHApLgpVc2FnZTogYndfdGNwIC1zIHNlcnZlcmhvc3QgWy1iIDxiYWNrbG9nPl0KIE9SIFstbSA8bWVzc2FnZSBzaXplPl0gWy1NIDxieXRlcyB0byBtb3ZlPl0gWy1QIDxwYXJhbGxlbGlzbT5dIFstVyA8d2FybXVwPl0gWy1OIDxyZXBldGl0aW9ucz5dIHNlcnZlcgogT1IgLVMgc2VydmVyaG9zdApTZWdtZW50YXRpb24gZmF1bHQgKGNvcmUgZHVtcGVkKQpBRl9VTklYIHNvY2sgc3RyZWFtIGJhbmR3aWR0aDogNTIwMy4yMiBNQi9zZWMKUGlwZSBiYW5kd2lkdGg6IDUyOS4zNSBNQi9zZWMKCgoic2l6ZT0wayBvdnI9MC44MwoyIDI5LjQwCjQgMjkuNzcKOCA1Ny44NgoxNiA2MC45MwoyNCA2NS4yNQozMiA2OC40MAo2NCA3MC43OQo5NiA2NC4xNQoKInNpemU9NGsgb3ZyPTAuOTQKMiA0OS4xOAo0IDI5LjUwCjggNTguNTkKMTYgNjAuNjkKMjQgNjUuMDAKMzIgNjMuNDQKNjQgNjkuMTAKOTYgNzMuNzkKCiJzaXplPThrIG92cj0xLjA2CjIgNDguMzkKNCA0MS4yOAo4IDM5Ljk2CjE2IDY2LjIyCjI0IDYzLjk5CjMyIDY5Ljg0CjY0IDY5LjQ2Cjk2IDY2LjEwCgoic2l6ZT0xNmsgb3ZyPTEuMjkKMiAyOC4xOAo0IDMwLjAxCjggNTIuOTcKMTYgNjAuMzMKMjQgNjAuMDMKMzIgNjEuODcKNjQgNzAuMTYKOTYgNzMuOTIKCiJzaXplPTMyayBvdnI9MS44NQoyIDUxLjkxCjQgMzkuNTAKOCA1MS4xOAoxNiA2NS4zOQoyNCA2Mi44MgozMiA2NC44OAo2NCA3My44OQo5NiA3NC4xMgoKInNpemU9NjRrIG92cj0yLjkwCjIgMjguMjEKNCA0MC40NAo4IDYwLjc2CjE2IDY3LjM1CjI0IDY2LjAwCjMyIDc0LjM1CjY0IDc4LjUzCjk2IDgxLjQxCgoKW1NhdCBNYXkgMTcgMDc6MzU6MzYgVVRDIDIwMjVdCg==[TAG: AUX LMBENCH RESULTS BASE64 END]"], "metadata": {"test_marker": "MICROWAVE FRAMEWORK TESTER"}}