{"lines": ["IMAGE_PATH: /home/denzelgfarmer/KernelSecurityBenchmarks/Microwave/.working/test_lmbench_page_poisoning-linux.img", "KERNEL_PATH: /home/denzelgfarmer/KernelSecurityBenchmarks/Microwave/.working/temp/linux/install/boot/vmlinuz-6.8.0", "LOG_PATH: /home/denzelgfarmer/KernelSecurityBenchmarks/Microwave/microwave2/runners/aux_logfile.txt", "KERNEL_ARGS: console=ttyS0,115200 earlyprintk=serial,ttyS0,115200 ignore_loglevel root=/dev/vda1 nospectre_bhb nospectre_v1 spectre_v2=off spectre_v2_user=off retbleed=off pti=off spec_rstack_overflow=off page_poison=1", "+ '[' -z /home/denzelgfarmer/KernelSecurityBenchmarks/Microwave/.working/test_lmbench_page_poisoning-linux.img ']'", "+ '[' -z /home/denzelgfarmer/KernelSecurityBenchmarks/Microwave/.working/temp/linux/install/boot/vmlinuz-6.8.0 ']'", "+ CORESET=2,3,4,5", "+ echo 'Booting image /home/denzelgfarmer/KernelSecurityBenchmarks/Microwave/.working/test_lmbench_page_poisoning-linux.img (with kernel at /home/denzelgfarmer/KernelSecurityBenchmarks/Microwave/.working/temp/linux/install/boot/vmlinuz-6.8.0)...'", "Booting image /home/denzelgfarmer/KernelSecurityBenchmarks/Microwave/.working/test_lmbench_page_poisoning-linux.img (with kernel at /home/denzelgfarmer/KernelSecurityBenchmarks/Microwave/.working/temp/linux/install/boot/vmlinuz-6.8.0)...", "+ taskset -c 2,3,4,5 qemu-system-x86_64 -enable-kvm -nodefaults -nographic -m 8192 -mem-prealloc -cpu host -smp 8,sockets=1,cores=8,threads=1 -kernel /home/denzelgfarmer/KernelSecurityBenchmarks/Microwave/.working/temp/linux/install/boot/vmlinuz-6.8.0 -append 'console=ttyS0,115200 earlyprintk=serial,ttyS0,115200 ignore_loglevel root=/dev/vda1 nospectre_bhb nospectre_v1 spectre_v2=off spectre_v2_user=off retbleed=off pti=off spec_rstack_overflow=off page_poison=1' -device virtio-blk-pci,drive=hd0 -blockdev driver=file,node-name=hd_file,filename=/home/denzelgfarmer/KernelSecurityBenchmarks/Microwave/.working/test_lmbench_page_poisoning-linux.img -blockdev driver=qcow2,node-name=hd0,file=hd_file -device virtio-net-pci,netdev=net1 -netdev user,id=net1,hostfwd=tcp::2223-:22 -serial stdio -s -chardev file,id=log0,path=/home/denzelgfarmer/KernelSecurityBenchmarks/Microwave/microwave2/runners/aux_logfile.txt -device virtio-serial-pci,id=virtio-serial0 -device virtserialport,chardev=log0,name=host-port,bus=virtio-serial0.0", "\u001bc\u001b[?7l\u001b[2J\u001b[0mSeaBIOS (version 1.16.3-debian-1.16.3-2)", "", "", "iPXE (https://ipxe.org) 00:03.0 C000 PCI2.10 PnP PMM+BEFCACB0+BEF0ACB0 C000", "Press Ctrl-B to configure iPXE (PCI 00:03.0)...", "", "", "", "Booting from ROM..\u001bc\u001b[?7l\u001b[2JNo EFI environment detected.", "early console in extract_kernel", "input_data: 0x000000000295e2b9", "input_len: 0x0000000000b09a4b", "output: 0x0000000001000000", "output_len: 0x000000000242325c", "kernel_total_size: 0x0000000002230000", "needed_size: 0x0000000002600000", "trampoline_32bit: 0x0000000000000000", "Physical KASLR using RDRAND RDTSC...", "Virtual KASLR using RDRAND RDTSC...", "", "Decompressing Linux... Parsing ELF... Performing relocations... done.", "Booting the kernel (entry_offset: 0x0000000000000000).", "[    0.000000] Linux version 6.8.0 (denzelgfarmer@micro-lmbench-stressng) (gcc (Ubuntu 14.2.0-19ubuntu2) 14.2.0, GNU ld (GNU Binutils for Ubuntu) 2.44) #2 SMP PREEMPT_DYNAMIC Tue May 13 12:46:46 UTC 2025", "[    0.000000] Command line: console=ttyS0,115200 earlyprintk=serial,ttyS0,115200 ignore_loglevel root=/dev/vda1 nospectre_bhb nospectre_v1 spectre_v2=off spectre_v2_user=off retbleed=off pti=off spec_rstack_overflow=off page_poison=1", "[    0.000000] BIOS-provided physical RAM map:", "[    0.000000] BIOS-e820: [mem 0x0000000000000000-0x000000000009fbff] usable", "[    0.000000] BIOS-e820: [mem 0x000000000009fc00-0x000000000009ffff] reserved", "[    0.000000] BIOS-e820: [mem 0x00000000000f0000-0x00000000000fffff] reserved", "[    0.000000] BIOS-e820: [mem 0x0000000000100000-0x00000000bffdcfff] usable", "[    0.000000] BIOS-e820: [mem 0x00000000bffdd000-0x00000000bfffffff] reserved", "[    0.000000] BIOS-e820: [mem 0x00000000feffc000-0x00000000feffffff] reserved", "[    0.000000] BIOS-e820: [mem 0x00000000fffc0000-0x00000000ffffffff] reserved", "[    0.000000] BIOS-e820: [mem 0x0000000100000000-0x000000023fffffff] usable", "[    0.000000] printk: legacy bootconsole [earlyser0] enabled", "[    0.000000] printk: debug: ignoring loglevel setting.", "[    0.000000] NX (Execute Disable) protection: active", "[    0.000000] APIC: Static calls initialized", "[    0.000000] SMBIOS 2.8 present.", "[    0.000000] DMI: QEMU Ubuntu 25.04 PC (i440FX + PIIX, 1996), BIOS 1.16.3-debian-1.16.3-2 04/01/2014", "[    0.000000] Hypervisor detected: KVM", "[    0.000000] kvm-clock: Using msrs 4b564d01 and 4b564d00", "[    0.000002] kvm-clock: using sched offset of 2204470072 cycles", "[    0.003523] clocksource: kvm-clock: mask: 0xffffffffffffffff max_cycles: 0x1cd42e4dffb, max_idle_ns: 881590591483 ns", "[    0.014494] tsc: Detected 2800.272 MHz processor", "[    0.018351] e820: update [mem 0x00000000-0x00000fff] usable ==> reserved", "[    0.022878] e820: remove [mem 0x000a0000-0x000fffff] usable", "[    0.026630] last_pfn = 0x240000 max_arch_pfn = 0x400000000", "[    0.030710] MTRR map: 4 entries (3 fixed + 1 variable; max 19), built from 8 variable MTRRs", "[    0.036324] x86/PAT: Configuration [0-7]: WB  WC  UC- UC  WB  WP  UC- WT", "Memory KASLR using RDRAND RDTSC...", "[    0.043427] last_pfn = 0xbffdd max_arch_pfn = 0x400000000", "[    0.052969] found SMP MP-table at [mem 0x000f5470-0x000f547f]", "[    0.056863] Using GB pages for direct mapping", "[    0.059930] ACPI: Early table checksum verification disabled", "[    0.063979] ACPI: RSDP 0x00000000000F5270 000014 (v00 BOCHS )", "[    0.068002] ACPI: RSDT 0x00000000BFFE2565 000034 (v01 BOCHS  BXPC     00000001 BXPC 00000001)", "[    0.073924] ACPI: FACP 0x00000000BFFE23E1 000074 (v01 BOCHS  BXPC     00000001 BXPC 00000001)", "[    0.079751] ACPI: DSDT 0x00000000BFFE0040 0023A1 (v01 BOCHS  BXPC     00000001 BXPC 00000001)", "[    0.085483] ACPI: FACS 0x00000000BFFE0000 000040", "[    0.088592] ACPI: APIC 0x00000000BFFE2455 0000B0 (v03 BOCHS  BXPC     00000001 BXPC 00000001)", "[    0.094282] ACPI: HPET 0x00000000BFFE2505 000038 (v01 BOCHS  BXPC     00000001 BXPC 00000001)", "[    0.099992] ACPI: WAET 0x00000000BFFE253D 000028 (v01 BOCHS  BXPC     00000001 BXPC 00000001)", "[    0.105731] ACPI: Reserving FACP table memory at [mem 0xbffe23e1-0xbffe2454]", "[    0.110469] ACPI: Reserving DSDT table memory at [mem 0xbffe0040-0xbffe23e0]", "[    0.115188] ACPI: Reserving FACS table memory at [mem 0xbffe0000-0xbffe003f]", "[    0.119884] ACPI: Reserving APIC table memory at [mem 0xbffe2455-0xbffe2504]", "[    0.124611] ACPI: Reserving HPET table memory at [mem 0xbffe2505-0xbffe253c]", "[    0.129309] ACPI: Reserving WAET table memory at [mem 0xbffe253d-0xbffe2564]", "[    0.135843] No NUMA configuration found", "[    0.138379] Faking a node at [mem 0x0000000000000000-0x000000023fffffff]", "[    0.142838] NODE_DATA(0) allocated [mem 0x23fffc000-0x23fffffff]", "[    0.147133] Zone ranges:", "[    0.148839]   DMA      [mem 0x0000000000001000-0x0000000000ffffff]", "[    0.152982]   DMA32    [mem 0x0000000001000000-0x00000000ffffffff]", "[    0.157091]   Normal   [mem 0x0000000100000000-0x000000023fffffff]", "[    0.161231] Movable zone start for each node", "[    0.164116] Early memory node ranges", "[    0.166579]   node   0: [mem 0x0000000000001000-0x000000000009efff]", "[    0.170817]   node   0: [mem 0x0000000000100000-0x00000000bffdcfff]", "[    0.175015]   node   0: [mem 0x0000000100000000-0x000000023fffffff]", "[    0.179232] Initmem setup node 0 [mem 0x0000000000001000-0x000000023fffffff]", "[    0.184020] On node 0, zone DMA: 1 pages in unavailable ranges", "[    0.188957] On node 0, zone DMA: 97 pages in unavailable ranges", "[    0.715288] On node 0, zone Normal: 35 pages in unavailable ranges", "[    0.722065] ACPI: PM-Timer IO Port: 0x608", "[    0.724732] ACPI: LAPIC_NMI (acpi_id[0xff] dfl dfl lint[0x1])", "[    0.728737] IOAPIC[0]: apic_id 0, version 17, address 0xfec00000, GSI 0-23", "[    0.733315] ACPI: INT_SRC_OVR (bus 0 bus_irq 0 global_irq 2 dfl dfl)", "[    0.737554] ACPI: INT_SRC_OVR (bus 0 bus_irq 5 global_irq 5 high level)", "[    0.741977] ACPI: INT_SRC_OVR (bus 0 bus_irq 9 global_irq 9 high level)", "[    0.746371] ACPI: INT_SRC_OVR (bus 0 bus_irq 10 global_irq 10 high level)", "[    0.750894] ACPI: INT_SRC_OVR (bus 0 bus_irq 11 global_irq 11 high level)", "[    0.755411] ACPI: Using ACPI (MADT) for SMP configuration information", "[    0.759691] ACPI: HPET id: 0x8086a201 base: 0xfed00000", "[    0.763132] TSC deadline timer available", "[    0.765751] smpboot: Allowing 8 CPUs, 0 hotplug CPUs", "[    0.769105] kvm-guest: APIC: eoi() replaced with kvm_guest_apic_eoi_write()", "[    0.773771] kvm-guest: KVM setup pv remote TLB flush", "[    0.777095] kvm-guest: setup PV sched yield", "[    0.779924] PM: hibernation: Registered nosave memory: [mem 0x00000000-0x00000fff]", "[    0.784943] PM: hibernation: Registered nosave memory: [mem 0x0009f000-0x0009ffff]", "[    0.789968] PM: hibernation: Registered nosave memory: [mem 0x000a0000-0x000effff]", "[    0.794992] PM: hibernation: Registered nosave memory: [mem 0x000f0000-0x000fffff]", "[    0.800014] PM: hibernation: Registered nosave memory: [mem 0xbffdd000-0xbfffffff]", "[    0.805051] PM: hibernation: Registered nosave memory: [mem 0xc0000000-0xfeffbfff]", "[    0.810086] PM: hibernation: Registered nosave memory: [mem 0xfeffc000-0xfeffffff]", "[    0.815134] PM: hibernation: Registered nosave memory: [mem 0xff000000-0xfffbffff]", "[    0.820143] PM: hibernation: Registered nosave memory: [mem 0xfffc0000-0xffffffff]", "[    0.825173] [mem 0xc0000000-0xfeffbfff] available for PCI devices", "[    0.829245] Booting paravirtualized kernel on KVM", "[    0.832405] clocksource: refined-jiffies: mask: 0xffffffff max_cycles: 0xffffffff, max_idle_ns: 1910969940391419 ns", "[    0.844778] setup_percpu: NR_CPUS:64 nr_cpumask_bits:8 nr_cpu_ids:8 nr_node_ids:1", "[    0.858218] percpu: Embedded 55 pages/cpu s184552 r8192 d32536 u262144", "[    0.862599] pcpu-alloc: s184552 r8192 d32536 u262144 alloc=1*2097152", "[    0.866824] pcpu-alloc: [0] 0 1 2 3 4 5 6 7", "[    0.869838] Kernel command line: console=ttyS0,115200 earlyprintk=serial,ttyS0,115200 ignore_loglevel root=/dev/vda1 nospectre_bhb nospectre_v1 spectre_v2=off spectre_v2_user=off retbleed=off pti=off spec_rstack_overflow=off page_poison=1", "[    0.883925] Unknown kernel command line parameters \"nospectre_bhb spectre_v2=off spectre_v2_user=off pti=off\", will be passed to user space.", "[    0.892383] random: crng init done", "[    0.927337] Dentry cache hash table entries: 1048576 (order: 11, 8388608 bytes, linear)", "[    0.949338] Inode-cache hash table entries: 524288 (order: 10, 4194304 bytes, linear)", "[    0.955152] Fallback order for Node 0: 0", "[    0.955160] Built 1 zonelists, mobility grouping on.  Total pages: 2064093", "[    0.961387] Policy zone: Normal", "[    0.963241] mem auto-init: stack:all(zero), heap alloc:off, heap free:off", "[    0.967124] software IO TLB: area num 8.", "[   12.535147] Memory: 8140752K/8388076K available (16384K kernel code, 2735K rwdata, 5400K rodata, 1416K init, 2664K bss, 247064K reserved, 0K cma-reserved)", "[   12.543114] SLUB: HWalign=64, Order=0-3, MinObjects=0, CPUs=8, Nodes=1", "Poking KASLR using RDRAND RDTSC...", "[   12.550003] Dynamic Preempt: voluntary", "[   12.552212] rcu: Preemptible hierarchical RCU implementation.", "[   12.555606] rcu: \tRCU event tracing is enabled.", "[   12.558233] rcu: \tRCU restricting CPUs from NR_CPUS=64 to nr_cpu_ids=8.", "[   12.562034] \tTrampoline variant of Tasks RCU enabled.", "[   12.564925] rcu: RCU calculated value of scheduler-enlistment delay is 100 jiffies.", "[   12.569287] rcu: Adjusting geometry for rcu_fanout_leaf=16, nr_cpu_ids=8", "[   12.574673] NR_IRQS: 4352, nr_irqs: 488, preallocated irqs: 16", "[   12.578355] rcu: srcu_init: Setting srcu_struct sizes based on contention.", "[   12.582720] Console: colour *CGA 80x25", "[   12.584985] printk: legacy console [ttyS0] enabled", "[   12.584985] printk: legacy console [ttyS0] enabled", "[   12.590544] printk: legacy bootconsole [earlyser0] disabled", "[   12.590544] printk: legacy bootconsole [earlyser0] disabled", "[   12.596950] ACPI: Core revision 20230628", "[   12.599824] clocksource: hpet: mask: 0xffffffff max_cycles: 0xffffffff, max_idle_ns: 19112604467 ns", "[   12.605549] APIC: Switch to symmetric I/O mode setup", "[   12.608620] kvm-guest: APIC: send_IPI_mask() replaced with kvm_send_ipi_mask()", "[   12.612889] kvm-guest: APIC: send_IPI_mask_allbutself() replaced with kvm_send_ipi_mask_allbutself()", "[   12.618291] kvm-guest: setup PV IPIs", "[   12.627229] ..TIMER: vector=0x30 apic1=0 pin1=2 apic2=-1 pin2=-1", "[   12.630967] clocksource: tsc-early: mask: 0xffffffffffffffff max_cycles: 0x285d41d1c0f, max_idle_ns: 440795337668 ns", "[   12.637241] Calibrating delay loop (skipped) preset value.. 5600.54 BogoMIPS (lpj=2800272)", "[   12.640281] x86/cpu: User Mode Instruction Prevention (UMIP) activated", "[   12.642382] Last level iTLB entries: 4KB 0, 2MB 0, 4MB 0", "[   12.643239] Last level dTLB entries: 4KB 0, 2MB 0, 4MB 0, 1GB 0", "[   12.645278] Spectre V1 : Vulnerable: __user pointer sanitization and usercopy barriers only; no swapgs barriers", "[   12.646242] Spectre V2 : off selected on command line.", "[   12.647240] Spectre V2 : User space: Vulnerable", "[   12.648241] Speculative Store Bypass: Mitigation: Speculative Store Bypass disabled via prctl", "[   12.649275] TAA: Vulnerable: Clear CPU buffers attempted, no microcode", "[   12.650240] MMIO Stale Data: Vulnerable: Clear CPU buffers attempted, no microcode", "[   12.652345] x86/fpu: Supporting XSAVE feature 0x001: 'x87 floating point registers'", "[   12.653239] x86/fpu: Supporting XSAVE feature 0x002: 'SSE registers'", "[   12.654240] x86/fpu: Supporting XSAVE feature 0x004: 'AVX registers'", "[   12.655240] x86/fpu: Supporting XSAVE feature 0x020: 'AVX-512 opmask'", "[   12.657239] x86/fpu: Supporting XSAVE feature 0x040: 'AVX-512 Hi256'", "[   12.658239] x86/fpu: Supporting XSAVE feature 0x080: 'AVX-512 ZMM_Hi256'", "[   12.659240] x86/fpu: xstate_offset[2]:  576, xstate_sizes[2]:  256", "[   12.660239] x86/fpu: xstate_offset[5]:  832, xstate_sizes[5]:   64", "[   12.661240] x86/fpu: xstate_offset[6]:  896, xstate_sizes[6]:  512", "[   12.662239] x86/fpu: xstate_offset[7]: 1408, xstate_sizes[7]: 1024", "[   12.663239] x86/fpu: Enabled xstate features 0xe7, context size is 2432 bytes, using 'compacted' format.", "[   12.668012] Freeing SMP alternatives memory: 48K", "[   12.668239] pid_max: default: 32768 minimum: 301", "[   12.669269] LSM: initializing lsm=capability,selinux,integrity", "[   12.670246] SELinux:  Initializing.", "[   12.671324] Mount-cache hash table entries: 16384 (order: 5, 131072 bytes, linear)", "[   12.672277] Mountpoint-cache hash table entries: 16384 (order: 5, 131072 bytes, linear)", "[   12.673771] smpboot: CPU0: Intel(R) Xeon(R) CPU @ 2.80GHz (family: 0x6, model: 0x55, stepping: 0x7)", "[   12.674485] RCU Tasks: Setting shift to 3 and lim to 1 rcu_task_cb_adjust=1.", "[   12.675278] Performance Events: unsupported p6 CPU model 85 no PMU driver, software events only.", "[   12.676457] signal: max sigframe size: 3632", "[   12.677308] rcu: Hierarchical SRCU implementation.", "[   12.678247] rcu: \tMax phase no-delay instances is 400.", "[   12.679473] smp: Bringing up secondary CPUs ...", "[   12.680508] smpboot: x86: Booting SMP configuration:", "[   12.681250] .... node  #0, CPUs:      #1 #2 #3 #4 #5 #6 #7", "[   12.707392] smp: Brought up 1 node, 8 CPUs", "[   12.709263] smpboot: Max logical packages: 1", "[   12.710247] smpboot: Total of 8 processors activated (44804.35 BogoMIPS)", "[   12.721404] devtmpfs: initialized", "[   12.722563] clocksource: jiffies: mask: 0xffffffff max_cycles: 0xffffffff, max_idle_ns: 1911260446275000 ns", "[   12.723269] futex hash table entries: 2048 (order: 5, 131072 bytes, linear)", "[   12.724634] PM: RTC time: 14:08:18, date: 2025-05-17", "[   12.725909] NET: Registered PF_NETLINK/PF_ROUTE protocol family", "[   12.726335] audit: initializing netlink subsys (disabled)", "[   12.727300] audit: type=2000 audit(1747490898.581:1): state=initialized audit_enabled=0 res=1", "[   12.727324] thermal_sys: Registered thermal governor 'step_wise'", "[   12.728248] thermal_sys: Registered thermal governor 'user_space'", "[   12.729265] cpuidle: using governor menu", "[   12.732134] PCI: Using configuration type 1 for base access", "[   12.732360] kprobes: kprobe jump-optimization is enabled. All kprobes are optimized if possible.", "[   12.736206] HugeTLB: registered 2.00 MiB page size, pre-allocated 0 pages", "[   12.736247] HugeTLB: 28 KiB vmemmap can be freed for a 2.00 MiB page", "[   12.737322] ACPI: Added _OSI(Module Device)", "[   12.738248] ACPI: Added _OSI(Processor Device)", "[   12.739247] ACPI: Added _OSI(3.0 _SCP Extensions)", "[   12.740246] ACPI: Added _OSI(Processor Aggregator Device)", "[   12.741792] ACPI: 1 ACPI AML tables successfully acquired and loaded", "[   12.743932] ACPI: _OSC evaluation for CPUs failed, trying _PDC", "[   12.744363] ACPI: Interpreter enabled", "[   12.745261] ACPI: PM: (supports S0 S3 S4 S5)", "[   12.746247] ACPI: Using IOAPIC for interrupt routing", "[   12.747276] PCI: Using host bridge windows from ACPI; if necessary, use \"pci=nocrs\" and report a bug", "[   12.748247] PCI: Using E820 reservations for host bridge windows", "[   12.749385] ACPI: Enabled 2 GPEs in block 00 to 0F", "[   12.752906] ACPI: PCI Root Bridge [PCI0] (domain 0000 [bus 00-ff])", "[   12.753254] acpi PNP0A03:00: _OSC: OS supports [ASPM ClockPM Segments MSI HPX-Type3]", "[   12.754253] acpi PNP0A03:00: _OSC: not requesting OS control; OS requires [ExtendedConfig ASPM ClockPM MSI]", "[   12.755261] acpi PNP0A03:00: fail to add MMCONFIG information, can't access extended configuration space under this bridge", "[   12.756360] PCI host bridge to bus 0000:00", "[   12.757247] pci_bus 0000:00: root bus resource [io  0x0000-0x0cf7 window]", "[   12.758248] pci_bus 0000:00: root bus resource [io  0x0d00-0xffff window]", "[   12.759249] pci_bus 0000:00: root bus resource [mem 0x000a0000-0x000bffff window]", "[   12.760248] pci_bus 0000:00: root bus resource [mem 0xc0000000-0xfebfffff window]", "[   12.761248] pci_bus 0000:00: root bus resource [mem 0x380000000000-0x38007fffffff window]", "[   12.762248] pci_bus 0000:00: root bus resource [bus 00-ff]", "[   12.763427] pci 0000:00:00.0: [8086:1237] type 00 class 0x060000 conventional PCI endpoint", "[   12.766210] pci 0000:00:01.0: [8086:7000] type 00 class 0x060100 conventional PCI endpoint", "[   12.768988] pci 0000:00:01.1: [8086:7010] type 00 class 0x010180 conventional PCI endpoint", "[   12.772248] pci 0000:00:01.1: BAR 4 [io  0xc0e0-0xc0ef]", "[   12.774866] pci 0000:00:01.1: BAR 0 [io  0x01f0-0x01f7]: legacy IDE quirk", "[   12.775248] pci 0000:00:01.1: BAR 1 [io  0x03f6]: legacy IDE quirk", "[   12.776247] pci 0000:00:01.1: BAR 2 [io  0x0170-0x0177]: legacy IDE quirk", "[   12.777247] pci 0000:00:01.1: BAR 3 [io  0x0376]: legacy IDE quirk", "[   12.778923] pci 0000:00:01.3: [8086:7113] type 00 class 0x068000 conventional PCI endpoint", "[   12.781551] pci 0000:00:01.3: quirk: [io  0x0600-0x063f] claimed by PIIX4 ACPI", "[   12.782288] pci 0000:00:01.3: quirk: [io  0x0700-0x070f] claimed by PIIX4 SMB", "[   12.784697] pci 0000:00:02.0: [1af4:1001] type 00 class 0x010000 conventional PCI endpoint", "[   12.787248] pci 0000:00:02.0: BAR 0 [io  0xc000-0xc07f]", "[   12.790248] pci 0000:00:02.0: BAR 1 [mem 0xfeb80000-0xfeb80fff]", "[   12.797249] pci 0000:00:02.0: BAR 4 [mem 0x380000000000-0x380000003fff 64bit pref]", "[   12.803902] pci 0000:00:03.0: [1af4:1000] type 00 class 0x020000 conventional PCI endpoint", "[   12.805249] pci 0000:00:03.0: BAR 0 [io  0xc0c0-0xc0df]", "[   12.807248] pci 0000:00:03.0: BAR 1 [mem 0xfeb81000-0xfeb81fff]", "[   12.811249] pci 0000:00:03.0: BAR 4 [mem 0x380000004000-0x380000007fff 64bit pref]", "[   12.813249] pci 0000:00:03.0: ROM [mem 0xfeb00000-0xfeb7ffff pref]", "[   12.818249] pci 0000:00:04.0: [1af4:1003] type 00 class 0x078000 conventional PCI endpoint", "[   12.820249] pci 0000:00:04.0: BAR 0 [io  0xc080-0xc0bf]", "[   12.822248] pci 0000:00:04.0: BAR 1 [mem 0xfeb82000-0xfeb82fff]", "[   12.826249] pci 0000:00:04.0: BAR 4 [mem 0x380000008000-0x38000000bfff 64bit pref]", "[   12.832597] ACPI: PCI: Interrupt link LNKA configured for IRQ 10", "[   12.833548] ACPI: PCI: Interrupt link LNKB configured for IRQ 10", "[   12.834464] ACPI: PCI: Interrupt link LNKC configured for IRQ 11", "[   12.835512] ACPI: PCI: Interrupt link LNKD configured for IRQ 11", "[   12.836373] ACPI: PCI: Interrupt link LNKS configured for IRQ 9", "[   12.838005] iommu: Default domain type: Translated", "[   12.838246] iommu: DMA domain TLB invalidation policy: lazy mode", "[   12.839323] SCSI subsystem initialized", "[   12.840292] libata version 3.00 loaded.", "[   12.841282] ACPI: bus type USB registered", "[   12.842266] usbcore: registered new interface driver usbfs", "[   12.843253] usbcore: registered new interface driver hub", "[   12.844264] usbcore: registered new device driver usb", "[   12.845264] pps_core: LinuxPPS API ver. 1 registered", "[   12.846246] pps_core: Software ver. 5.3.6 - Copyright 2005-2007 Rodolfo Giometti <giometti@linux.it>", "[   12.847258] PTP clock support registered", "[   12.848290] Advanced Linux Sound Architecture Driver Initialized.", "[   12.849394] NetLabel: Initializing", "[   12.850246] NetLabel:  domain hash size = 128", "[   12.851247] NetLabel:  protocols = UNLABELED CIPSOv4 CALIPSO", "[   12.852266] NetLabel:  unlabeled traffic allowed by default", "[   12.853350] PCI: Using ACPI for IRQ routing", "[   12.854249] PCI: pci_cache_line_size set to 64 bytes", "[   12.855815] e820: reserve RAM buffer [mem 0x0009fc00-0x0009ffff]", "[   12.856247] e820: reserve RAM buffer [mem 0xbffdd000-0xbfffffff]", "[   12.857289] vgaarb: loaded", "[   12.858339] hpet0: at MMIO 0xfed00000, IRQs 2, 8, 0", "[   12.859246] hpet0: 3 comparators, 64-bit 100.000000 MHz counter", "[   12.882386] clocksource: Switched to clocksource kvm-clock", "[   12.885714] VFS: Disk quotas dquot_6.6.0", "[   12.888001] VFS: Dquot-cache hash table entries: 512 (order 0, 4096 bytes)", "[   12.891912] pnp: PnP ACPI init", "[   12.893837] pnp 00:02: [dma 2]", "[   12.896055] pnp: PnP ACPI: found 5 devices", "[   12.916481] clocksource: acpi_pm: mask: 0xffffff max_cycles: 0xffffff, max_idle_ns: 2085701024 ns", "[   12.921586] NET: Registered PF_INET protocol family", "[   12.924683] IP idents hash table entries: 131072 (order: 8, 1048576 bytes, linear)", "[   12.930325] tcp_listen_portaddr_hash hash table entries: 4096 (order: 4, 65536 bytes, linear)", "[   12.935010] Table-perturb hash table entries: 65536 (order: 6, 262144 bytes, linear)", "[   12.939460] TCP established hash table entries: 65536 (order: 7, 524288 bytes, linear)", "[   12.944260] TCP bind hash table entries: 65536 (order: 9, 2097152 bytes, linear)", "[   12.948646] TCP: Hash tables configured (established 65536 bind 65536)", "[   12.952389] UDP hash table entries: 4096 (order: 5, 131072 bytes, linear)", "[   12.956220] UDP-Lite hash table entries: 4096 (order: 5, 131072 bytes, linear)", "[   12.960288] NET: Registered PF_UNIX/PF_LOCAL protocol family", "[   12.964314] RPC: Registered named UNIX socket transport module.", "[   12.967587] RPC: Registered udp transport module.", "[   12.970232] RPC: Registered tcp transport module.", "[   12.972882] RPC: Registered tcp-with-tls transport module.", "[   12.975960] RPC: Registered tcp NFSv4.1 backchannel transport module.", "[   12.980192] pci_bus 0000:00: resource 4 [io  0x0000-0x0cf7 window]", "[   12.983655] pci_bus 0000:00: resource 5 [io  0x0d00-0xffff window]", "[   12.987209] pci_bus 0000:00: resource 6 [mem 0x000a0000-0x000bffff window]", "[   12.991050] pci_bus 0000:00: resource 7 [mem 0xc0000000-0xfebfffff window]", "[   12.994907] pci_bus 0000:00: resource 8 [mem 0x380000000000-0x38007fffffff window]", "[   12.999215] pci 0000:00:01.0: PIIX3: Enabling Passive Release", "[   13.002467] pci 0000:00:00.0: Limiting direct PCI/PCI transfers", "[   13.006097] PCI: CLS 0 bytes, default 64", "[   13.008345] PCI-DMA: Using software bounce buffering for IO (SWIOTLB)", "[   13.011911] software IO TLB: mapped [mem 0x00000000bbfdd000-0x00000000bffdd000] (64MB)", "[   13.017667] RAPL PMU: API unit is 2^-32 Joules, 0 fixed counters, 10737418240 ms ovfl timer", "[   13.022249] clocksource: tsc: mask: 0xffffffffffffffff max_cycles: 0x285d41d1c0f, max_idle_ns: 440795337668 ns", "[   13.034096] Initialise system trusted keyrings", "[   13.036940] workingset: timestamp_bits=56 max_order=21 bucket_order=0", "[   13.040866] NFS: Registering the id_resolver key type", "[   13.043725] Key type id_resolver registered", "[   13.046064] Key type id_legacy registered", "[   13.048541] 9p: Installing v9fs 9p2000 file system support", "[   13.063808] Key type asymmetric registered", "[   13.066181] Asymmetric key parser 'x509' registered", "[   13.068961] Block layer SCSI generic (bsg) driver version 0.4 loaded (major 251)", "[   13.073067] io scheduler mq-deadline registered", "[   13.075581] io scheduler kyber registered", "[   13.079451] input: Power Button as /devices/LNXSYSTM:00/LNXPWRBN:00/input/input0", "[   13.083785] ACPI: button: Power Button [PWRF]", "[   13.087411] ACPI: \\_SB_.LNKB: Enabled at IRQ 10", "[   13.094670] ACPI: \\_SB_.LNKC: Enabled at IRQ 11", "[   13.101686] ACPI: \\_SB_.LNKD: Enabled at IRQ 11", "[   13.108519] Serial: 8250/16550 driver, 4 ports, IRQ sharing enabled", "[   13.112506] 00:03: ttyS0 at I/O 0x3f8 (irq = 4, base_baud = 115200) is a 16550A", "[   13.153471] Non-volatile memory driver v1.3", "[   13.155875] Linux agpgart interface v0.103", "[   13.158358] ACPI: bus type drm_connector registered", "[   13.166080] loop: module loaded", "[   13.168431] virtio_blk virtio0: 8/0/0 default/read/poll queues", "[   13.179812] virtio_blk virtio0: [vda] 52428800 512-byte logical blocks (26.8 GB/25.0 GiB)", "[   13.187189]  vda: vda1 vda14 vda15 vda16", "[   13.190667] ata_piix 0000:00:01.1: version 2.13", "[   13.195273] scsi host0: ata_piix", "[   13.197897] scsi host1: ata_piix", "[   13.199842] ata1: PATA max MWDMA2 cmd 0x1f0 ctl 0x3f6 bmdma 0xc0e0 irq 14 lpm-pol 0", "[   13.204000] ata2: PATA max MWDMA2 cmd 0x170 ctl 0x376 bmdma 0xc0e8 irq 15 lpm-pol 0", "[   13.213239] e100: Intel(R) PRO/100 Network Driver", "[   13.215869] e100: Copyright(c) 1999-2006 Intel Corporation", "[   13.218903] e1000: Intel(R) PRO/1000 Network Driver", "[   13.221633] e1000: Copyright (c) 1999-2006 Intel Corporation.", "[   13.224832] e1000e: Intel(R) PRO/1000 Network Driver", "[   13.227636] e1000e: Copyright(c) 1999 - 2015 Intel Corporation.", "[   13.230967] sky2: driver version 1.30", "[   13.233501] usbcore: registered new interface driver usblp", "[   13.236639] usbcore: registered new interface driver usb-storage", "[   13.240032] i8042: PNP: PS/2 Controller [PNP0303:KBD,PNP0f13:MOU] at 0x60,0x64 irq 1,12", "[   13.247276] serio: i8042 KBD port at 0x60,0x64 irq 1", "[   13.249992] serio: i8042 AUX port at 0x60,0x64 irq 12", "[   13.253326] rtc_cmos 00:04: RTC can wake from S4", "[   13.258671] input: AT Translated Set 2 keyboard as /devices/platform/i8042/serio0/input/input1", "[   13.264053] rtc_cmos 00:04: registered as rtc0", "[   13.267068] rtc_cmos 00:04: alarms up to one day, y3k, 242 bytes nvram, hpet irqs", "[   13.272513] device-mapper: ioctl: 4.48.0-ioctl (2023-03-01) initialised: dm-devel@redhat.com", "[   13.277326] intel_pstate: CPU model not supported", "[   13.280062] hid: raw HID events driver (C) Jiri Kosina", "[   13.283173] usbcore: registered new interface driver usbhid", "[   13.286354] usbhid: USB HID core driver", "[   13.290385] Initializing XFRM netlink socket", "[   13.292809] NET: Registered PF_INET6 protocol family", "[   13.296518] Segment Routing with IPv6", "[   13.298636] In-situ OAM (IOAM) with IPv6", "[   13.300890] sit: IPv6, IPv4 and MPLS over IPv4 tunneling driver", "[   13.304289] NET: Registered PF_PACKET protocol family", "[   13.307113] 9pnet: Installing 9P2000 support", "[   13.309530] Key type dns_resolver registered", "[   13.315095] IPI shorthand broadcast: enabled", "[   13.319403] sched_clock: Marking stable (13272019716, 46971933)->(13827160092, -508168443)", "[   13.324737] registered taskstats version 1", "[   13.327128] Loading compiled-in X.509 certificates", "[   13.331538] PM:   Magic number: 9:819:131", "[   13.333866] acpi device:06: hash matches", "[   13.336150] printk: legacy console [netcon0] enabled", "[   13.339013] netconsole: network logging started", "[   13.341594] cfg80211: Loading compiled-in X.509 certificates for regulatory database", "[   13.346476] kworker/u16:2 (87) used greatest stack depth: 13984 bytes left", "[   13.351555] Loaded X.509 cert 'sforshee: 00b28ddf47aef9cea7'", "[   13.354861] Loaded X.509 cert 'wens: 61c038651aabdcf94bd0ac7ff06c7248db18c600'", "[   13.358797] platform regulatory.0: Direct firmware load for regulatory.db failed with error -2", "[   13.363150] ALSA device list:", "[   13.363627] cfg80211: failed to load regulatory.db", "[   13.365397]   No soundcards found.", "[   13.899033] input: ImExPS/2 Generic Explorer Mouse as /devices/platform/i8042/serio1/input/input3", "[   13.902770] md: Waiting for all devices to be available before autodetect", "[   13.905202] md: If you don't use raid, use raid=noautodetect", "[   13.907255] md: Autodetecting RAID arrays.", "[   13.908724] md: autorun ...", "[   13.909807] md: ... autorun DONE.", "[   13.913306] EXT4-fs (vda1): mounted filesystem c8107c30-aa3b-40eb-bd2a-416a91df85e7 ro with ordered data mode. Quota mode: none.", "[   13.917238] VFS: Mounted root (ext4 filesystem) readonly on device 253:1.", "[   13.919905] devtmpfs: mounted", "[   13.921912] Freeing unused kernel image (initmem) memory: 1416K", "[   13.923993] Write protecting the kernel read-only data: 22528k", "[   13.926930] Freeing unused kernel image (rodata/data gap) memory: 744K", "[   13.939427] x86/mm: Checked W+X mappings: passed, no W+X pages found.", "[   13.941682] Run /sbin/init as init process", "[   13.943169]   with arguments:", "[   13.944284]     /sbin/init", "[   13.945291]     nospectre_bhb", "[   13.946404]   with environment:", "[   13.947581]     HOME=/", "[   13.948500]     TERM=linux", "[   13.949498]     spectre_v2=off", "[   13.950624]     spectre_v2_user=off", "[   13.951948]     pti=off", "SELinux:  Could not open policy file <= /etc/selinux/targeted/policy/policy.33:  No such file or directory", "[   14.180178] systemd[1]: systemd 255.4-1ubuntu8.6 running in system mode (+PAM +AUDIT +SELINUX +APPARMOR +IMA +SMACK +SECCOMP +GCRYPT -GNUTLS +OPENSSL +ACL +BLKID +CURL +ELFUTILS +FIDO2 +IDN2 -IDN +IPTC +KMOD +LIBCRYPTSETUP +LIBFDISK +PCRE2 -PWQUALITY +P11KIT +QRENCODE +TPM2 +BZIP2 +LZ4 +XZ +ZLIB +ZSTD -BPF_FRAMEWORK -XKBCOMMON +UTMP +SYSVINIT default-hierarchy=unified)", "[   14.191076] systemd[1]: Detected virtualization kvm.", "[   14.193014] systemd[1]: Detected architecture x86-64.", "", "Welcome to \u001b[1mUbuntu 24.04.2 LTS\u001b[0m!", "", "", "[   14.201224] systemd[1]: Hostname set to <ubuntu-testing>.", "[   14.226828] snapd-env-gener (94) used greatest stack depth: 13208 bytes left", "[   14.341967] cloud-init-gene (97) used greatest stack depth: 12888 bytes left", "[   14.494559] systemd[1]: Queued start job for default target graphical.target.", "[   14.503482] systemd[1]: Created slice system-modprobe.slice - Slice /system/modprobe.", "[\u001b[0;32m  OK  \u001b[0m] Created slice \u001b[0;1;39msystem-modprobe.slice\u001b[0m - Slice /system/modprobe.", "", "[   14.509897] systemd[1]: Created slice system-serial\\x2dgetty.slice - Slice /system/serial-getty.", "[\u001b[0;32m  OK  \u001b[0m] Created slice \u001b[0;1;39msystem-serial\\x2dget\u2026slice\u001b[0m - Slice /system/serial-getty.", "", "[   14.517050] systemd[1]: Created slice system-systemd\\x2dfsck.slice - Slice /system/systemd-fsck.", "[\u001b[0;32m  OK  \u001b[0m] Created slice \u001b[0;1;39msystem-systemd\\x2dfs\u2026slice\u001b[0m - Slice /system/systemd-fsck.", "", "[   14.523960] systemd[1]: Created slice user.slice - User and Session Slice.", "[\u001b[0;32m  OK  \u001b[0m] Created slice \u001b[0;1;39muser.slice\u001b[0m - User and Session Slice.", "", "[   14.529563] systemd[1]: Started systemd-ask-password-console.path - Dispatch Password Requests to Console Directory Watch.", "[\u001b[0;32m  OK  \u001b[0m] Started \u001b[0;1;39msystemd-ask-password-conso\u2026\u001b[0mequests to Console Directory Watch.", "", "[   14.537077] systemd[1]: Started systemd-ask-password-wall.path - Forward Password Requests to Wall Directory Watch.", "[\u001b[0;32m  OK  \u001b[0m] Started \u001b[0;1;39msystemd-ask-password-wall.\u2026\u001b[0md Requests to Wall Directory Watch.", "", "[   14.544426] systemd[1]: Set up automount proc-sys-fs-binfmt_misc.automount - Arbitrary Executable File Formats File System Automount Point.", "[\u001b[0;32m  OK  \u001b[0m] Set up automount \u001b[0;1;39mproc-sys-fs-binfm\u2026\u001b[0mormats File System Automount Point.", "", "[   14.552449] systemd[1]: Expecting device dev-disk-by\\x2dlabel-BOOT.device - /dev/disk/by-label/BOOT...", "Expecting device \u001b[0;1;39mdev-disk-by\\x2dla\u2026device\u001b[0m - /dev/disk/by-label/BOOT...", "", "[   14.559142] systemd[1]: Expecting device dev-disk-by\\x2dlabel-UEFI.device - /dev/disk/by-label/UEFI...", "Expecting device \u001b[0;1;39mdev-disk-by\\x2dla\u2026device\u001b[0m - /dev/disk/by-label/UEFI...", "", "[   14.565744] systemd[1]: Expecting device dev-ttyS0.device - /dev/ttyS0...", "Expecting device \u001b[0;1;39mdev-ttyS0.device\u001b[0m - /dev/ttyS0...", "", "[   14.570786] systemd[1]: Reached target cryptsetup.target - Local Encrypted Volumes.", "[\u001b[0;32m  OK  \u001b[0m] Reached target \u001b[0;1;39mcryptsetup.target\u001b[0m - Local Encrypted Volumes.", "", "[   14.576670] systemd[1]: Reached target integritysetup.target - Local Integrity Protected Volumes.", "[\u001b[0;32m  OK  \u001b[0m] Reached target \u001b[0;1;39mintegritysetup.targ\u2026\u001b[0m Local Integrity Protected Volumes.", "", "[   14.583571] systemd[1]: Reached target remote-fs.target - Remote File Systems.", "[\u001b[0;32m  OK  \u001b[0m] Reached target \u001b[0;1;39mremote-fs.target\u001b[0m - Remote File Systems.", "", "[   14.589480] systemd[1]: Reached target slices.target - Slice Units.", "[\u001b[0;32m  OK  \u001b[0m] Reached target \u001b[0;1;39mslices.target\u001b[0m - Slice Units.", "", "[   14.594526] systemd[1]: Reached target snapd.mounts-pre.target - Mounting snaps.", "[\u001b[0;32m  OK  \u001b[0m] Reached target \u001b[0;1;39msnapd.mounts-pre.target\u001b[0m - Mounting snaps.", "", "[   14.600410] systemd[1]: Reached target snapd.mounts.target - Mounted snaps.", "[\u001b[0;32m  OK  \u001b[0m] Reached target \u001b[0;1;39msnapd.mounts.target\u001b[0m - Mounted snaps.", "", "[   14.606040] systemd[1]: Reached target swap.target - Swaps.", "[\u001b[0;32m  OK  \u001b[0m] Reached target \u001b[0;1;39mswap.target\u001b[0m - Swaps.", "", "[   14.610634] systemd[1]: Reached target veritysetup.target - Local Verity Protected Volumes.", "[\u001b[0;32m  OK  \u001b[0m] Reached target \u001b[0;1;39mveritysetup.target\u001b[0m - Local Verity Protected Volumes.", "", "[   14.617523] systemd[1]: Listening on systemd-fsckd.socket - fsck to fsckd communication Socket.", "[\u001b[0;32m  OK  \u001b[0m] Listening on \u001b[0;1;39msystemd-fsckd.socket\u001b[0m \u2026fsck to fsckd communication Socket.", "", "[   14.624526] systemd[1]: Listening on systemd-initctl.socket - initctl Compatibility Named Pipe.", "[\u001b[0;32m  OK  \u001b[0m] Listening on \u001b[0;1;39msystemd-initctl.socke\u2026\u001b[0m- initctl Compatibility Named Pipe.", "", "[   14.631544] systemd[1]: Listening on systemd-journald-dev-log.socket - Journal Socket (/dev/log).", "[\u001b[0;32m  OK  \u001b[0m] Listening on \u001b[0;1;39msystemd-journald-dev-\u2026socket\u001b[0m - Journal Socket (/dev/log).", "", "[   14.638705] systemd[1]: Listening on systemd-journald.socket - Journal Socket.", "[\u001b[0;32m  OK  \u001b[0m] Listening on \u001b[0;1;39msystemd-journald.socket\u001b[0m - Journal Socket.", "", "[   14.644870] systemd[1]: Listening on systemd-networkd.socket - Network Service Netlink Socket.", "[\u001b[0;32m  OK  \u001b[0m] Listening on \u001b[0;1;39msystemd-networkd.socket\u001b[0m - Network Service Netlink Socket.", "", "[   14.651584] systemd[1]: systemd-pcrextend.socket - TPM2 PCR Extension (Varlink) was skipped because of an unmet condition check (ConditionSecurity=measured-uki).", "[   14.656920] systemd[1]: Listening on systemd-udevd-control.socket - udev Control Socket.", "[\u001b[0;32m  OK  \u001b[0m] Listening on \u001b[0;1;39msystemd-udevd-control.socket\u001b[0m - udev Control Socket.", "", "[   14.663358] systemd[1]: Listening on systemd-udevd-kernel.socket - udev Kernel Socket.", "[\u001b[0;32m  OK  \u001b[0m] Listening on \u001b[0;1;39msystemd-udevd-kernel.socket\u001b[0m - udev Kernel Socket.", "", "[   14.679130] systemd[1]: Mounting dev-hugepages.mount - Huge Pages File System...", "Mounting \u001b[0;1;39mdev-hugepages.mount\u001b[0m - Huge Pages File System...", "", "[   14.685674] systemd[1]: Mounting dev-mqueue.mount - POSIX Message Queue File System...", "Mounting \u001b[0;1;39mdev-mqueue.mount\u001b[0m - POSIX Message Queue File System...", "", "[   14.692244] systemd[1]: Mounting sys-kernel-debug.mount - Kernel Debug File System...", "Mounting \u001b[0;1;39msys-kernel-debug.mount\u001b[0m - Kernel Debug File System...", "", "[   14.698674] systemd[1]: Mounting sys-kernel-tracing.mount - Kernel Trace File System...", "Mounting \u001b[0;1;39msys-kernel-tracing.mount\u001b[0m - Kernel Trace File System...", "", "[   14.704656] systemd[1]: systemd-journald.service: unit configures an IP firewall, but the local system does not support BPF/cgroup firewalling.", "[   14.709056] systemd[1]: systemd-journald.service: (This warning is only shown for the first unit using IP firewalling.)", "[   14.713562] systemd[1]: Starting systemd-journald.service - Journal Service...", "Starting \u001b[0;1;39msystemd-journald.service\u001b[0m - Journal Service...", "", "[   14.719898] systemd[1]: Starting keyboard-setup.service - Set the console keyboard layout...", "Starting \u001b[0;1;39mkeyboard-setup.service\u001b[0m - Set the console keyboard layout...", "", "[   14.726550] systemd[1]: kmod-static-nodes.service - Create List of Static Device Nodes was skipped because of an unmet condition check (ConditionFileNotEmpty=/lib/modules/6.8.0/modules.devname).", "[   14.734461] systemd[1]: Starting modprobe@configfs.service - Load Kernel Module configfs...", "Starting \u001b[0;1;39mmodprobe@configfs.service\u001b[0m - Load Kernel Module configfs...", "", "[   14.742139] systemd[1]: Starting modprobe@dm_mod.service - Load Kernel Module dm_mod...", "Starting \u001b[0;1;39mmodprobe@dm_mod.service\u001b[0m - Load Kernel Module dm_mod...", "", "[   14.760426] systemd[1]: Starting modprobe@drm.service - Load Kernel Module drm...", "Starting \u001b[0;1;39mmodprobe@drm.service\u001b[0m - Load Kernel Module drm...", "", "[   14.768351] systemd[1]: Starting modprobe@efi_pstore.service - Load Kernel Module efi_pstore...", "Starting \u001b[0;1;39mmodprobe@efi_pstore.servi\u2026\u001b[0m - Load Kernel Module efi_pstore...", "", "[   14.778868] systemd[1]: Starting modprobe@fuse.service - Load Kernel Module fuse...", "Starting \u001b[0;1;39mmodprobe@fuse.service\u001b[0m - Load Kernel Module fuse...", "", "[   14.796156] systemd[1]: Starting modprobe@loop.service - Load Kernel Module loop...", "Starting \u001b[0;1;39mmodprobe@loop.service\u001b[0m - Load Kernel Module loop...", "", "[   14.801697] systemd[1]: netplan-ovs-cleanup.service - OpenVSwitch configuration for cleanup was skipped because of an unmet condition check (ConditionFileIsExecutable=/usr/bin/ovs-vsctl).", "[   14.808610] systemd[1]: Starting systemd-fsck-root.service - File System Check on Root Device...", "Starting \u001b[0;1;39msystemd-fsck-root.service\u001b[0m\u2026File System Check on Root Device...", "", "[   14.818827] systemd[1]: Starting systemd-modules-load.service - Load Kernel Modules...", "[   14.819585] systemd-journald[130]: Collecting audit messages is disabled.", "[   14.825380] systemd[1]: systemd-pcrmachine.service - TPM2 PCR Machine ID Measurement was skipped because of an unmet condition check (ConditionSecurity=measured-uki).", "Starting \u001b[0;1;39msystemd-modules-load.[   14.832365] systemd[1]: Starting systemd-tmpfiles-setup-dev-early.service - Create Static Device Nodes in /dev gracefully...", "service\u001b[0m - Load Kernel Modules...", "", "[   14.839504] systemd[1]: systemd-tpm2-setup-early.service - TPM2 SRK Setup (Early) was skipped because of an unmet condition check (ConditionSecurity=measured-uki).", "Starting \u001b[0;1;39msystemd-tmpfiles-setu[   14.845845] systemd[1]: Starting systemd-udev-trigger.service - Coldplug All udev Devices...", "p-de\u2026\u001b[0m Device Nodes in /dev[   14.853128] systemd[1]: Started systemd-journald.service - Journal Service.", "gracefully...", "", "Starting \u001b[0;1;39msystemd-udev-trigger.service\u001b[0m - Coldplug All udev Devices...", "", "[\u001b[0;32m  OK  \u001b[0m] Started \u001b[0;1;39msystemd-journald.service\u001b[0m - Journal Service.", "", "[\u001b[0;32m  OK  \u001b[0m] Mounted \u001b[0;1;39mdev-hugepages.mount\u001b[0m - Huge Pages File System.", "", "[\u001b[0;32m  OK  \u001b[0m] Mounted \u001b[0;1;39mdev-mqueue.mount\u001b[0m - POSIX Message Queue File System.", "", "[\u001b[0;32m  OK  \u001b[0m] Mounted \u001b[0;1;39msys-kernel-debug.mount\u001b[0m - Kernel Debug File System.", "", "[\u001b[0;32m  OK  \u001b[0m] Mounted \u001b[0;1;39msys-kernel-tracing.mount\u001b[0m - Kernel Trace File System.", "", "[\u001b[0;32m  OK  \u001b[0m] Finished \u001b[0;1;39mkeyboard-setup.service\u001b[0m - Set the console keyboard layout.", "", "[\u001b[0;32m  OK  \u001b[0m] Finished \u001b[0;1;39mmodprobe@configfs.service\u001b[0m - Load Kernel Module configfs.", "", "[\u001b[0;32m  OK  \u001b[0m] Finished \u001b[0;1;39mmodprobe@dm_mod.service\u001b[0m - Load Kernel Module dm_mod.", "", "[\u001b[0;32m  OK  \u001b[0m] Finished \u001b[0;1;39mmodprobe@drm.service\u001b[0m - Load Kernel Module drm.", "", "[\u001b[0;32m  OK  \u001b[0m] Finished \u001b[0;1;39mmodprobe@efi_pstore.service\u001b[0m - Load Kernel Module efi_pstore.", "", "[\u001b[0;32m  OK  \u001b[0m] Finished \u001b[0;1;39mmodprobe@fuse.service\u001b[0m - Load Kernel Module fuse.", "", "[\u001b[0;32m  OK  \u001b[0m] Finished \u001b[0;1;39mmodprobe@loop.service\u001b[0m - Load Kernel Module loop.", "", "[\u001b[0;32m  OK  \u001b[0m] Finished \u001b[0;1;39msystemd-fsck-root.service\u001b[0m - File System Check on Root Device.", "", "[\u001b[0;32m  OK  \u001b[0m] Finished \u001b[0;1;39msystemd-modules-load.service\u001b[0m - Load Kernel Modules.", "", "[\u001b[0;32m  OK  \u001b[0m] Finished \u001b[0;1;39msystemd-udev-trigger.service\u001b[0m - Coldplug All udev Devices.", "", "[\u001b[0;32m  OK  \u001b[0m] Finished \u001b[0;1;39msystemd-tmpfiles-setup-de\u2026\u001b[0mic Device Nodes in /dev gracefully.", "", "[\u001b[0;32m  OK  \u001b[0m] Started \u001b[0;1;39msystemd-fsckd.service\u001b[0m - Fi\u2026stem Check Daemon to report status.", "", "Starting \u001b[0;1;39msystemd-remount-fs.servic\u2026\u001b[0munt Root and Kernel File Systems...", "", "Starting \u001b[0;1;39msystemd-sysctl.service\u001b[0m - Apply Kernel Variables...", "", "[\u001b[0;32m  OK  \u001b[0m] Finished \u001b[0;1;39msystemd-sysctl.service\u001b[0m - Apply Kernel Variables.", "", "[   15.002689] EXT4-fs (vda1): re-mounted c8107c30-aa3b-40eb-bd2a-416a91df85e7 r/w. Quota mode: none.", "[\u001b[0;32m  OK  \u001b[0m] Finished \u001b[0;1;39msystemd-remount-fs.servic\u2026\u001b[0mmount Root and Kernel File Systems.", "", "Starting \u001b[0;1;39msystemd-journal-flush.ser\u2026\u001b[0msh Journal to Persistent Storage...", "", "Starting \u001b[0;1;39msyste[   15.037868] systemd-journald[130]: Received client request to flush runtime journal.", "md-random-seed.service\u001b[0m - Load/Save OS Random Seed...", "", "Starting \u001b[0;1;39msystemd-sysusers.service\u001b[0m - Create System Users...", "", "[\u001b[0;32m  OK  \u001b[0m] Finished \u001b[0[   15.062020] systemd-journald[130]: /var/log/journal/26d7b7c94826499bb6e00a5f602ee679/system.journal: Journal file uses a different sequence number ID, rotating.", ";1;39msystemd-ra[   15.067471] systemd-journald[130]: Rotating system journal.", "ndom-seed.service\u001b[0m - Load/Save OS Random Seed.", "", "[\u001b[0;32m  OK  \u001b[0m] Finished \u001b[0;1;39msystemd-sysusers.service\u001b[0m - Create System Users.", "", "Starting \u001b[0;1;39msystemd-tmpfiles-setup-de\u2026\u001b[0meate Static Device Nodes in /dev...", "", "[\u001b[0;32m  OK  \u001b[0m] Finished \u001b[0;1;39msystemd-tmpfiles-setup-de\u2026\u001b[0mCreate Static Device Nodes in /dev.", "", "[\u001b[0;32m  OK  \u001b[0m] Reached target \u001b[0;1;39mlocal-fs-pre.target\u001b[0m\u2026Preparation for Local File Systems.", "", "Starting \u001b[0;1;39msystemd-udevd.service\u001b[0m - R\u2026ager for Device Events and Files...", "", "[\u001b[0;32m  OK  \u001b[0m] Finished \u001b[0;1;39msystemd-journal-flush.ser\u2026\u001b[0mlush Journal to Persistent Storage.", "", "[\u001b[0;32m  OK  \u001b[0m] Started \u001b[0;1;39msystemd-udevd.service\u001b[0m - Ru\u2026anager for Device Events and Files.", "", "Starting \u001b[0;1;39msystemd-networkd.service\u001b[0m - Network Configuration...", "", "[\u001b[0;32m  OK  \u001b[0m] Found device \u001b[0;1;39mdev-ttyS0.device\u001b[0m - /dev/ttyS0.", "", "[   15.318277] virtio_net virtio1 ens3: renamed from eth0", "[\u001b[0;32m  OK  \u001b[0m] Listening on \u001b[0;1;39msystemd-rfkill.socket\u001b[0m\u2026ll Switch Status /dev/rfkill Watch.", "", "[\u001b[0;32m  OK  \u001b[0m] Found device \u001b[0;1;39mdev-disk-by\\x2dlabel-\u2026I.device\u001b[0m - /dev/disk/by-label/UEFI.", "", "[\u001b[0;32m  OK  \u001b[0m] Found device \u001b[0;1;39mdev-disk-by\\x2dlabel-\u2026T.device\u001b[0m - /dev/disk/by-label/BOOT.", "", "Starting \u001b[0;1;39msystemd-fsck@dev-disk-by\\\u2026\u001b[0mCheck on /dev/disk/by-label/BOOT...", "", "[\u001b[0;32m  OK  \u001b[0m] Started \u001b[0;1;39msystemd-networkd.service\u001b[0m - Network Configuration.", "", "[\u001b[0;32m  OK  \u001b[0m] Finished \u001b[0;1;39msystemd-fsck@dev-disk-by\\\u2026\u001b[0mm Check on /dev/disk/by-label/BOOT.", "", "Mounting \u001b[0;1;39mboot.mount\u001b[0m - /boot...", "", "[   15.423339] EXT4-fs (vda16): mounted filesystem 7164fb69-891e-447e-91ac-9486a0886759 r/w with ordered data mode. Quota mode: none.", "[\u001b[0;32m  OK  \u001b[0m] Mounted \u001b[0;1;39mboot.mount\u001b[0m - /boot.", "", "Mounting \u001b[0;1;39mboot-efi.mount\u001b[0m - /boot/efi...", "", "[   15.448142] FAT-fs (vda15): Volume was not properly unmounted. Some data may be corrupt. Please run fsck.", "[\u001b[0;32m  OK  \u001b[0m] Mounted \u001b[0;1;39mboot-efi.mount\u001b[0m - /boot/efi.", "", "[\u001b[0;32m  OK  \u001b[0m] Reached target \u001b[0;1;39mlocal-fs.target\u001b[0m - Local File Systems.", "", "[\u001b[0;32m  OK  \u001b[0m] Listening on \u001b[0;1;39msystemd-sysext.socket\u001b[0m\u2026tension Image Management (Varlink).", "", "Starting \u001b[0;1;39mconsole-setup.service\u001b[0m - Set console font and keymap...", "", "Starting \u001b[0;1;39mldconfig.service\u001b[0m - Rebuild Dynamic Linker Cache...", "", "Starting \u001b[0;1;39msystemd-binfmt.service\u001b[0m - Set Up Additional Binary Formats...", "", "Starting \u001b[0;1;39msystemd-tmpfiles-setup.se\u2026\u001b[0me Volatile Files and Directories...", "", "[\u001b[0;32m  OK  \u001b[0m] Finished \u001b[0;1;39mconsole-setup.service\u001b[0m - Set console font and keymap.", "", "Mounting \u001b[0;1;39mproc-sys-fs-binfmt_misc.m\u2026\u001b[0mcutable File Formats File System...", "", "[\u001b[0;32m  OK  \u001b[0m] Mounted \u001b[0;1;39mproc-sys-fs-binfmt_misc.mo\u2026\u001b[0mxecutable File Formats File System.", "", "[\u001b[0;32m  OK  \u001b[0m] Finished \u001b[0;1;39msystemd-binfmt.service\u001b[0m - Set Up Additional Binary Formats.", "", "[\u001b[0;32m  OK  \u001b[0m] Finished \u001b[0;1;39msystemd-tmpfiles-setup.se\u2026\u001b[0mate Volatile Files and Directories.", "", "Starting \u001b[0;1;39msystemd-journal-catalog-u\u2026ervice\u001b[0m - Rebuild Journal Catalog...", "", "Starting \u001b[0;1;39msystemd-resolved.service\u001b[0m - Network Name Resolution...", "", "Starting \u001b[0;1;39msystemd-timesyncd.service\u001b[0m - Network Time Synchronization...", "", "Starting \u001b[0;1;39msystemd-update-utmp.servi\u2026\u001b[0mord System Boot/Shutdown in UTMP...", "", "[\u001b[0;32m  OK  \u001b[0m] Finished \u001b[0;1;39mldconfig.service\u001b[0m - Rebuild Dynamic Linker Cache.", "", "[\u001b[0;32m  OK  \u001b[0m] Finished \u001b[0;1;39msystemd-journal-catalog-u\u2026.service\u001b[0m - Rebuild Journal Catalog.", "", "Starting \u001b[0;1;39msystemd-update-done.service\u001b[0m - Update is Completed...", "", "[\u001b[0;32m  OK  \u001b[0m] Finished \u001b[0;1;39msystemd-update-utmp.servi\u2026\u001b[0mecord System Boot/Shutdown in UTMP.", "", "[\u001b[0;32m  OK  \u001b[0m] Finished \u001b[0;1;39msystemd-update-done.service\u001b[0m - Update is Completed.", "", "[\u001b[0;32m  OK  \u001b[0m] Started \u001b[0;1;39msystemd-timesyncd.service\u001b[0m - Network Time Synchronization.", "", "[\u001b[0;32m  OK  \u001b[0m] Reached target \u001b[0;1;39mtime-set.target\u001b[0m - System Time Set.", "", "[\u001b[0;32m  OK  \u001b[0m] Started \u001b[0;1;39msystemd-resolved.service\u001b[0m - Network Name Resolution.", "", "[\u001b[0;32m  OK  \u001b[0m] Reached target \u001b[0;1;39mnetwork.target\u001b[0m - Network.", "", "[\u001b[0;32m  OK  \u001b[0m] Reached target \u001b[0;1;39mnss-lookup.target\u001b[0m - Host and Network Name Lookups.", "", "[\u001b[0;32m  OK  \u001b[0m] Reached target \u001b[0;1;39msysinit.target\u001b[0m - System Initialization.", "", "[\u001b[0;32m  OK  \u001b[0m] Started \u001b[0;1;39mapt-daily.timer\u001b[0m - Daily apt download activities.", "", "[\u001b[0;32m  OK  \u001b[0m] Started \u001b[0;1;39mapt-daily-upgrade.timer\u001b[0m - \u2026y apt upgrade and clean activities.", "", "[\u001b[0;32m  OK  \u001b[0m] Started \u001b[0;1;39mdpkg-db-backup.timer\u001b[0m - Daily dpkg database backup timer.", "", "[\u001b[0;32m  OK  \u001b[0m] Started \u001b[0;1;39me2scrub_all.timer\u001b[0m - Period\u2026Metadata Check for All Filesystems.", "", "[\u001b[0;32m  OK  \u001b[0m] Started \u001b[0;1;39mfstrim.timer\u001b[0m - Discard unused filesystem blocks once a week.", "", "[\u001b[0;32m  OK  \u001b[0m] Started \u001b[0;1;39mmotd-news.timer\u001b[0m - Message of the Day.", "", "[\u001b[0;32m  OK  \u001b[0m] Started \u001b[0;1;39mphpsessionclean.timer\u001b[0m - Clean PHP session files every 30 mins.", "", "[\u001b[0;32m  OK  \u001b[0m] Started \u001b[0;1;39msystemd-tmpfiles-clean.tim\u2026\u001b[0my Cleanup of Temporary Directories.", "", "[\u001b[0;32m  OK  \u001b[0m] Reached target \u001b[0;1;39mpaths.target\u001b[0m - Path Units.", "", "[\u001b[0;32m  OK  \u001b[0m] Reached target \u001b[0;1;39mtimers.target\u001b[0m - Timer Units.", "", "[\u001b[0;32m  OK  \u001b[0m] Listening on \u001b[0;1;39mdbus.socket\u001b[0m - D-Bus System Message Bus Socket.", "", "Starting \u001b[0;1;39mlxd-installer.socket\u001b[0m - He\u2026er to install lxd snap on demand...", "", "Starting \u001b[0;1;39msnapd.socket\u001b[0m - Socket activation for snappy daemon...", "", "[\u001b[0;32m  OK  \u001b[0m] Listening on \u001b[0;1;39mssh.socket\u001b[0m - OpenBSD Secure Shell server socket.", "", "[\u001b[0;32m  OK  \u001b[0m] Listening on \u001b[0;1;39mlxd-installer.socket\u001b[0m \u2026lper to install lxd snap on demand.", "", "[\u001b[0;32m  OK  \u001b[0m] Listening on \u001b[0;1;39msnapd.socket\u001b[0m - Socket activation for snappy daemon.", "", "[\u001b[0;32m  OK  \u001b[0m] Reached target \u001b[0;1;39msockets.target\u001b[0m - Socket Units.", "", "[\u001b[0;32m  OK  \u001b[0m] Reached target \u001b[0;1;39mbasic.target\u001b[0m - Basic System.", "", "Starting \u001b[0;1;39mapport.service\u001b[0m - automatic crash report generation...", "", "Starting \u001b[0;1;39mdbus.service\u001b[0m - D-Bus System Message Bus...", "", "Starting \u001b[0;1;39me2scrub_reap.service\u001b[0m - Re\u2026ne ext4 Metadata Check Snapshots...", "", "Starting \u001b[0;1;39mgrub-common.service\u001b[0m - Record successful boot for GRUB...", "", "Starting \u001b[0;1;39mphpsessionclean.service\u001b[0m - Clean php session files...", "", "[\u001b[0;32m  OK  \u001b[0m] Reached target \u001b[0;1;39mgetty-pre.target\u001b[0m - Preparation for Logins.", "", "Starting \u001b[0;1;39msnapd.seeded.service\u001b[0m - Wait until snapd is fully seeded...", "", "Starting \u001b[0;1;39msnapd.service\u001b[0m - Snap Daemon...", "", "Starting \u001b[0;1;39msystemd-logind.service\u001b[0m - User Login Management...", "", "Starting \u001b[0;1;39msystemd-user-sessions.service\u001b[0m - Permit User Sessions...", "", "[\u001b[0;32m  OK  \u001b[0m] Started \u001b[0;1;39mdbus.service\u001b[0m - D-Bus System Message Bus.", "", "[\u001b[0;32m  OK  \u001b[0m] Finished \u001b[0;1;39msystemd-user-sessions.service\u001b[0m - Permit User Sessions.", "", "[   15.922613] e2scrub_all (280) used greatest stack depth: 12872 bytes left", "[\u001b[0;32m  OK  \u001b[0m] Finished \u001b[0;1;39me2scrub_reap.service\u001b[0m - Re\u2026line ext4 Metadata Check Snapshots.", "", "[\u001b[0;32m  OK  \u001b[0m] Started \u001b[0;1;39mserial-getty@ttyS0.service\u001b[0m - Serial Getty on ttyS0.", "", "Starting \u001b[0;1;39msetvtrgb.service\u001b[0m - Set console scheme...", "", "[\u001b[0;32m  OK  \u001b[0m] Finished \u001b[0;1;39mgrub-common.service\u001b[0m - Record successful boot for GRUB.", "", "[\u001b[0;32m  OK  \u001b[0m] Started \u001b[0;1;39msystemd-logind.service\u001b[0m - User Login Management.", "", "[\u001b[0;32m  OK  \u001b[0m] Finished \u001b[0;1;39msetvtrgb.service\u001b[0m - Set console scheme.", "", "[\u001b[0;32m  OK  \u001b[0m] Created slice \u001b[0;1;39msystem-getty.slice\u001b[0m - Slice /system/getty.", "", "[\u001b[0;32m  OK  \u001b[0m] Started \u001b[0;1;39mgetty@tty1.service\u001b[0m - Getty on tty1.", "", "[\u001b[0;32m  OK  \u001b[0m] Reached target \u001b[0;1;39mgetty.target\u001b[0m - Login Prompts.", "", "Starting \u001b[0;1;39mgrub-initrd-fallback.service\u001b[0m - GRUB failed boot detection...", "", "[\u001b[0;32m  OK  \u001b[0m] Started \u001b[0;1;39munattended-upgrades.service\u001b[0m - Unattended Upgrades Shutdown.", "", "[\u001b[0;32m  OK  \u001b[0m] Finished \u001b[0;1;39mgrub-initrd-fallback.service\u001b[0m - GRUB failed boot detection.", "", "[\u001b[0;32m  OK  \u001b[0m] Finished \u001b[0;1;39mphpsessionclean.service\u001b[0m - Clean php session files.", "", "[   16.330942] loop0: detected capacity change from 0 to 8", "[\u001b[0;32m  OK  \u001b[0m] Started \u001b[0;1;39msnapd.service\u001b[0m - Snap Daemon.", "", "[\u001b[0;32m  OK  \u001b[0m] Finished \u001b[0;1;39mapport.service\u001b[0m - automatic crash report generation.", "", "Starting \u001b[0;1;39msystemd-timedated.service\u001b[0m - Time & Date Service...", "", "[\u001b[0;32m  OK  \u001b[0m] Started \u001b[0;1;39msystemd-timedated.service\u001b[0m - Time & Date Service.", "", "[\u001b[0;32m  OK  \u001b[0m] Finished \u001b[0;1;39msnapd.seeded.service\u001b[0m - Wait until snapd is fully seeded.", "", "[\u001b[0;32m  OK  \u001b[0m] Reached target \u001b[0;1;39mmulti-user.target\u001b[0m - Multi-User System.", "", "[\u001b[0;32m  OK  \u001b[0m] Reached target \u001b[0;1;39mgraphical.target\u001b[0m - Graphical Interface.", "", "Starting \u001b[0;1;39msystemd-update-utmp-runle\u2026\u001b[0m- Record Runlevel Change in UTMP...", "", "[\u001b[0;32m  OK  \u001b[0m] Finished \u001b[0;1;39msystemd-update-utmp-runle\u2026e\u001b[0m - Record Runlevel Change in UTMP.", "", "", "", "Ubuntu 24.04.2 LTS ubuntu-testing ttyS0", "", "ubuntu-testing login: root (automatic login)", "", "", "Welcome to Ubuntu 24.04.2 LTS (GNU/Linux 6.8.0 x86_64)", "", "* Documentation:  https://help.ubuntu.com", "* Management:     https://landscape.canonical.com", "* Support:        https://ubuntu.com/pro", "", "This system has been minimized by removing packages and content that are", "not required on a system that users do not log into.", "", "To restore this content, you can run the 'unminimize' command.", "[   16.834554] MICROWAVE FRAMEWORK TESTER", "[   16.836449] [TAG: RUNNING INKSCAPE-BENCH]", "[   16.837959] Starting inkscape-bench...", "[   19.768270] (udev-worker) (221) used greatest stack depth: 12736 bytes left", "[  203.723461] Latest saved result: 2025-05-16-2226", "[  203.935690]", "[  204.015140] 2025-05-16-2226", "[  204.015140] KVM QEMU testing on Ubuntu 24.04 via the Phoronix Test Suite.", "[  204.015140]", "[  204.015140]", "[  204.015140] 2025-05-16 22:26:", "[  204.015140]", "[  204.015140] \tProcessor: QEMU Virtual 2.5+ (4 Cores), Motherboard: QEMU Ubuntu 25.04 PC (i440FX + PIIX 1996) (1.16.3-debian-1.16.3-2 BIOS), Chipset: Intel 440FX 82441FX PMC, Memory: 1 x 8 GB RAM QEMU, Disk: 24GB, Network: Red Hat Virtio device", "[  204.015140]", "[  204.015140] \tOS: Ubuntu 24.04, Kernel: 6.8.0-59-generic (x86_64), Compiler: GCC 13.3.0, File-System: ext4, System Layer: KVM QEMU", "[  204.015140]", "[  204.033253]", "[  206.314097] [TAG: INKSCAPE-BENCH COMPLETE]", "[  206.315721] MICROWAVE FRAMEWORK TESTER", "\u001b[?2004hroot@ubuntu-testing:~#          Stopping \u001b[0;1;39msessi[\u001b[0;32m  OK  \u001b[0m] Removed slice \u001b[0;1;39msystem-modprobe.slice\u001b[0m - Slice /system/modprobe.", "", "[\u001b[0;32m  OK  \u001b[0m] Stopped target \u001b[0;1;39mgraphical.target\u001b[0m - Graphical Interface.", "", "[\u001b[0;32m  OK  \u001b[0m] Stopped target \u001b[0;1;39mmulti-user.target\u001b[0m - Multi-User System.", "", "[\u001b[0;32m  OK  \u001b[0m] Stopped target \u001b[0;1;39mgetty.target\u001b[0m - Login Prompts.", "", "[\u001b[0;32m  OK  \u001b[0m] Stopped target \u001b[0;1;39mnss-lookup.target\u001b[0m - Host and Network Name Lookups.", "", "[\u001b[0;32m  OK  \u001b[0m] Stopped target \u001b[0;1;39mtimers.target\u001b[0m - Timer Units.", "", "[\u001b[0;32m  OK  \u001b[0m] Stopped \u001b[0;1;39mapt-daily-upgrade.timer\u001b[0m - \u2026y apt upgrade and clean activities.", "", "[\u001b[0;32m  OK  \u001b[0m] Stopped \u001b[0;1;39mapt-daily.timer\u001b[0m - Daily apt download activities.", "", "[\u001b[0;32m  OK  \u001b[0m] Stopped \u001b[0;1;39mdpkg-db-backup.timer\u001b[0m - Daily dpkg database backup timer.", "", "[\u001b[0;32m  OK  \u001b[0m] Stopped \u001b[0;1;39me2scrub_all.timer\u001b[0m - Period\u2026Metadata Check for All Filesystems.", "", "[\u001b[0;32m  OK  \u001b[0m] Stopped \u001b[0;1;39mfstrim.timer\u001b[0m - Discard unused filesystem blocks once a week.", "", "[\u001b[0;32m  OK  \u001b[0m] Stopped \u001b[0;1;39mmotd-news.timer\u001b[0m - Message of the Day.", "", "[\u001b[0;32m  OK  \u001b[0m] Stopped \u001b[0;1;39mphpsessionclean.timer\u001b[0m - Clean PHP session files every 30 mins.", "", "[\u001b[0;32m  OK  \u001b[0m] Stopped \u001b[0;1;39msystemd-tmpfiles-clean.tim\u2026\u001b[0my Cleanup of Temporary Directories.", "", "[\u001b[0;32m  OK  \u001b[0m] Stopped target \u001b[0;1;39mtime-set.target\u001b[0m - System Time Set.", "", "[\u001b[0;32m  OK  \u001b[0m] Closed \u001b[0;1;39msystemd-rfkill.socket\u001b[0m - Loa\u2026ll Switch Status /dev/rfkill Watch.", "", "Stopping \u001b[0;1;39mapport.service\u001b[0m - automatic crash report generation...", "", "Stopping \u001b[0;1;39mgetty@tty1.service\u001b[0m - Getty on tty1...", "", "Stopping \u001b[0;1;39mserial-getty@ttyS0.service\u001b[0m - Serial Getty on ttyS0...", "", "[\u001b[0;32m  OK  \u001b[0m] Stopped \u001b[0;1;39msnapd.seeded.service\u001b[0m - Wait until snapd is fully seeded.", "", "Stopping \u001b[0;1;39msystemd-random-seed.service\u001b[0m - Load/Save OS Random Seed...", "", "[\u001b[0;32m  OK  \u001b[0m] Stopped \u001b[0;1;39mserial-getty@ttyS0.service\u001b[0m - Serial Getty on ttyS0.", "", "[\u001b[0;32m  OK  \u001b[0m] Stopped \u001b[0;1;39mgetty@tty1.service\u001b[0m - Getty on tty1.", "", "[\u001b[0;32m  OK  \u001b[0m] Stopped \u001b[0;1;39msession-1.scope\u001b[0m - Session 1 of User root.", "", "[\u001b[0;32m  OK  \u001b[0m] Removed slice \u001b[0;1;39msystem-getty.slice\u001b[0m - Slice /system/getty.", "", "[\u001b[0;32m  OK  \u001b[0m] Removed slice \u001b[0;1;39msystem-serial\\x2dget\u2026slice\u001b[0m - Slice /system/serial-getty.", "", "[\u001b[0;32m  OK  \u001b[0m] Stopped target \u001b[0;1;39mgetty-pre.target\u001b[0m - Preparation for Logins.", "", "Stopping \u001b[0;1;39msystemd-logind.service\u001b[0m - User Login Management...", "", "Stopping \u001b[0;1;39msystemd-user-sessions.service\u001b[0m - Permit User Sessions...", "", "Stopping \u001b[0;1;39muser@0.service\u001b[0m - User Manager for UID 0...", "", "[\u001b[0;32m  OK  \u001b[0m] Stopped \u001b[0;1;39msystemd-random-seed.service\u001b[0m - Load/Save OS Random Seed.", "", "[\u001b[0;32m  OK  \u001b[0m] Stopped \u001b[0;1;39msystemd-user-sessions.service\u001b[0m - Permit User Sessions.", "", "[\u001b[0;32m  OK  \u001b[0m] Stopped target \u001b[0;1;39mnetwork.target\u001b[0m - Network.", "", "Stopping \u001b[0;1;39msystemd-networkd.service\u001b[0m - Network Configuration...", "", "[\u001b[0;32m  OK  \u001b[0m] Stopped \u001b[0;1;39msystemd-networkd.service\u001b[0m - Network Configuration.", "", "[\u001b[0;32m  OK  \u001b[0m] Stopped \u001b[0;1;39muser@0.service\u001b[0m - User Manager for UID 0.", "", "[\u001b[0;32m  OK  \u001b[0m] Stopped \u001b[0;1;39msystemd-logind.service\u001b[0m - User Login Management.", "", "[\u001b[0;32m  OK  \u001b[0m] Stopped \u001b[0;1;39mapport.service\u001b[0m - automatic crash report generation.", "", "[\u001b[0;32m  OK  \u001b[0m] Stopped target \u001b[0;1;39mremote-fs.target\u001b[0m - Remote File Systems.", "", "Stopping \u001b[0;1;39muser-runtime-dir@0.servic\u2026\u001b[0mer Runtime Directory /run/user/0...", "", "[\u001b[0;32m  OK  \u001b[0m] Unmounted \u001b[0;1;39mrun-user-0.mount\u001b[0m - /run/user/0.", "", "[\u001b[0;32m  OK  \u001b[0m] Stopped \u001b[0;1;39muser-runtime-dir@0.service\u001b[0m\u2026User Runtime Directory /run/user/0.", "", "[\u001b[0;32m  OK  \u001b[0m] Removed slice \u001b[0;1;39muser-0.slice\u001b[0m - User Slice of UID 0.", "", "[\u001b[0;32m  OK  \u001b[0m] Stopped target \u001b[0;1;39mbasic.target\u001b[0m - Basic System.", "", "[\u001b[0;32m  OK  \u001b[0m] Stopped target \u001b[0;1;39mpaths.target\u001b[0m - Path Units.", "", "[\u001b[0;32m  OK  \u001b[0m] Stopped target \u001b[0;1;39mslices.target\u001b[0m - Slice Units.", "", "[\u001b[0;32m  OK  \u001b[0m] Removed slice \u001b[0;1;39muser.slice\u001b[0m - User and Session Slice.", "", "[\u001b[0;32m  OK  \u001b[0m] Stopped target \u001b[0;1;39msockets.target\u001b[0m - Socket Units.", "", "[\u001b[0;32m  OK  \u001b[0m] Closed \u001b[0;1;39mlxd-installer.socket\u001b[0m - Helper to install lxd snap on demand.", "", "[\u001b[0;32m  OK  \u001b[0m] Closed \u001b[0;1;39msnapd.socket\u001b[0m - Socket activation for snappy daemon.", "", "[\u001b[0;32m  OK  \u001b[0m] Closed \u001b[0;1;39mssh.socket\u001b[0m - OpenBSD Secure Shell server socket.", "", "[\u001b[0;32m  OK  \u001b[0m] Stopped target \u001b[0;1;39msysinit.target\u001b[0m - System Initialization.", "", "[\u001b[0;32m  OK  \u001b[0m] Stopped target \u001b[0;1;39mcryptsetup.target\u001b[0m - Local Encrypted Volumes.", "", "[\u001b[0;32m  OK  \u001b[0m] Stopped \u001b[0;1;39msystemd-ask-password-conso\u2026\u001b[0mequests to Console Directory Watch.", "", "[\u001b[0;32m  OK  \u001b[0m] Stopped \u001b[0;1;39msystemd-ask-password-wall.\u2026\u001b[0md Requests to Wall Directory Watch.", "", "[\u001b[0;32m  OK  \u001b[0m] Stopped target \u001b[0;1;39mintegritysetup.targ\u2026\u001b[0m Local Integrity Protected Volumes.", "", "[\u001b[0;32m  OK  \u001b[0m] Stopped target \u001b[0;1;39mswap.target\u001b[0m - Swaps.", "", "[\u001b[0;32m  OK  \u001b[0m] Stopped target \u001b[0;1;39mveritysetup.target\u001b[0m - Local Verity Protected Volumes.", "", "[\u001b[0;32m  OK  \u001b[0m] Closed \u001b[0;1;39msystemd-networkd.socket\u001b[0m - Network Service Netlink Socket.", "", "Stopping \u001b[0;1;39msystemd-binfmt.service\u001b[0m - Set Up Additional Binary Formats...", "", "Stopping \u001b[0;1;39msystemd-resolved.service\u001b[0m - Network Name Resolution...", "", "Stopping \u001b[0;1;39msystemd-timesyncd.service\u001b[0m - Network Time Synchronization...", "", "[\u001b[0;32m  OK  \u001b[0m] Stopped \u001b[0;1;39msystemd-update-done.service\u001b[0m - Update is Completed.", "", "[\u001b[0;32m  OK  \u001b[0m] Stopped \u001b[0;1;39mldconfig.service\u001b[0m - Rebuild Dynamic Linker Cache.", "", "[\u001b[0;32m  OK  \u001b[0m] Stopped \u001b[0;1;39msystemd-journal-catalog-up\u2026.service\u001b[0m - Rebuild Journal Catalog.", "", "Stopping \u001b[0;1;39msystemd-update-utmp.servi\u2026\u001b[0mord System Boot/Shutdown in UTMP...", "", "[\u001b[0;32m  OK  \u001b[0m] Stopped \u001b[0;1;39msystemd-resolved.service\u001b[0m - Network Name Resolution.", "", "[\u001b[0;32m  OK  \u001b[0m] Stopped \u001b[0;1;39msystemd-timesyncd.service\u001b[0m - Network Time Synchronization.", "", "[\u001b[0;32m  OK  \u001b[0m] Stopped \u001b[0;1;39msystemd-binfmt.service\u001b[0m - Set Up Additional Binary Formats.", "", "[\u001b[0;32m  OK  \u001b[0m] Unset automount \u001b[0;1;39mproc-sys-fs-binfmt\u2026\u001b[0mormats File System Automount Point.", "", "[\u001b[0;32m  OK  \u001b[0m] Stopped \u001b[0;1;39msystemd-sysctl.service\u001b[0m - Apply Kernel Variables.", "", "[\u001b[0;32m  OK  \u001b[0m] Stopped \u001b[0;1;39msystemd-modules-load.service\u001b[0m - Load Kernel Modules.", "", "[\u001b[0;32m  OK  \u001b[0m] Stopped \u001b[0;1;39msystemd-update-utmp.servic\u2026\u001b[0mecord System Boot/Shutdown in UTMP.", "", "[\u001b[0;32m  OK  \u001b[0m] Stopped \u001b[0;1;39msystemd-tmpfiles-setup.ser\u2026\u001b[0mate Volatile Files and Directories.", "", "[\u001b[0;32m  OK  \u001b[0m] Stopped target \u001b[0;1;39mlocal-fs.target\u001b[0m - Local File Systems.", "", "[\u001b[0;32m  OK  \u001b[0m] Stopped target \u001b[0;1;39msnapd.mounts.target\u001b[0m - Mounted snaps.", "", "[\u001b[0;32m  OK  \u001b[0m] Stopped target \u001b[0;1;39msnapd.mounts-pre.target\u001b[0m - Mounting snaps.", "", "Unmounting \u001b[0;1;39mboot-efi.mount\u001b[0m - /boot/efi...", "", "[\u001b[0;32m  OK  \u001b[0m] Unmounted \u001b[0;1;39mboot-efi.mount\u001b[0m - /boot/efi.", "", "Unmounting \u001b[0;1;39mboot.mount\u001b[0m - /boot...", "", "[  206.802579] EXT4-fs (vda16): unmounting filesystem 7164fb69-891e-447e-91ac-9486a0886759.", "[\u001b[0;32m  OK  \u001b[0m] Unmounted \u001b[0;1;39mboot.mount\u001b[0m - /boot.", "", "[\u001b[0;32m  OK  \u001b[0m] Reached target \u001b[0;1;39mumount.target\u001b[0m - Unmount All Filesystems.", "", "[\u001b[0;32m  OK  \u001b[0m] Stopped \u001b[0;1;39msystemd-fsck@dev-disk-by\\x\u2026\u001b[0mm Check on /dev/disk/by-label/BOOT.", "", "[\u001b[0;32m  OK  \u001b[0m] Removed slice \u001b[0;1;39msystem-systemd\\x2dfs\u2026slice\u001b[0m - Slice /system/systemd-fsck.", "", "[\u001b[0;32m  OK  \u001b[0m] Stopped target \u001b[0;1;39mlocal-fs-pre.target\u001b[0m\u2026Preparation for Local File Systems.", "", "[\u001b[0;32m  OK  \u001b[0m] Stopped \u001b[0;1;39msystemd-tmpfiles-setup-dev\u2026\u001b[0mCreate Static Device Nodes in /dev.", "", "[\u001b[0;32m  OK  \u001b[0m] Stopped \u001b[0;1;39msystemd-sysusers.service\u001b[0m - Create System Users.", "", "[\u001b[0;32m  OK  \u001b[0m] Stopped \u001b[0;1;39msystemd-remount-fs.service\u001b[0m\u2026mount Root and Kernel File Systems.", "", "[\u001b[0;32m  OK  \u001b[0m] Stopped \u001b[0;1;39msystemd-fsck-root.service\u001b[0m - File System Check on Root Device.", "", "[\u001b[0;32m  OK  \u001b[0m] Stopped \u001b[0;1;39msystemd-tmpfiles-setup-dev\u2026\u001b[0mic Device Nodes in /dev gracefully.", "", "[\u001b[0;32m  OK  \u001b[0m] Reached target \u001b[0;1;39mshutdown.target\u001b[0m - System Shutdown.", "", "[\u001b[0;32m  OK  \u001b[0m] Reached target \u001b[0;1;39mfinal.target\u001b[0m - Late Shutdown Services.", "", "[\u001b[0;32m  OK  \u001b[0m] Finished \u001b[0;1;39msystemd-poweroff.service\u001b[0m - System Power Off.", "", "[\u001b[0;32m  OK  \u001b[0m] Reached target \u001b[0;1;39mpoweroff.target\u001b[0m - System Power Off.", "", "[  206.891134] systemd-shutdown[1]: Syncing filesystems and block devices.", "[  206.902379] systemd-shutdown[1]: Sending SIGTERM to remaining processes...", "[  206.907762] systemd-journald[130]: Received SIGTERM from PID 1 (systemd-shutdow).", "[  206.917627] systemd-shutdown[1]: Sending SIGKILL to remaining processes...", "[  206.923437] systemd-shutdown[1]: Unmounting file systems.", "[  206.926162] (sd-remount)[7192]: Remounting '/' read-only with options 'discard,errors=remount-ro,commit=30'.", "[  206.943520] EXT4-fs (vda1): re-mounted c8107c30-aa3b-40eb-bd2a-416a91df85e7 ro. Quota mode: none.", "[  206.951261] systemd-shutdown[1]: All filesystems unmounted.", "[  206.953262] systemd-shutdown[1]: Deactivating swaps.", "[  206.955094] systemd-shutdown[1]: All swaps deactivated.", "[  206.956947] systemd-shutdown[1]: Detaching loop devices.", "[  206.959707] systemd-shutdown[1]: All loop devices detached.", "[  206.961672] systemd-shutdown[1]: Stopping MD devices.", "[  206.963576] systemd-shutdown[1]: All MD devices stopped.", "[  206.965481] systemd-shutdown[1]: Detaching DM devices.", "[  206.967336] systemd-shutdown[1]: All DM devices detached.", "[  206.969203] systemd-shutdown[1]: All filesystems, swaps, loop devices, MD devices and DM devices detached.", "[  206.972926] systemd-shutdown[1]: Syncing filesystems and block devices.", "[  206.975310] systemd-shutdown[1]: Powering off.", "[  206.978674] ACPI: PM: Preparing to enter system sleep state S5", "[  206.981046] reboot: Power down", "Aux log file:", "", "", "Phoronix Test Suite v10.8.4", "System Information", "", "", "PROCESSOR:              Intel Xeon", "Core Count:           8", "Extensions:           SSE 4.2", "+ AVX512_VNNI", "+ AVX512CD", "+ AVX2", "+ AVX", "+ RDRAND", "+ FSGSBASE", "Cache Size:           16 MB", "Microcode:            0xffffffff", "Core Family:          Cascade Lake", "", "GRAPHICS:", "", "MOTHERBOARD:            QEMU Ubuntu 25.04 PC", "BIOS Version:         1.16.3-debian-1.16.3-2", "Chipset:              Intel 440FX 82441FX PMC", "Network:              Red Hat Virtio device", "", "MEMORY:                 1 x 8 GB RAM QEMU", "", "DISK:                   24GB", "File-System:          ext4", "Mount Options:        commit=30 discard errors=remount-ro relatime rw", "Disk Details:         Block Size: 4096", "", "OPERATING SYSTEM:       Ubuntu 24.04", "Kernel:               6.8.0 (x86_64)", "Compiler:             GCC 13.3.0", "System Layer:         KVM", "Security:             gather_data_sampling: Not affected", "+ itlb_multihit: Not affected", "+ l1tf: Not affected", "+ mds: Not affected", "+ meltdown: Not affected", "+ mmio_stale_data: Vulnerable: Clear buffers attempted no microcode; SMT Host state unknown", "+ retbleed: Vulnerable", "+ spec_rstack_overflow: Not affected", "+ spec_store_bypass: Mitigation of SSB disabled via prctl", "+ spectre_v1: Vulnerable: __user pointer sanitization and usercopy barriers only; no swapgs barriers", "+ spectre_v2: Vulnerable IBPB: disabled STIBP: disabled PBRSB-eIBRS: Vulnerable", "+ srbds: Not affected", "+ tsx_async_abort: Vulnerable: Clear buffers attempted no microcode; SMT Host state unknown", "", "", "[8192] strlen(): Passing null to parameter #1 ($string) of type string is deprecated in pts_test_run_manager:594", "", "Inkscape:", "system/inkscape-1.0.1 [Operation: SVG Files To PNG]", "Test 1 of 1", "Estimated Trial Run Count:    3", "Estimated Time To Completion: 2 Minutes [14:10 UTC]", "Started Run 1 @ 14:08:26", "Started Run 2 @ 14:09:04", "Started Run 3 @ 14:09:40", "Started Run 4 @ 14:10:17 *", "Started Run 5 @ 14:10:53 *", "", "Operation: SVG Files To PNG:", "33.914", "32.151", "32.272", "32.267", "32.09", "", "Average: 32.539 Seconds", "Deviation: 2.37%", "Samples: 5", "", "", "[TAG: AUX INKSCAPE-BENCH RESULTS]", "", "2025-05-16-2226", "KVM QEMU testing on Ubuntu 24.04 via the Phoronix Test Suite.", "", "", "2025-05-16 22:26:", "", "Processor: QEMU Virtual 2.5+ (4 Cores), Motherboard: QEMU Ubuntu 25.04 PC (i440FX + PIIX 1996) (1.16.3-debian-1.16.3-2 BIOS), Chipset: Intel 440FX 82441FX PMC, Memory: 1 x 8 GB RAM QEMU, Disk: 24GB, Network: Red Hat Virtio device", "", "OS: Ubuntu 24.04, Kernel: 6.8.0-59-generic (x86_64), Compiler: GCC 13.3.0, File-System: ext4, System Layer: KVM QEMU", "", "", "[TAG: AUX INKSCAPE-BENCH RESULTS END]"], "metadata": {"test_marker": "MICROWAVE FRAMEWORK TESTER"}}