{"lines": ["IMAGE_PATH: /home/denzelgfarmer/KernelSecurityBenchmarks/Microwave/.working/test_lmbench_page_poisoning-linux.img", "KERNEL_PATH: /home/denzelgfarmer/KernelSecurityBenchmarks/Microwave/.working/temp/linux/install/boot/vmlinuz-6.8.0", "LOG_PATH: /home/denzelgfarmer/KernelSecurityBenchmarks/Microwave/microwave2/runners/aux_logfile.txt", "KERNEL_ARGS: console=ttyS0,115200 earlyprintk=serial,ttyS0,115200 ignore_loglevel root=/dev/vda1 nospectre_bhb nospectre_v1 spectre_v2=off spectre_v2_user=off retbleed=off pti=off spec_rstack_overflow=off page_poison=1", "+ '[' -z /home/denzelgfarmer/KernelSecurityBenchmarks/Microwave/.working/test_lmbench_page_poisoning-linux.img ']'", "+ '[' -z /home/denzelgfarmer/KernelSecurityBenchmarks/Microwave/.working/temp/linux/install/boot/vmlinuz-6.8.0 ']'", "+ CORESET=2,3,4,5", "+ echo 'Booting image /home/denzelgfarmer/KernelSecurityBenchmarks/Microwave/.working/test_lmbench_page_poisoning-linux.img (with kernel at /home/denzelgfarmer/KernelSecurityBenchmarks/Microwave/.working/temp/linux/install/boot/vmlinuz-6.8.0)...'", "Booting image /home/denzelgfarmer/KernelSecurityBenchmarks/Microwave/.working/test_lmbench_page_poisoning-linux.img (with kernel at /home/denzelgfarmer/KernelSecurityBenchmarks/Microwave/.working/temp/linux/install/boot/vmlinuz-6.8.0)...", "+ taskset -c 2,3,4,5 qemu-system-x86_64 -enable-kvm -nodefaults -nographic -m 8192 -mem-prealloc -cpu host -smp 8,sockets=1,cores=8,threads=1 -kernel /home/denzelgfarmer/KernelSecurityBenchmarks/Microwave/.working/temp/linux/install/boot/vmlinuz-6.8.0 -append 'console=ttyS0,115200 earlyprintk=serial,ttyS0,115200 ignore_loglevel root=/dev/vda1 nospectre_bhb nospectre_v1 spectre_v2=off spectre_v2_user=off retbleed=off pti=off spec_rstack_overflow=off page_poison=1' -device virtio-blk-pci,drive=hd0 -blockdev driver=file,node-name=hd_file,filename=/home/denzelgfarmer/KernelSecurityBenchmarks/Microwave/.working/test_lmbench_page_poisoning-linux.img -blockdev driver=qcow2,node-name=hd0,file=hd_file -device virtio-net-pci,netdev=net1 -netdev user,id=net1,hostfwd=tcp::2223-:22 -serial stdio -s -chardev file,id=log0,path=/home/denzelgfarmer/KernelSecurityBenchmarks/Microwave/microwave2/runners/aux_logfile.txt -device virtio-serial-pci,id=virtio-serial0 -device virtserialport,chardev=log0,name=host-port,bus=virtio-serial0.0", "\u001bc\u001b[?7l\u001b[2J\u001b[0mSeaBIOS (version 1.16.3-debian-1.16.3-2)", "", "", "iPXE (https://ipxe.org) 00:03.0 C000 PCI2.10 PnP PMM+BEFCACB0+BEF0ACB0 C000", "Press Ctrl-B to configure iPXE (PCI 00:03.0)...", "", "", "", "Booting from ROM..\u001bc\u001b[?7l\u001b[2JNo EFI environment detected.", "early console in extract_kernel", "input_data: 0x000000000295e2b9", "input_len: 0x0000000000b0a20b", "output: 0x0000000001000000", "output_len: 0x000000000242325c", "kernel_total_size: 0x0000000002230000", "needed_size: 0x0000000002600000", "trampoline_32bit: 0x0000000000000000", "Physical KASLR using RDRAND RDTSC...", "Virtual KASLR using RDRAND RDTSC...", "", "Decompressing Linux... Parsing ELF... Performing relocations... done.", "Booting the kernel (entry_offset: 0x0000000000000000).", "[    0.000000] Linux version 6.8.0 (denzelgfarmer@microwave-lmbench) (gcc (Ubuntu 14.2.0-19ubuntu2) 14.2.0, GNU ld (GNU Binutils for Ubuntu) 2.44) #1 SMP PREEMPT_DYNAMIC Wed May 14 08:19:15 UTC 2025", "[    0.000000] Command line: console=ttyS0,115200 earlyprintk=serial,ttyS0,115200 ignore_loglevel root=/dev/vda1 nospectre_bhb nospectre_v1 spectre_v2=off spectre_v2_user=off retbleed=off pti=off spec_rstack_overflow=off page_poison=1", "[    0.000000] BIOS-provided physical RAM map:", "[    0.000000] BIOS-e820: [mem 0x0000000000000000-0x000000000009fbff] usable", "[    0.000000] BIOS-e820: [mem 0x000000000009fc00-0x000000000009ffff] reserved", "[    0.000000] BIOS-e820: [mem 0x00000000000f0000-0x00000000000fffff] reserved", "[    0.000000] BIOS-e820: [mem 0x0000000000100000-0x00000000bffdcfff] usable", "[    0.000000] BIOS-e820: [mem 0x00000000bffdd000-0x00000000bfffffff] reserved", "[    0.000000] BIOS-e820: [mem 0x00000000feffc000-0x00000000feffffff] reserved", "[    0.000000] BIOS-e820: [mem 0x00000000fffc0000-0x00000000ffffffff] reserved", "[    0.000000] BIOS-e820: [mem 0x0000000100000000-0x000000023fffffff] usable", "[    0.000000] printk: legacy bootconsole [earlyser0] enabled", "[    0.000000] printk: debug: ignoring loglevel setting.", "[    0.000000] NX (Execute Disable) protection: active", "[    0.000000] APIC: Static calls initialized", "[    0.000000] SMBIOS 2.8 present.", "[    0.000000] DMI: QEMU Ubuntu 25.04 PC (i440FX + PIIX, 1996), BIOS 1.16.3-debian-1.16.3-2 04/01/2014", "[    0.000000] Hypervisor detected: KVM", "[    0.000000] kvm-clock: Using msrs 4b564d01 and 4b564d00", "[    0.000002] kvm-clock: using sched offset of 2246304018 cycles", "[    0.003525] clocksource: kvm-clock: mask: 0xffffffffffffffff max_cycles: 0x1cd42e4dffb, max_idle_ns: 881590591483 ns", "[    0.014713] tsc: Detected 2800.246 MHz processor", "[    0.018778] e820: update [mem 0x00000000-0x00000fff] usable ==> reserved", "[    0.023481] e820: remove [mem 0x000a0000-0x000fffff] usable", "[    0.027368] last_pfn = 0x240000 max_arch_pfn = 0x400000000", "[    0.031537] MTRR map: 4 entries (3 fixed + 1 variable; max 19), built from 8 variable MTRRs", "[    0.037344] x86/PAT: Configuration [0-7]: WB  WC  UC- UC  WB  WP  UC- WT", "Memory KASLR using RDRAND RDTSC...", "[    0.044734] last_pfn = 0xbffdd max_arch_pfn = 0x400000000", "[    0.055111] found SMP MP-table at [mem 0x000f5470-0x000f547f]", "[    0.059142] Using GB pages for direct mapping", "[    0.062289] ACPI: Early table checksum verification disabled", "[    0.066212] ACPI: RSDP 0x00000000000F5270 000014 (v00 BOCHS )", "[    0.070252] ACPI: RSDT 0x00000000BFFE2565 000034 (v01 BOCHS  BXPC     00000001 BXPC 00000001)", "[    0.076218] ACPI: FACP 0x00000000BFFE23E1 000074 (v01 BOCHS  BXPC     00000001 BXPC 00000001)", "[    0.082195] ACPI: DSDT 0x00000000BFFE0040 0023A1 (v01 BOCHS  BXPC     00000001 BXPC 00000001)", "[    0.088116] ACPI: FACS 0x00000000BFFE0000 000040", "[    0.091299] ACPI: APIC 0x00000000BFFE2455 0000B0 (v03 BOCHS  BXPC     00000001 BXPC 00000001)", "[    0.097211] ACPI: HPET 0x00000000BFFE2505 000038 (v01 BOCHS  BXPC     00000001 BXPC 00000001)", "[    0.103238] ACPI: WAET 0x00000000BFFE253D 000028 (v01 BOCHS  BXPC     00000001 BXPC 00000001)", "[    0.109017] ACPI: Reserving FACP table memory at [mem 0xbffe23e1-0xbffe2454]", "[    0.113783] ACPI: Reserving DSDT table memory at [mem 0xbffe0040-0xbffe23e0]", "[    0.118530] ACPI: Reserving FACS table memory at [mem 0xbffe0000-0xbffe003f]", "[    0.123222] ACPI: Reserving APIC table memory at [mem 0xbffe2455-0xbffe2504]", "[    0.127913] ACPI: Reserving HPET table memory at [mem 0xbffe2505-0xbffe253c]", "[    0.132711] ACPI: Reserving WAET table memory at [mem 0xbffe253d-0xbffe2564]", "[    0.139202] No NUMA configuration found", "[    0.141776] Faking a node at [mem 0x0000000000000000-0x000000023fffffff]", "[    0.146233] NODE_DATA(0) allocated [mem 0x23fffc000-0x23fffffff]", "[    0.150507] Zone ranges:", "[    0.152220]   DMA      [mem 0x0000000000001000-0x0000000000ffffff]", "[    0.156310]   DMA32    [mem 0x0000000001000000-0x00000000ffffffff]", "[    0.160445]   Normal   [mem 0x0000000100000000-0x000000023fffffff]", "[    0.164564] Movable zone start for each node", "[    0.167419] Early memory node ranges", "[    0.169784]   node   0: [mem 0x0000000000001000-0x000000000009efff]", "[    0.173971]   node   0: [mem 0x0000000000100000-0x00000000bffdcfff]", "[    0.178238]   node   0: [mem 0x0000000100000000-0x000000023fffffff]", "[    0.182426] Initmem setup node 0 [mem 0x0000000000001000-0x000000023fffffff]", "[    0.187260] On node 0, zone DMA: 1 pages in unavailable ranges", "[    0.192171] On node 0, zone DMA: 97 pages in unavailable ranges", "[    0.584286] On node 0, zone Normal: 35 pages in unavailable ranges", "[    0.591094] ACPI: PM-Timer IO Port: 0x608", "[    0.593757] ACPI: LAPIC_NMI (acpi_id[0xff] dfl dfl lint[0x1])", "[    0.597787] IOAPIC[0]: apic_id 0, version 17, address 0xfec00000, GSI 0-23", "[    0.602367] ACPI: INT_SRC_OVR (bus 0 bus_irq 0 global_irq 2 dfl dfl)", "[    0.606588] ACPI: INT_SRC_OVR (bus 0 bus_irq 5 global_irq 5 high level)", "[    0.611012] ACPI: INT_SRC_OVR (bus 0 bus_irq 9 global_irq 9 high level)", "[    0.615412] ACPI: INT_SRC_OVR (bus 0 bus_irq 10 global_irq 10 high level)", "[    0.620144] ACPI: INT_SRC_OVR (bus 0 bus_irq 11 global_irq 11 high level)", "[    0.624742] ACPI: Using ACPI (MADT) for SMP configuration information", "[    0.629130] ACPI: HPET id: 0x8086a201 base: 0xfed00000", "[    0.632569] TSC deadline timer available", "[    0.635194] smpboot: Allowing 8 CPUs, 0 hotplug CPUs", "[    0.638556] kvm-guest: APIC: eoi() replaced with kvm_guest_apic_eoi_write()", "[    0.643282] kvm-guest: KVM setup pv remote TLB flush", "[    0.646647] kvm-guest: setup PV sched yield", "[    0.649505] PM: hibernation: Registered nosave memory: [mem 0x00000000-0x00000fff]", "[    0.654614] PM: hibernation: Registered nosave memory: [mem 0x0009f000-0x0009ffff]", "[    0.659686] PM: hibernation: Registered nosave memory: [mem 0x000a0000-0x000effff]", "[    0.664754] PM: hibernation: Registered nosave memory: [mem 0x000f0000-0x000fffff]", "[    0.669810] PM: hibernation: Registered nosave memory: [mem 0xbffdd000-0xbfffffff]", "[    0.674860] PM: hibernation: Registered nosave memory: [mem 0xc0000000-0xfeffbfff]", "[    0.679917] PM: hibernation: Registered nosave memory: [mem 0xfeffc000-0xfeffffff]", "[    0.685290] PM: hibernation: Registered nosave memory: [mem 0xff000000-0xfffbffff]", "[    0.690583] PM: hibernation: Registered nosave memory: [mem 0xfffc0000-0xffffffff]", "[    0.695840] [mem 0xc0000000-0xfeffbfff] available for PCI devices", "[    0.700130] Booting paravirtualized kernel on KVM", "[    0.703402] clocksource: refined-jiffies: mask: 0xffffffff max_cycles: 0xffffffff, max_idle_ns: 1910969940391419 ns", "[    0.716018] setup_percpu: NR_CPUS:64 nr_cpumask_bits:8 nr_cpu_ids:8 nr_node_ids:1", "[    0.729661] percpu: Embedded 55 pages/cpu s184552 r8192 d32536 u262144", "[    0.734288] pcpu-alloc: s184552 r8192 d32536 u262144 alloc=1*2097152", "[    0.738666] pcpu-alloc: [0] 0 1 2 3 4 5 6 7", "[    0.741747] Kernel command line: console=ttyS0,115200 earlyprintk=serial,ttyS0,115200 ignore_loglevel root=/dev/vda1 nospectre_bhb nospectre_v1 spectre_v2=off spectre_v2_user=off retbleed=off pti=off spec_rstack_overflow=off page_poison=1", "[    0.756586] Unknown kernel command line parameters \"nospectre_bhb spectre_v2=off spectre_v2_user=off pti=off\", will be passed to user space.", "[    0.765371] random: crng init done", "[    0.800417] Dentry cache hash table entries: 1048576 (order: 11, 8388608 bytes, linear)", "[    0.822502] Inode-cache hash table entries: 524288 (order: 10, 4194304 bytes, linear)", "[    0.828461] Fallback order for Node 0: 0", "[    0.828466] Built 1 zonelists, mobility grouping on.  Total pages: 2064093", "[    0.834904] Policy zone: Normal", "[    0.836760] mem auto-init: stack:all(zero), heap alloc:off, heap free:off", "[    0.840816] software IO TLB: area num 8.", "[   14.719088] Memory: 8140752K/8388076K available (16384K kernel code, 2735K rwdata, 5400K rodata, 1416K init, 2664K bss, 247064K reserved, 0K cma-reserved)", "[   14.727075] SLUB: HWalign=64, Order=0-3, MinObjects=0, CPUs=8, Nodes=1", "Poking KASLR using RDRAND RDTSC...", "[   14.734350] Dynamic Preempt: voluntary", "[   14.736551] rcu: Preemptible hierarchical RCU implementation.", "[   14.739808] rcu: \tRCU event tracing is enabled.", "[   14.742363] rcu: \tRCU restricting CPUs from NR_CPUS=64 to nr_cpu_ids=8.", "[   14.746112] \tTrampoline variant of Tasks RCU enabled.", "[   14.748971] rcu: RCU calculated value of scheduler-enlistment delay is 100 jiffies.", "[   14.753283] rcu: Adjusting geometry for rcu_fanout_leaf=16, nr_cpu_ids=8", "[   14.758491] NR_IRQS: 4352, nr_irqs: 488, preallocated irqs: 16", "[   14.762338] rcu: srcu_init: Setting srcu_struct sizes based on contention.", "[   14.766705] Console: colour *CGA 80x25", "[   14.769000] printk: legacy console [ttyS0] enabled", "[   14.769000] printk: legacy console [ttyS0] enabled", "[   14.774559] printk: legacy bootconsole [earlyser0] disabled", "[   14.774559] printk: legacy bootconsole [earlyser0] disabled", "[   14.781042] ACPI: Core revision 20230628", "[   14.783905] clocksource: hpet: mask: 0xffffffff max_cycles: 0xffffffff, max_idle_ns: 19112604467 ns", "[   14.789643] APIC: Switch to symmetric I/O mode setup", "[   14.792679] kvm-guest: APIC: send_IPI_mask() replaced with kvm_send_ipi_mask()", "[   14.796920] kvm-guest: APIC: send_IPI_mask_allbutself() replaced with kvm_send_ipi_mask_allbutself()", "[   14.802215] kvm-guest: setup PV IPIs", "[   14.811056] ..TIMER: vector=0x30 apic1=0 pin1=2 apic2=-1 pin2=-1", "[   14.814782] clocksource: tsc-early: mask: 0xffffffffffffffff max_cycles: 0x285d298e329, max_idle_ns: 440795345114 ns", "[   14.821115] Calibrating delay loop (skipped) preset value.. 5600.49 BogoMIPS (lpj=2800246)", "[   14.824156] x86/cpu: User Mode Instruction Prevention (UMIP) activated", "[   14.826266] Last level iTLB entries: 4KB 0, 2MB 0, 4MB 0", "[   14.827112] Last level dTLB entries: 4KB 0, 2MB 0, 4MB 0, 1GB 0", "[   14.828141] Spectre V1 : Vulnerable: __user pointer sanitization and usercopy barriers only; no swapgs barriers", "[   14.829114] Spectre V2 : off selected on command line.", "[   14.830112] Spectre V2 : User space: Vulnerable", "[   14.831113] Speculative Store Bypass: Mitigation: Speculative Store Bypass disabled via prctl", "[   14.833117] TAA: Vulnerable: Clear CPU buffers attempted, no microcode", "[   14.834112] MMIO Stale Data: Vulnerable: Clear CPU buffers attempted, no microcode", "[   14.835271] x86/fpu: Supporting XSAVE feature 0x001: 'x87 floating point registers'", "[   14.836112] x86/fpu: Supporting XSAVE feature 0x002: 'SSE registers'", "[   14.837113] x86/fpu: Supporting XSAVE feature 0x004: 'AVX registers'", "[   14.839112] x86/fpu: Supporting XSAVE feature 0x020: 'AVX-512 opmask'", "[   14.840112] x86/fpu: Supporting XSAVE feature 0x040: 'AVX-512 Hi256'", "[   14.841112] x86/fpu: Supporting XSAVE feature 0x080: 'AVX-512 ZMM_Hi256'", "[   14.842112] x86/fpu: xstate_offset[2]:  576, xstate_sizes[2]:  256", "[   14.843112] x86/fpu: xstate_offset[5]:  832, xstate_sizes[5]:   64", "[   14.844112] x86/fpu: xstate_offset[6]:  896, xstate_sizes[6]:  512", "[   14.845112] x86/fpu: xstate_offset[7]: 1408, xstate_sizes[7]: 1024", "[   14.846113] x86/fpu: Enabled xstate features 0xe7, context size is 2432 bytes, using 'compacted' format.", "[   14.851053] Freeing SMP alternatives memory: 48K", "[   14.851114] pid_max: default: 32768 minimum: 301", "[   14.852136] LSM: initializing lsm=capability,selinux,integrity", "[   14.853115] SELinux:  Initializing.", "[   14.854157] Mount-cache hash table entries: 16384 (order: 5, 131072 bytes, linear)", "[   14.855135] Mountpoint-cache hash table entries: 16384 (order: 5, 131072 bytes, linear)", "[   14.857441] smpboot: CPU0: Intel(R) Xeon(R) CPU @ 2.80GHz (family: 0x6, model: 0x55, stepping: 0x7)", "[   14.858251] RCU Tasks: Setting shift to 3 and lim to 1 rcu_task_cb_adjust=1.", "[   14.859143] Performance Events: unsupported p6 CPU model 85 no PMU driver, software events only.", "[   14.860278] signal: max sigframe size: 3632", "[   14.861169] rcu: Hierarchical SRCU implementation.", "[   14.862121] rcu: \tMax phase no-delay instances is 400.", "[   14.863289] smp: Bringing up secondary CPUs ...", "[   14.864327] smpboot: x86: Booting SMP configuration:", "[   14.865123] .... node  #0, CPUs:      #1 #2 #3 #4 #5 #6 #7", "[   14.889559] smp: Brought up 1 node, 8 CPUs", "[   14.891121] smpboot: Max logical packages: 1", "[   14.892122] smpboot: Total of 8 processors activated (44803.93 BogoMIPS)", "[   14.902958] devtmpfs: initialized", "[   14.903437] clocksource: jiffies: mask: 0xffffffff max_cycles: 0xffffffff, max_idle_ns: 1911260446275000 ns", "[   14.904145] futex hash table entries: 2048 (order: 5, 131072 bytes, linear)", "[   14.905538] PM: RTC time: 14:11:37, date: 2025-05-17", "[   14.906620] NET: Registered PF_NETLINK/PF_ROUTE protocol family", "[   14.907257] audit: initializing netlink subsys (disabled)", "[   14.908192] audit: type=2000 audit(1747491097.702:1): state=initialized audit_enabled=0 res=1", "[   14.908222] thermal_sys: Registered thermal governor 'step_wise'", "[   14.909125] thermal_sys: Registered thermal governor 'user_space'", "[   14.910143] cpuidle: using governor menu", "[   14.913066] PCI: Using configuration type 1 for base access", "[   14.913261] kprobes: kprobe jump-optimization is enabled. All kprobes are optimized if possible.", "[   14.916307] HugeTLB: registered 2.00 MiB page size, pre-allocated 0 pages", "[   14.917124] HugeTLB: 28 KiB vmemmap can be freed for a 2.00 MiB page", "[   14.918216] ACPI: Added _OSI(Module Device)", "[   14.919123] ACPI: Added _OSI(Processor Device)", "[   14.920122] ACPI: Added _OSI(3.0 _SCP Extensions)", "[   14.921122] ACPI: Added _OSI(Processor Aggregator Device)", "[   14.922614] ACPI: 1 ACPI AML tables successfully acquired and loaded", "[   14.925172] ACPI: _OSC evaluation for CPUs failed, trying _PDC", "[   14.926232] ACPI: Interpreter enabled", "[   14.927136] ACPI: PM: (supports S0 S3 S4 S5)", "[   14.928123] ACPI: Using IOAPIC for interrupt routing", "[   14.929153] PCI: Using host bridge windows from ACPI; if necessary, use \"pci=nocrs\" and report a bug", "[   14.930125] PCI: Using E820 reservations for host bridge windows", "[   14.931377] ACPI: Enabled 2 GPEs in block 00 to 0F", "[   14.934784] ACPI: PCI Root Bridge [PCI0] (domain 0000 [bus 00-ff])", "[   14.935127] acpi PNP0A03:00: _OSC: OS supports [ASPM ClockPM Segments MSI HPX-Type3]", "[   14.936123] acpi PNP0A03:00: _OSC: not requesting OS control; OS requires [ExtendedConfig ASPM ClockPM MSI]", "[   14.937144] acpi PNP0A03:00: fail to add MMCONFIG information, can't access extended configuration space under this bridge", "[   14.938239] PCI host bridge to bus 0000:00", "[   14.939125] pci_bus 0000:00: root bus resource [io  0x0000-0x0cf7 window]", "[   14.940123] pci_bus 0000:00: root bus resource [io  0x0d00-0xffff window]", "[   14.941126] pci_bus 0000:00: root bus resource [mem 0x000a0000-0x000bffff window]", "[   14.942124] pci_bus 0000:00: root bus resource [mem 0xc0000000-0xfebfffff window]", "[   14.943124] pci_bus 0000:00: root bus resource [mem 0x380000000000-0x38007fffffff window]", "[   14.944125] pci_bus 0000:00: root bus resource [bus 00-ff]", "[   14.945316] pci 0000:00:00.0: [8086:1237] type 00 class 0x060000 conventional PCI endpoint", "[   14.948122] pci 0000:00:01.0: [8086:7000] type 00 class 0x060100 conventional PCI endpoint", "[   14.951894] pci 0000:00:01.1: [8086:7010] type 00 class 0x010180 conventional PCI endpoint", "[   14.956125] pci 0000:00:01.1: BAR 4 [io  0xc0e0-0xc0ef]", "[   14.958891] pci 0000:00:01.1: BAR 0 [io  0x01f0-0x01f7]: legacy IDE quirk", "[   14.959126] pci 0000:00:01.1: BAR 1 [io  0x03f6]: legacy IDE quirk", "[   14.960124] pci 0000:00:01.1: BAR 2 [io  0x0170-0x0177]: legacy IDE quirk", "[   14.961122] pci 0000:00:01.1: BAR 3 [io  0x0376]: legacy IDE quirk", "[   14.962807] pci 0000:00:01.3: [8086:7113] type 00 class 0x068000 conventional PCI endpoint", "[   14.965433] pci 0000:00:01.3: quirk: [io  0x0600-0x063f] claimed by PIIX4 ACPI", "[   14.966166] pci 0000:00:01.3: quirk: [io  0x0700-0x070f] claimed by PIIX4 SMB", "[   14.968647] pci 0000:00:02.0: [1af4:1001] type 00 class 0x010000 conventional PCI endpoint", "[   14.971124] pci 0000:00:02.0: BAR 0 [io  0xc000-0xc07f]", "[   14.974124] pci 0000:00:02.0: BAR 1 [mem 0xfeb80000-0xfeb80fff]", "[   14.981124] pci 0000:00:02.0: BAR 4 [mem 0x380000000000-0x380000003fff 64bit pref]", "[   14.987809] pci 0000:00:03.0: [1af4:1000] type 00 class 0x020000 conventional PCI endpoint", "[   14.989744] pci 0000:00:03.0: BAR 0 [io  0xc0c0-0xc0df]", "[   14.991123] pci 0000:00:03.0: BAR 1 [mem 0xfeb81000-0xfeb81fff]", "[   14.995902] pci 0000:00:03.0: BAR 4 [mem 0x380000004000-0x380000007fff 64bit pref]", "[   14.997123] pci 0000:00:03.0: ROM [mem 0xfeb00000-0xfeb7ffff pref]", "[   15.001930] pci 0000:00:04.0: [1af4:1003] type 00 class 0x078000 conventional PCI endpoint", "[   15.003559] pci 0000:00:04.0: BAR 0 [io  0xc080-0xc0bf]", "[   15.005124] pci 0000:00:04.0: BAR 1 [mem 0xfeb82000-0xfeb82fff]", "[   15.009908] pci 0000:00:04.0: BAR 4 [mem 0x380000008000-0x38000000bfff 64bit pref]", "[   15.015721] ACPI: PCI: Interrupt link LNKA configured for IRQ 10", "[   15.016395] ACPI: PCI: Interrupt link LNKB configured for IRQ 10", "[   15.017344] ACPI: PCI: Interrupt link LNKC configured for IRQ 11", "[   15.018347] ACPI: PCI: Interrupt link LNKD configured for IRQ 11", "[   15.019240] ACPI: PCI: Interrupt link LNKS configured for IRQ 9", "[   15.020815] iommu: Default domain type: Translated", "[   15.021124] iommu: DMA domain TLB invalidation policy: lazy mode", "[   15.022215] SCSI subsystem initialized", "[   15.023171] libata version 3.00 loaded.", "[   15.024156] ACPI: bus type USB registered", "[   15.025140] usbcore: registered new interface driver usbfs", "[   15.026130] usbcore: registered new interface driver hub", "[   15.027138] usbcore: registered new device driver usb", "[   15.028138] pps_core: LinuxPPS API ver. 1 registered", "[   15.029121] pps_core: Software ver. 5.3.6 - Copyright 2005-2007 Rodolfo Giometti <giometti@linux.it>", "[   15.030134] PTP clock support registered", "[   15.031166] Advanced Linux Sound Architecture Driver Initialized.", "[   15.032265] NetLabel: Initializing", "[   15.033121] NetLabel:  domain hash size = 128", "[   15.034121] NetLabel:  protocols = UNLABELED CIPSOv4 CALIPSO", "[   15.035140] NetLabel:  unlabeled traffic allowed by default", "[   15.036165] PCI: Using ACPI for IRQ routing", "[   15.037123] PCI: pci_cache_line_size set to 64 bytes", "[   15.038714] e820: reserve RAM buffer [mem 0x0009fc00-0x0009ffff]", "[   15.039124] e820: reserve RAM buffer [mem 0xbffdd000-0xbfffffff]", "[   15.040181] vgaarb: loaded", "[   15.041225] hpet0: at MMIO 0xfed00000, IRQs 2, 8, 0", "[   15.042121] hpet0: 3 comparators, 64-bit 100.000000 MHz counter", "[   15.053239] clocksource: Switched to clocksource kvm-clock", "[   15.056768] VFS: Disk quotas dquot_6.6.0", "[   15.059055] VFS: Dquot-cache hash table entries: 512 (order 0, 4096 bytes)", "[   15.062943] pnp: PnP ACPI init", "[   15.064856] pnp 00:02: [dma 2]", "[   15.067063] pnp: PnP ACPI: found 5 devices", "[   15.087131] clocksource: acpi_pm: mask: 0xffffff max_cycles: 0xffffff, max_idle_ns: 2085701024 ns", "[   15.092277] NET: Registered PF_INET protocol family", "[   15.095246] IP idents hash table entries: 131072 (order: 8, 1048576 bytes, linear)", "[   15.100875] tcp_listen_portaddr_hash hash table entries: 4096 (order: 4, 65536 bytes, linear)", "[   15.105745] Table-perturb hash table entries: 65536 (order: 6, 262144 bytes, linear)", "[   15.110156] TCP established hash table entries: 65536 (order: 7, 524288 bytes, linear)", "[   15.114874] TCP bind hash table entries: 65536 (order: 9, 2097152 bytes, linear)", "[   15.119208] TCP: Hash tables configured (established 65536 bind 65536)", "[   15.122954] UDP hash table entries: 4096 (order: 5, 131072 bytes, linear)", "[   15.126753] UDP-Lite hash table entries: 4096 (order: 5, 131072 bytes, linear)", "[   15.130880] NET: Registered PF_UNIX/PF_LOCAL protocol family", "[   15.134954] RPC: Registered named UNIX socket transport module.", "[   15.138227] RPC: Registered udp transport module.", "[   15.140864] RPC: Registered tcp transport module.", "[   15.143498] RPC: Registered tcp-with-tls transport module.", "[   15.146550] RPC: Registered tcp NFSv4.1 backchannel transport module.", "[   15.150795] pci_bus 0000:00: resource 4 [io  0x0000-0x0cf7 window]", "[   15.154235] pci_bus 0000:00: resource 5 [io  0x0d00-0xffff window]", "[   15.157653] pci_bus 0000:00: resource 6 [mem 0x000a0000-0x000bffff window]", "[   15.161439] pci_bus 0000:00: resource 7 [mem 0xc0000000-0xfebfffff window]", "[   15.165197] pci_bus 0000:00: resource 8 [mem 0x380000000000-0x38007fffffff window]", "[   15.169439] pci 0000:00:01.0: PIIX3: Enabling Passive Release", "[   15.172651] pci 0000:00:00.0: Limiting direct PCI/PCI transfers", "[   15.176243] PCI: CLS 0 bytes, default 64", "[   15.178463] PCI-DMA: Using software bounce buffering for IO (SWIOTLB)", "[   15.181983] software IO TLB: mapped [mem 0x00000000bbfdd000-0x00000000bffdd000] (64MB)", "[   15.187580] RAPL PMU: API unit is 2^-32 Joules, 0 fixed counters, 10737418240 ms ovfl timer", "[   15.192154] clocksource: tsc: mask: 0xffffffffffffffff max_cycles: 0x285d298e329, max_idle_ns: 440795345114 ns", "[   15.202658] Initialise system trusted keyrings", "[   15.205500] workingset: timestamp_bits=56 max_order=21 bucket_order=0", "[   15.209410] NFS: Registering the id_resolver key type", "[   15.212233] Key type id_resolver registered", "[   15.214589] Key type id_legacy registered", "[   15.217013] 9p: Installing v9fs 9p2000 file system support", "[   15.232138] Key type asymmetric registered", "[   15.234549] Asymmetric key parser 'x509' registered", "[   15.237286] Block layer SCSI generic (bsg) driver version 0.4 loaded (major 251)", "[   15.241379] io scheduler mq-deadline registered", "[   15.243902] io scheduler kyber registered", "[   15.247671] input: Power Button as /devices/LNXSYSTM:00/LNXPWRBN:00/input/input0", "[   15.251974] ACPI: button: Power Button [PWRF]", "[   15.255726] ACPI: \\_SB_.LNKB: Enabled at IRQ 10", "[   15.263105] ACPI: \\_SB_.LNKC: Enabled at IRQ 11", "[   15.270369] ACPI: \\_SB_.LNKD: Enabled at IRQ 11", "[   15.277194] Serial: 8250/16550 driver, 4 ports, IRQ sharing enabled", "[   15.281248] 00:03: ttyS0 at I/O 0x3f8 (irq = 4, base_baud = 115200) is a 16550A", "[   15.322763] Non-volatile memory driver v1.3", "[   15.325157] Linux agpgart interface v0.103", "[   15.327619] ACPI: bus type drm_connector registered", "[   15.335579] loop: module loaded", "[   15.337911] virtio_blk virtio0: 8/0/0 default/read/poll queues", "[   15.349283] virtio_blk virtio0: [vda] 52428800 512-byte logical blocks (26.8 GB/25.0 GiB)", "[   15.360660]  vda: vda1 vda14 vda15 vda16", "[   15.364179] ata_piix 0000:00:01.1: version 2.13", "[   15.368734] scsi host0: ata_piix", "[   15.371331] scsi host1: ata_piix", "[   15.373346] ata1: PATA max MWDMA2 cmd 0x1f0 ctl 0x3f6 bmdma 0xc0e0 irq 14 lpm-pol 0", "[   15.377876] ata2: PATA max MWDMA2 cmd 0x170 ctl 0x376 bmdma 0xc0e8 irq 15 lpm-pol 0", "[   15.387453] e100: Intel(R) PRO/100 Network Driver", "[   15.390172] e100: Copyright(c) 1999-2006 Intel Corporation", "[   15.393292] e1000: Intel(R) PRO/1000 Network Driver", "[   15.395990] e1000: Copyright (c) 1999-2006 Intel Corporation.", "[   15.399271] e1000e: Intel(R) PRO/1000 Network Driver", "[   15.402122] e1000e: Copyright(c) 1999 - 2015 Intel Corporation.", "[   15.405463] sky2: driver version 1.30", "[   15.408032] usbcore: registered new interface driver usblp", "[   15.411199] usbcore: registered new interface driver usb-storage", "[   15.414593] i8042: PNP: PS/2 Controller [PNP0303:KBD,PNP0f13:MOU] at 0x60,0x64 irq 1,12", "[   15.421892] serio: i8042 KBD port at 0x60,0x64 irq 1", "[   15.424730] serio: i8042 AUX port at 0x60,0x64 irq 12", "[   15.428020] rtc_cmos 00:04: RTC can wake from S4", "[   15.433320] rtc_cmos 00:04: registered as rtc0", "[   15.436183] rtc_cmos 00:04: alarms up to one day, y3k, 242 bytes nvram, hpet irqs", "[   15.440429] input: AT Translated Set 2 keyboard as /devices/platform/i8042/serio0/input/input1", "[   15.440825] device-mapper: ioctl: 4.48.0-ioctl (2023-03-01) initialised: dm-devel@redhat.com", "[   15.450269] intel_pstate: CPU model not supported", "[   15.453102] hid: raw HID events driver (C) Jiri Kosina", "[   15.456297] usbcore: registered new interface driver usbhid", "[   15.459416] usbhid: USB HID core driver", "[   15.463316] Initializing XFRM netlink socket", "[   15.465754] NET: Registered PF_INET6 protocol family", "[   15.469582] Segment Routing with IPv6", "[   15.471691] In-situ OAM (IOAM) with IPv6", "[   15.473935] sit: IPv6, IPv4 and MPLS over IPv4 tunneling driver", "[   15.477377] NET: Registered PF_PACKET protocol family", "[   15.480204] 9pnet: Installing 9P2000 support", "[   15.482636] Key type dns_resolver registered", "[   15.487804] IPI shorthand broadcast: enabled", "[   15.492071] sched_clock: Marking stable (15444017238, 47824636)->(16018441384, -526599510)", "[   15.497194] registered taskstats version 1", "[   15.499550] Loading compiled-in X.509 certificates", "[   15.503972] PM:   Magic number: 9:372:182", "[   15.506304] printk: legacy console [netcon0] enabled", "[   15.509128] netconsole: network logging started", "[   15.511693] cfg80211: Loading compiled-in X.509 certificates for regulatory database", "[   15.516337] kworker/u16:2 (84) used greatest stack depth: 14456 bytes left", "[   15.517608] Loaded X.509 cert 'sforshee: 00b28ddf47aef9cea7'", "[   15.520146] kworker/u16:2 (85) used greatest stack depth: 13984 bytes left", "[   15.527349] Loaded X.509 cert 'wens: 61c038651aabdcf94bd0ac7ff06c7248db18c600'", "[   15.531508] platform regulatory.0: Direct firmware load for regulatory.db failed with error -2", "[   15.535930] ALSA device list:", "[   15.536582] cfg80211: failed to load regulatory.db", "[   15.538287]   No soundcards found.", "[   16.083691] input: ImExPS/2 Generic Explorer Mouse as /devices/platform/i8042/serio1/input/input3", "[   16.087272] md: Waiting for all devices to be available before autodetect", "[   16.089636] md: If you don't use raid, use raid=noautodetect", "[   16.091638] md: Autodetecting RAID arrays.", "[   16.093104] md: autorun ...", "[   16.094160] md: ... autorun DONE.", "[   16.116947] EXT4-fs (vda1): mounted filesystem c8107c30-aa3b-40eb-bd2a-416a91df85e7 ro with ordered data mode. Quota mode: none.", "[   16.120928] VFS: Mounted root (ext4 filesystem) readonly on device 253:1.", "[   16.124078] devtmpfs: mounted", "[   16.126027] Freeing unused kernel image (initmem) memory: 1416K", "[   16.128141] Write protecting the kernel read-only data: 22528k", "[   16.131050] Freeing unused kernel image (rodata/data gap) memory: 744K", "[   16.143510] x86/mm: Checked W+X mappings: passed, no W+X pages found.", "[   16.145786] Run /sbin/init as init process", "[   16.147377]   with arguments:", "[   16.148508]     /sbin/init", "[   16.149551]     nospectre_bhb", "[   16.150691]   with environment:", "[   16.151921]     HOME=/", "[   16.152808]     TERM=linux", "[   16.153866]     spectre_v2=off", "[   16.155012]     spectre_v2_user=off", "[   16.156321]     pti=off", "SELinux:  Could not open policy file <= /etc/selinux/targeted/policy/policy.33:  No such file or directory", "[   16.387564] systemd[1]: systemd 255.4-1ubuntu8.6 running in system mode (+PAM +AUDIT +SELINUX +APPARMOR +IMA +SMACK +SECCOMP +GCRYPT -GNUTLS +OPENSSL +ACL +BLKID +CURL +ELFUTILS +FIDO2 +IDN2 -IDN +IPTC +KMOD +LIBCRYPTSETUP +LIBFDISK +PCRE2 -PWQUALITY +P11KIT +QRENCODE +TPM2 +BZIP2 +LZ4 +XZ +ZLIB +ZSTD -BPF_FRAMEWORK -XKBCOMMON +UTMP +SYSVINIT default-hierarchy=unified)", "[   16.398548] systemd[1]: Detected virtualization kvm.", "[   16.400440] systemd[1]: Detected architecture x86-64.", "", "Welcome to \u001b[1mUbuntu 24.04.2 LTS\u001b[0m!", "", "", "[   16.409597] systemd[1]: Hostname set to <ubuntu-testing>.", "[   16.436523] snapd-env-gener (92) used greatest stack depth: 13208 bytes left", "[   16.559028] cloud-init-gene (95) used greatest stack depth: 12664 bytes left", "[   16.722760] systemd[1]: Queued start job for default target graphical.target.", "[   16.734423] systemd[1]: Created slice system-modprobe.slice - Slice /system/modprobe.", "[\u001b[0;32m  OK  \u001b[0m] Created slice \u001b[0;1;39msystem-modprobe.slice\u001b[0m - Slice /system/modprobe.", "", "[   16.740914] systemd[1]: Created slice system-serial\\x2dgetty.slice - Slice /system/serial-getty.", "[\u001b[0;32m  OK  \u001b[0m] Created slice \u001b[0;1;39msystem-serial\\x2dget\u2026slice\u001b[0m - Slice /system/serial-getty.", "", "[   16.747636] systemd[1]: Created slice system-systemd\\x2dfsck.slice - Slice /system/systemd-fsck.", "[\u001b[0;32m  OK  \u001b[0m] Created slice \u001b[0;1;39msystem-systemd\\x2dfs\u2026slice\u001b[0m - Slice /system/systemd-fsck.", "", "[   16.754515] systemd[1]: Created slice user.slice - User and Session Slice.", "[\u001b[0;32m  OK  \u001b[0m] Created slice \u001b[0;1;39muser.slice\u001b[0m - User and Session Slice.", "", "[   16.760001] systemd[1]: Started systemd-ask-password-console.path - Dispatch Password Requests to Console Directory Watch.", "[\u001b[0;32m  OK  \u001b[0m] Started \u001b[0;1;39msystemd-ask-password-conso\u2026\u001b[0mequests to Console Directory Watch.", "", "[   16.767423] systemd[1]: Started systemd-ask-password-wall.path - Forward Password Requests to Wall Directory Watch.", "[\u001b[0;32m  OK  \u001b[0m] Started \u001b[0;1;39msystemd-ask-password-wall.\u2026\u001b[0md Requests to Wall Directory Watch.", "", "[   16.774670] systemd[1]: Set up automount proc-sys-fs-binfmt_misc.automount - Arbitrary Executable File Formats File System Automount Point.", "[\u001b[0;32m  OK  \u001b[0m] Set up automount \u001b[0;1;39mproc-sys-fs-binfm\u2026\u001b[0mormats File System Automount Point.", "", "[   16.782260] systemd[1]: Expecting device dev-disk-by\\x2dlabel-BOOT.device - /dev/disk/by-label/BOOT...", "Expecting device \u001b[0;1;39mdev-disk-by\\x2dla\u2026device\u001b[0m - /dev/disk/by-label/BOOT...", "", "[   16.788818] systemd[1]: Expecting device dev-disk-by\\x2dlabel-UEFI.device - /dev/disk/by-label/UEFI...", "Expecting device \u001b[0;1;39mdev-disk-by\\x2dla\u2026device\u001b[0m - /dev/disk/by-label/UEFI...", "", "[   16.795299] systemd[1]: Expecting device dev-ttyS0.device - /dev/ttyS0...", "Expecting device \u001b[0;1;39mdev-ttyS0.device\u001b[0m - /dev/ttyS0...", "", "[   16.800281] systemd[1]: Reached target cryptsetup.target - Local Encrypted Volumes.", "[\u001b[0;32m  OK  \u001b[0m] Reached target \u001b[0;1;39mcryptsetup.target\u001b[0m - Local Encrypted Volumes.", "", "[   16.806039] systemd[1]: Reached target integritysetup.target - Local Integrity Protected Volumes.", "[\u001b[0;32m  OK  \u001b[0m] Reached target \u001b[0;1;39mintegritysetup.targ\u2026\u001b[0m Local Integrity Protected Volumes.", "", "[   16.812493] systemd[1]: Reached target remote-fs.target - Remote File Systems.", "[\u001b[0;32m  OK  \u001b[0m] Reached target \u001b[0;1;39mremote-fs.target\u001b[0m - Remote File Systems.", "", "[   16.817907] systemd[1]: Reached target slices.target - Slice Units.", "[\u001b[0;32m  OK  \u001b[0m] Reached target \u001b[0;1;39mslices.target\u001b[0m - Slice Units.", "", "[   16.822644] systemd[1]: Reached target snapd.mounts-pre.target - Mounting snaps.", "[\u001b[0;32m  OK  \u001b[0m] Reached target \u001b[0;1;39msnapd.mounts-pre.target\u001b[0m - Mounting snaps.", "", "[   16.828224] systemd[1]: Reached target snapd.mounts.target - Mounted snaps.", "[\u001b[0;32m  OK  \u001b[0m] Reached target \u001b[0;1;39msnapd.mounts.target\u001b[0m - Mounted snaps.", "", "[   16.833650] systemd[1]: Reached target swap.target - Swaps.", "[\u001b[0;32m  OK  \u001b[0m] Reached target \u001b[0;1;39mswap.target\u001b[0m - Swaps.", "", "[   16.838252] systemd[1]: Reached target veritysetup.target - Local Verity Protected Volumes.", "[\u001b[0;32m  OK  \u001b[0m] Reached target \u001b[0;1;39mveritysetup.target\u001b[0m - Local Verity Protected Volumes.", "", "[   16.844491] systemd[1]: Listening on systemd-fsckd.socket - fsck to fsckd communication Socket.", "[\u001b[0;32m  OK  \u001b[0m] Listening on \u001b[0;1;39msystemd-fsckd.socket\u001b[0m \u2026fsck to fsckd communication Socket.", "", "[   16.851062] systemd[1]: Listening on systemd-initctl.socket - initctl Compatibility Named Pipe.", "[\u001b[0;32m  OK  \u001b[0m] Listening on \u001b[0;1;39msystemd-initctl.socke\u2026\u001b[0m- initctl Compatibility Named Pipe.", "", "[   16.857614] systemd[1]: Listening on systemd-journald-dev-log.socket - Journal Socket (/dev/log).", "[\u001b[0;32m  OK  \u001b[0m] Listening on \u001b[0;1;39msystemd-journald-dev-\u2026socket\u001b[0m - Journal Socket (/dev/log).", "", "[   16.864265] systemd[1]: Listening on systemd-journald.socket - Journal Socket.", "[\u001b[0;32m  OK  \u001b[0m] Listening on \u001b[0;1;39msystemd-journald.socket\u001b[0m - Journal Socket.", "", "[   16.870040] systemd[1]: Listening on systemd-networkd.socket - Network Service Netlink Socket.", "[\u001b[0;32m  OK  \u001b[0m] Listening on \u001b[0;1;39msystemd-networkd.socket\u001b[0m - Network Service Netlink Socket.", "", "[   16.876289] systemd[1]: systemd-pcrextend.socket - TPM2 PCR Extension (Varlink) was skipped because of an unmet condition check (ConditionSecurity=measured-uki).", "[   16.881565] systemd[1]: Listening on systemd-udevd-control.socket - udev Control Socket.", "[\u001b[0;32m  OK  \u001b[0m] Listening on \u001b[0;1;39msystemd-udevd-control.socket\u001b[0m - udev Control Socket.", "", "[   16.887771] systemd[1]: Listening on systemd-udevd-kernel.socket - udev Kernel Socket.", "[\u001b[0;32m  OK  \u001b[0m] Listening on \u001b[0;1;39msystemd-udevd-kernel.socket\u001b[0m - udev Kernel Socket.", "", "[   16.904105] systemd[1]: Mounting dev-hugepages.mount - Huge Pages File System...", "Mounting \u001b[0;1;39mdev-hugepages.mount\u001b[0m - Huge Pages File System...", "", "[   16.911019] systemd[1]: Mounting dev-mqueue.mount - POSIX Message Queue File System...", "Mounting \u001b[0;1;39mdev-mqueue.mount\u001b[0m - POSIX Message Queue File System...", "", "[   16.917688] systemd[1]: Mounting sys-kernel-debug.mount - Kernel Debug File System...", "Mounting \u001b[0;1;39msys-kernel-debug.mount\u001b[0m - Kernel Debug File System...", "", "[   16.924883] systemd[1]: Mounting sys-kernel-tracing.mount - Kernel Trace File System...", "Mounting \u001b[0;1;39msys-kernel-tracing.mount\u001b[0m - Kernel Trace File System...", "", "[   16.931215] systemd[1]: systemd-journald.service: unit configures an IP firewall, but the local system does not support BPF/cgroup firewalling.", "[   16.935658] systemd[1]: systemd-journald.service: (This warning is only shown for the first unit using IP firewalling.)", "[   16.940083] systemd[1]: Starting systemd-journald.service - Journal Service...", "Starting \u001b[0;1;39msystemd-journald.service\u001b[0m - Journal Service...", "", "[   16.946358] systemd[1]: Starting keyboard-setup.service - Set the console keyboard layout...", "Starting \u001b[0;1;39mkeyboard-setup.service\u001b[0m - Set the console keyboard layout...", "", "[   16.952701] systemd[1]: kmod-static-nodes.service - Create List of Static Device Nodes was skipped because of an unmet condition check (ConditionFileNotEmpty=/lib/modules/6.8.0/modules.devname).", "[   16.961266] systemd[1]: Starting modprobe@configfs.service - Load Kernel Module configfs...", "Starting \u001b[0;1;39mmodprobe@configfs.service\u001b[0m - Load Kernel Module configfs...", "", "[   16.969586] systemd[1]: Starting modprobe@dm_mod.service - Load Kernel Module dm_mod...", "Starting \u001b[0;1;39mmodprobe@dm_mod.service\u001b[0m - Load Kernel Module dm_mod...", "", "[   16.979005] systemd[1]: Starting modprobe@drm.service - Load Kernel Module drm...", "Starting \u001b[0;1;39mmodprobe@drm.service\u001b[0m - Load Kernel Module drm...", "", "[   16.990034] systemd[1]: Starting modprobe@efi_pstore.service - Load Kernel Module efi_pstore...", "Starting \u001b[0;1;39mmodprobe@efi_pstore.servi\u2026\u001b[0m - Load Kernel Module efi_pstore...", "", "[   17.001353] systemd[1]: Starting modprobe@fuse.service - Load Kernel Module fuse...", "Starting \u001b[0;1;39mmodprobe@fuse.service\u001b[0m - Load Kernel Module fuse...", "", "[   17.010296] systemd[1]: Starting modprobe@loop.service - Load Kernel Module loop...", "[   17.014951] systemd[1]: netplan-ovs-cleanup.service - OpenVSwitch configuration for cleanup was skipped because of an unmet condition check (ConditionFileIsExecutable=/usr/bin/ovs-vsctl).", "Starting \u001b[0;1;39mmodprobe@loop.service\u001b[0m - Load Kernel Module loop...", "", "[   17.026335] systemd[1]: Starting systemd-fsck-root.service - File System Check on Root Device...", "Starting \u001b[0;1;39msystemd-fsck-root.service\u001b[0m\u2026File
[   17.034797] systemd-journald[130]: Collecting audit messages is disabled.", "System Check on Root Device...", "", "[   17.041341] systemd[1]: Starting systemd-modules-load.service - Load Kernel Modules...", "Starting \u001b[0;1;39msyste[   17.047667] systemd[1]: systemd-pcrmachine.service - TPM2 PCR Machine ID Measurement was skipped because of an unmet condition check (ConditionSecurity=measured-uki).", "md-modules-load.service\u001b[0m - Lo[   17.057448] systemd[1]: Starting systemd-tmpfiles-setup-dev-early.service - Create Static Device Nodes in /dev gracefully...", "ad Kernel Modules...", "", "Startin[   17.064159] systemd[1]: systemd-tpm2-setup-early.service - TPM2 SRK Setup (Early) was skipped because of an unmet condition check (ConditionSecurity=measured-uki).", "g \u001b[0;1;39msystemd-tmpfiles-setu[   17.071672] systemd[1]: Starting systemd-udev-trigger.service - Coldplug All udev Devices...", "p-de\u2026\u001b[0m Device Nodes in /dev gracefully...", "", "Starting \u001b[0;1;39msystemd-udev-trigger.service\u001b[0m - Coldplug All udev Devices...", "", "[   17.082607] systemd[1]: Started systemd-journald.service - Journal Service.", "[\u001b[0;32m  OK  \u001b[0m] Started \u001b[0;1;39msystemd-journald.service\u001b[0m - Journal Service.", "", "[\u001b[0;32m  OK  \u001b[0m] Mounted \u001b[0;1;39mdev-hugepages.mount\u001b[0m - Huge Pages File System.", "", "[\u001b[0;32m  OK  \u001b[0m] Mounted \u001b[0;1;39mdev-mqueue.mount\u001b[0m - POSIX Message Queue File System.", "", "[\u001b[0;32m  OK  \u001b[0m] Mounted \u001b[0;1;39msys-kernel-debug.mount\u001b[0m - Kernel Debug File System.", "", "[\u001b[0;32m  OK  \u001b[0m] Mounted \u001b[0;1;39msys-kernel-tracing.mount\u001b[0m - Kernel Trace File System.", "", "[\u001b[0;32m  OK  \u001b[0m] Finished \u001b[0;1;39mkeyboard-setup.service\u001b[0m - Set the console keyboard layout.", "", "[\u001b[0;32m  OK  \u001b[0m] Finished \u001b[0;1;39mmodprobe@configfs.service\u001b[0m - Load Kernel Module configfs.", "", "[\u001b[0;32m  OK  \u001b[0m] Finished \u001b[0;1;39mmodprobe@dm_mod.service\u001b[0m - Load Kernel Module dm_mod.", "", "[\u001b[0;32m  OK  \u001b[0m] Finished \u001b[0;1;39mmodprobe@drm.service\u001b[0m - Load Kernel Module drm.", "", "[\u001b[0;32m  OK  \u001b[0m] Finished \u001b[0;1;39mmodprobe@efi_pstore.service\u001b[0m - Load Kernel Module efi_pstore.", "", "[\u001b[0;32m  OK  \u001b[0m] Finished \u001b[0;1;39mmodprobe@fuse.service\u001b[0m - Load Kernel Module fuse.", "", "[\u001b[0;32m  OK  \u001b[0m] Finished \u001b[0;1;39mmodprobe@loop.service\u001b[0m - Load Kernel Module loop.", "", "[\u001b[0;32m  OK  \u001b[0m] Finished \u001b[0;1;39msystemd-fsck-root.service\u001b[0m - File System Check on Root Device.", "", "[\u001b[0;32m  OK  \u001b[0m] Finished \u001b[0;1;39msystemd-modules-load.service\u001b[0m - Load Kernel Modules.", "", "[\u001b[0;32m  OK  \u001b[0m] Finished \u001b[0;1;39msystemd-tmpfiles-setup-de\u2026\u001b[0mic Device Nodes in /dev gracefully.", "", "[\u001b[0;32m  OK  \u001b[0m] Finished \u001b[0;1;39msystemd-udev-trigger.service\u001b[0m - Coldplug All udev Devices.", "", "[\u001b[0;32m  OK  \u001b[0m] Started \u001b[0;1;39msystemd-fsckd.service\u001b[0m - Fi\u2026stem Check Daemon to report status.", "", "Starting \u001b[0;1;39msystemd-remount-fs.servic\u2026\u001b[0munt Root and Kernel File Systems...", "", "Starting \u001b[0;1;39msystemd-sysctl.service\u001b[0m - Apply Kernel Variables...", "", "[\u001b[0;32m  OK  \u001b[0m] Finished \u001b[0;1;39msystemd-sysctl.service\u001b[0m - Apply Kernel Variables.", "", "[   17.210387] EXT4-fs (vda1): re-mounted c8107c30-aa3b-40eb-bd2a-416a91df85e7 r/w. Quota mode: none.", "[\u001b[0;32m  OK  \u001b[0m] Finished \u001b[0;1;39msystemd-remount-fs.servic\u2026\u001b[0mmount Root and Kernel File Systems.", "", "Starting \u001b[0;1;39msystemd-journal-flush.ser\u2026\u001b[0msh Journal to Persistent Storage...", "", "Starting \u001b[0;1;39msystemd-random-seed.service\u001b[0m - Loa[   17.237128] systemd-journald[130]: Received client request to flush runtime journal.", "d/Save OS Random Seed...", "", "Starting \u001b[0;1;39msystemd-sysusers.service\u001b[0m - Create System Users...", "", "[\u001b[0;32m  OK  \u001b[0m] Finished \u001b[0;1;39msystemd-random-seed.service\u001b[0m - Load/Save OS Random Seed.", "", "[\u001b[0;32m  OK  \u001b[0m] Finished \u001b[0;1;39msystemd-sysusers.service\u001b[0m - Create System Users.", "", "Starting \u001b[0;1;39msystemd-tmpfiles-setup-de\u2026\u001b[0meate Static Device Nodes in /dev...", "", "[   17.269157] systemd-journald[130]: /var/log/journal/26d7b7c94826499bb6e00a5f602ee679/system.journal: Journal file uses a different sequence number ID, rotating.", "[   17.274073] systemd-journald[130]: Rotating system journal.", "[\u001b[0;32m  OK  \u001b[0m] Finished \u001b[0;1;39msystemd-tmpfiles-setup-de\u2026\u001b[0mCreate Static Device Nodes in /dev.", "", "[\u001b[0;32m  OK  \u001b[0m] Reached target \u001b[0;1;39mlocal-fs-pre.target\u001b[0m\u2026Preparation for Local File Systems.", "", "Starting \u001b[0;1;39msystemd-udevd.service\u001b[0m - R\u2026ager for Device Events and Files...", "", "[\u001b[0;32m  OK  \u001b[0m] Finished \u001b[0;1;39msystemd-journal-flush.ser\u2026\u001b[0mlush Journal to Persistent Storage.", "", "[\u001b[0;32m  OK  \u001b[0m] Started \u001b[0;1;39msystemd-udevd.service\u001b[0m - Ru\u2026anager for Device Events and Files.", "", "Starting \u001b[0;1;39msystemd-networkd.service\u001b[0m - Network Configuration...", "", "[\u001b[0;32m  OK  \u001b[0m] Found device \u001b[0;1;39mdev-ttyS0.device\u001b[0m - /dev/ttyS0.", "", "[   17.460522] virtio_net virtio1 ens3: renamed from eth0", "[\u001b[0;32m  OK  \u001b[0m] Listening on \u001b[0;1;39msystemd-rfkill.socket\u001b[0m\u2026ll Switch Status /dev/rfkill Watch.", "", "[\u001b[0;32m  OK  \u001b[0m] Found device \u001b[0;1;39mdev-disk-by\\x2dlabel-\u2026T.device\u001b[0m - /dev/disk/by-label/BOOT.", "", "[\u001b[0;32m  OK  \u001b[0m] Started \u001b[0;1;39msystemd-networkd.service\u001b[0m - Network Configuration.", "", "[\u001b[0;32m  OK  \u001b[0m] Found device \u001b[0;1;39mdev-disk-by\\x2dlabel-\u2026I.device\u001b[0m - /dev/disk/by-label/UEFI.", "", "Starting \u001b[0;1;39msystemd-fsck@dev-disk-by\\\u2026\u001b[0mCheck on /dev/disk/by-label/BOOT...", "", "[\u001b[0;32m  OK  \u001b[0m] Finished \u001b[0;1;39msystemd-fsck@dev-disk-by\\\u2026\u001b[0mm Check on /dev/disk/by-label/BOOT.", "", "Mounting \u001b[0;1;39mboot.mount\u001b[0m - /boot...", "", "[   17.587311] EXT4-fs (vda16): mounted filesystem 7164fb69-891e-447e-91ac-9486a0886759 r/w with ordered data mode. Quota mode: none.", "[\u001b[0;32m  OK  \u001b[0m] Mounted \u001b[0;1;39mboot.mount\u001b[0m - /boot.", "", "Mounting \u001b[0;1;39mboot-efi.mount\u001b[0m - /boot/efi...", "", "[   17.603686] FAT-fs (vda15): Volume was not properly unmounted. Some data may be corrupt. Please run fsck.", "[\u001b[0;32m  OK  \u001b[0m] Mounted \u001b[0;1;39mboot-efi.mount\u001b[0m - /boot/efi.", "", "[\u001b[0;32m  OK  \u001b[0m] Reached target \u001b[0;1;39mlocal-fs.target\u001b[0m - Local File Systems.", "", "[\u001b[0;32m  OK  \u001b[0m] Listening on \u001b[0;1;39msystemd-sysext.socket\u001b[0m\u2026tension Image Management (Varlink).", "", "Starting \u001b[0;1;39mconsole-setup.service\u001b[0m - Set console font and keymap...", "", "Starting \u001b[0;1;39mldconfig.service\u001b[0m - Rebuild Dynamic Linker Cache...", "", "Starting \u001b[0;1;39msystemd-binfmt.service\u001b[0m - Set Up Additional Binary Formats...", "", "Starting \u001b[0;1;39msystemd-tmpfiles-setup.se\u2026\u001b[0me Volatile Files and Directories...", "", "[\u001b[0;32m  OK  \u001b[0m] Finished \u001b[0;1;39mconsole-setup.service\u001b[0m - Set console font and keymap.", "", "Mounting \u001b[0;1;39mproc-sys-fs-binfmt_misc.m\u2026\u001b[0mcutable File Formats File System...", "", "[\u001b[0;32m  OK  \u001b[0m] Mounted \u001b[0;1;39mproc-sys-fs-binfmt_misc.mo\u2026\u001b[0mxecutable File Formats File System.", "", "[\u001b[0;32m  OK  \u001b[0m] Finished \u001b[0;1;39msystemd-binfmt.service\u001b[0m - Set Up Additional Binary Formats.", "", "[\u001b[0;32m  OK  \u001b[0m] Finished \u001b[0;1;39msystemd-tmpfiles-setup.se\u2026\u001b[0mate Volatile Files and Directories.", "", "Starting \u001b[0;1;39msystemd-journal-catalog-u\u2026ervice\u001b[0m - Rebuild Journal Catalog...", "", "Starting \u001b[0;1;39msystemd-resolved.service\u001b[0m - Network Name Resolution...", "", "Starting \u001b[0;1;39msystemd-timesyncd.service\u001b[0m - Network Time Synchronization...", "", "Starting \u001b[0;1;39msystemd-update-utmp.servi\u2026\u001b[0mord System Boot/Shutdown in UTMP...", "", "[\u001b[0;32m  OK  \u001b[0m] Finished \u001b[0;1;39mldconfig.service\u001b[0m - Rebuild Dynamic Linker Cache.", "", "[\u001b[0;32m  OK  \u001b[0m] Finished \u001b[0;1;39msystemd-update-utmp.servi\u2026\u001b[0mecord System Boot/Shutdown in UTMP.", "", "[\u001b[0;32m  OK  \u001b[0m] Finished \u001b[0;1;39msystemd-journal-catalog-u\u2026.service\u001b[0m - Rebuild Journal Catalog.", "", "Starting \u001b[0;1;39msystemd-update-done.service\u001b[0m - Update is Completed...", "", "[\u001b[0;32m  OK  \u001b[0m] Finished \u001b[0;1;39msystemd-update-done.service\u001b[0m - Update is Completed.", "", "[\u001b[0;32m  OK  \u001b[0m] Started \u001b[0;1;39msystemd-timesyncd.service\u001b[0m - Network Time Synchronization.", "", "[\u001b[0;32m  OK  \u001b[0m] Reached target \u001b[0;1;39mtime-set.target\u001b[0m - System Time Set.", "", "[\u001b[0;32m  OK  \u001b[0m] Started \u001b[0;1;39msystemd-resolved.service\u001b[0m - Network Name Resolution.", "", "[\u001b[0;32m  OK  \u001b[0m] Reached target \u001b[0;1;39mnetwork.target\u001b[0m - Network.", "", "[\u001b[0;32m  OK  \u001b[0m] Reached target \u001b[0;1;39mnss-lookup.target\u001b[0m - Host and Network Name Lookups.", "", "[\u001b[0;32m  OK  \u001b[0m] Reached target \u001b[0;1;39msysinit.target\u001b[0m - System Initialization.", "", "[\u001b[0;32m  OK  \u001b[0m] Started \u001b[0;1;39mapt-daily.timer\u001b[0m - Daily apt download activities.", "", "[\u001b[0;32m  OK  \u001b[0m] Started \u001b[0;1;39mapt-daily-upgrade.timer\u001b[0m - \u2026y apt upgrade and clean activities.", "", "[\u001b[0;32m  OK  \u001b[0m] Started \u001b[0;1;39mdpkg-db-backup.timer\u001b[0m - Daily dpkg database backup timer.", "", "[\u001b[0;32m  OK  \u001b[0m] Started \u001b[0;1;39me2scrub_all.timer\u001b[0m - Period\u2026Metadata Check for All Filesystems.", "", "[\u001b[0;32m  OK  \u001b[0m] Started \u001b[0;1;39mfstrim.timer\u001b[0m - Discard unused filesystem blocks once a week.", "", "[\u001b[0;32m  OK  \u001b[0m] Started \u001b[0;1;39mmotd-news.timer\u001b[0m - Message of the Day.", "", "[\u001b[0;32m  OK  \u001b[0m] Started \u001b[0;1;39mphpsessionclean.timer\u001b[0m - Clean PHP session files every 30 mins.", "", "[\u001b[0;32m  OK  \u001b[0m] Started \u001b[0;1;39msystemd-tmpfiles-clean.tim\u2026\u001b[0my Cleanup of Temporary Directories.", "", "[\u001b[0;32m  OK  \u001b[0m] Reached target \u001b[0;1;39mpaths.target\u001b[0m - Path Units.", "", "[\u001b[0;32m  OK  \u001b[0m] Reached target \u001b[0;1;39mtimers.target\u001b[0m - Timer Units.", "", "[\u001b[0;32m  OK  \u001b[0m] Listening on \u001b[0;1;39mdbus.socket\u001b[0m - D-Bus System Message Bus Socket.", "", "Starting \u001b[0;1;39mlxd-installer.socket\u001b[0m - He\u2026er to install lxd snap on demand...", "", "Starting \u001b[0;1;39msnapd.socket\u001b[0m - Socket activation for snappy daemon...", "", "[\u001b[0;32m  OK  \u001b[0m] Listening on \u001b[0;1;39mssh.socket\u001b[0m - OpenBSD Secure Shell server socket.", "", "[\u001b[0;32m  OK  \u001b[0m] Listening on \u001b[0;1;39mlxd-installer.socket\u001b[0m \u2026lper to install lxd snap on demand.", "", "[\u001b[0;32m  OK  \u001b[0m] Listening on \u001b[0;1;39msnapd.socket\u001b[0m - Socket activation for snappy daemon.", "", "[\u001b[0;32m  OK  \u001b[0m] Reached target \u001b[0;1;39msockets.target\u001b[0m - Socket Units.", "", "[\u001b[0;32m  OK  \u001b[0m] Reached target \u001b[0;1;39mbasic.target\u001b[0m - Basic System.", "", "Starting \u001b[0;1;39mapport.service\u001b[0m - automatic crash report generation...", "", "Starting \u001b[0;1;39mdbus.service\u001b[0m - D-Bus System Message Bus...", "", "Starting \u001b[0;1;39me2scrub_reap.service\u001b[0m - Re\u2026ne ext4 Metadata Check Snapshots...", "", "Starting \u001b[0;1;39mgrub-common.service\u001b[0m - Record successful boot for GRUB...", "", "Starting \u001b[0;1;39mphpsessionclean.service\u001b[0m - Clean php session files...", "", "[\u001b[0;32m  OK  \u001b[0m] Reached target \u001b[0;1;39mgetty-pre.target\u001b[0m - Preparation for Logins.", "", "Starting \u001b[0;1;39msnapd.seeded.service\u001b[0m - Wait until snapd is fully seeded...", "", "Starting \u001b[0;1;39msnapd.service\u001b[0m - Snap Daemon...", "", "Starting \u001b[0;1;39msystemd-logind.service\u001b[0m - User Login Management...", "", "Starting \u001b[0;1;39msystemd-user-sessions.service\u001b[0m - Permit User Sessions...", "", "[\u001b[0;32m  OK  \u001b[0m] Started \u001b[0;1;39mdbus.service\u001b[0m - D-Bus System Message Bus.", "", "[\u001b[0;32m  OK  \u001b[0m] Finished \u001b[0;1;39me2scrub_reap.service\u001b[0m - Re\u2026line ext4 Metadata Check Snapshots.", "", "[\u001b[0;32m  OK  \u001b[0m] Finished \u001b[0;1;39msystemd-user-sessions.service\u001b[0m - Permit User Sessions.", "", "[\u001b[0;32m  OK  \u001b[0m] Started \u001b[0;1;39mserial-getty@ttyS0.service\u001b[0m - Serial Getty on ttyS0.", "", "Starting \u001b[0;1;39msetvtrgb.service\u001b[0m - Set console scheme...", "", "[\u001b[0;32m  OK  \u001b[0m] Finished \u001b[0;1;39msetvtrgb.service\u001b[0m - Set console scheme.", "", "[\u001b[0;32m  OK  \u001b[0m] Created slice \u001b[0;1;39msystem-getty.slice\u001b[0m - Slice /system/getty.", "", "[\u001b[0;32m  OK  \u001b[0m] Started \u001b[0;1;39mgetty@tty1.service\u001b[0m - Getty on tty1.", "", "[\u001b[0;32m  OK  \u001b[0m] Reached target \u001b[0;1;39mgetty.target\u001b[0m - Login Prompts.", "", "[\u001b[0;32m  OK  \u001b[0m] Finished \u001b[0;1;39mgrub-common.service\u001b[0m - Record successful boot for GRUB.", "", "Starting \u001b[0;1;39mgrub-initrd-fallback.service\u001b[0m - GRUB failed boot detection...", "", "[\u001b[0;32m  OK  \u001b[0m] Started \u001b[0;1;39msystemd-logind.service\u001b[0m - User Login Management.", "", "[\u001b[0;32m  OK  \u001b[0m] Started \u001b[0;1;39munattended-upgrades.service\u001b[0m - Unattended Upgrades Shutdown.", "", "[\u001b[0;32m  OK  \u001b[0m] Finished \u001b[0;1;39mgrub-initrd-fallback.service\u001b[0m - GRUB failed boot detection.", "", "[\u001b[0;32m  OK  \u001b[0m] Finished \u001b[0;1;39mphpsessionclean.service\u001b[0m - Clean php session files.", "", "[   18.473632] loop0: detected capacity change from 0 to 8", "[\u001b[0;32m  OK  \u001b[0m] Started \u001b[0;1;39msnapd.service\u001b[0m - Snap Daemon.", "", "[\u001b[0;32m  OK  \u001b[0m] Finished \u001b[0;1;39mapport.service\u001b[0m - automatic crash report generation.", "", "Starting \u001b[0;1;39msystemd-timedated.service\u001b[0m - Time & Date Service...", "", "[\u001b[0;32m  OK  \u001b[0m] Started \u001b[0;1;39msystemd-timedated.service\u001b[0m - Time & Date Service.", "", "[\u001b[0;32m  OK  \u001b[0m] Finished \u001b[0;1;39msnapd.seeded.service\u001b[0m - Wait until snapd is fully seeded.", "", "[\u001b[0;32m  OK  \u001b[0m] Reached target \u001b[0;1;39mmulti-user.target\u001b[0m - Multi-User System.", "", "[\u001b[0;32m  OK  \u001b[0m] Reached target \u001b[0;1;39mgraphical.target\u001b[0m - Graphical Interface.", "", "Starting \u001b[0;1;39msystemd-update-utmp-runle\u2026\u001b[0m- Record Runlevel Change in UTMP...", "", "[\u001b[0;32m  OK  \u001b[0m] Finished \u001b[0;1;39msystemd-update-utmp-runle\u2026e\u001b[0m - Record Runlevel Change in UTMP.", "", "", "", "Ubuntu 24.04.2 LTS ubuntu-testing ttyS0", "", "ubuntu-testing login: root (automatic login)", "", "", "Welcome to Ubuntu 24.04.2 LTS (GNU/Linux 6.8.0 x86_64)", "", "* Documentation:  https://help.ubuntu.com", "* Management:     https://landscape.canonical.com", "* Support:        https://ubuntu.com/pro", "", "This system has been minimized by removing packages and content that are", "not required on a system that users do not log into.", "", "To restore this content, you can run the 'unminimize' command.", "[   18.969245] MICROWAVE FRAMEWORK TESTER", "[   18.975409] [TAG: RUNNING LMBENCH]", "[   18.976705] === Deleting old results ===", "[   18.984953] total 28", "[   18.984953] -rw-r--r-- 1 root root   18 May 14 03:23 ubuntu-testing.0", "[   18.984953] -rw-r--r-- 1 root root 4779 May 14 07:08 ubuntu-testing.1", "[   18.984953] -rw-r--r-- 1 root root 6967 May 13 06:20 ubuntu-testing.2", "[   18.984953] -rw-r--r-- 1 root root 5172 May 13 06:29 ubuntu-testing.3", "[   19.002123] === Starting new benchmark ===", "[   19.003627] Tailing status file: /tempbench.txt", "tail: cannot open '/tempbench.txt' for reading: No such file or directory", "[   19.018038] cd src && make rerun", "[   19.025227] make[1]: Entering directory '/opt/lmbench/src'", "[   20.048467] gmake[2]: Entering directory '/opt/lmbench/src'", "[   20.050549] gmake[2]: Nothing to be done for 'all'.", "[   20.052347] gmake[2]: Leaving directory '/opt/lmbench/src'", "[   20.779171] gmake[2]: Entering directory '/opt/lmbench/src'", "[   20.781201] gmake[2]: Nothing to be done for 'opt'.", "[   20.783017] gmake[2]: Leaving directory '/opt/lmbench/src'", "[   98.153357] lat_rpc[1425]: segfault at ffffffe0 ip 00007fec17514a07 sp 00007ffe1dced1a8 error 4 in libc.so.6[7fec173a1000+188000] likely on CPU 4 (core 4, socket 0)", "[   98.158732] Code: 44 00 00 0f bc c0 48 29 cf 48 8d 44 07 20 c3 0f 1f 40 00 0f bc c0 29 cf 8d 44 07 60 c3 66 0f 1f 44 00 00 48 89 f9 48 83 e7 e0 <62> f1 7d 20 74 07 c5 fb 93 c0 d3 e8 0f 84 ee fe ff ff 0f bc c0 c3", "[  155.306688] make[1]: Leaving directory '/opt/lmbench/src'", "[  155.311183]", "[  155.311953] === Benchmark complete; dumping results at /opt/lmbench/results/x86_64-linux-gnu/ubuntu-testing.0 to aux log ===", "[  155.325128] ============================================", "[  155.332677] Elapsed time: 136.889560273 seconds", "[  155.334391] [TAG: LMBENCH COMPLETE]", "[  155.335773] MICROWAVE FRAMEWORK TESTER", "\u001b[?2004hroot@ubuntu-testing:/opt/lmbench#          Stopping \u001b[0;1;39msession-1.scope\u001b[0m - Session 1 of User root...", "", "[\u001b[0;32m  OK  \u001b[0m] Removed slice \u001b[0;1;39msystem-modprobe.slice\u001b[0m - Slice /system/modprobe.", "", "[\u001b[0;32m  OK  \u001b[0m] Stopped target \u001b[0;1;39mgraphical.target\u001b[0m - Graphical Interface.", "", "[\u001b[0;32m  OK  \u001b[0m] Stopped target \u001b[0;1;39mmulti-user.target\u001b[0m - Multi-User System.", "", "[\u001b[0;32m  OK  \u001b[0m] Stopped target \u001b[0;1;39mgetty.target\u001b[0m - Login Prompts.", "", "[\u001b[0;32m  OK  \u001b[0m] Stopped target \u001b[0;1;39mnss-lookup.target\u001b[0m - Host and Network Name Lookups.", "", "[\u001b[0;32m  OK  \u001b[0m] Stopped target \u001b[0;1;39mtimers.target\u001b[0m - Timer Units.", "", "[\u001b[0;32m  OK  \u001b[0m] Stopped \u001b[0;1;39mapt-daily-upgrade.timer\u001b[0m - \u2026y apt upgrade and clean activities.", "", "[\u001b[0;32m  OK  \u001b[0m] Stopped \u001b[0;1;39mapt-daily.timer\u001b[0m - Daily apt download activities.", "", "[\u001b[0;32m  OK  \u001b[0m] Stopped \u001b[0;1;39mdpkg-db-backup.timer\u001b[0m - Daily dpkg database backup timer.", "", "[\u001b[0;32m  OK  \u001b[0m] Stopped \u001b[0;1;39me2scrub_all.timer\u001b[0m - Period\u2026Metadata Check for All Filesystems.", "", "[\u001b[0;32m  OK  \u001b[0m] Stopped \u001b[0;1;39mfstrim.timer\u001b[0m - Discard unused filesystem blocks once a week.", "", "[\u001b[0;32m  OK  \u001b[0m] Stopped \u001b[0;1;39mmotd-news.timer\u001b[0m - Message of the Day.", "", "[\u001b[0;32m  OK  \u001b[0m] Stopped \u001b[0;1;39mphpsessionclean.timer\u001b[0m - Clean PHP session files every 30 mins.", "", "[\u001b[0;32m  OK  \u001b[0m] Stopped \u001b[0;1;39msystemd-tmpfiles-clean.tim\u2026\u001b[0my Cleanup of Temporary Directories.", "", "[\u001b[0;32m  OK  \u001b[0m] Stopped target \u001b[0;1;39mtime-set.target\u001b[0m - System Time Set.", "", "[\u001b[0;32m  OK  \u001b[0m] Closed \u001b[0;1;39msystemd-rfkill.socket\u001b[0m - Loa\u2026ll Switch Status /dev/rfkill Watch.", "", "Stopping \u001b[0;1;39mapport.service\u001b[0m - automatic crash report generation...", "", "Stopping \u001b[0;1;39mgetty@tty1.service\u001b[0m - Getty on tty1...", "", "Stopping \u001b[0;1;39mserial-getty@ttyS0.service\u001b[0m - Serial Getty on ttyS0...", "", "[\u001b[0;32m  OK  \u001b[0m] Stopped \u001b[0;1;39msnapd.seeded.service\u001b[0m - Wait until snapd is fully seeded.", "", "Stopping \u001b[0;1;39msystemd-random-seed.service\u001b[0m - Load/Save OS Random Seed...", "", "[\u001b[0;32m  OK  \u001b[0m] Stopped \u001b[0;1;39mserial-getty@ttyS0.service\u001b[0m - Serial Getty on ttyS0.", "", "[\u001b[0;32m  OK  \u001b[0m] Stopped \u001b[0;1;39mgetty@tty1.service\u001b[0m - Getty on tty1.", "", "[\u001b[0;32m  OK  \u001b[0m] Stopped \u001b[0;1;39msystemd-random-seed.service\u001b[0m - Load/Save OS Random Seed.", "", "[\u001b[0;32m  OK  \u001b[0m] Stopped \u001b[0;1;39msession-1.scope\u001b[0m - Session 1 of User root.", "", "[\u001b[0;32m  OK  \u001b[0m] Removed slice \u001b[0;1;39msystem-getty.slice\u001b[0m - Slice /system/getty.", "", "[\u001b[0;32m  OK  \u001b[0m] Removed slice \u001b[0;1;39msystem-serial\\x2dget\u2026slice\u001b[0m - Slice /system/serial-getty.", "", "[\u001b[0;32m  OK  \u001b[0m] Stopped target \u001b[0;1;39mgetty-pre.target\u001b[0m - Preparation for Logins.", "", "Stopping \u001b[0;1;39msystemd-logind.service\u001b[0m - User Login Management...", "", "Stopping \u001b[0;1;39msystemd-user-sessions.service\u001b[0m - Permit User Sessions...", "", "Stopping \u001b[0;1;39muser@0.service\u001b[0m - User Manager for UID 0...", "", "[\u001b[0;32m  OK  \u001b[0m] Stopped \u001b[0;1;39msystemd-user-sessions.service\u001b[0m - Permit User Sessions.", "", "[\u001b[0;32m  OK  \u001b[0m] Stopped target \u001b[0;1;39mnetwork.target\u001b[0m - Network.", "", "Stopping \u001b[0;1;39msystemd-networkd.service\u001b[0m - Network Configuration...", "", "[\u001b[0;32m  OK  \u001b[0m] Stopped \u001b[0;1;39msystemd-networkd.service\u001b[0m - Network Configuration.", "", "[\u001b[0;32m  OK  \u001b[0m] Stopped \u001b[0;1;39mapport.service\u001b[0m - automatic crash report generation.", "", "[\u001b[0;32m  OK  \u001b[0m] Stopped \u001b[0;1;39muser@0.service\u001b[0m - User Manager for UID 0.", "", "[\u001b[0;32m  OK  \u001b[0m] Stopped \u001b[0;1;39msystemd-logind.service\u001b[0m - User Login Management.", "", "[\u001b[0;32m  OK  \u001b[0m] Stopped target \u001b[0;1;39mremote-fs.target\u001b[0m - Remote File Systems.", "", "Stopping \u001b[0;1;39muser-runtime-dir@0.servic\u2026\u001b[0mer Runtime Directory /run/user/0...", "", "[\u001b[0;32m  OK  \u001b[0m] Unmounted \u001b[0;1;39mrun-user-0.mount\u001b[0m - /run/user/0.", "", "[\u001b[0;32m  OK  \u001b[0m] Stopped \u001b[0;1;39muser-runtime-dir@0.service\u001b[0m\u2026User Runtime Directory /run/user/0.", "", "[\u001b[0;32m  OK  \u001b[0m] Removed slice \u001b[0;1;39muser-0.slice\u001b[0m - User Slice of UID 0.", "", "[\u001b[0;32m  OK  \u001b[0m] Stopped target \u001b[0;1;39mbasic.target\u001b[0m - Basic System.", "", "[\u001b[0;32m  OK  \u001b[0m] Stopped target \u001b[0;1;39mpaths.target\u001b[0m - Path Units.", "", "[\u001b[0;32m  OK  \u001b[0m] Stopped target \u001b[0;1;39mslices.target\u001b[0m - Slice Units.", "", "[\u001b[0;32m  OK  \u001b[0m] Removed slice \u001b[0;1;39muser.slice\u001b[0m - User and Session Slice.", "", "[\u001b[0;32m  OK  \u001b[0m] Stopped target \u001b[0;1;39msockets.target\u001b[0m - Socket Units.", "", "[\u001b[0;32m  OK  \u001b[0m] Closed \u001b[0;1;39mlxd-installer.socket\u001b[0m - Helper to install lxd snap on demand.", "", "[\u001b[0;32m  OK  \u001b[0m] Closed \u001b[0;1;39msnapd.socket\u001b[0m - Socket activation for snappy daemon.", "", "[\u001b[0;32m  OK  \u001b[0m] Closed \u001b[0;1;39mssh.socket\u001b[0m - OpenBSD Secure Shell server socket.", "", "[\u001b[0;32m  OK  \u001b[0m] Stopped target \u001b[0;1;39msysinit.target\u001b[0m - System Initialization.", "", "[\u001b[0;32m  OK  \u001b[0m] Stopped target \u001b[0;1;39mcryptsetup.target\u001b[0m - Local Encrypted Volumes.", "", "[\u001b[0;32m  OK  \u001b[0m] Stopped \u001b[0;1;39msystemd-ask-password-conso\u2026\u001b[0mequests to Console Directory Watch.", "", "[\u001b[0;32m  OK  \u001b[0m] Stopped \u001b[0;1;39msystemd-ask-password-wall.\u2026\u001b[0md Requests to Wall Directory Watch.", "", "[\u001b[0;32m  OK  \u001b[0m] Stopped target \u001b[0;1;39mintegritysetup.targ\u2026\u001b[0m Local Integrity Protected Volumes.", "", "[\u001b[0;32m  OK  \u001b[0m] Stopped target \u001b[0;1;39mswap.target\u001b[0m - Swaps.", "", "[\u001b[0;32m  OK  \u001b[0m] Stopped target \u001b[0;1;39mveritysetup.target\u001b[0m - Local Verity Protected Volumes.", "", "[\u001b[0;32m  OK  \u001b[0m] Closed \u001b[0;1;39msystemd-networkd.socket\u001b[0m - Network Service Netlink Socket.", "", "Stopping \u001b[0;1;39msystemd-binfmt.service\u001b[0m - Set Up Additional Binary Formats...", "", "Stopping \u001b[0;1;39msystemd-resolved.service\u001b[0m - Network Name Resolution...", "", "Stopping \u001b[0;1;39msystemd-timesyncd.service\u001b[0m - Network Time Synchronization...", "", "[\u001b[0;32m  OK  \u001b[0m] Stopped \u001b[0;1;39msystemd-update-done.service\u001b[0m - Update is Completed.", "", "[\u001b[0;32m  OK  \u001b[0m] Stopped \u001b[0;1;39mldconfig.service\u001b[0m - Rebuild Dynamic Linker Cache.", "", "[\u001b[0;32m  OK  \u001b[0m] Stopped \u001b[0;1;39msystemd-journal-catalog-up\u2026.service\u001b[0m - Rebuild Journal Catalog.", "", "Stopping \u001b[0;1;39msystemd-update-utmp.servi\u2026\u001b[0mord System Boot/Shutdown in UTMP...", "", "[\u001b[0;32m  OK  \u001b[0m] Stopped \u001b[0;1;39msystemd-resolved.service\u001b[0m - Network Name Resolution.", "", "[\u001b[0;32m  OK  \u001b[0m] Stopped \u001b[0;1;39msystemd-timesyncd.service\u001b[0m - Network Time Synchronization.", "", "[\u001b[0;32m  OK  \u001b[0m] Stopped \u001b[0;1;39msystemd-binfmt.service\u001b[0m - Set Up Additional Binary Formats.", "", "[\u001b[0;32m  OK  \u001b[0m] Unset automount \u001b[0;1;39mproc-sys-fs-binfmt\u2026\u001b[0mormats File System Automount Point.", "", "[\u001b[0;32m  OK  \u001b[0m] Stopped \u001b[0;1;39msystemd-sysctl.service\u001b[0m - Apply Kernel Variables.", "", "[\u001b[0;32m  OK  \u001b[0m] Stopped \u001b[0;1;39msystemd-modules-load.service\u001b[0m - Load Kernel Modules.", "", "[\u001b[0;32m  OK  \u001b[0m] Stopped \u001b[0;1;39msystemd-update-utmp.servic\u2026\u001b[0mecord System Boot/Shutdown in UTMP.", "", "[\u001b[0;32m  OK  \u001b[0m] Stopped \u001b[0;1;39msystemd-tmpfiles-setup.ser\u2026\u001b[0mate Volatile Files and Directories.", "", "[\u001b[0;32m  OK  \u001b[0m] Stopped target \u001b[0;1;39mlocal-fs.target\u001b[0m - Local File Systems.", "", "[\u001b[0;32m  OK  \u001b[0m] Stopped target \u001b[0;1;39msnapd.mounts.target\u001b[0m - Mounted snaps.", "", "[\u001b[0;32m  OK  \u001b[0m] Stopped target \u001b[0;1;39msnapd.mounts-pre.target\u001b[0m - Mounting snaps.", "", "Unmounting \u001b[0;1;39mboot-efi.mount\u001b[0m - /boot/efi...", "", "[\u001b[0;32m  OK  \u001b[0m] Unmounted \u001b[0;1;39mboot-efi.mount\u001b[0m - /boot/efi.", "", "Unmounting \u001b[0;1;39mboot.mount\u001b[0m - /boot...", "", "[  155.855605] EXT4-fs (vda16): unmounting filesystem 7164fb69-891e-447e-91ac-9486a0886759.", "[\u001b[0;32m  OK  \u001b[0m] Unmounted \u001b[0;1;39mboot.mount\u001b[0m - /boot.", "", "[\u001b[0;32m  OK  \u001b[0m] Reached target \u001b[0;1;39mumount.target\u001b[0m - Unmount All Filesystems.", "", "[\u001b[0;32m  OK  \u001b[0m] Stopped \u001b[0;1;39msystemd-fsck@dev-disk-by\\x\u2026\u001b[0mm Check on /dev/disk/by-label/BOOT.", "", "[\u001b[0;32m  OK  \u001b[0m] Removed slice \u001b[0;1;39msystem-systemd\\x2dfs\u2026slice\u001b[0m - Slice /system/systemd-fsck.", "", "[\u001b[0;32m  OK  \u001b[0m] Stopped target \u001b[0;1;39mlocal-fs-pre.target\u001b[0m\u2026Preparation for Local File Systems.", "", "[\u001b[0;32m  OK  \u001b[0m] Stopped \u001b[0;1;39msystemd-tmpfiles-setup-dev\u2026\u001b[0mCreate Static Device Nodes in /dev.", "", "[\u001b[0;32m  OK  \u001b[0m] Stopped \u001b[0;1;39msystemd-sysusers.service\u001b[0m - Create System Users.", "", "[\u001b[0;32m  OK  \u001b[0m] Stopped \u001b[0;1;39msystemd-remount-fs.service\u001b[0m\u2026mount Root and Kernel File Systems.", "", "[\u001b[0;32m  OK  \u001b[0m] Stopped \u001b[0;1;39msystemd-fsck-root.service\u001b[0m - File System Check on Root Device.", "", "[\u001b[0;32m  OK  \u001b[0m] Stopped \u001b[0;1;39msystemd-tmpfiles-setup-dev\u2026\u001b[0mic Device Nodes in /dev gracefully.", "", "[\u001b[0;32m  OK  \u001b[0m] Reached target \u001b[0;1;39mshutdown.target\u001b[0m - System Shutdown.", "", "[\u001b[0;32m  OK  \u001b[0m] Reached target \u001b[0;1;39mfinal.target\u001b[0m - Late Shutdown Services.", "", "[\u001b[0;32m  OK  \u001b[0m] Finished \u001b[0;1;39msystemd-poweroff.service\u001b[0m - System Power Off.", "", "[\u001b[0;32m  OK  \u001b[0m] Reached target \u001b[0;1;39mpoweroff.target\u001b[0m - System Power Off.", "", "[  155.947425] systemd-shutdown[1]: Syncing filesystems and block devices.", "[  155.961047] systemd-shutdown[1]: Sending SIGTERM to remaining processes...", "[  155.966000] systemd-journald[130]: Received SIGTERM from PID 1 (systemd-shutdow).", "[  155.976119] systemd-shutdown[1]: Sending SIGKILL to remaining processes...", "[  155.982413] systemd-shutdown[1]: Unmounting file systems.", "[  155.984978] (sd-remount)[2993]: Remounting '/' read-only with options 'discard,errors=remount-ro,commit=30'.", "[  156.002626] EXT4-fs (vda1): re-mounted c8107c30-aa3b-40eb-bd2a-416a91df85e7 ro. Quota mode: none.", "[  156.009324] systemd-shutdown[1]: All filesystems unmounted.", "[  156.011360] systemd-shutdown[1]: Deactivating swaps.", "[  156.013237] systemd-shutdown[1]: All swaps deactivated.", "[  156.015121] systemd-shutdown[1]: Detaching loop devices.", "[  156.017992] systemd-shutdown[1]: All loop devices detached.", "[  156.019972] systemd-shutdown[1]: Stopping MD devices.", "[  156.021883] systemd-shutdown[1]: All MD devices stopped.", "[  156.023794] systemd-shutdown[1]: Detaching DM devices.", "[  156.025645] systemd-shutdown[1]: All DM devices detached.", "[  156.027533] systemd-shutdown[1]: All filesystems, swaps, loop devices, MD devices and DM devices detached.", "[  156.031356] systemd-shutdown[1]: Syncing filesystems and block devices.", "[  156.033760] systemd-shutdown[1]: Powering off.", "[  156.036915] ACPI: PM: Preparing to enter system sleep state S5", "[  156.039184] reboot: Power down", "Aux log file:", "Using config in CONFIG.ubuntu-testing", "Tue May 13 14:11:43 UTC 2025", "Latency measurements", "Tue May 13 14:11:58 UTC 2025", "Local networking", "Tue May 13 14:13:01 UTC 2025", "Bandwidth measurements", "Tue May 13 14:13:54 UTC 2025", "Calculating context switch overhead", "Tue May 13 14:13:58 UTC 2025", "[TAG: AUX LMBENCH RESULTS]", "[lmbench3.0 results for Linux ubuntu-testing 6.8.0 #1 SMP PREEMPT_DYNAMIC Wed May 14 08:19:15 UTC 2025 x86_64 x86_64 x86_64 GNU/Linux]", "[LMBENCH_VER: ]", "[BENCHMARK_HARDWARE: NO]", "[BENCHMARK_OS: NO]", "[ALL: 512 1k 2k 4k 8k 16k 32k 64k 128k 256k 512k 1m 2m 4m 8m 16m 32m 64m 128m 256m 512m 1024m 2048m 4096m]", "[DISKS: ]", "[DISK_DESC: ]", "[ENOUGH: 5000]", "[FAST: ]", "[FASTMEM: NO]", "[FILE: /var/tmp/XXX]", "[FSDIR: /var/tmp]", "[HALF: 512 1k 2k 4k 8k 16k 32k 64k 128k 256k 512k 1m 2m 4m 8m 16m 32m 64m 128m 256m 512m 1024m 2048m]", "[INFO: INFO.ubuntu-testing]", "[LINE_SIZE: ]", "[LOOP_O: 0.00000000]", "[MB: 5557]", "[MHZ: 1690 MHz, 0.5917 nanosec clock]", "[MOTHERBOARD: ]", "[NETWORKS: ]", "[PROCESSORS: 8]", "[REMOTE: ]", "[SLOWFS: YES]", "[OS: x86_64-linux-gnu]", "[SYNC_MAX: 1]", "[LMBENCH_SCHED: DEFAULT]", "[TIMING_O: 0]", "[LMBENCH VERSION: lmbench-3alpha4]", "[USER: root]", "[HOSTNAME: ubuntu-testing]", "[NODENAME: ubuntu-testing]", "[SYSNAME: Linux]", "[PROCESSOR: x86_64]", "[MACHINE: x86_64]", "[RELEASE: 6.8.0]", "[VERSION: #1 SMP PREEMPT_DYNAMIC Wed May 14 08:19:15 UTC 2025]", "[Tue May 13 14:11:43 UTC 2025]", "[ 14:11:43 up 0 min, 1 user, load average: 0.08, 0.02, 0.01]", "[net: Kernel Interface table]", "Kernel: error fetching interface information: Device not found", "[net: Iface             MTU    RX-OK RX-ERR RX-DRP RX-OVR    TX-OK TX-ERR TX-DRP TX-OVR Flg]", "Iface: error fetching interface information: Device not found", "[net: ens3             1500        2      0      0 0             7      0      0      0 BMRU]", "[if: ens3: flags=4163<UP,BROADCAST,RUNNING,MULTICAST>  mtu 1500]", "[if: inet 10.0.2.15  netmask 255.255.255.0  broadcast 10.0.2.255]", "[if: inet6 fe80::5054:ff:fe12:3456  prefixlen 64  scopeid 0x20<link>]", "[if: ether 52:54:00:12:34:56  txqueuelen 1000  (Ethernet)]", "[if: RX packets 2  bytes 1180 (1.1 KB)]", "[if: RX errors 0  dropped 0  overruns 0  frame 0]", "[if: TX packets 7  bytes 1142 (1.1 KB)]", "[if: TX errors 0  dropped 0 overruns 0  carrier 0  collisions 0]", "[if: ]", "[net: lo              65536       80      0      0 0            80      0      0      0 LRU]", "[if: lo: flags=73<UP,LOOPBACK,RUNNING>  mtu 65536]", "[if: inet 127.0.0.1  netmask 255.0.0.0]", "[if: inet6 ::1  prefixlen 128  scopeid 0x10<host>]", "[if: loop  txqueuelen 1000  (Local Loopback)]", "[if: RX packets 80  bytes 5920 (5.9 KB)]", "[if: RX errors 0  dropped 0  overruns 0  frame 0]", "[if: TX packets 80  bytes 5920 (5.9 KB)]", "[if: TX errors 0  dropped 0 overruns 0  carrier 0  collisions 0]", "[if: ]", "[mount: /dev/vda1 on / type ext4 (rw,relatime,discard,errors=remount-ro,commit=30)]", "[mount: devtmpfs on /dev type devtmpfs (rw,relatime,size=4070528k,nr_inodes=1017632,mode=755)]", "[mount: proc on /proc type proc (rw,nosuid,nodev,noexec,relatime)]", "[mount: sysfs on /sys type sysfs (rw,nosuid,nodev,noexec,relatime)]", "[mount: selinuxfs on /sys/fs/selinux type selinuxfs (rw,nosuid,noexec,relatime)]", "[mount: tmpfs on /dev/shm type tmpfs (rw,nosuid,nodev)]", "[mount: devpts on /dev/pts type devpts (rw,nosuid,noexec,relatime,gid=5,mode=620,ptmxmode=000)]", "[mount: tmpfs on /run type tmpfs (rw,nosuid,nodev,size=1628644k,nr_inodes=819200,mode=755)]", "[mount: tmpfs on /run/lock type tmpfs (rw,nosuid,nodev,noexec,relatime,size=5120k)]", "[mount: cgroup2 on /sys/fs/cgroup type cgroup2 (rw,nosuid,nodev,noexec,relatime,nsdelegate,memory_recursiveprot)]", "[mount: systemd-1 on /proc/sys/fs/binfmt_misc type autofs (rw,relatime,fd=32,pgrp=1,timeout=0,minproto=5,maxproto=5,direct)]", "[mount: hugetlbfs on /dev/hugepages type hugetlbfs (rw,nosuid,nodev,relatime,pagesize=2M)]", "[mount: mqueue on /dev/mqueue type mqueue (rw,nosuid,nodev,noexec,relatime)]", "[mount: debugfs on /sys/kernel/debug type debugfs (rw,nosuid,nodev,noexec,relatime)]", "[mount: tracefs on /sys/kernel/tracing type tracefs (rw,nosuid,nodev,noexec,relatime)]", "[mount: /dev/vda16 on /boot type ext4 (rw,relatime)]", "[mount: /dev/vda15 on /boot/efi type vfat (rw,relatime,fmask=0077,dmask=0077,codepage=437,iocharset=iso8859-1,shortname=mixed,errors=remount-ro)]", "[mount: binfmt_misc on /proc/sys/fs/binfmt_misc type binfmt_misc (rw,nosuid,nodev,noexec,relatime)]", "[mount: tmpfs on /run/user/0 type tmpfs (rw,nosuid,nodev,relatime,size=814320k,nr_inodes=203580,mode=700)]", "Simple syscall: 0.2423 microseconds", "Simple read: 0.2943 microseconds", "Simple write: 0.2804 microseconds", "Simple stat: 0.6570 microseconds", "Simple fstat: 0.3276 microseconds", "Simple open/close: 1.1863 microseconds", "Select on 10 fd's: 0.4165 microseconds", "Select on 100 fd's: 1.1747 microseconds", "Select on 250 fd's: 2.4232 microseconds", "Select on 500 fd's: 4.5271 microseconds", "Select on 10 tcp fd's: 0.4516 microseconds", "Select on 100 tcp fd's: 2.5610 microseconds", "Select on 250 tcp fd's: 6.1121 microseconds", "Select on 500 tcp fd's: 12.0952 microseconds", "Pipe latency: 63.2491 microseconds", "AF_UNIX sock stream latency: 47.0926 microseconds", "Process fork+exit: 189.9655 microseconds", "Process fork+execve: 884.8333 microseconds", "Process fork+/bin/sh -c: 1836.6667 microseconds", "x: No such file or directory", "Usage: lat_udp -s serverhost", "OR [-S] [-m <message size>] [-P <parallelism>] [-W <warmup>] [-N <repetitions>] server", "NOTE: message size must be >= 4", "Usage: lat_tcp -s serverhost [-b <backlog>]", "OR [-m <message size>] [-P <parallelism>] [-W <warmup>] [-N <repetitions>] server", "OR -S server", "Usage: lat_connect -s serverhost [-b <backlog>]", "OR [-S] [-N <repetitions>] server", "unable to register (XACT_PROG, XACT_VERS, udp).", "Usage: bw_tcp -s serverhost [-b <backlog>]", "OR [-m <message size>] [-M <bytes to move>] [-P <parallelism>] [-W <warmup>] [-N <repetitions>] server", "OR -S serverhost", "Segmentation fault (core dumped)", "AF_UNIX sock stream bandwidth: 4944.49 MB/sec", "Pipe bandwidth: 841.83 MB/sec", "", "", "\"size=0k ovr=0.77", "2 24.21", "4 33.85", "8 49.50", "16 50.66", "24 54.16", "32 56.04", "64 56.10", "96 56.69", "", "\"size=4k ovr=0.87", "2 28.87", "4 46.56", "8 52.56", "16 59.80", "24 61.64", "32 67.70", "64 64.54", "96 65.79", "", "\"size=8k ovr=0.99", "2 34.22", "4 30.89", "8 66.97", "16 56.62", "24 54.82", "32 55.62", "64 57.73", "96 58.60", "", "\"size=16k ovr=1.23", "2 33.32", "4 34.38", "8 57.92", "16 59.31", "24 67.41", "32 65.64", "64 63.25", "96 66.20", "", "\"size=32k ovr=1.79", "2 28.83", "4 35.00", "8 50.94", "16 57.57", "24 57.63", "32 59.73", "64 54.85", "96 63.50", "", "\"size=64k ovr=2.84", "2 33.20", "4 39.73", "8 54.83", "16 58.90", "24 59.75", "32 60.30", "64 66.64", "96 75.48", "", "", "[Tue May 13 14:13:58 UTC 2025]", "[TAG: AUX LMBENCH RESULTS END]", "[TAG: AUX LMBENCH RESULTS BASE64]", "W2xtYmVuY2gzLjAgcmVzdWx0cyBmb3IgTGludXggdWJ1bnR1LXRlc3RpbmcgNi44LjAgIzEgU01QIFBSRUVNUFRfRFlOQU1JQyBXZWQgTWF5IDE0IDA4OjE5OjE1IFVUQyAyMDI1IHg4Nl82NCB4ODZfNjQgeDg2XzY0IEdOVS9MaW51eF0KW0xNQkVOQ0hfVkVSOiBdCltCRU5DSE1BUktfSEFSRFdBUkU6IE5PXQpbQkVOQ0hNQVJLX09TOiBOT10KW0FMTDogNTEyIDFrIDJrIDRrIDhrIDE2ayAzMmsgNjRrIDEyOGsgMjU2ayA1MTJrIDFtIDJtIDRtIDhtIDE2bSAzMm0gNjRtIDEyOG0gMjU2bSA1MTJtIDEwMjRtIDIwNDhtIDQwOTZtXQpbRElTS1M6IF0KW0RJU0tfREVTQzogXQpbRU5PVUdIOiA1MDAwXQpbRkFTVDogXQpbRkFTVE1FTTogTk9dCltGSUxFOiAvdmFyL3RtcC9YWFhdCltGU0RJUjogL3Zhci90bXBdCltIQUxGOiA1MTIgMWsgMmsgNGsgOGsgMTZrIDMyayA2NGsgMTI4ayAyNTZrIDUxMmsgMW0gMm0gNG0gOG0gMTZtIDMybSA2NG0gMTI4bSAyNTZtIDUxMm0gMTAyNG0gMjA0OG1dCltJTkZPOiBJTkZPLnVidW50dS10ZXN0aW5nXQpbTElORV9TSVpFOiBdCltMT09QX086IDAuMDAwMDAwMDBdCltNQjogNTU1N10KW01IWjogMTY5MCBNSHosIDAuNTkxNyBuYW5vc2VjIGNsb2NrXQpbTU9USEVSQk9BUkQ6IF0KW05FVFdPUktTOiBdCltQUk9DRVNTT1JTOiA4XQpbUkVNT1RFOiBdCltTTE9XRlM6IFlFU10KW09TOiB4ODZfNjQtbGludXgtZ251XQpbU1lOQ19NQVg6IDFdCltMTUJFTkNIX1NDSEVEOiBERUZBVUxUXQpbVElNSU5HX086IDBdCltMTUJFTkNIIFZFUlNJT046IGxtYmVuY2gtM2FscGhhNF0KW1VTRVI6IHJvb3RdCltIT1NUTkFNRTogdWJ1bnR1LXRlc3RpbmddCltOT0RFTkFNRTogdWJ1bnR1LXRlc3RpbmddCltTWVNOQU1FOiBMaW51eF0KW1BST0NFU1NPUjogeDg2XzY0XQpbTUFDSElORTogeDg2XzY0XQpbUkVMRUFTRTogNi44LjBdCltWRVJTSU9OOiAjMSBTTVAgUFJFRU1QVF9EWU5BTUlDIFdlZCBNYXkgMTQgMDg6MTk6MTUgVVRDIDIwMjVdCltTYXQgTWF5IDE3IDE0OjExOjQzIFVUQyAyMDI1XQpbIDE0OjExOjQzIHVwIDAgbWluLCAxIHVzZXIsIGxvYWQgYXZlcmFnZTogMC4wOCwgMC4wMiwgMC4wMV0KW25ldDogS2VybmVsIEludGVyZmFjZSB0YWJsZV0KS2VybmVsOiBlcnJvciBmZXRjaGluZyBpbnRlcmZhY2UgaW5mb3JtYXRpb246IERldmljZSBub3QgZm91bmQKW25ldDogSWZhY2UgICAgICAgICAgICAgTVRVICAgIFJYLU9LIFJYLUVSUiBSWC1EUlAgUlgtT1ZSICAgIFRYLU9LIFRYLUVSUiBUWC1EUlAgVFgtT1ZSIEZsZ10KSWZhY2U6IGVycm9yIGZldGNoaW5nIGludGVyZmFjZSBpbmZvcm1hdGlvbjogRGV2aWNlIG5vdCBmb3VuZApbbmV0OiBlbnMzICAgICAgICAgICAgIDE1MDAgICAgICAgIDIgICAgICAwICAgICAgMCAwICAgICAgICAgICAgIDcgICAgICAwICAgICAgMCAgICAgIDAgQk1SVV0KW2lmOiBlbnMzOiBmbGFncz00MTYzPFVQLEJST0FEQ0FTVCxSVU5OSU5HLE1VTFRJQ0FTVD4gIG10dSAxNTAwXQpbaWY6IGluZXQgMTAuMC4yLjE1ICBuZXRtYXNrIDI1NS4yNTUuMjU1LjAgIGJyb2FkY2FzdCAxMC4wLjIuMjU1XQpbaWY6IGluZXQ2IGZlODA6OjUwNTQ6ZmY6ZmUxMjozNDU2ICBwcmVmaXhsZW4gNjQgIHNjb3BlaWQgMHgyMDxsaW5rPl0KW2lmOiBldGhlciA1Mjo1NDowMDoxMjozNDo1NiAgdHhxdWV1ZWxlbiAxMDAwICAoRXRoZXJuZXQpXQpbaWY6IFJYIHBhY2tldHMgMiAgYnl0ZXMgMTE4MCAoMS4xIEtCKV0KW2lmOiBSWCBlcnJvcnMgMCAgZHJvcHBlZCAwICBvdmVycnVucyAwICBmcmFtZSAwXQpbaWY6IFRYIHBhY2tldHMgNyAgYnl0ZXMgMTE0MiAoMS4xIEtCKV0KW2lmOiBUWCBlcnJvcnMgMCAgZHJvcHBlZCAwIG92ZXJydW5zIDAgIGNhcnJpZXIgMCAgY29sbGlzaW9ucyAwXQpbaWY6IF0KW25ldDogbG8gICAgICAgICAgICAgIDY1NTM2ICAgICAgIDgwICAgICAgMCAgICAgIDAgMCAgICAgICAgICAgIDgwICAgICAgMCAgICAgIDAgICAgICAwIExSVV0KW2lmOiBsbzogZmxhZ3M9NzM8VVAsTE9PUEJBQ0ssUlVOTklORz4gIG10dSA2NTUzNl0KW2lmOiBpbmV0IDEyNy4wLjAuMSAgbmV0bWFzayAyNTUuMC4wLjBdCltpZjogaW5ldDYgOjoxICBwcmVmaXhsZW4gMTI4ICBzY29wZWlkIDB4MTA8aG9zdD5dCltpZjogbG9vcCAgdHhxdWV1ZWxlbiAxMDAwICAoTG9jYWwgTG9vcGJhY2spXQpbaWY6IFJYIHBhY2tldHMgODAgIGJ5dGVzIDU5MjAgKDUuOSBLQildCltpZjogUlggZXJyb3JzIDAgIGRyb3BwZWQgMCAgb3ZlcnJ1bnMgMCAgZnJhbWUgMF0KW2lmOiBUWCBwYWNrZXRzIDgwICBieXRlcyA1OTIwICg1LjkgS0IpXQpbaWY6IFRYIGVycm9ycyAwICBkcm9wcGVkIDAgb3ZlcnJ1bnMgMCAgY2FycmllciAwICBjb2xsaXNpb25zIDBdCltpZjogXQpbbW91bnQ6IC9kZXYvdmRhMSBvbiAvIHR5cGUgZXh0NCAocncscmVsYXRpbWUsZGlzY2FyZCxlcnJvcnM9cmVtb3VudC1ybyxjb21taXQ9MzApXQpbbW91bnQ6IGRldnRtcGZzIG9uIC9kZXYgdHlwZSBkZXZ0bXBmcyAocncscmVsYXRpbWUsc2l6ZT00MDcwNTI4ayxucl9pbm9kZXM9MTAxNzYzMixtb2RlPTc1NSldClttb3VudDogcHJvYyBvbiAvcHJvYyB0eXBlIHByb2MgKHJ3LG5vc3VpZCxub2Rldixub2V4ZWMscmVsYXRpbWUpXQpbbW91bnQ6IHN5c2ZzIG9uIC9zeXMgdHlwZSBzeXNmcyAocncsbm9zdWlkLG5vZGV2LG5vZXhlYyxyZWxhdGltZSldClttb3VudDogc2VsaW51eGZzIG9uIC9zeXMvZnMvc2VsaW51eCB0eXBlIHNlbGludXhmcyAocncsbm9zdWlkLG5vZXhlYyxyZWxhdGltZSldClttb3VudDogdG1wZnMgb24gL2Rldi9zaG0gdHlwZSB0bXBmcyAocncsbm9zdWlkLG5vZGV2KV0KW21vdW50OiBkZXZwdHMgb24gL2Rldi9wdHMgdHlwZSBkZXZwdHMgKHJ3LG5vc3VpZCxub2V4ZWMscmVsYXRpbWUsZ2lkPTUsbW9kZT02MjAscHRteG1vZGU9MDAwKV0KW21vdW50OiB0bXBmcyBvbiAvcnVuIHR5cGUgdG1wZnMgKHJ3LG5vc3VpZCxub2RldixzaXplPTE2Mjg2NDRrLG5yX2lub2Rlcz04MTkyMDAsbW9kZT03NTUpXQpbbW91bnQ6IHRtcGZzIG9uIC9ydW4vbG9jayB0eXBlIHRtcGZzIChydyxub3N1aWQsbm9kZXYsbm9leGVjLHJlbGF0aW1lLHNpemU9NTEyMGspXQpbbW91bnQ6IGNncm91cDIgb24gL3N5cy9mcy9jZ3JvdXAgdHlwZSBjZ3JvdXAyIChydyxub3N1aWQsbm9kZXYsbm9leGVjLHJlbGF0aW1lLG5zZGVsZWdhdGUsbWVtb3J5X3JlY3Vyc2l2ZXByb3QpXQpbbW91bnQ6IHN5c3RlbWQtMSBvbiAvcHJvYy9zeXMvZnMvYmluZm10X21pc2MgdHlwZSBhdXRvZnMgKHJ3LHJlbGF0aW1lLGZkPTMyLHBncnA9MSx0aW1lb3V0PTAsbWlucHJvdG89NSxtYXhwcm90bz01LGRpcmVjdCldClttb3VudDogaHVnZXRsYmZzIG9uIC9kZXYvaHVnZXBhZ2VzIHR5cGUgaHVnZXRsYmZzIChydyxub3N1aWQsbm9kZXYscmVsYXRpbWUscGFnZXNpemU9Mk0pXQpbbW91bnQ6IG1xdWV1ZSBvbiAvZGV2L21xdWV1ZSB0eXBlIG1xdWV1ZSAocncsbm9zdWlkLG5vZGV2LG5vZXhlYyxyZWxhdGltZSldClttb3VudDogZGVidWdmcyBvbiAvc3lzL2tlcm5lbC9kZWJ1ZyB0eXBlIGRlYnVnZnMgKHJ3LG5vc3VpZCxub2Rldixub2V4ZWMscmVsYXRpbWUpXQpbbW91bnQ6IHRyYWNlZnMgb24gL3N5cy9rZXJuZWwvdHJhY2luZyB0eXBlIHRyYWNlZnMgKHJ3LG5vc3VpZCxub2Rldixub2V4ZWMscmVsYXRpbWUpXQpbbW91bnQ6IC9kZXYvdmRhMTYgb24gL2Jvb3QgdHlwZSBleHQ0IChydyxyZWxhdGltZSldClttb3VudDogL2Rldi92ZGExNSBvbiAvYm9vdC9lZmkgdHlwZSB2ZmF0IChydyxyZWxhdGltZSxmbWFzaz0wMDc3LGRtYXNrPTAwNzcsY29kZXBhZ2U9NDM3LGlvY2hhcnNldD1pc284ODU5LTEsc2hvcnRuYW1lPW1peGVkLGVycm9ycz1yZW1vdW50LXJvKV0KW21vdW50OiBiaW5mbXRfbWlzYyBvbiAvcHJvYy9zeXMvZnMvYmluZm10X21pc2MgdHlwZSBiaW5mbXRfbWlzYyAocncsbm9zdWlkLG5vZGV2LG5vZXhlYyxyZWxhdGltZSldClttb3VudDogdG1wZnMgb24gL3J1bi91c2VyLzAgdHlwZSB0bXBmcyAocncsbm9zdWlkLG5vZGV2LHJlbGF0aW1lLHNpemU9ODE0MzIwayxucl9pbm9kZXM9MjAzNTgwLG1vZGU9NzAwKV0KU2ltcGxlIHN5c2NhbGw6IDAuMjQyMyBtaWNyb3NlY29uZHMKU2ltcGxlIHJlYWQ6IDAuMjk0MyBtaWNyb3NlY29uZHMKU2ltcGxlIHdyaXRlOiAwLjI4MDQgbWljcm9zZWNvbmRzClNpbXBsZSBzdGF0OiAwLjY1NzAgbWljcm9zZWNvbmRzClNpbXBsZSBmc3RhdDogMC4zMjc2IG1pY3Jvc2Vjb25kcwpTaW1wbGUgb3Blbi9jbG9zZTogMS4xODYzIG1pY3Jvc2Vjb25kcwpTZWxlY3Qgb24gMTAgZmQnczogMC40MTY1IG1pY3Jvc2Vjb25kcwpTZWxlY3Qgb24gMTAwIGZkJ3M6IDEuMTc0NyBtaWNyb3NlY29uZHMKU2VsZWN0IG9uIDI1MCBmZCdzOiAyLjQyMzIgbWljcm9zZWNvbmRzClNlbGVjdCBvbiA1MDAgZmQnczogNC41MjcxIG1pY3Jvc2Vjb25kcwpTZWxlY3Qgb24gMTAgdGNwIGZkJ3M6IDAuNDUxNiBtaWNyb3NlY29uZHMKU2VsZWN0IG9uIDEwMCB0Y3AgZmQnczogMi41NjEwIG1pY3Jvc2Vjb25kcwpTZWxlY3Qgb24gMjUwIHRjcCBmZCdzOiA2LjExMjEgbWljcm9zZWNvbmRzClNlbGVjdCBvbiA1MDAgdGNwIGZkJ3M6IDEyLjA5NTIgbWljcm9zZWNvbmRzClBpcGUgbGF0ZW5jeTogNjMuMjQ5MSBtaWNyb3NlY29uZHMKQUZfVU5JWCBzb2NrIHN0cmVhbSBsYXRlbmN5OiA0Ny4wOTI2IG1pY3Jvc2Vjb25kcwpQcm9jZXNzIGZvcmsrZXhpdDogMTg5Ljk2NTUgbWljcm9zZWNvbmRzClByb2Nlc3MgZm9yaytleGVjdmU6IDg4NC44MzMzIG1pY3Jvc2Vjb25kcwpQcm9jZXNzIGZvcmsrL2Jpbi9zaCAtYzogMTgzNi42NjY3IG1pY3Jvc2Vjb25kcwp4OiBObyBzdWNoIGZpbGUgb3IgZGlyZWN0b3J5ClVzYWdlOiBsYXRfdWRwIC1zIHNlcnZlcmhvc3QKIE9SIFstU10gWy1tIDxtZXNzYWdlIHNpemU+XSBbLVAgPHBhcmFsbGVsaXNtPl0gWy1XIDx3YXJtdXA+XSBbLU4gPHJlcGV0aXRpb25zPl0gc2VydmVyCiBOT1RFOiBtZXNzYWdlIHNpemUgbXVzdCBiZSA+PSA0ClVzYWdlOiBsYXRfdGNwIC1zIHNlcnZlcmhvc3QgWy1iIDxiYWNrbG9nPl0KIE9SIFstbSA8bWVzc2FnZSBzaXplPl0gWy1QIDxwYXJhbGxlbGlzbT5dIFstVyA8d2FybXVwPl0gWy1OIDxyZXBldGl0aW9ucz5dIHNlcnZlcgogT1IgLVMgc2VydmVyClVzYWdlOiBsYXRfY29ubmVjdCAtcyBzZXJ2ZXJob3N0IFstYiA8YmFja2xvZz5dCiBPUiBbLVNdIFstTiA8cmVwZXRpdGlvbnM+XSBzZXJ2ZXIKdW5hYmxlIHRvIHJlZ2lzdGVyIChYQUNUX1BST0csIFhBQ1RfVkVSUywgdWRwKS4KVXNhZ2U6IGJ3X3RjcCAtcyBzZXJ2ZXJob3N0IFstYiA8YmFja2xvZz5dCiBPUiBbLW0gPG1lc3NhZ2Ugc2l6ZT5dIFstTSA8Ynl0ZXMgdG8gbW92ZT5dIFstUCA8cGFyYWxsZWxpc20+XSBbLVcgPHdhcm11cD5dIFstTiA8cmVwZXRpdGlvbnM+XSBzZXJ2ZXIKIE9SIC1TIHNlcnZlcmhvc3QKU2VnbWVudGF0aW9uIGZhdWx0IChjb3JlIGR1bXBlZCkKQUZfVU5JWCBzb2NrIHN0cmVhbSBiYW5kd2lkdGg6IDQ5NDQuNDkgTUIvc2VjClBpcGUgYmFuZHdpZHRoOiA4NDEuODMgTUIvc2VjCgoKInNpemU9MGsgb3ZyPTAuNzcKMiAyNC4yMQo0IDMzLjg1CjggNDkuNTAKMTYgNTAuNjYKMjQgNTQuMTYKMzIgNTYuMDQKNjQgNTYuMTAKOTYgNTYuNjkKCiJzaXplPTRrIG92cj0wLjg3CjIgMjguODcKNCA0Ni41Ngo4IDUyLjU2CjE2IDU5LjgwCjI0IDYxLjY0CjMyIDY3LjcwCjY0IDY0LjU0Cjk2IDY1Ljc5Cgoic2l6ZT04ayBvdnI9MC45OQoyIDM0LjIyCjQgMzAuODkKOCA2Ni45NwoxNiA1Ni42MgoyNCA1NC44MgozMiA1NS42Mgo2NCA1Ny43Mwo5NiA1OC42MAoKInNpemU9MTZrIG92cj0xLjIzCjIgMzMuMzIKNCAzNC4zOAo4IDU3LjkyCjE2IDU5LjMxCjI0IDY3LjQxCjMyIDY1LjY0CjY0IDYzLjI1Cjk2IDY2LjIwCgoic2l6ZT0zMmsgb3ZyPTEuNzkKMiAyOC44Mwo0IDM1LjAwCjggNTAuOTQKMTYgNTcuNTcKMjQgNTcuNjMKMzIgNTkuNzMKNjQgNTQuODUKOTYgNjMuNTAKCiJzaXplPTY0ayBvdnI9Mi44NAoyIDMzLjIwCjQgMzkuNzMKOCA1NC44MwoxNiA1OC45MAoyNCA1OS43NQozMiA2MC4zMAo2NCA2Ni42NAo5NiA3NS40OAoKCltTYXQgTWF5IDE3IDE0OjEzOjU4IFVUQyAyMDI1XQo=[TAG: AUX LMBENCH RESULTS BASE64 END]"], "metadata": {"test_marker": "MICROWAVE FRAMEWORK TESTER"}}