{"lines": ["IMAGE_PATH: /home/denzelgfarmer/KernelSecurityBenchmarks/Microwave/.working/test_lmbench_retpoline_generic-linux.img", "KERNEL_PATH: /home/denzelgfarmer/KernelSecurityBenchmarks/Microwave/.working/temp/linux/install/boot/vmlinuz-6.8.0", "LOG_PATH: /home/denzelgfarmer/KernelSecurityBenchmarks/Microwave/microwave2/runners/aux_logfile.txt", "KERNEL_ARGS: console=ttyS0,115200 earlyprintk=serial,ttyS0,115200 ignore_loglevel root=/dev/vda1 nospectre_v1 spectre_v2=retpoline,generic spectre_v2_user=off retbleed=off pti=off spec_rstack_overflow=off", "+ '[' -z /home/denzelgfarmer/KernelSecurityBenchmarks/Microwave/.working/test_lmbench_retpoline_generic-linux.img ']'", "+ '[' -z /home/denzelgfarmer/KernelSecurityBenchmarks/Microwave/.working/temp/linux/install/boot/vmlinuz-6.8.0 ']'", "+ CORESET=2,3,4,5", "+ echo 'Booting image /home/denzelgfarmer/KernelSecurityBenchmarks/Microwave/.working/test_lmbench_retpoline_generic-linux.img (with kernel at /home/denzelgfarmer/KernelSecurityBenchmarks/Microwave/.working/temp/linux/install/boot/vmlinuz-6.8.0)...'", "Booting image /home/denzelgfarmer/KernelSecurityBenchmarks/Microwave/.working/test_lmbench_retpoline_generic-linux.img (with kernel at /home/denzelgfarmer/KernelSecurityBenchmarks/Microwave/.working/temp/linux/install/boot/vmlinuz-6.8.0)...", "+ taskset -c 2,3,4,5 qemu-system-x86_64 -enable-kvm -nodefaults -nographic -m 8192 -mem-prealloc -cpu host -smp 8,sockets=1,cores=8,threads=1 -kernel /home/denzelgfarmer/KernelSecurityBenchmarks/Microwave/.working/temp/linux/install/boot/vmlinuz-6.8.0 -append 'console=ttyS0,115200 earlyprintk=serial,ttyS0,115200 ignore_loglevel root=/dev/vda1 nospectre_v1 spectre_v2=retpoline,generic spectre_v2_user=off retbleed=off pti=off spec_rstack_overflow=off' -device virtio-blk-pci,drive=hd0 -blockdev driver=file,node-name=hd_file,filename=/home/denzelgfarmer/KernelSecurityBenchmarks/Microwave/.working/test_lmbench_retpoline_generic-linux.img -blockdev driver=qcow2,node-name=hd0,file=hd_file -device virtio-net-pci,netdev=net1 -netdev user,id=net1,hostfwd=tcp::2223-:22 -serial stdio -s -chardev file,id=log0,path=/home/denzelgfarmer/KernelSecurityBenchmarks/Microwave/microwave2/runners/aux_logfile.txt -device virtio-serial-pci,id=virtio-serial0 -device virtserialport,chardev=log0,name=host-port,bus=virtio-serial0.0", "\u001bc\u001b[?7l\u001b[2J\u001b[0mSeaBIOS (version 1.16.3-debian-1.16.3-2)", "", "", "iPXE (https://ipxe.org) 00:03.0 C000 PCI2.10 PnP PMM+BEFCACB0+BEF0ACB0 C000", "Press Ctrl-B to configure iPXE (PCI 00:03.0)...", "", "", "", "Booting from ROM..\u001bc\u001b[?7l\u001b[2JNo EFI environment detected.", "early console in extract_kernel", "input_data: 0x0000000002d582b9", "input_len: 0x0000000000c5df50", "output: 0x0000000001000000", "output_len: 0x000000000296c700", "kernel_total_size: 0x0000000002630000", "needed_size: 0x0000000002a00000", "trampoline_32bit: 0x0000000000000000", "Physical KASLR using RDRAND RDTSC...", "Virtual KASLR using RDRAND RDTSC...", "", "Decompressing Linux... Parsing ELF... Performing relocations... done.", "Booting the kernel (entry_offset: 0x0000000000000000).", "[    0.000000] Linux version 6.8.0 (denzelgfarmer@micro-lmbench-stressng) (gcc (Ubuntu 14.2.0-19ubuntu2) 14.2.0, GNU ld (GNU Binutils for Ubuntu) 2.44) #2 SMP PREEMPT_DYNAMIC Tue May 13 09:59:52 UTC 2025", "[    0.000000] Command line: console=ttyS0,115200 earlyprintk=serial,ttyS0,115200 ignore_loglevel root=/dev/vda1 nospectre_v1 spectre_v2=retpoline,generic spectre_v2_user=off retbleed=off pti=off spec_rstack_overflow=off", "[    0.000000] BIOS-provided physical RAM map:", "[    0.000000] BIOS-e820: [mem 0x0000000000000000-0x000000000009fbff] usable", "[    0.000000] BIOS-e820: [mem 0x000000000009fc00-0x000000000009ffff] reserved", "[    0.000000] BIOS-e820: [mem 0x00000000000f0000-0x00000000000fffff] reserved", "[    0.000000] BIOS-e820: [mem 0x0000000000100000-0x00000000bffdcfff] usable", "[    0.000000] BIOS-e820: [mem 0x00000000bffdd000-0x00000000bfffffff] reserved", "[    0.000000] BIOS-e820: [mem 0x00000000feffc000-0x00000000feffffff] reserved", "[    0.000000] BIOS-e820: [mem 0x00000000fffc0000-0x00000000ffffffff] reserved", "[    0.000000] BIOS-e820: [mem 0x0000000100000000-0x000000023fffffff] usable", "[    0.000000] printk: legacy bootconsole [earlyser0] enabled", "[    0.000000] printk: debug: ignoring loglevel setting.", "[    0.000000] NX (Execute Disable) protection: active", "[    0.000000] APIC: Static calls initialized", "[    0.000000] SMBIOS 2.8 present.", "[    0.000000] DMI: QEMU Ubuntu 25.04 PC (i440FX + PIIX, 1996), BIOS 1.16.3-debian-1.16.3-2 04/01/2014", "[    0.000000] Hypervisor detected: KVM", "[    0.000000] kvm-clock: Using msrs 4b564d01 and 4b564d00", "[    0.000002] kvm-clock: using sched offset of 2320654772 cycles", "[    0.003497] clocksource: kvm-clock: mask: 0xffffffffffffffff max_cycles: 0x1cd42e4dffb, max_idle_ns: 881590591483 ns", "[    0.014533] tsc: Detected 2800.272 MHz processor", "[    0.018366] e820: update [mem 0x00000000-0x00000fff] usable ==> reserved", "[    0.022922] e820: remove [mem 0x000a0000-0x000fffff] usable", "[    0.026798] last_pfn = 0x240000 max_arch_pfn = 0x400000000", "[    0.030906] MTRR map: 4 entries (3 fixed + 1 variable; max 19), built from 8 variable MTRRs", "[    0.036541] x86/PAT: Configuration [0-7]: WB  WC  UC- UC  WB  WP  UC- WT", "Memory KASLR using RDRAND RDTSC...", "[    0.043628] last_pfn = 0xbffdd max_arch_pfn = 0x400000000", "[    0.053188] found SMP MP-table at [mem 0x000f5470-0x000f547f]", "[    0.057098] Using GB pages for direct mapping", "[    0.060078] ACPI: Early table checksum verification disabled", "[    0.063858] ACPI: RSDP 0x00000000000F5270 000014 (v00 BOCHS )", "[    0.067753] ACPI: RSDT 0x00000000BFFE2565 000034 (v01 BOCHS  BXPC     00000001 BXPC 00000001)", "[    0.073475] ACPI: FACP 0x00000000BFFE23E1 000074 (v01 BOCHS  BXPC     00000001 BXPC 00000001)", "[    0.079274] ACPI: DSDT 0x00000000BFFE0040 0023A1 (v01 BOCHS  BXPC     00000001 BXPC 00000001)", "[    0.084976] ACPI: FACS 0x00000000BFFE0000 000040", "[    0.088068] ACPI: APIC 0x00000000BFFE2455 0000B0 (v03 BOCHS  BXPC     00000001 BXPC 00000001)", "[    0.093776] ACPI: HPET 0x00000000BFFE2505 000038 (v01 BOCHS  BXPC     00000001 BXPC 00000001)", "[    0.099450] ACPI: WAET 0x00000000BFFE253D 000028 (v01 BOCHS  BXPC     00000001 BXPC 00000001)", "[    0.105203] ACPI: Reserving FACP table memory at [mem 0xbffe23e1-0xbffe2454]", "[    0.109929] ACPI: Reserving DSDT table memory at [mem 0xbffe0040-0xbffe23e0]", "[    0.114679] ACPI: Reserving FACS table memory at [mem 0xbffe0000-0xbffe003f]", "[    0.119402] ACPI: Reserving APIC table memory at [mem 0xbffe2455-0xbffe2504]", "[    0.124117] ACPI: Reserving HPET table memory at [mem 0xbffe2505-0xbffe253c]", "[    0.128830] ACPI: Reserving WAET table memory at [mem 0xbffe253d-0xbffe2564]", "[    0.135268] No NUMA configuration found", "[    0.137832] Faking a node at [mem 0x0000000000000000-0x000000023fffffff]", "[    0.142284] NODE_DATA(0) allocated [mem 0x23fffc000-0x23fffffff]", "[    0.146547] Zone ranges:", "[    0.148263]   DMA      [mem 0x0000000000001000-0x0000000000ffffff]", "[    0.152401]   DMA32    [mem 0x0000000001000000-0x00000000ffffffff]", "[    0.156588]   Normal   [mem 0x0000000100000000-0x000000023fffffff]", "[    0.160755] Movable zone start for each node", "[    0.163605] Early memory node ranges", "[    0.166003]   node   0: [mem 0x0000000000001000-0x000000000009efff]", "[    0.170153]   node   0: [mem 0x0000000000100000-0x00000000bffdcfff]", "[    0.174388]   node   0: [mem 0x0000000100000000-0x000000023fffffff]", "[    0.178599] Initmem setup node 0 [mem 0x0000000000001000-0x000000023fffffff]", "[    0.183393] On node 0, zone DMA: 1 pages in unavailable ranges", "[    0.188311] On node 0, zone DMA: 97 pages in unavailable ranges", "[    0.716534] On node 0, zone Normal: 35 pages in unavailable ranges", "[    0.723391] ACPI: PM-Timer IO Port: 0x608", "[    0.726118] ACPI: LAPIC_NMI (acpi_id[0xff] dfl dfl lint[0x1])", "[    0.730155] IOAPIC[0]: apic_id 0, version 17, address 0xfec00000, GSI 0-23", "[    0.734758] ACPI: INT_SRC_OVR (bus 0 bus_irq 0 global_irq 2 dfl dfl)", "[    0.738999] ACPI: INT_SRC_OVR (bus 0 bus_irq 5 global_irq 5 high level)", "[    0.743412] ACPI: INT_SRC_OVR (bus 0 bus_irq 9 global_irq 9 high level)", "[    0.747848] ACPI: INT_SRC_OVR (bus 0 bus_irq 10 global_irq 10 high level)", "[    0.752417] ACPI: INT_SRC_OVR (bus 0 bus_irq 11 global_irq 11 high level)", "[    0.756987] ACPI: Using ACPI (MADT) for SMP configuration information", "[    0.761270] ACPI: HPET id: 0x8086a201 base: 0xfed00000", "[    0.764724] TSC deadline timer available", "[    0.767344] smpboot: Allowing 8 CPUs, 0 hotplug CPUs", "[    0.770739] kvm-guest: APIC: eoi() replaced with kvm_guest_apic_eoi_write()", "[    0.775395] kvm-guest: KVM setup pv remote TLB flush", "[    0.778753] kvm-guest: setup PV sched yield", "[    0.781582] PM: hibernation: Registered nosave memory: [mem 0x00000000-0x00000fff]", "[    0.786645] PM: hibernation: Registered nosave memory: [mem 0x0009f000-0x0009ffff]", "[    0.791670] PM: hibernation: Registered nosave memory: [mem 0x000a0000-0x000effff]", "[    0.796719] PM: hibernation: Registered nosave memory: [mem 0x000f0000-0x000fffff]", "[    0.801770] PM: hibernation: Registered nosave memory: [mem 0xbffdd000-0xbfffffff]", "[    0.806796] PM: hibernation: Registered nosave memory: [mem 0xc0000000-0xfeffbfff]", "[    0.811806] PM: hibernation: Registered nosave memory: [mem 0xfeffc000-0xfeffffff]", "[    0.816826] PM: hibernation: Registered nosave memory: [mem 0xff000000-0xfffbffff]", "[    0.821905] PM: hibernation: Registered nosave memory: [mem 0xfffc0000-0xffffffff]", "[    0.826976] [mem 0xc0000000-0xfeffbfff] available for PCI devices", "[    0.831054] Booting paravirtualized kernel on KVM", "[    0.834201] clocksource: refined-jiffies: mask: 0xffffffff max_cycles: 0xffffffff, max_idle_ns: 1910969940391419 ns", "[    0.846923] setup_percpu: NR_CPUS:64 nr_cpumask_bits:8 nr_cpu_ids:8 nr_node_ids:1", "[    0.860452] percpu: Embedded 55 pages/cpu s184552 r8192 d32536 u262144", "[    0.864897] pcpu-alloc: s184552 r8192 d32536 u262144 alloc=1*2097152", "[    0.869129] pcpu-alloc: [0] 0 1 2 3 4 5 6 7", "[    0.872100] Kernel command line: console=ttyS0,115200 earlyprintk=serial,ttyS0,115200 ignore_loglevel root=/dev/vda1 nospectre_v1 spectre_v2=retpoline,generic spectre_v2_user=off retbleed=off pti=off spec_rstack_overflow=off", "[    0.885591] Unknown kernel command line parameters \"spectre_v2=retpoline,generic spectre_v2_user=off pti=off\", will be passed to user space.", "[    0.894082] random: crng init done", "[    0.929462] Dentry cache hash table entries: 1048576 (order: 11, 8388608 bytes, linear)", "[    0.951575] Inode-cache hash table entries: 524288 (order: 10, 4194304 bytes, linear)", "[    0.957410] Fallback order for Node 0: 0", "[    0.957416] Built 1 zonelists, mobility grouping on.  Total pages: 2064093", "[    0.963656] Policy zone: Normal", "[    0.965440] mem auto-init: stack:all(zero), heap alloc:off, heap free:off", "[    0.969324] software IO TLB: area num 8.", "[    1.019234] Memory: 8136652K/8388076K available (18432K kernel code, 2735K rwdata, 6616K rodata, 2668K init, 1348K bss, 251164K reserved, 0K cma-reserved)", "[    1.027224] SLUB: HWalign=64, Order=0-3, MinObjects=0, CPUs=8, Nodes=1", "Poking KASLR using RDRAND RDTSC...", "[    1.034750] Dynamic Preempt: voluntary", "[    1.037009] rcu: Preemptible hierarchical RCU implementation.", "[    1.040312] rcu: \tRCU event tracing is enabled.", "[    1.042905] rcu: \tRCU restricting CPUs from NR_CPUS=64 to nr_cpu_ids=8.", "[    1.046677] \tTrampoline variant of Tasks RCU enabled.", "[    1.049525] rcu: RCU calculated value of scheduler-enlistment delay is 100 jiffies.", "[    1.053906] rcu: Adjusting geometry for rcu_fanout_leaf=16, nr_cpu_ids=8", "[    1.059194] NR_IRQS: 4352, nr_irqs: 488, preallocated irqs: 16", "[    1.062846] rcu: srcu_init: Setting srcu_struct sizes based on contention.", "[    1.067161] Console: colour *CGA 80x25", "[    1.069454] printk: legacy console [ttyS0] enabled", "[    1.069454] printk: legacy console [ttyS0] enabled", "[    1.075003] printk: legacy bootconsole [earlyser0] disabled", "[    1.075003] printk: legacy bootconsole [earlyser0] disabled", "[    1.081435] ACPI: Core revision 20230628", "[    1.084286] clocksource: hpet: mask: 0xffffffff max_cycles: 0xffffffff, max_idle_ns: 19112604467 ns", "[    1.089952] APIC: Switch to symmetric I/O mode setup", "[    1.092963] kvm-guest: APIC: send_IPI_mask() replaced with kvm_send_ipi_mask()", "[    1.097184] kvm-guest: APIC: send_IPI_mask_allbutself() replaced with kvm_send_ipi_mask_allbutself()", "[    1.102479] kvm-guest: setup PV IPIs", "[    1.111360] ..TIMER: vector=0x30 apic1=0 pin1=2 apic2=-1 pin2=-1", "[    1.115076] clocksource: tsc-early: mask: 0xffffffffffffffff max_cycles: 0x285d41d1c0f, max_idle_ns: 440795337668 ns", "[    1.121314] Calibrating delay loop (skipped) preset value.. 5600.54 BogoMIPS (lpj=2800272)", "[    1.124350] x86/cpu: User Mode Instruction Prevention (UMIP) activated", "[    1.125994] Last level iTLB entries: 4KB 0, 2MB 0, 4MB 0", "[    1.126312] Last level dTLB entries: 4KB 0, 2MB 0, 4MB 0, 1GB 0", "[    1.127356] Spectre V1 : Vulnerable: __user pointer sanitization and usercopy barriers only; no swapgs barriers", "[    1.128314] Spectre V2 : retpoline,generic selected on command line.", "[    1.129312] Spectre V2 : Mitigation: Retpolines", "[    1.130312] Spectre V2 : Spectre v2 / SpectreRSB mitigation: Filling RSB on context switch", "[    1.131312] Spectre V2 : Spectre v2 / SpectreRSB : Filling RSB on VMEXIT", "[    1.132311] Spectre V2 : Enabling Restricted Speculation for firmware calls", "[    1.133313] Spectre V2 : spectre_v2_user=off forced on command line.", "[    1.134313] Spectre V2 : User space: Vulnerable", "[    1.135312] Speculative Store Bypass: Mitigation: Speculative Store Bypass disabled via prctl", "[    1.136353] TAA: Vulnerable: Clear CPU buffers attempted, no microcode", "[    1.137312] MMIO Stale Data: Vulnerable: Clear CPU buffers attempted, no microcode", "[    1.138469] x86/fpu: Supporting XSAVE feature 0x001: 'x87 floating point registers'", "[    1.139314] x86/fpu: Supporting XSAVE feature 0x002: 'SSE registers'", "[    1.140312] x86/fpu: Supporting XSAVE feature 0x004: 'AVX registers'", "[    1.141312] x86/fpu: Supporting XSAVE feature 0x020: 'AVX-512 opmask'", "[    1.142312] x86/fpu: Supporting XSAVE feature 0x040: 'AVX-512 Hi256'", "[    1.143312] x86/fpu: Supporting XSAVE feature 0x080: 'AVX-512 ZMM_Hi256'", "[    1.144314] x86/fpu: xstate_offset[2]:  576, xstate_sizes[2]:  256", "[    1.145312] x86/fpu: xstate_offset[5]:  832, xstate_sizes[5]:   64", "[    1.146311] x86/fpu: xstate_offset[6]:  896, xstate_sizes[6]:  512", "[    1.147311] x86/fpu: xstate_offset[7]: 1408, xstate_sizes[7]: 1024", "[    1.148311] x86/fpu: Enabled xstate features 0xe7, context size is 2432 bytes, using 'compacted' format.", "[    1.168671] Freeing SMP alternatives memory: 48K", "[    1.169312] pid_max: default: 32768 minimum: 301", "[    1.170336] LSM: initializing lsm=capability,selinux,integrity", "[    1.171314] SELinux:  Initializing.", "[    1.172360] Mount-cache hash table entries: 16384 (order: 5, 131072 bytes, linear)", "[    1.173334] Mountpoint-cache hash table entries: 16384 (order: 5, 131072 bytes, linear)", "[    1.174790] smpboot: CPU0: Intel(R) Xeon(R) CPU @ 2.80GHz (family: 0x6, model: 0x55, stepping: 0x7)", "[    1.175495] RCU Tasks: Setting shift to 3 and lim to 1 rcu_task_cb_adjust=1.", "[    1.176348] Performance Events: unsupported p6 CPU model 85 no PMU driver, software events only.", "[    1.177481] signal: max sigframe size: 3632", "[    1.178376] rcu: Hierarchical SRCU implementation.", "[    1.179321] rcu: \tMax phase no-delay instances is 400.", "[    1.180544] smp: Bringing up secondary CPUs ...", "[    1.181524] smpboot: x86: Booting SMP configuration:", "[    1.182323] .... node  #0, CPUs:      #1 #2 #3 #4 #5 #6 #7", "[    1.207751] smp: Brought up 1 node, 8 CPUs", "[    1.209326] smpboot: Max logical packages: 1", "[    1.210320] smpboot: Total of 8 processors activated (44804.35 BogoMIPS)", "[    1.221469] devtmpfs: initialized", "[    1.222656] clocksource: jiffies: mask: 0xffffffff max_cycles: 0xffffffff, max_idle_ns: 1911260446275000 ns", "[    1.223334] futex hash table entries: 2048 (order: 5, 131072 bytes, linear)", "[    1.224719] PM: RTC time: 10:01:40, date: 2025-05-17", "[    1.225802] NET: Registered PF_NETLINK/PF_ROUTE protocol family", "[    1.226417] audit: initializing netlink subsys (disabled)", "[    1.227380] audit: type=2000 audit(1747476101.444:1): state=initialized audit_enabled=0 res=1", "[    1.227404] thermal_sys: Registered thermal governor 'step_wise'", "[    1.228323] thermal_sys: Registered thermal governor 'user_space'", "[    1.229339] cpuidle: using governor menu", "[    1.232139] PCI: Using configuration type 1 for base access", "[    1.232425] kprobes: kprobe jump-optimization is enabled. All kprobes are optimized if possible.", "[    1.234605] HugeTLB: registered 2.00 MiB page size, pre-allocated 0 pages", "[    1.235320] HugeTLB: 28 KiB vmemmap can be freed for a 2.00 MiB page", "[    1.236414] ACPI: Added _OSI(Module Device)", "[    1.237322] ACPI: Added _OSI(Processor Device)", "[    1.238320] ACPI: Added _OSI(3.0 _SCP Extensions)", "[    1.239320] ACPI: Added _OSI(Processor Aggregator Device)", "[    1.240863] ACPI: 1 ACPI AML tables successfully acquired and loaded", "[    1.242964] ACPI: _OSC evaluation for CPUs failed, trying _PDC", "[    1.243402] ACPI: Interpreter enabled", "[    1.244333] ACPI: PM: (supports S0 S3 S4 S5)", "[    1.245321] ACPI: Using IOAPIC for interrupt routing", "[    1.246341] PCI: Using host bridge windows from ACPI; if necessary, use \"pci=nocrs\" and report a bug", "[    1.247321] PCI: Using E820 reservations for host bridge windows", "[    1.248463] ACPI: Enabled 2 GPEs in block 00 to 0F", "[    1.251964] ACPI: PCI Root Bridge [PCI0] (domain 0000 [bus 00-ff])", "[    1.252327] acpi PNP0A03:00: _OSC: OS supports [ASPM ClockPM Segments MSI HPX-Type3]", "[    1.253325] acpi PNP0A03:00: _OSC: not requesting OS control; OS requires [ExtendedConfig ASPM ClockPM MSI]", "[    1.254335] acpi PNP0A03:00: fail to add MMCONFIG information, can't access extended configuration space under this bridge", "[    1.255458] PCI host bridge to bus 0000:00", "[    1.256322] pci_bus 0000:00: root bus resource [io  0x0000-0x0cf7 window]", "[    1.257321] pci_bus 0000:00: root bus resource [io  0x0d00-0xffff window]", "[    1.258321] pci_bus 0000:00: root bus resource [mem 0x000a0000-0x000bffff window]", "[    1.259322] pci_bus 0000:00: root bus resource [mem 0xc0000000-0xfebfffff window]", "[    1.260321] pci_bus 0000:00: root bus resource [mem 0x380000000000-0x38007fffffff window]", "[    1.261322] pci_bus 0000:00: root bus resource [bus 00-ff]", "[    1.262507] pci 0000:00:00.0: [8086:1237] type 00 class 0x060000 conventional PCI endpoint", "[    1.265255] pci 0000:00:01.0: [8086:7000] type 00 class 0x060100 conventional PCI endpoint", "[    1.268041] pci 0000:00:01.1: [8086:7010] type 00 class 0x010180 conventional PCI endpoint", "[    1.271806] pci 0000:00:01.1: BAR 4 [io  0xc0e0-0xc0ef]", "[    1.273945] pci 0000:00:01.1: BAR 0 [io  0x01f0-0x01f7]: legacy IDE quirk", "[    1.274324] pci 0000:00:01.1: BAR 1 [io  0x03f6]: legacy IDE quirk", "[    1.275322] pci 0000:00:01.1: BAR 2 [io  0x0170-0x0177]: legacy IDE quirk", "[    1.276323] pci 0000:00:01.1: BAR 3 [io  0x0376]: legacy IDE quirk", "[    1.277976] pci 0000:00:01.3: [8086:7113] type 00 class 0x068000 conventional PCI endpoint", "[    1.280591] pci 0000:00:01.3: quirk: [io  0x0600-0x063f] claimed by PIIX4 ACPI", "[    1.281378] pci 0000:00:01.3: quirk: [io  0x0700-0x070f] claimed by PIIX4 SMB", "[    1.283790] pci 0000:00:02.0: [1af4:1001] type 00 class 0x010000 conventional PCI endpoint", "[    1.286325] pci 0000:00:02.0: BAR 0 [io  0xc000-0xc07f]", "[    1.289322] pci 0000:00:02.0: BAR 1 [mem 0xfeb80000-0xfeb80fff]", "[    1.295323] pci 0000:00:02.0: BAR 4 [mem 0x380000000000-0x380000003fff 64bit pref]", "[    1.302265] pci 0000:00:03.0: [1af4:1000] type 00 class 0x020000 conventional PCI endpoint", "[    1.303347] pci 0000:00:03.0: BAR 0 [io  0xc0c0-0xc0df]", "[    1.305323] pci 0000:00:03.0: BAR 1 [mem 0xfeb81000-0xfeb81fff]", "[    1.310308] pci 0000:00:03.0: BAR 4 [mem 0x380000004000-0x380000007fff 64bit pref]", "[    1.311324] pci 0000:00:03.0: ROM [mem 0xfeb00000-0xfeb7ffff pref]", "[    1.316476] pci 0000:00:04.0: [1af4:1003] type 00 class 0x078000 conventional PCI endpoint", "[    1.318323] pci 0000:00:04.0: BAR 0 [io  0xc080-0xc0bf]", "[    1.320322] pci 0000:00:04.0: BAR 1 [mem 0xfeb82000-0xfeb82fff]", "[    1.324322] pci 0000:00:04.0: BAR 4 [mem 0x380000008000-0x38000000bfff 64bit pref]", "[    1.330516] ACPI: PCI: Interrupt link LNKA configured for IRQ 10", "[    1.331556] ACPI: PCI: Interrupt link LNKB configured for IRQ 10", "[    1.332559] ACPI: PCI: Interrupt link LNKC configured for IRQ 11", "[    1.333542] ACPI: PCI: Interrupt link LNKD configured for IRQ 11", "[    1.334455] ACPI: PCI: Interrupt link LNKS configured for IRQ 9", "[    1.336036] iommu: Default domain type: Translated", "[    1.336321] iommu: DMA domain TLB invalidation policy: lazy mode", "[    1.337396] SCSI subsystem initialized", "[    1.338355] libata version 3.00 loaded.", "[    1.339370] ACPI: bus type USB registered", "[    1.340339] usbcore: registered new interface driver usbfs", "[    1.341332] usbcore: registered new interface driver hub", "[    1.342336] usbcore: registered new device driver usb", "[    1.343341] pps_core: LinuxPPS API ver. 1 registered", "[    1.344320] pps_core: Software ver. 5.3.6 - Copyright 2005-2007 Rodolfo Giometti <giometti@linux.it>", "[    1.345328] PTP clock support registered", "[    1.346367] Advanced Linux Sound Architecture Driver Initialized.", "[    1.347483] NetLabel: Initializing", "[    1.348321] NetLabel:  domain hash size = 128", "[    1.349321] NetLabel:  protocols = UNLABELED CIPSOv4 CALIPSO", "[    1.350408] NetLabel:  unlabeled traffic allowed by default", "[    1.351400] PCI: Using ACPI for IRQ routing", "[    1.352321] PCI: pci_cache_line_size set to 64 bytes", "[    1.353876] e820: reserve RAM buffer [mem 0x0009fc00-0x0009ffff]", "[    1.354321] e820: reserve RAM buffer [mem 0xbffdd000-0xbfffffff]", "[    1.355370] vgaarb: loaded", "[    1.356412] hpet0: at MMIO 0xfed00000, IRQs 2, 8, 0", "[    1.357320] hpet0: 3 comparators, 64-bit 100.000000 MHz counter", "[    1.376415] clocksource: Switched to clocksource kvm-clock", "[    1.379720] VFS: Disk quotas dquot_6.6.0", "[    1.381962] VFS: Dquot-cache hash table entries: 512 (order 0, 4096 bytes)", "[    1.385873] pnp: PnP ACPI init", "[    1.387761] pnp 00:02: [dma 2]", "[    1.389916] pnp: PnP ACPI: found 5 devices", "[    1.408517] clocksource: acpi_pm: mask: 0xffffff max_cycles: 0xffffff, max_idle_ns: 2085701024 ns", "[    1.413665] NET: Registered PF_INET protocol family", "[    1.416657] IP idents hash table entries: 131072 (order: 8, 1048576 bytes, linear)", "[    1.422232] tcp_listen_portaddr_hash hash table entries: 4096 (order: 4, 65536 bytes, linear)", "[    1.426999] Table-perturb hash table entries: 65536 (order: 6, 262144 bytes, linear)", "[    1.431297] TCP established hash table entries: 65536 (order: 7, 524288 bytes, linear)", "[    1.435792] TCP bind hash table entries: 65536 (order: 9, 2097152 bytes, linear)", "[    1.440234] TCP: Hash tables configured (established 65536 bind 65536)", "[    1.443961] UDP hash table entries: 4096 (order: 5, 131072 bytes, linear)", "[    1.447759] UDP-Lite hash table entries: 4096 (order: 5, 131072 bytes, linear)", "[    1.451799] NET: Registered PF_UNIX/PF_LOCAL protocol family", "[    1.456734] RPC: Registered named UNIX socket transport module.", "[    1.460091] RPC: Registered udp transport module.", "[    1.462743] RPC: Registered tcp transport module.", "[    1.465402] RPC: Registered tcp-with-tls transport module.", "[    1.468426] RPC: Registered tcp NFSv4.1 backchannel transport module.", "[    1.472699] pci_bus 0000:00: resource 4 [io  0x0000-0x0cf7 window]", "[    1.476217] pci_bus 0000:00: resource 5 [io  0x0d00-0xffff window]", "[    1.479727] pci_bus 0000:00: resource 6 [mem 0x000a0000-0x000bffff window]", "[    1.483558] pci_bus 0000:00: resource 7 [mem 0xc0000000-0xfebfffff window]", "[    1.487450] pci_bus 0000:00: resource 8 [mem 0x380000000000-0x38007fffffff window]", "[    1.491724] pci 0000:00:01.0: PIIX3: Enabling Passive Release", "[    1.494951] pci 0000:00:00.0: Limiting direct PCI/PCI transfers", "[    1.498621] PCI: CLS 0 bytes, default 64", "[    1.500885] PCI-DMA: Using software bounce buffering for IO (SWIOTLB)", "[    1.504507] software IO TLB: mapped [mem 0x00000000bbfdd000-0x00000000bffdd000] (64MB)", "[    1.510116] RAPL PMU: API unit is 2^-32 Joules, 0 fixed counters, 10737418240 ms ovfl timer", "[    1.514853] clocksource: tsc: mask: 0xffffffffffffffff max_cycles: 0x285d41d1c0f, max_idle_ns: 440795337668 ns", "[    1.525260] Initialise system trusted keyrings", "[    1.528107] workingset: timestamp_bits=56 max_order=21 bucket_order=0", "[    1.532066] NFS: Registering the id_resolver key type", "[    1.534958] Key type id_resolver registered", "[    1.537320] Key type id_legacy registered", "[    1.539782] 9p: Installing v9fs 9p2000 file system support", "[    1.555869] Key type asymmetric registered", "[    1.558190] Asymmetric key parser 'x509' registered", "[    1.560919] Block layer SCSI generic (bsg) driver version 0.4 loaded (major 251)", "[    1.564976] io scheduler mq-deadline registered", "[    1.567493] io scheduler kyber registered", "[    1.571045] input: Power Button as /devices/LNXSYSTM:00/LNXPWRBN:00/input/input0", "[    1.575180] ACPI: button: Power Button [PWRF]", "[    1.578829] ACPI: \\_SB_.LNKB: Enabled at IRQ 10", "[    1.586022] ACPI: \\_SB_.LNKC: Enabled at IRQ 11", "[    1.593025] ACPI: \\_SB_.LNKD: Enabled at IRQ 11", "[    1.599752] Serial: 8250/16550 driver, 4 ports, IRQ sharing enabled", "[    1.603769] 00:03: ttyS0 at I/O 0x3f8 (irq = 4, base_baud = 115200) is a 16550A", "[    1.644460] Non-volatile memory driver v1.3", "[    1.646887] Linux agpgart interface v0.103", "[    1.649343] ACPI: bus type drm_connector registered", "[    1.656767] loop: module loaded", "[    1.659015] virtio_blk virtio0: 8/0/0 default/read/poll queues", "[    1.670362] virtio_blk virtio0: [vda] 52428800 512-byte logical blocks (26.8 GB/25.0 GiB)", "[    1.678150]  vda: vda1 vda14 vda15 vda16", "[    1.681355] ata_piix 0000:00:01.1: version 2.13", "[    1.685869] scsi host0: ata_piix", "[    1.688456] scsi host1: ata_piix", "[    1.690383] ata1: PATA max MWDMA2 cmd 0x1f0 ctl 0x3f6 bmdma 0xc0e0 irq 14 lpm-pol 0", "[    1.694655] ata2: PATA max MWDMA2 cmd 0x170 ctl 0x376 bmdma 0xc0e8 irq 15 lpm-pol 0", "[    1.703780] e100: Intel(R) PRO/100 Network Driver", "[    1.706437] e100: Copyright(c) 1999-2006 Intel Corporation", "[    1.709441] e1000: Intel(R) PRO/1000 Network Driver", "[    1.712136] e1000: Copyright (c) 1999-2006 Intel Corporation.", "[    1.715364] e1000e: Intel(R) PRO/1000 Network Driver", "[    1.718073] e1000e: Copyright(c) 1999 - 2015 Intel Corporation.", "[    1.721342] sky2: driver version 1.30", "[    1.723764] usbcore: registered new interface driver usblp", "[    1.726867] usbcore: registered new interface driver usb-storage", "[    1.730208] i8042: PNP: PS/2 Controller [PNP0303:KBD,PNP0f13:MOU] at 0x60,0x64 irq 1,12", "[    1.737278] serio: i8042 KBD port at 0x60,0x64 irq 1", "[    1.740054] serio: i8042 AUX port at 0x60,0x64 irq 12", "[    1.743351] rtc_cmos 00:04: RTC can wake from S4", "[    1.748796] input: AT Translated Set 2 keyboard as /devices/platform/i8042/serio0/input/input1", "[    1.753889] rtc_cmos 00:04: registered as rtc0", "[    1.756917] rtc_cmos 00:04: alarms up to one day, y3k, 242 bytes nvram, hpet irqs", "[    1.761701] device-mapper: ioctl: 4.48.0-ioctl (2023-03-01) initialised: dm-devel@redhat.com", "[    1.766446] intel_pstate: CPU model not supported", "[    1.769260] hid: raw HID events driver (C) Jiri Kosina", "[    1.772281] usbcore: registered new interface driver usbhid", "[    1.775474] usbhid: USB HID core driver", "[    1.780019] Initializing XFRM netlink socket", "[    1.782556] NET: Registered PF_INET6 protocol family", "[    1.786458] Segment Routing with IPv6", "[    1.788765] In-situ OAM (IOAM) with IPv6", "[    1.791153] sit: IPv6, IPv4 and MPLS over IPv4 tunneling driver", "[    1.794824] NET: Registered PF_PACKET protocol family", "[    1.797829] 9pnet: Installing 9P2000 support", "[    1.800385] Key type dns_resolver registered", "[    1.806323] IPI shorthand broadcast: enabled", "[    1.810537] sched_clock: Marking stable (1761017843, 48566620)->(2210889509, -401305046)", "[    1.815695] registered taskstats version 1", "[    1.818069] Loading compiled-in X.509 certificates", "[    1.822623] PM:   Magic number: 9:292:22", "[    1.824906] printk: legacy console [netcon0] enabled", "[    1.827721] netconsole: network logging started", "[    1.830331] cfg80211: Loading compiled-in X.509 certificates for regulatory database", "[    1.834989] kworker/u16:2 (86) used greatest stack depth: 14464 bytes left", "[    1.836069] Loaded X.509 cert 'sforshee: 00b28ddf47aef9cea7'", "[    1.842158] Loaded X.509 cert 'wens: 61c038651aabdcf94bd0ac7ff06c7248db18c600'", "[    1.846251] platform regulatory.0: Direct firmware load for regulatory.db failed with error -2", "[    1.850719] ALSA device list:", "[    1.851004] cfg80211: failed to load regulatory.db", "[    1.852716]   No soundcards found.", "[    2.432632] input: ImExPS/2 Generic Explorer Mouse as /devices/platform/i8042/serio1/input/input3", "[    2.436416] md: Waiting for all devices to be available before autodetect", "[    2.438864] md: If you don't use raid, use raid=noautodetect", "[    2.440880] md: Autodetecting RAID arrays.", "[    2.442360] md: autorun ...", "[    2.443431] md: ... autorun DONE.", "[    2.446931] EXT4-fs (vda1): mounted filesystem c8107c30-aa3b-40eb-bd2a-416a91df85e7 ro with ordered data mode. Quota mode: none.", "[    2.450947] VFS: Mounted root (ext4 filesystem) readonly on device 253:1.", "[    2.453682] devtmpfs: mounted", "[    2.455923] Freeing unused kernel image (initmem) memory: 2668K", "[    2.458025] Write protecting the kernel read-only data: 26624k", "[    2.461164] Freeing unused kernel image (rodata/data gap) memory: 1576K", "[    2.507390] x86/mm: Checked W+X mappings: passed, no W+X pages found.", "[    2.509687] Run /sbin/init as init process", "[    2.511203]   with arguments:", "[    2.512336]     /sbin/init", "[    2.513372]   with environment:", "[    2.514598]     HOME=/", "[    2.515502]     TERM=linux", "[    2.516511]     spectre_v2=retpoline,generic", "[    2.518064]     spectre_v2_user=off", "[    2.519382]     pti=off", "SELinux:  Could not open policy file <= /etc/selinux/targeted/policy/policy.33:  No such file or directory", "[    2.757432] systemd[1]: systemd 255.4-1ubuntu8.6 running in system mode (+PAM +AUDIT +SELINUX +APPARMOR +IMA +SMACK +SECCOMP +GCRYPT -GNUTLS +OPENSSL +ACL +BLKID +CURL +ELFUTILS +FIDO2 +IDN2 -IDN +IPTC +KMOD +LIBCRYPTSETUP +LIBFDISK +PCRE2 -PWQUALITY +P11KIT +QRENCODE +TPM2 +BZIP2 +LZ4 +XZ +ZLIB +ZSTD -BPF_FRAMEWORK -XKBCOMMON +UTMP +SYSVINIT default-hierarchy=unified)", "[    2.768445] systemd[1]: Detected virtualization kvm.", "[    2.770334] systemd[1]: Detected architecture x86-64.", "", "Welcome to \u001b[1mUbuntu 24.04.2 LTS\u001b[0m!", "", "", "[    2.789456] systemd[1]: Hostname set to <ubuntu-testing>.", "[    2.814386] snapd-env-gener (92) used greatest stack depth: 13216 bytes left", "[    2.846379] systemd-veritys (109) used greatest stack depth: 13168 bytes left", "[    2.951179] cloud-init-gene (95) used greatest stack depth: 12960 bytes left", "[    3.111771] systemd[1]: Queued start job for default target graphical.target.", "[    3.126214] systemd[1]: Created slice system-modprobe.slice - Slice /system/modprobe.", "[\u001b[0;32m  OK  \u001b[0m] Created slice \u001b[0;1;39msystem-modprobe.slice\u001b[0m - Slice /system/modprobe.", "", "[    3.132818] systemd[1]: Created slice system-serial\\x2dgetty.slice - Slice /system/serial-getty.", "[\u001b[0;32m  OK  \u001b[0m] Created slice \u001b[0;1;39msystem-serial\\x2dget\u2026slice\u001b[0m - Slice /system/serial-getty.", "", "[    3.139847] systemd[1]: Created slice system-systemd\\x2dfsck.slice - Slice /system/systemd-fsck.", "[\u001b[0;32m  OK  \u001b[0m] Created slice \u001b[0;1;39msystem-systemd\\x2dfs\u2026slice\u001b[0m - Slice /system/systemd-fsck.", "", "[    3.147005] systemd[1]: Created slice user.slice - User and Session Slice.", "[\u001b[0;32m  OK  \u001b[0m] Created slice \u001b[0;1;39muser.slice\u001b[0m - User and Session Slice.", "", "[    3.152673] systemd[1]: Started systemd-ask-password-console.path - Dispatch Password Requests to Console Directory Watch.", "[\u001b[0;32m  OK  \u001b[0m] Started \u001b[0;1;39msystemd-ask-password-conso\u2026\u001b[0mequests to Console Directory Watch.", "", "[    3.160336] systemd[1]: Started systemd-ask-password-wall.path - Forward Password Requests to Wall Directory Watch.", "[\u001b[0;32m  OK  \u001b[0m] Started \u001b[0;1;39msystemd-ask-password-wall.\u2026\u001b[0md Requests to Wall Directory Watch.", "", "[    3.167759] systemd[1]: Set up automount proc-sys-fs-binfmt_misc.automount - Arbitrary Executable File Formats File System Automount Point.", "[\u001b[0;32m  OK  \u001b[0m] Set up automount \u001b[0;1;39mproc-sys-fs-binfm\u2026\u001b[0mormats File System Automount Point.", "", "[    3.175763] systemd[1]: Expecting device dev-disk-by\\x2dlabel-BOOT.device - /dev/disk/by-label/BOOT...", "Expecting device \u001b[0;1;39mdev-disk-by\\x2dla\u2026device\u001b[0m - /dev/disk/by-label/BOOT...", "", "[    3.182249] systemd[1]: Expecting device dev-disk-by\\x2dlabel-UEFI.device - /dev/disk/by-label/UEFI...", "Expecting device \u001b[0;1;39mdev-disk-by\\x2dla\u2026device\u001b[0m - /dev/disk/by-label/UEFI...", "", "[    3.188658] systemd[1]: Expecting device dev-ttyS0.device - /dev/ttyS0...", "Expecting device \u001b[0;1;39mdev-ttyS0.device\u001b[0m - /dev/ttyS0...", "", "[    3.193619] systemd[1]: Reached target cryptsetup.target - Local Encrypted Volumes.", "[\u001b[0;32m  OK  \u001b[0m] Reached target \u001b[0;1;39mcryptsetup.target\u001b[0m - Local Encrypted Volumes.", "", "[    3.199274] systemd[1]: Reached target integritysetup.target - Local Integrity Protected Volumes.", "[\u001b[0;32m  OK  \u001b[0m] Reached target \u001b[0;1;39mintegritysetup.targ\u2026\u001b[0m Local Integrity Protected Volumes.", "", "[    3.205736] systemd[1]: Reached target remote-fs.target - Remote File Systems.", "[\u001b[0;32m  OK  \u001b[0m] Reached target \u001b[0;1;39mremote-fs.target\u001b[0m - Remote File Systems.", "", "[    3.211134] systemd[1]: Reached target slices.target - Slice Units.", "[\u001b[0;32m  OK  \u001b[0m] Reached target \u001b[0;1;39mslices.target\u001b[0m - Slice Units.", "", "[    3.215910] systemd[1]: Reached target snapd.mounts-pre.target - Mounting snaps.", "[\u001b[0;32m  OK  \u001b[0m] Reached target \u001b[0;1;39msnapd.mounts-pre.target\u001b[0m - Mounting snaps.", "", "[    3.221441] systemd[1]: Reached target snapd.mounts.target - Mounted snaps.", "[\u001b[0;32m  OK  \u001b[0m] Reached target \u001b[0;1;39msnapd.mounts.target\u001b[0m - Mounted snaps.", "", "[    3.226761] systemd[1]: Reached target swap.target - Swaps.", "[\u001b[0;32m  OK  \u001b[0m] Reached target \u001b[0;1;39mswap.target\u001b[0m - Swaps.", "", "[    3.231107] systemd[1]: Reached target veritysetup.target - Local Verity Protected Volumes.", "[\u001b[0;32m  OK  \u001b[0m] Reached target \u001b[0;1;39mveritysetup.target\u001b[0m - Local Verity Protected Volumes.", "", "[    3.237619] systemd[1]: Listening on systemd-fsckd.socket - fsck to fsckd communication Socket.", "[\u001b[0;32m  OK  \u001b[0m] Listening on \u001b[0;1;39msystemd-fsckd.socket\u001b[0m \u2026fsck to fsckd communication Socket.", "", "[    3.244176] systemd[1]: Listening on systemd-initctl.socket - initctl Compatibility Named Pipe.", "[\u001b[0;32m  OK  \u001b[0m] Listening on \u001b[0;1;39msystemd-initctl.socke\u2026\u001b[0m- initctl Compatibility Named Pipe.", "", "[    3.250849] systemd[1]: Listening on systemd-journald-dev-log.socket - Journal Socket (/dev/log).", "[\u001b[0;32m  OK  \u001b[0m] Listening on \u001b[0;1;39msystemd-journald-dev-\u2026socket\u001b[0m - Journal Socket (/dev/log).", "", "[    3.257478] systemd[1]: Listening on systemd-journald.socket - Journal Socket.", "[\u001b[0;32m  OK  \u001b[0m] Listening on \u001b[0;1;39msystemd-journald.socket\u001b[0m - Journal Socket.", "", "[    3.263038] systemd[1]: Listening on systemd-networkd.socket - Network Service Netlink Socket.", "[\u001b[0;32m  OK  \u001b[0m] Listening on \u001b[0;1;39msystemd-networkd.socket\u001b[0m - Network Service Netlink Socket.", "", "[    3.269496] systemd[1]: systemd-pcrextend.socket - TPM2 PCR Extension (Varlink) was skipped because of an unmet condition check (ConditionSecurity=measured-uki).", "[    3.275013] systemd[1]: Listening on systemd-udevd-control.socket - udev Control Socket.", "[\u001b[0;32m  OK  \u001b[0m] Listening on \u001b[0;1;39msystemd-udevd-control.socket\u001b[0m - udev Control Socket.", "", "[    3.281265] systemd[1]: Listening on systemd-udevd-kernel.socket - udev Kernel Socket.", "[\u001b[0;32m  OK  \u001b[0m] Listening on \u001b[0;1;39msystemd-udevd-kernel.socket\u001b[0m - udev Kernel Socket.", "", "[    3.296708] systemd[1]: Mounting dev-hugepages.mount - Huge Pages File System...", "Mounting \u001b[0;1;39mdev-hugepages.mount\u001b[0m - Huge Pages File System...", "", "[    3.306639] systemd[1]: Mounting dev-mqueue.mount - POSIX Message Queue File System...", "Mounting \u001b[0;1;39mdev-mqueue.mount\u001b[0m - POSIX Message Queue File System...", "", "[    3.312975] systemd[1]: Mounting sys-kernel-debug.mount - Kernel Debug File System...", "Mounting \u001b[0;1;39msys-kernel-debug.mount\u001b[0m - Kernel Debug File System...", "", "[    3.319482] systemd[1]: Mounting sys-kernel-tracing.mount - Kernel Trace File System...", "Mounting \u001b[0;1;39msys-kernel-tracing.mo[    3.323436] systemd[1]: systemd-journald.service: unit configures an IP firewall, but the local system does not support BPF/cgroup firewalling.", "unt\u001b[0m - Kernel[    3.328154] systemd[1]: systemd-journald.service: (This warning is only shown for the first unit using IP firewalling.)", "Trace File System...", "", "[    3.333348] systemd[1]: Starting systemd-journald.service - Journal Service...", "Starting \u001b[0;1;39msystemd-journald.service\u001b[0m - Journal Service...", "", "[    3.339370] systemd[1]: Starting keyboard-setup.service - Set the console keyboard layout...", "Starting \u001b[0;1;39mkeyboard-setup.servic[    3.343494] systemd[1]: kmod-static-nodes.service - Create List of Static Device Nodes was skipped because of an unmet condition check (ConditionFileNotEmpty=/lib/modules/6.8.0/modules.devname).", "e\u001b[0m - Set the console keyboard layout...", "", "[    3.351422] systemd[1]: Starting modprobe@configfs.service - Load Kernel Module configfs...", "Starting \u001b[0;1;39mmodprobe@configfs.service\u001b[0m - Load Kernel Module configfs...", "", "[    3.358695] systemd[1]: Starting modprobe@dm_mod.service - Load Kernel Module dm_mod...", "Starting \u001b[0;1;39mmodprobe@dm_mod.service\u001b[0m - Load Kernel Module dm_mod...", "", "[    3.368987] systemd[1]: Starting modprobe@drm.service - Load Kernel Module drm...", "Starting \u001b[0;1;39mmodprobe@drm.service\u001b[0m - Load Kernel Module drm...", "", "[    3.376779] systemd[1]: Starting modprobe@efi_pstore.service - Load Kernel Module efi_pstore...", "Starting \u001b[0;1;39mmodprobe@efi_pstore.servi\u2026\u001b[0m - Load Kernel Module efi_pstore...", "", "[    3.387771] systemd[1]: Starting modprobe@fuse.service - Load Kernel Module fuse...", "Starting \u001b[0;1;39mmodprobe@fuse.service\u001b[0m - Load Kernel Module fuse...", "", "[    3.395240] systemd[1]: Starting modprobe@loop.service - Load Kernel Module loop...", "Starting \u001b[0;1;39mmodprobe@loop.service\u001b[0m - Load Kernel Module loop...", "", "[    3.401111] systemd[1]: netplan-ovs-cleanup.service - OpenVSwitch configuration for cleanup was skipped because of an unmet condition check (ConditionFileIsExecutable=/usr/bin/ovs-vsctl).", "[    3.408087] systemd[1]: Starting systemd-fsck-root.service - File System Check on Root Device...", "Starting \u001b[0;1;39msystemd-fsck-root.service\u001b[0m\u2026File System Check on Root Device...", "", "[    3.416493] systemd[1]: Starting systemd-modules-load.service - Load Kernel Modules...", "Starting \u001b[0;1;39msystemd-modules-load.[    3.421598] systemd[1]: systemd-pcrmachine.service - TPM2 PCR Machine ID Measurement was skipped because of an unmet condition check (ConditionSecurity=measured-uki).", "service\u001b[0m - Load Kernel Module[    3.428528] systemd[1]: Starting systemd-tmpfiles-setup-dev-early.service - Create Static Device Nodes in /dev gracefully...", "s...", "", "Starting \u001b[0;1;39msystemd-tmpfiles-setup-de\u2026\u001b[0m Devi[    3.435284] systemd[1]: systemd-tpm2-setup-early.service - TPM2 SRK Setup (Early) was skipped because of an unmet condition check (ConditionSecurity=measured-uki).", "ce Nodes in /dev gracefully...", "", "[    3.441909] systemd[1]: Starting systemd-udev-trigger.service - Coldplug All udev Devices...", "Starting \u001b[0;1;39msystemd-udev-trigger.service\u001b[0m - Coldplug All udev
[    3.447343] systemd[1]: Mounted dev-hugepages.mount - Huge Pages File System.", "Devices...", "", "[\u001b[0;32m  OK  \u001b[0m] Mounted \u001b[0;1;39mdev-hugepages.mount\u001b[0m - H[    3.453524] systemd[1]: Mounted dev-mqueue.mount - POSIX Message Queue File System.", "uge Pages File System.", "", "[\u001b[0;32m  OK  \u001b[0m] Mounted \u001b[0;1;39mdev-mqueue.mount\u001b[0m - POSI[    3.461565] systemd[1]: Mounted sys-kernel-debug.mount - Kernel Debug File System.", "X Message Queue File System.", "", "[\u001b[0;32m  OK  \u001b[0m] Mounted \u001b[0;1;39msys-kernel-debug.mount\u001b[0m - Kernel Debug File System.", "", "[    3.473140] systemd[1]: Mounted sys-kernel-tracing.mount - Kernel Trace File System.", "[\u001b[0;32m  OK  \u001b[0m] Mounted \u001b[0;1;39msys-kernel-tracing.mount\u001b[0m - Kernel Trace File System.", "", "[    3.480332] systemd[1]: Finished keyboard-setup.service - Set the console keyboard layout.", "[\u001b[0;32m  OK  \u001b[0m] Finished \u001b[0;1;39mkeyboard-setup.service\u001b[0m - Set the console keyboard layout.", "", "[    3.491406] systemd[1]: modprobe@configfs.service: Deactivated successfully.", "[    3.493204] systemd-journald[130]: Collecting audit messages is disabled.", "[    3.495624] systemd[1]: Finished modprobe@configfs.service - Load Kernel Module configfs.", "[\u001b[0;32m  OK  \u001b[0m] Finished \u001b[0;1;39mmodprobe@configfs.service\u001b[0m - Load Kernel Module configfs.", "", "[    3.506322] systemd[1]: modprobe@dm_mod.service: Deactivated successfully.", "[    3.509019] systemd[1]: Finished modprobe@dm_mod.service - Load Kernel Module dm_mod.", "[\u001b[0;32m  OK  \u001b[0m] Finished \u001b[0;1;39mmodprobe@dm_mod.service\u001b[0m - Load Kernel Module dm_mod.", "", "[    3.515555] systemd[1]: modprobe@drm.service: Deactivated successfully.", "[    3.518237] systemd[1]: Finished modprobe@drm.service - Load Kernel Module drm.", "[\u001b[0;32m  OK  \u001b[0m] Finished \u001b[0;1;39mmodprobe@drm.service\u001b[0m - Load Kernel Module drm.", "", "[    3.526535] systemd[1]: Started systemd-journald.service - Journal Service.", "[\u001b[0;32m  OK  \u001b[0m] Started \u001b[0;1;39msystemd-journald.service\u001b[0m - Journal Service.", "", "[\u001b[0;32m  OK  \u001b[0m] Finished \u001b[0;1;39mmodprobe@efi_pstore.service\u001b[0m - Load Kernel Module efi_pstore.", "", "[\u001b[0;32m  OK  \u001b[0m] Finished \u001b[0;1;39mmodprobe@fuse.service\u001b[0m - Load Kernel Module fuse.", "", "[\u001b[0;32m  OK  \u001b[0m] Finished \u001b[0;1;39mmodprobe@loop.service\u001b[0m - Load Kernel Module loop.", "", "[\u001b[0;32m  OK  \u001b[0m] Finished \u001b[0;1;39msystemd-fsck-root.service\u001b[0m - File System Check on Root Device.", "", "[\u001b[0;32m  OK  \u001b[0m] Finished \u001b[0;1;39msystemd-modules-load.service\u001b[0m - Load Kernel Modules.", "", "[\u001b[0;32m  OK  \u001b[0m] Finished \u001b[0;1;39msystemd-tmpfiles-setup-de\u2026\u001b[0mic Device Nodes in /dev gracefully.", "", "[\u001b[0;32m  OK  \u001b[0m] Finished \u001b[0;1;39msystemd-udev-trigger.service\u001b[0m - Coldplug All udev Devices.", "", "[\u001b[0;32m  OK  \u001b[0m] Started \u001b[0;1;39msystemd-fsckd.service\u001b[0m - Fi\u2026stem Check Daemon to report status.", "", "Starting \u001b[0;1;39msystemd-remount-fs.servic\u2026\u001b[0munt Root and Kernel File Systems...", "", "Starting \u001b[0;1;39msystemd-sysctl.service\u001b[0m - Apply Kernel Variables...", "", "[\u001b[0;32m  OK  \u001b[0m] Finished \u001b[0;1;39msystemd-sysctl.service\u001b[0m - Apply Kernel Variables.", "", "[    3.621357] EXT4-fs (vda1): re-mounted c8107c30-aa3b-40eb-bd2a-416a91df85e7 r/w. Quota mode: none.", "[\u001b[0;32m  OK  \u001b[0m] Finished \u001b[0;1;39msystemd-remount-fs.servic\u2026\u001b[0mmount Root and Kernel File Systems.", "", "Starting \u001b[0;1;39msystemd-journal-flush.ser\u2026\u001b[0msh Journal to Persistent Storage...", "", "Starting \u001b[0;1;39msystemd-random-seed.service\u001b[0m - Load/Save OS Random Seed...", "", "[    3.649993] systemd-journald[130]: Received client request to flush runtime journal.", "Starting \u001b[0;1;39msystemd-sysusers.service\u001b[0m - Create System Users...", "", "[\u001b[0;32m  OK  \u001b[0m] Finished \u001b[0;1;39msystemd-random-seed.service\u001b[0m - Load/Save OS Random Seed.", "", "[\u001b[0;32m  OK  \u001b[0m] Finished \u001b[0;1;39msystemd-sysusers.service\u001b[0m - Create System Users.", "", "Starting \u001b[0;1;39msystemd-tmpfiles-setup-de\u2026\u001b[0meate Static Device Nodes in /dev...", "", "[    3.682056] systemd-journald[130]: /var/log/journal/26d7b7c94826499bb6e00a5f602ee679/system.journal: Journal file uses a different sequence number ID, rotating.", "[    3.686973] systemd-journald[130]: Rotating system journal.", "[\u001b[0;32m  OK  \u001b[0m] Finished \u001b[0;1;39msystemd-tmpfiles-setup-de\u2026\u001b[0mCreate Static Device Nodes in /dev.", "", "[\u001b[0;32m  OK  \u001b[0m] Reached target \u001b[0;1;39mlocal-fs-pre.target\u001b[0m\u2026Preparation for Local File Systems.", "", "Starting \u001b[0;1;39msystemd-udevd.service\u001b[0m - R\u2026ager for Device Events and Files...", "", "[\u001b[0;32m  OK  \u001b[0m] Finished \u001b[0;1;39msystemd-journal-flush.ser\u2026\u001b[0mlush Journal to Persistent Storage.", "", "[\u001b[0;32m  OK  \u001b[0m] Started \u001b[0;1;39msystemd-udevd.service\u001b[0m - Ru\u2026anager for Device Events and Files.", "", "Starting \u001b[0;1;39msystemd-networkd.service\u001b[0m - Network Configuration...", "", "[\u001b[0;32m  OK  \u001b[0m] Found device \u001b[0;1;39mdev-ttyS0.device\u001b[0m - /dev/ttyS0.", "", "[    3.925212] virtio_net virtio1 ens3: renamed from eth0", "[\u001b[0;32m  OK  \u001b[0m] Listening on \u001b[0;1;39msystemd-rfkill.socket\u001b[0m\u2026ll Switch Status /dev/rfkill Watch.", "", "[\u001b[0;32m  OK  \u001b[0m] Found device \u001b[0;1;39mdev-disk-by\\x2dlabel-\u2026I.device\u001b[0m - /dev/disk/by-label/UEFI.", "", "[\u001b[0;32m  OK  \u001b[0m] Found device \u001b[0;1;39mdev-disk-by\\x2dlabel-\u2026T.device\u001b[0m - /dev/disk/by-label/BOOT.", "", "Starting \u001b[0;1;39msystemd-fsck@dev-disk-by\\\u2026\u001b[0mCheck on /dev/disk/by-label/BOOT...", "", "[\u001b[0;32m  OK  \u001b[0m] Started \u001b[0;1;39msystemd-networkd.service\u001b[0m - Network Configuration.", "", "[\u001b[0;32m  OK  \u001b[0m] Finished \u001b[0;1;39msystemd-fsck@dev-disk-by\\\u2026\u001b[0mm Check on /dev/disk/by-label/BOOT.", "", "Mounting \u001b[0;1;39mboot.mount\u001b[0m - /boot...", "", "[    4.031760] EXT4-fs (vda16): mounted filesystem 7164fb69-891e-447e-91ac-9486a0886759 r/w with ordered data mode. Quota mode: none.", "[\u001b[0;32m  OK  \u001b[0m] Mounted \u001b[0;1;39mboot.mount\u001b[0m - /boot.", "", "Mounting \u001b[0;1;39mboot-efi.mount\u001b[0m - /boot/efi...", "", "[    4.056358] FAT-fs (vda15): Volume was not properly unmounted. Some data may be corrupt. Please run fsck.", "[\u001b[0;32m  OK  \u001b[0m] Mounted \u001b[0;1;39mboot-efi.mount\u001b[0m - /boot/efi.", "", "[\u001b[0;32m  OK  \u001b[0m] Reached target \u001b[0;1;39mlocal-fs.target\u001b[0m - Local File Systems.", "", "[\u001b[0;32m  OK  \u001b[0m] Listening on \u001b[0;1;39msystemd-sysext.socket\u001b[0m\u2026tension Image Management (Varlink).", "", "Starting \u001b[0;1;39mconsole-setup.service\u001b[0m - Set console font and keymap...", "", "Starting \u001b[0;1;39mldconfig.service\u001b[0m - Rebuild Dynamic Linker Cache...", "", "Starting \u001b[0;1;39msystemd-binfmt.service\u001b[0m - Set Up Additional Binary Formats...", "", "Starting \u001b[0;1;39msystemd-tmpfiles-setup.se\u2026\u001b[0me Volatile Files and Directories...", "", "[\u001b[0;32m  OK  \u001b[0m] Finished \u001b[0;1;39mconsole-setup.service\u001b[0m - Set console font and keymap.", "", "Mounting \u001b[0;1;39mproc-sys-fs-binfmt_misc.m\u2026\u001b[0mcutable File Formats File System...", "", "[\u001b[0;32m  OK  \u001b[0m] Mounted \u001b[0;1;39mproc-sys-fs-binfmt_misc.mo\u2026\u001b[0mxecutable File Formats File System.", "", "[\u001b[0;32m  OK  \u001b[0m] Finished \u001b[0;1;39msystemd-bi[    4.128075] systemd-tmpfile (257) used greatest stack depth: 12824 bytes left", "nfmt.service\u001b[0m - Set Up Additional Binary Formats.", "", "[\u001b[0;32m  OK  \u001b[0m] Finished \u001b[0;1;39msystemd-tmpfiles-setup.se\u2026\u001b[0mate Volatile Files and Directories.", "", "Starting \u001b[0;1;39msystemd-journal-catalog-u\u2026ervice\u001b[0m - Rebuild Journal Catalog...", "", "Starting \u001b[0;1;39msystemd-resolved.service\u001b[0m - Network Name Resolution...", "", "Starting \u001b[0;1;39msystemd-timesyncd.service\u001b[0m - Network Time Synchronization...", "", "Starting \u001b[0;1;39msystemd-update-utmp.servi\u2026\u001b[0mord System Boot/Shutdown in UTMP...", "", "[\u001b[0;32m  OK  \u001b[0m] Finished \u001b[0;1;39mldconfig.service\u001b[0m - Rebuild Dynamic Linker Cache.", "", "[\u001b[0;32m  OK  \u001b[0m] Finished \u001b[0;1;39msystemd-update-utmp.servi\u2026\u001b[0mecord System Boot/Shutdown in UTMP.", "", "[\u001b[0;32m  OK  \u001b[0m] Finished \u001b[0;1;39msystemd-journal-catalog-u\u2026.service\u001b[0m - Rebuild Journal Catalog.", "", "Starting \u001b[0;1;39msystemd-update-done.service\u001b[0m - Update is Completed...", "", "[\u001b[0;32m  OK  \u001b[0m] Finished \u001b[0;1;39msystemd-update-done.service\u001b[0m - Update is Completed.", "", "[\u001b[0;32m  OK  \u001b[0m] Started \u001b[0;1;39msystemd-timesyncd.service\u001b[0m - Network Time Synchronization.", "", "[\u001b[0;32m  OK  \u001b[0m] Reached target \u001b[0;1;39mtime-set.target\u001b[0m - System Time Set.", "", "[\u001b[0;32m  OK  \u001b[0m] Started \u001b[0;1;39msystemd-resolved.service\u001b[0m - Network Name Resolution.", "", "[\u001b[0;32m  OK  \u001b[0m] Reached target \u001b[0;1;39mnetwork.target\u001b[0m - Network.", "", "[\u001b[0;32m  OK  \u001b[0m] Reached target \u001b[0;1;39mnss-lookup.target\u001b[0m - Host and Network Name Lookups.", "", "[\u001b[0;32m  OK  \u001b[0m] Reached target \u001b[0;1;39msysinit.target\u001b[0m - System Initialization.", "", "[\u001b[0;32m  OK  \u001b[0m] Started \u001b[0;1;39mapt-daily.timer\u001b[0m - Daily apt download activities.", "", "[\u001b[0;32m  OK  \u001b[0m] Started \u001b[0;1;39mapt-daily-upgrade.timer\u001b[0m - \u2026y apt upgrade and clean activities.", "", "[\u001b[0;32m  OK  \u001b[0m] Started \u001b[0;1;39mdpkg-db-backup.timer\u001b[0m - Daily dpkg database backup timer.", "", "[\u001b[0;32m  OK  \u001b[0m] Started \u001b[0;1;39me2scrub_all.timer\u001b[0m - Period\u2026Metadata Check for All Filesystems.", "", "[\u001b[0;32m  OK  \u001b[0m] Started \u001b[0;1;39mfstrim.timer\u001b[0m - Discard unused filesystem blocks once a week.", "", "[\u001b[0;32m  OK  \u001b[0m] Started \u001b[0;1;39mmotd-news.timer\u001b[0m - Message of the Day.", "", "[\u001b[0;32m  OK  \u001b[0m] Started \u001b[0;1;39mphpsessionclean.timer\u001b[0m - Clean PHP session files every 30 mins.", "", "[\u001b[0;32m  OK  \u001b[0m] Started \u001b[0;1;39msystemd-tmpfiles-clean.tim\u2026\u001b[0my Cleanup of Temporary Directories.", "", "[\u001b[0;32m  OK  \u001b[0m] Reached target \u001b[0;1;39mpaths.target\u001b[0m - Path Units.", "", "[\u001b[0;32m  OK  \u001b[0m] Reached target \u001b[0;1;39mtimers.target\u001b[0m - Timer Units.", "", "[\u001b[0;32m  OK  \u001b[0m] Listening on \u001b[0;1;39mdbus.socket\u001b[0m - D-Bus System Message Bus Socket.", "", "Starting \u001b[0;1;39mlxd-installer.socket\u001b[0m - He\u2026er to install lxd snap on demand...", "", "Starting \u001b[0;1;39msnapd.socket\u001b[0m - Socket activation for snappy daemon...", "", "[\u001b[0;32m  OK  \u001b[0m] Listening on \u001b[0;1;39mssh.socket\u001b[0m - OpenBSD Secure Shell server socket.", "", "[\u001b[0;32m  OK  \u001b[0m] Listening on \u001b[0;1;39mlxd-installer.socket\u001b[0m \u2026lper to install lxd snap on demand.", "", "[\u001b[0;32m  OK  \u001b[0m] Listening on \u001b[0;1;39msnapd.socket\u001b[0m - Socket activation for snappy daemon.", "", "[\u001b[0;32m  OK  \u001b[0m] Reached target \u001b[0;1;39msockets.target\u001b[0m - Socket Units.", "", "[\u001b[0;32m  OK  \u001b[0m] Reached target \u001b[0;1;39mbasic.target\u001b[0m - Basic System.", "", "Starting \u001b[0;1;39mapport.service\u001b[0m - automatic crash report generation...", "", "Starting \u001b[0;1;39mdbus.service\u001b[0m - D-Bus System Message Bus...", "", "Starting \u001b[0;1;39me2scrub_reap.service\u001b[0m - Re\u2026ne ext4 Metadata Check Snapshots...", "", "Starting \u001b[0;1;39mgrub-common.service\u001b[0m - Record successful boot for GRUB...", "", "Starting \u001b[0;1;39mphpsessionclean.service\u001b[0m - Clean php session files...", "", "[\u001b[0;32m  OK  \u001b[0m] Reached target \u001b[0;1;39mgetty-pre.target\u001b[0m - Preparation for Logins.", "", "Starting \u001b[0;1;39msnapd.seeded.service\u001b[0m - Wait until snapd is fully seeded...", "", "Starting \u001b[0;1;39msnapd.service\u001b[0m - Snap Daemon...", "", "Starting \u001b[0;1;39msystemd-logind.service\u001b[0m - User Login Management...", "", "Starting \u001b[0;1;39msystemd-user-sessions.service\u001b[0m - Permit User Sessions...", "", "[\u001b[0;32m  OK  \u001b[0m] Finished \u001b[0;1;39me2scrub_reap.service\u001b[0m - Re\u2026line ext4 Metadata Check Snapshots.", "", "[\u001b[0;32m  OK  \u001b[0m] Started \u001b[0;1;39mdbus.service\u001b[0m - D-Bus System Message Bus.", "", "[\u001b[0;32m  OK  \u001b[0m] Finished \u001b[0;1;39msystemd-user-sessions.service\u001b[0m - Permit User Sessions.", "", "[\u001b[0;32m  OK  \u001b[0m] Started \u001b[0;1;39mserial-getty@ttyS0.service\u001b[0m - Serial Getty on ttyS0.", "", "Starting \u001b[0;1;39msetvtrgb.service\u001b[0m - Set console scheme...", "", "[\u001b[0;32m  OK  \u001b[0m] Finished \u001b[0;1;39msetvtrgb.service\u001b[0m - Set console scheme.", "", "[\u001b[0;32m  OK  \u001b[0m] Finished \u001b[0;1;39mgrub-common.service\u001b[0m - Record successful boot for GRUB.", "", "[\u001b[0;32m  OK  \u001b[0m] Started \u001b[0;1;39msystemd-logind.service\u001b[0m - User Login Management.", "", "[\u001b[0;32m  OK  \u001b[0m] Created slice \u001b[0;1;39msystem-getty.slice\u001b[0m - Slice /system/getty.", "", "[\u001b[0;32m  OK  \u001b[0m] Started \u001b[0;1;39mgetty@tty1.service\u001b[0m - Getty on tty1.", "", "[\u001b[0;32m  OK  \u001b[0m] Reached target \u001b[0;1;39mgetty.target\u001b[0m - Login Prompts.", "", "Starting \u001b[0;1;39mgrub-initrd-fallback.service\u001b[0m - GRUB failed boot detection...", "", "[\u001b[0;32m  OK  \u001b[0m] Started \u001b[0;1;39munattended-upgrades.service\u001b[0m - Unattended Upgrades Shutdown.", "", "[\u001b[0;32m  OK  \u001b[0m] Finished \u001b[0;1;39mgrub-initrd-fallback.service\u001b[0m - GRUB failed boot detection.", "", "[\u001b[0;32m  OK  \u001b[0m] Finished \u001b[0;1;39mphpsessionclean.service\u001b[0m - Clean php session files.", "", "[    4.934371] loop0: detected capacity change from 0 to 8", "[\u001b[0;32m  OK  \u001b[0m] Finished \u001b[0;1;39mapport.service\u001b[0m - automatic crash report generation.", "", "[\u001b[0;32m  OK  \u001b[0m] Started \u001b[0;1;39msnapd.service\u001b[0m - Snap Daemon.", "", "Starting \u001b[0;1;39msystemd-timedated.service\u001b[0m - Time & Date Service...", "", "[\u001b[0;32m  OK  \u001b[0m] Started \u001b[0;1;39msystemd-timedated.service\u001b[0m - Time & Date Service.", "", "[\u001b[0;32m  OK  \u001b[0m] Finished \u001b[0;1;39msnapd.seeded.service\u001b[0m - Wait until snapd is fully seeded.", "", "[\u001b[0;32m  OK  \u001b[0m] Reached target \u001b[0;1;39mmulti-user.target\u001b[0m - Multi-User System.", "", "[\u001b[0;32m  OK  \u001b[0m] Reached target \u001b[0;1;39mgraphical.target\u001b[0m - Graphical Interface.", "", "Starting \u001b[0;1;39msystemd-update-utmp-runle\u2026\u001b[0m- Record Runlevel Change in UTMP...", "", "[\u001b[0;32m  OK  \u001b[0m] Finished \u001b[0;1;39msystemd-update-utmp-runle\u2026e\u001b[0m - Record Runlevel Change in UTMP.", "", "", "", "Ubuntu 24.04.2 LTS ubuntu-testing ttyS0", "", "ubuntu-testing login: root (automatic login)", "", "", "Welcome to Ubuntu 24.04.2 LTS (GNU/Linux 6.8.0 x86_64)", "", "* Documentation:  https://help.ubuntu.com", "* Management:     https://landscape.canonical.com", "* Support:        https://ubuntu.com/pro", "", "This system has been minimized by removing packages and content that are", "not required on a system that users do not log into.", "", "To restore this content, you can run the 'unminimize' command.", "[    5.443876] MICROWAVE FRAMEWORK TESTER", "[    5.445903] [TAG: RUNNING STRESSNG-BENCH]", "[    5.447408] Starting stressng-bench...", "[    8.252374] (udev-worker) (199) used greatest stack depth: 12768 bytes left", "[  555.118260] sched: RT throttling activated", "[  589.141801] sched: RT throttling activated", "[  623.182580] sched: RT throttling activated", "[  657.220397] sched: RT throttling activated", "[  691.278787] sched: RT throttling activated", "[  725.294699] sched: RT throttling activated", "[  759.346136] sched: RT throttling activated", "[  793.359248] sched: RT throttling activated", "[  827.395474] sched: RT throttling activated", "[  861.431159] sched: RT throttling activated", "[  895.463432] sched: RT throttling activated", "[  929.507115] sched: RT throttling activated", "[  963.560151] sched: RT throttling activated", "[  997.620355] sched: RT throttling activated", "[ 1031.661490] sched: RT throttling activated", "[ 1924.145155] hrtimer: interrupt took 5123430 ns", "[ 1973.149366] hrtimer: interrupt took 3519828 ns", "[ 1992.459460] hrtimer: interrupt took 3524415 ns", "[ 2028.723151] hrtimer: interrupt took 1841577 ns", "[ 2107.896349] hrtimer: interrupt took 5489868 ns", "[ 3145.808929] hrtimer: interrupt took 3504823 ns", "[ 3158.460389] sched: DL replenish lagged too much", "[ 3216.419720] hrtimer: interrupt took 6047188 ns", "[ 3557.300476] hrtimer: interrupt took 3017996 ns", "[ 3655.534200] Latest saved result: 2025-05-16-2226", "[ 3655.759736]", "[ 3655.839951] 2025-05-16-2226", "[ 3655.839951] KVM QEMU testing on Ubuntu 24.04 via the Phoronix Test Suite.", "[ 3655.839951]", "[ 3655.839951]", "[ 3655.839951] 2025-05-16 22:26:", "[ 3655.839951]", "[ 3655.839951] \tProcessor: QEMU Virtual 2.5+ (4 Cores), Motherboard: QEMU Ubuntu 25.04 PC (i440FX + PIIX 1996) (1.16.3-debian-1.16.3-2 BIOS), Chipset: Intel 440FX 82441FX PMC, Memory: 1 x 8 GB RAM QEMU, Disk: 24GB, Network: Red Hat Virtio device", "[ 3655.839951]", "[ 3655.839951] \tOS: Ubuntu 24.04, Kernel: 6.8.0-59-generic (x86_64), Compiler: GCC 13.3.0, File-System: ext4, System Layer: KVM QEMU", "[ 3655.839951]", "[ 3655.856218]", "sh: 1: kill: No such process", "", "[ 3658.135147] [TAG: STRESSNG-BENCH COMPLETE]", "[ 3658.136756] MICROWAVE FRAMEWORK TESTER", "\u001b[?2004hroot@ubuntu-testing:~#          Stopping \u001b[0;1;39msession-1.scope\u001b[0m - Session 1 of User root...", "", "\u001b[?2004l", "[\u001b[0;32m  OK  \u001b[0m] Removed slice \u001b[0;1;39msystem-modprobe.slice\u001b[0m - Slice /system/modprobe.", "", "[\u001b[0;32m  OK  \u001b[0m] Stopped target \u001b[0;1;39mgraphical.target\u001b[0m - Graphical Interface.", "", "[\u001b[0;32m  OK  \u001b[0m] Stopped target \u001b[0;1;39mmulti-user.target\u001b[0m - Multi-User System.", "", "[\u001b[0;32m  OK  \u001b[0m] Stopped target \u001b[0;1;39mgetty.target\u001b[0m - Login Prompts.", "", "[\u001b[0;32m  OK  \u001b[0m] Stopped target \u001b[0;1;39mnss-lookup.target\u001b[0m - Host and Network Name Lookups.", "", "[\u001b[0;32m  OK  \u001b[0m] Stopped target \u001b[0;1;39mtimers.target\u001b[0m - Timer Units.", "", "[\u001b[0;32m  OK  \u001b[0m] Stopped \u001b[0;1;39mapt-daily-upgrade.timer\u001b[0m - \u2026y apt upgrade and clean activities.", "", "[\u001b[0;32m  OK  \u001b[0m] Stopped \u001b[0;1;39mapt-daily.timer\u001b[0m - Daily apt download activities.", "", "[\u001b[0;32m  OK  \u001b[0m] Stopped \u001b[0;1;39mdpkg-db-backup.timer\u001b[0m - Daily dpkg database backup timer.", "", "[\u001b[0;32m  OK  \u001b[0m] Stopped \u001b[0;1;39me2scrub_all.timer\u001b[0m - Period\u2026Metadata Check for All Filesystems.", "", "[\u001b[0;32m  OK  \u001b[0m] Stopped \u001b[0;1;39mfstrim.timer\u001b[0m - Discard unused filesystem blocks once a week.", "", "[\u001b[0;32m  OK  \u001b[0m] Stopped \u001b[0;1;39mmotd-news.timer\u001b[0m - Message of the Day.", "", "[\u001b[0;32m  OK  \u001b[0m] Stopped \u001b[0;1;39mphpsessionclean.timer\u001b[0m - Clean PHP session files every 30 mins.", "", "[\u001b[0;32m  OK  \u001b[0m] Stopped \u001b[0;1;39msystemd-tmpfiles-clean.tim\u2026\u001b[0my Cleanup of Temporary Directories.", "", "[\u001b[0;32m  OK  \u001b[0m] Stopped target \u001b[0;1;39mtime-set.target\u001b[0m - System Time Set.", "", "[\u001b[0;32m  OK  \u001b[0m] Closed \u001b[0;1;39msystemd-rfkill.socket\u001b[0m - Loa\u2026ll Switch Status /dev/rfkill Watch.", "", "\u001b[?2004h\u001b[?2004l", "", "Stopping \u001b[0;1;39mapport.service\u001b[0m - automatic crash report generation...", "", "Stopping \u001b[0;1;39mgetty@tty1.service\u001b[0m - Getty on tty1...", "", "Stopping \u001b[0;1;39mserial-getty@ttyS0.service\u001b[0m - Serial Getty on ttyS0...", "", "[\u001b[0;32m  OK  \u001b[0m] Stopped \u001b[0;1;39msnapd.seeded.service\u001b[0m - Wait until snapd is fully seeded.", "", "Stopping \u001b[0;1;39msystemd-random-seed.service\u001b[0m - Load/Save OS Random Seed...", "", "[\u001b[0;32m  OK  \u001b[0m] Stopped \u001b[0;1;39mserial-getty@ttyS0.service\u001b[0m - Serial Getty on ttyS0.", "", "[\u001b[0;32m  OK  \u001b[0m] Stopped \u001b[0;1;39mgetty@tty1.service\u001b[0m - Getty on tty1.", "", "[\u001b[0;32m  OK  \u001b[0m] Stopped \u001b[0;1;39msession-1.scope\u001b[0m - Session 1 of User root.", "", "[\u001b[0;32m  OK  \u001b[0m] Removed slice \u001b[0;1;39msystem-getty.slice\u001b[0m - Slice /system/getty.", "", "[\u001b[0;32m  OK  \u001b[0m] Removed slice \u001b[0;1;39msystem-serial\\x2dget\u2026slice\u001b[0m - Slice /system/serial-getty.", "", "[\u001b[0;32m  OK  \u001b[0m] Stopped target \u001b[0;1;39mgetty-pre.target\u001b[0m - Preparation for Logins.", "", "Stopping \u001b[0;1;39msystemd-logind.service\u001b[0m - User Login Management...", "", "Stopping \u001b[0;1;39msystemd-user-sessions.service\u001b[0m - Permit User Sessions...", "", "Stopping \u001b[0;1;39muser@0.service\u001b[0m - User Manager for UID 0...", "", "[\u001b[0;32m  OK  \u001b[0m] Stopped \u001b[0;1;39msystemd-random-seed.service\u001b[0m - Load/Save OS Random Seed.", "", "[\u001b[0;32m  OK  \u001b[0m] Stopped \u001b[0;1;39msystemd-user-sessions.service\u001b[0m - Permit User Sessions.", "", "[\u001b[0;32m  OK  \u001b[0m] Stopped target \u001b[0;1;39mnetwork.target\u001b[0m - Network.", "", "Stopping \u001b[0;1;39msystemd-networkd.service\u001b[0m - Network Configuration...", "", "[\u001b[0;32m  OK  \u001b[0m] Stopped \u001b[0;1;39muser@0.service\u001b[0m - User Manager for UID 0.", "", "[\u001b[0;32m  OK  \u001b[0m] Stopped \u001b[0;1;39msystemd-networkd.service\u001b[0m - Network Configuration.", "", "[\u001b[0;32m  OK  \u001b[0m] Stopped \u001b[0;1;39mapport.service\u001b[0m - automatic crash report generation.", "", "[\u001b[0;32m  OK  \u001b[0m] Stopped \u001b[0;1;39msystemd-logind.service\u001b[0m - User Login Management.", "", "[\u001b[0;32m  OK  \u001b[0m] Stopped target \u001b[0;1;39mremote-fs.target\u001b[0m - Remote File Systems.", "", "Stopping \u001b[0;1;39muser-runtime-dir@0.servic\u2026\u001b[0mer Runtime Directory /run/user/0...", "", "[\u001b[0;32m  OK  \u001b[0m] Unmounted \u001b[0;1;39mrun-user-0.mount\u001b[0m - /run/user/0.", "", "[\u001b[0;32m  OK  \u001b[0m] Stopped \u001b[0;1;39muser-runtime-dir@0.service\u001b[0m\u2026User Runtime Directory /run/user/0.", "", "[\u001b[0;32m  OK  \u001b[0m] Removed slice \u001b[0;1;39muser-0.slice\u001b[0m - User Slice of UID 0.", "", "[\u001b[0;32m  OK  \u001b[0m] Stopped target \u001b[0;1;39mbasic.target\u001b[0m - Basic System.", "", "[\u001b[0;32m  OK  \u001b[0m] Stopped target \u001b[0;1;39mpaths.target\u001b[0m - Path Units.", "", "[\u001b[0;32m  OK  \u001b[0m] Stopped target \u001b[0;1;39mslices.target\u001b[0m - Slice Units.", "", "[\u001b[0;32m  OK  \u001b[0m] Removed slice \u001b[0;1;39muser.slice\u001b[0m - User and Session Slice.", "", "[\u001b[0;32m  OK  \u001b[0m] Stopped target \u001b[0;1;39msockets.target\u001b[0m - Socket Units.", "", "[\u001b[0;32m  OK  \u001b[0m] Closed \u001b[0;1;39mlxd-installer.socket\u001b[0m - Helper to install lxd snap on demand.", "", "[\u001b[0;32m  OK  \u001b[0m] Closed \u001b[0;1;39msnapd.socket\u001b[0m - Socket activation for snappy daemon.", "", "[\u001b[0;32m  OK  \u001b[0m] Closed \u001b[0;1;39mssh.socket\u001b[0m - OpenBSD Secure Shell server socket.", "", "[\u001b[0;32m  OK  \u001b[0m] Stopped target \u001b[0;1;39msysinit.target\u001b[0m - System Initialization.", "", "[\u001b[0;32m  OK  \u001b[0m] Stopped target \u001b[0;1;39mcryptsetup.target\u001b[0m - Local Encrypted Volumes.", "", "[\u001b[0;32m  OK  \u001b[0m] Stopped \u001b[0;1;39msystemd-ask-password-conso\u2026\u001b[0mequests to Console Directory Watch.", "", "[\u001b[0;32m  OK  \u001b[0m] Stopped \u001b[0;1;39msystemd-ask-password-wall.\u2026\u001b[0md Requests to Wall Directory Watch.", "", "[\u001b[0;32m  OK  \u001b[0m] Stopped target \u001b[0;1;39mintegritysetup.targ\u2026\u001b[0m Local Integrity Protected Volumes.", "", "[\u001b[0;32m  OK  \u001b[0m] Stopped target \u001b[0;1;39mswap.target\u001b[0m - Swaps.", "", "[\u001b[0;32m  OK  \u001b[0m] Stopped target \u001b[0;1;39mveritysetup.target\u001b[0m - Local Verity Protected Volumes.", "", "[\u001b[0;32m  OK  \u001b[0m] Closed \u001b[0;1;39msystemd-networkd.socket\u001b[0m - Network Service Netlink Socket.", "", "Stopping \u001b[0;1;39msystemd-binfmt.service\u001b[0m - Set Up Additional Binary Formats...", "", "Stopping \u001b[0;1;39msystemd-resolved.service\u001b[0m - Network Name Resolution...", "", "Stopping \u001b[0;1;39msystemd-timesyncd.service\u001b[0m - Network Time Synchronization...", "", "[\u001b[0;32m  OK  \u001b[0m] Stopped \u001b[0;1;39msystemd-update-done.service\u001b[0m - Update is Completed.", "", "[\u001b[0;32m  OK  \u001b[0m] Stopped \u001b[0;1;39mldconfig.service\u001b[0m - Rebuild Dynamic Linker Cache.", "", "[\u001b[0;32m  OK  \u001b[0m] Stopped \u001b[0;1;39msystemd-journal-catalog-up\u2026.service\u001b[0m - Rebuild Journal Catalog.", "", "Stopping \u001b[0;1;39msystemd-update-utmp.servi\u2026\u001b[0mord System Boot/Shutdown in UTMP...", "", "[\u001b[0;32m  OK  \u001b[0m] Stopped \u001b[0;1;39msystemd-resolved.service\u001b[0m - Network Name Resolution.", "", "[\u001b[0;32m  OK  \u001b[0m] Stopped \u001b[0;1;39msystemd-timesyncd.service\u001b[0m - Network Time Synchronization.", "", "[\u001b[0;32m  OK  \u001b[0m] Stopped \u001b[0;1;39msystemd-binfmt.service\u001b[0m - Set Up Additional Binary Formats.", "", "[\u001b[0;32m  OK  \u001b[0m] Stopped \u001b[0;1;39msystemd-update-utmp.servic\u2026\u001b[0mecord System Boot/Shutdown in UTMP.", "", "[\u001b[0;32m  OK  \u001b[0m] Unset automount \u001b[0;1;39mproc-sys-fs-binfmt\u2026\u001b[0mormats File System Automount Point.", "", "[\u001b[0;32m  OK  \u001b[0m] Stopped \u001b[0;1;39msystemd-sysctl.service\u001b[0m - Apply Kernel Variables.", "", "[\u001b[0;32m  OK  \u001b[0m] Stopped \u001b[0;1;39msystemd-modules-load.service\u001b[0m - Load Kernel Modules.", "", "[\u001b[0;32m  OK  \u001b[0m] Stopped \u001b[0;1;39msystemd-tmpfiles-setup.ser\u2026\u001b[0mate Volatile Files and Directories.", "", "[\u001b[0;32m  OK  \u001b[0m] Stopped target \u001b[0;1;39mlocal-fs.target\u001b[0m - Local File Systems.", "", "[\u001b[0;32m  OK  \u001b[0m] Stopped target \u001b[0;1;39msnapd.mounts.target\u001b[0m - Mounted snaps.", "", "[\u001b[0;32m  OK  \u001b[0m] Stopped target \u001b[0;1;39msnapd.mounts-pre.target\u001b[0m - Mounting snaps.", "", "Unmounting \u001b[0;1;39mboot-efi.mount\u001b[0m - /boot/efi...", "", "[\u001b[0;32m  OK  \u001b[0m] Unmounted \u001b[0;1;39mboot-efi.mount\u001b[0m - /boot/efi.", "", "Unmounting \u001b[0;1;39mboot.mount\u001b[0m - /boot...", "", "[ 3658.630795] EXT4-fs (vda16): unmounting filesystem 7164fb69-891e-447e-91ac-9486a0886759.", "[\u001b[0;32m  OK  \u001b[0m] Unmounted \u001b[0;1;39mboot.mount\u001b[0m - /boot.", "", "[\u001b[0;32m  OK  \u001b[0m] Reached target \u001b[0;1;39mumount.target\u001b[0m - Unmount All Filesystems.", "", "[\u001b[0;32m  OK  \u001b[0m] Stopped \u001b[0;1;39msystemd-fsck@dev-disk-by\\x\u2026\u001b[0mm Check on /dev/disk/by-label/BOOT.", "", "[\u001b[0;32m  OK  \u001b[0m] Removed slice \u001b[0;1;39msystem-systemd\\x2dfs\u2026slice\u001b[0m - Slice /system/systemd-fsck.", "", "[\u001b[0;32m  OK  \u001b[0m] Stopped target \u001b[0;1;39mlocal-fs-pre.target\u001b[0m\u2026Preparation for Local File Systems.", "", "[\u001b[0;32m  OK  \u001b[0m] Stopped \u001b[0;1;39msystemd-tmpfiles-setup-dev\u2026\u001b[0mCreate Static Device Nodes in /dev.", "", "[\u001b[0;32m  OK  \u001b[0m] Stopped \u001b[0;1;39msystemd-sysusers.service\u001b[0m - Create System Users.", "", "[\u001b[0;32m  OK  \u001b[0m] Stopped \u001b[0;1;39msystemd-remount-fs.service\u001b[0m\u2026mount Root and Kernel File Systems.", "", "[\u001b[0;32m  OK  \u001b[0m] Stopped \u001b[0;1;39msystemd-fsck-root.service\u001b[0m - File System Check on Root Device.", "", "[\u001b[0;32m  OK  \u001b[0m] Stopped \u001b[0;1;39msystemd-tmpfiles-setup-dev\u2026\u001b[0mic Device Nodes in /dev gracefully.", "", "[\u001b[0;32m  OK  \u001b[0m] Reached target \u001b[0;1;39mshutdown.target\u001b[0m - System Shutdown.", "", "[\u001b[0;32m  OK  \u001b[0m] Reached target \u001b[0;1;39mfinal.target\u001b[0m - Late Shutdown Services.", "", "[\u001b[0;32m  OK  \u001b[0m] Finished \u001b[0;1;39msystemd-poweroff.service\u001b[0m - System Power Off.", "", "[\u001b[0;32m  OK  \u001b[0m] Reached target \u001b[0;1;39mpoweroff.target\u001b[0m - System Power Off.", "", "[ 3658.945585] systemd-shutdown[1]: Syncing filesystems and block devices.", "[ 3658.959655] systemd-shutdown[1]: Sending SIGTERM to remaining processes...", "[ 3658.964713] systemd-journald[130]: Received SIGTERM from PID 1 (systemd-shutdow).", "[ 3658.976090] systemd-shutdown[1]: Sending SIGKILL to remaining processes...", "[ 3658.982110] systemd-shutdown[1]: Unmounting file systems.", "[ 3658.984642] (sd-remount)[3203361]: Remounting '/' read-only with options 'discard,errors=remount-ro,commit=30'.", "[ 3659.002204] EXT4-fs (vda1): re-mounted c8107c30-aa3b-40eb-bd2a-416a91df85e7 ro. Quota mode: none.", "[ 3659.016613] systemd-shutdown[1]: All filesystems unmounted.", "[ 3659.018658] systemd-shutdown[1]: Deactivating swaps.", "[ 3659.020550] systemd-shutdown[1]: All swaps deactivated.", "[ 3659.022426] systemd-shutdown[1]: Detaching loop devices.", "[ 3659.025403] systemd-shutdown[1]: All loop devices detached.", "[ 3659.027424] systemd-shutdown[1]: Stopping MD devices.", "[ 3659.029304] systemd-shutdown[1]: All MD devices stopped.", "[ 3659.031183] systemd-shutdown[1]: Detaching DM devices.", "[ 3659.033092] systemd-shutdown[1]: All DM devices detached.", "[ 3659.035000] systemd-shutdown[1]: All filesystems, swaps, loop devices, MD devices and DM devices detached.", "[ 3659.038804] systemd-shutdown[1]: Syncing filesystems and block devices.", "[ 3659.041178] systemd-shutdown[1]: Powering off.", "[ 3659.044466] ACPI: PM: Preparing to enter system sleep state S5", "[ 3659.046760] reboot: Power down", "Aux log file:", "", "", "", "Stress-NG 0.18.09:", "pts/stress-ng-1.13.0", "System Test Configuration", "1:  CPU Stress", "2:  Crypto", "3:  Memory Copying", "4:  Glibc Qsort Data Sorting", "5:  Glibc C String Functions", "6:  Vector Math", "7:  Matrix Math", "8:  Forking", "9:  System V Message Passing", "10: Semaphores", "11: Socket Activity", "12: Context Switching", "13: Atomic", "14: CPU Cache", "15: Malloc", "16: MEMFD", "17: MMAP", "18: NUMA", "19: x86_64 RdRand", "20: SENDFILE", "21: IO_uring", "22: Futex", "23: Mutex", "24: Function Call", "25: Poll", "26: Hash", "27: Pthread", "28: Zlib", "29: Floating Point", "30: Fused Multiply-Add", "31: Pipe", "32: Matrix 3D Math", "33: AVL Tree", "34: Vector Floating Point", "35: Vector Shuffle", "36: Wide Vector Math", "37: Cloning", "38: AVX-512 VNNI", "39: Mixed Scheduler", "40: Exponential Math", "41: Fractal Generator", "42: Logarithmic Math", "43: Power Math", "44: Trigonometric Math", "45: Jpeg Compression", "46: Bitonic Integer Sort", "47: Radix String Sort", "48: POSIX Regular Expressions", "49: Integer Math", "50: Integer Bit Operations", "51: Bessel Math Operations", "52: Hyperbolic Trigonometric Math", "53: Test All Options", "** Multiple items can be selected, delimit by a comma. **", "", "", "Phoronix Test Suite v10.8.4", "System Information", "", "", "PROCESSOR:              Intel Xeon", "Core Count:           8", "Extensions:           SSE 4.2", "+ AVX512_VNNI", "+ AVX512CD", "+ AVX2", "+ AVX", "+ RDRAND", "+ FSGSBASE", "Cache Size:           16 MB", "Microcode:            0xffffffff", "Core Family:          Cascade Lake", "", "GRAPHICS:", "", "MOTHERBOARD:            QEMU Ubuntu 25.04 PC", "BIOS Version:         1.16.3-debian-1.16.3-2", "Chipset:              Intel 440FX 82441FX PMC", "Network:              Red Hat Virtio device", "", "MEMORY:                 1 x 8 GB RAM QEMU", "", "DISK:                   24GB", "File-System:          ext4", "Mount Options:        commit=30 discard errors=remount-ro relatime rw", "Disk Details:         Block Size: 4096", "", "OPERATING SYSTEM:       Ubuntu 24.04", "Kernel:               6.8.0 (x86_64)", "Compiler:             GCC 13.3.0", "System Layer:         KVM", "Security:             gather_data_sampling: Not affected", "+ itlb_multihit: Not affected", "+ l1tf: Not affected", "+ mds: Not affected", "+ meltdown: Not affected", "+ mmio_stale_data: Vulnerable: Clear buffers attempted no microcode; SMT Host state unknown", "+ retbleed: Vulnerable", "+ spec_rstack_overflow: Not affected", "+ spec_store_bypass: Mitigation of SSB disabled via prctl", "+ spectre_v1: Vulnerable: __user pointer sanitization and usercopy barriers only; no swapgs barriers", "+ spectre_v2: Mitigation of Retpolines IBPB: disabled IBRS_FW STIBP: disabled RSB filling PBRSB-eIBRS: SW sequence", "+ srbds: Not affected", "+ tsx_async_abort: Vulnerable: Clear buffers attempted no microcode; SMT Host state unknown", "", "", "[8192] strlen(): Passing null to parameter #1 ($string) of type string is deprecated in pts_test_run_manager:594", "", "Stress-NG 0.18.09:", "pts/stress-ng-1.13.0 [Test: MMAP]", "Test 1 of 23", "Estimated Trial Run Count:    3", "Estimated Test Run-Time:      2 Minutes", "Estimated Time To Completion: 36 Minutes [10:37 UTC]", "Started Run 1 @ 10:01:49", "Started Run 2 @ 10:02:24", "Started Run 3 @ 10:02:58", "", "Test: MMAP:", "61.16", "62.73", "62.25", "", "Average: 62.05 Bogo Ops/s", "Deviation: 1.30%", "", "Stress-NG 0.18.09:", "pts/stress-ng-1.13.0 [Test: Pipe]", "Test 2 of 23", "Estimated Trial Run Count:    3", "Estimated Test Run-Time:      2 Minutes", "Estimated Time To Completion: 35 Minutes [10:37 UTC]", "Started Run 1 @ 10:03:39", "Started Run 2 @ 10:04:13", "Started Run 3 @ 10:04:47", "", "Test: Pipe:", "1554737.89", "1552055.4", "1537260.63", "", "Average: 1548017.97 Bogo Ops/s", "Deviation: 0.61%", "", "Stress-NG 0.18.09:", "pts/stress-ng-1.13.0 [Test: Zlib]", "Test 3 of 23", "Estimated Trial Run Count:    3", "Estimated Test Run-Time:      2 Minutes", "Estimated Time To Completion: 33 Minutes [10:37 UTC]", "Started Run 1 @ 10:05:27", "Started Run 2 @ 10:06:01", "Started Run 3 @ 10:06:35", "", "Test: Zlib:", "216.85", "216.46", "216.6", "", "Average: 216.64 Bogo Ops/s", "Deviation: 0.09%", "", "Stress-NG 0.18.09:", "pts/stress-ng-1.13.0 [Test: Futex]", "Test 4 of 23", "Estimated Trial Run Count:    3", "Estimated Test Run-Time:      2 Minutes", "Estimated Time To Completion: 32 Minutes [10:38 UTC]", "Started Run 1 @ 10:07:16", "Started Run 2 @ 10:07:50", "Started Run 3 @ 10:08:24", "", "Test: Futex:", "91158.45", "93552.74", "93755.1", "", "Average: 92822.10 Bogo Ops/s", "Deviation: 1.56%", "", "Stress-NG 0.18.09:", "pts/stress-ng-1.13.0 [Test: MEMFD]", "Test 5 of 23", "Estimated Trial Run Count:    3", "Estimated Test Run-Time:      2 Minutes", "Estimated Time To Completion: 30 Minutes [10:38 UTC]", "Started Run 1 @ 10:09:04", "Started Run 2 @ 10:09:38", "Started Run 3 @ 10:10:12", "", "Test: MEMFD:", "133.76", "133.43", "133.57", "", "Average: 133.59 Bogo Ops/s", "Deviation: 0.12%", "", "Stress-NG 0.18.09:", "pts/stress-ng-1.13.0 [Test: Mutex]", "Test 6 of 23", "Estimated Trial Run Count:    3", "Estimated Test Run-Time:      2 Minutes", "Estimated Time To Completion: 28 Minutes [10:38 UTC]", "Started Run 1 @ 10:10:52", "Started Run 2 @ 10:11:26", "Started Run 3 @ 10:12:00", "Started Run 4 @ 10:12:34 *", "Started Run 5 @ 10:13:08 *", "Started Run 6 @ 10:13:43 *", "Started Run 7 @ 10:14:17 *", "Started Run 8 @ 10:14:51 *", "Started Run 9 @ 10:15:25 *", "Started Run 10 @ 10:15:59 *", "Started Run 11 @ 10:16:33 *", "Started Run 12 @ 10:17:07 *", "Started Run 13 @ 10:17:41 *", "Started Run 14 @ 10:18:15 *", "Started Run 15 @ 10:18:49 *", "", "Test: Mutex:", "745540.48", "736011.62", "670264.71", "735511.35", "691903.28", "746168.12", "670092.05", "668231.84", "747750.82", "740490.94", "656456.96", "742322.47", "690741.93", "722865.84", "743261.63", "", "Average: 713840.94 Bogo Ops/s", "Deviation: 4.86%", "Samples: 15", "", "Stress-NG 0.18.09:", "pts/stress-ng-1.13.0 [Test: Atomic]", "Test 7 of 23", "Estimated Trial Run Count:    3", "Estimated Test Run-Time:      2 Minutes", "Estimated Time To Completion: 27 Minutes [10:45 UTC]", "Started Run 1 @ 10:19:29", "Started Run 2 @ 10:20:03", "Started Run 3 @ 10:20:37", "", "Test: Atomic:", "236.55", "234.64", "241.18", "", "Average: 237.46 Bogo Ops/s", "Deviation: 1.42%", "", "Stress-NG 0.18.09:", "pts/stress-ng-1.13.0 [Test: Crypto]", "Test 8 of 23", "Estimated Trial Run Count:    3", "Estimated Test Run-Time:      2 Minutes", "Estimated Time To Completion: 25 Minutes [10:46 UTC]", "Started Run 1 @ 10:21:18", "Started Run 2 @ 10:21:52", "Started Run 3 @ 10:22:26", "", "Test: Crypto:", "30416268.9", "30435279.01", "29703575.72", "", "Average: 30185041.21 Bogo Ops/s", "Deviation: 1.38%", "", "Stress-NG 0.18.09:", "pts/stress-ng-1.13.0 [Test: Malloc]", "Test 9 of 23", "Estimated Trial Run Count:    3", "Estimated Test Run-Time:      2 Minutes", "Estimated Time To Completion: 24 Minutes [10:46 UTC]", "Started Run 1 @ 10:23:06", "Started Run 2 @ 10:23:40", "Started Run 3 @ 10:24:14", "", "Test: Malloc:", "8245574.8", "8357196.6", "8349432.44", "", "Average: 8317401.28 Bogo Ops/s", "Deviation: 0.75%", "", "Stress-NG 0.18.09:", "pts/stress-ng-1.13.0 [Test: Cloning]", "Test 10 of 23", "Estimated Trial Run Count:    3", "Estimated Test Run-Time:      2 Minutes", "Estimated Time To Completion: 22 Minutes [10:46 UTC]", "Started Run 1 @ 10:24:54", "Started Run 2 @ 10:25:28", "Started Run 3 @ 10:26:03", "", "Test: Cloning:", "445.02", "459.71", "461.92", "", "Average: 455.55 Bogo Ops/s", "Deviation: 2.02%", "", "Stress-NG 0.18.09:", "pts/stress-ng-1.13.0 [Test: Forking]", "Test 11 of 23", "Estimated Trial Run Count:    3", "Estimated Test Run-Time:      2 Minutes", "Estimated Time To Completion: 21 Minutes [10:46 UTC]", "Started Run 1 @ 10:26:43", "Started Run 2 @ 10:27:17", "Started Run 3 @ 10:27:51", "Started Run 4 @ 10:28:25 *", "Started Run 5 @ 10:28:59 *", "Started Run 6 @ 10:29:33 *", "Started Run 7 @ 10:30:07 *", "Started Run 8 @ 10:30:41 *", "Started Run 9 @ 10:31:15 *", "Started Run 10 @ 10:31:49 *", "Started Run 11 @ 10:32:23 *", "Started Run 12 @ 10:32:57 *", "", "Test: Forking:", "1909.42", "1900.29", "2019.78", "1911.53", "1822.77", "1686.56", "1709.98", "1594.01", "1413.13", "1505.83", "1652.97", "1765.7", "", "Average: 1741.00 Bogo Ops/s", "Deviation: 10.45%", "Samples: 12", "", "Stress-NG 0.18.09:", "pts/stress-ng-1.13.0 [Test: Pthread]", "Test 12 of 23", "Estimated Trial Run Count:    3", "Estimated Test Run-Time:      2 Minutes", "Estimated Time To Completion: 19 Minutes [10:52 UTC]", "Started Run 1 @ 10:33:38", "Started Run 2 @ 10:34:12", "Started Run 3 @ 10:34:46", "Started Run 4 @ 10:35:21 *", "", "Test: Pthread:", "21174.99", "21129.56", "20177.08", "21184.62", "", "Average: 20916.56 Bogo Ops/s", "Deviation: 2.36%", "Samples: 4", "", "Stress-NG 0.18.09:", "pts/stress-ng-1.13.0 [Test: IO_uring]", "Test 13 of 23", "Estimated Trial Run Count:    3", "Estimated Test Run-Time:      2 Minutes", "Estimated Time To Completion: 18 Minutes [10:53 UTC]", "Started Run 1 @ 10:36:01", "Started Run 2 @ 10:36:35", "Started Run 3 @ 10:37:09", "", "Test: IO_uring:", "14053.23", "13766.63", "14193.05", "", "Average: 14004.30 Bogo Ops/s", "Deviation: 1.55%", "", "Stress-NG 0.18.09:", "pts/stress-ng-1.13.0 [Test: SENDFILE]", "Test 14 of 23", "Estimated Trial Run Count:    3", "Estimated Test Run-Time:      2 Minutes", "Estimated Time To Completion: 16 Minutes [10:53 UTC]", "Started Run 1 @ 10:37:50", "Started Run 2 @ 10:38:24", "Started Run 3 @ 10:38:58", "", "Test: SENDFILE:", "41648.6", "41607.3", "41568.02", "", "Average: 41607.97 Bogo Ops/s", "Deviation: 0.10%", "", "Stress-NG 0.18.09:", "pts/stress-ng-1.13.0 [Test: CPU Cache]", "Test 15 of 23", "Estimated Trial Run Count:    3", "Estimated Test Run-Time:      2 Minutes", "Estimated Time To Completion: 14 Minutes [10:53 UTC]", "Started Run 1 @ 10:39:38", "Started Run 2 @ 10:40:12", "Started Run 3 @ 10:40:46", "Started Run 4 @ 10:41:20 *", "Started Run 5 @ 10:41:54 *", "Started Run 6 @ 10:42:28 *", "Started Run 7 @ 10:43:02 *", "Started Run 8 @ 10:43:36 *", "Started Run 9 @ 10:44:10 *", "Started Run 10 @ 10:44:44 *", "Started Run 11 @ 10:45:18 *", "Started Run 12 @ 10:45:52 *", "Started Run 13 @ 10:46:26 *", "Started Run 14 @ 10:47:00 *", "Started Run 15 @ 10:47:34 *", "", "Test: CPU Cache:", "1112606.16", "1003022.18", "1042055.26", "1077181.44", "1044089.48", "1022298.66", "1195120.98", "1060076.48", "1030507.15", "1072891.02", "1069470.76", "1134962.07", "1007836.87", "1028946.18", "1017612.3", "", "Average: 1061245.13 Bogo Ops/s", "Deviation: 4.96%", "Samples: 15", "", "Stress-NG 0.18.09:", "pts/stress-ng-1.13.0 [Test: Semaphores]", "Test 16 of 23", "Estimated Trial Run Count:    3", "Estimated Test Run-Time:      2 Minutes", "Estimated Time To Completion: 13 Minutes [11:00 UTC]", "Started Run 1 @ 10:48:15", "Started Run 2 @ 10:48:49", "Started Run 3 @ 10:49:23", "", "Test: Semaphores:", "8145452.91", "8267960.54", "8265721.56", "", "Average: 8226378.34 Bogo Ops/s", "Deviation: 0.85%", "", "Stress-NG 0.18.09:", "pts/stress-ng-1.13.0 [Test: x86_64 RdRand]", "Test 17 of 23", "Estimated Trial Run Count:    3", "Estimated Test Run-Time:      2 Minutes", "Estimated Time To Completion: 11 Minutes [11:00 UTC]", "Started Run 1 @ 10:50:03", "Started Run 2 @ 10:50:37", "Started Run 3 @ 10:51:11", "", "Test: x86_64 RdRand:", "109917.86", "110414.2", "110283.66", "", "Average: 110205.24 Bogo Ops/s", "Deviation: 0.23%", "", "Stress-NG 0.18.09:", "pts/stress-ng-1.13.0 [Test: Memory Copying]", "Test 18 of 23", "Estimated Trial Run Count:    3", "Estimated Test Run-Time:      2 Minutes", "Estimated Time To Completion: 10 Minutes [11:01 UTC]", "Started Run 1 @ 10:51:51", "Started Run 2 @ 10:52:25", "Started Run 3 @ 10:52:59", "", "Test: Memory Copying:", "809.15", "807.71", "808.65", "", "Average: 808.50 Bogo Ops/s", "Deviation: 0.09%", "", "Stress-NG 0.18.09:", "pts/stress-ng-1.13.0 [Test: Mixed Scheduler]", "Test 19 of 23", "Estimated Trial Run Count:    3", "Estimated Test Run-Time:      2 Minutes", "Estimated Time To Completion: 8 Minutes [11:01 UTC]", "Started Run 1 @ 10:53:39", "Started Run 2 @ 10:54:14", "Started Run 3 @ 10:54:48", "", "Test: Mixed Scheduler:", "1751.14", "1720.14", "1742.07", "", "Average: 1737.78 Bogo Ops/s", "Deviation: 0.92%", "", "Stress-NG 0.18.09:", "pts/stress-ng-1.13.0 [Test: Socket Activity]", "Test 20 of 23", "Estimated Trial Run Count:    3", "Estimated Test Run-Time:      2 Minutes", "Estimated Time To Completion: 7 Minutes [11:01 UTC]", "Started Run 1 @ 10:55:28", "Started Run 2 @ 10:56:03", "Started Run 3 @ 10:56:37", "", "Test: Socket Activity:", "1581.68", "1601.44", "1578.13", "", "Average: 1587.08 Bogo Ops/s", "Deviation: 0.79%", "", "Stress-NG 0.18.09:", "pts/stress-ng-1.13.0 [Test: Context Switching]", "Test 21 of 23", "Estimated Trial Run Count:    3", "Estimated Test Run-Time:      2 Minutes", "Estimated Time To Completion: 5 Minutes [11:01 UTC]", "Started Run 1 @ 10:57:17", "Started Run 2 @ 10:57:51", "Started Run 3 @ 10:58:25", "", "Test: Context Switching:", "1141482.19", "1136143.42", "1134516.38", "", "Average: 1137380.66 Bogo Ops/s", "Deviation: 0.32%", "", "Stress-NG 0.18.09:", "pts/stress-ng-1.13.0 [Test: Glibc Qsort Data Sorting]", "Test 22 of 23", "Estimated Trial Run Count:    3", "Estimated Test Run-Time:      2 Minutes", "Estimated Time To Completion: 4 Minutes [11:02 UTC]", "Started Run 1 @ 10:59:05", "Started Run 2 @ 10:59:39", "Started Run 3 @ 11:00:13", "", "Test: Glibc Qsort Data Sorting:", "62.27", "62.5", "62.33", "", "Average: 62.37 Bogo Ops/s", "Deviation: 0.19%", "", "Stress-NG 0.18.09:", "pts/stress-ng-1.13.0 [Test: System V Message Passing]", "Test 23 of 23", "Estimated Trial Run Count:    3", "Estimated Time To Completion: 2 Minutes [11:02 UTC]", "Started Run 1 @ 11:00:53", "Started Run 2 @ 11:01:27", "Started Run 3 @ 11:02:01", "", "Test: System V Message Passing:", "2694265.7", "2678309.07", "2688323.5", "", "Average: 2686966.09 Bogo Ops/s", "Deviation: 0.30%", "", "", "[TAG: AUX STRESSNG-BENCH RESULTS]", "", "2025-05-16-2226", "KVM QEMU testing on Ubuntu 24.04 via the Phoronix Test Suite.", "", "", "2025-05-16 22:26:", "", "Processor: QEMU Virtual 2.5+ (4 Cores), Motherboard: QEMU Ubuntu 25.04 PC (i440FX + PIIX 1996) (1.16.3-debian-1.16.3-2 BIOS), Chipset: Intel 440FX 82441FX PMC, Memory: 1 x 8 GB RAM QEMU, Disk: 24GB, Network: Red Hat Virtio device", "", "OS: Ubuntu 24.04, Kernel: 6.8.0-59-generic (x86_64), Compiler: GCC 13.3.0, File-System: ext4, System Layer: KVM QEMU", "", "", "[TAG: AUX STRESSNG-BENCH RESULTS END]"], "metadata": {"test_marker": "MICROWAVE FRAMEWORK TESTER"}}